--------- beginning of main
08-12 15:28:32.349  4073  4073 E BufferItemConsumer: [unnamed-4073-11] Failed to release buffer: Unknown error -1 (1)
08-12 15:28:32.369 32495 32495 E CACHE_HINT: onPause
08-12 15:28:32.373  3318  3605 W /system/bin/netd: dnssd_clientstub DNSServiceProcessResult called with invalid DNSServiceRef 0x7555030780 FFFFFFFF DDDDDDDD
08-12 15:28:32.380  4073  4073 W SamsungAnalytics: [SamsungAnalytics] Attempt to invoke virtual method 'int com.samsung.context.sdk.samsunganalytics.a.b.a(java.util.Map)' on a null object reference
08-12 15:28:32.439  4073  4073 W SemDesktopModeManager: Desktop Mode feature not available or SemDesktopModeManager not instantiated. Please check Configuration.semDesktopModeEnabled instead.
08-12 15:28:32.440  4073  4073 W SemDesktopModeManager: Desktop Mode feature not available or SemDesktopModeManager not instantiated. Please check Configuration.semDesktopModeEnabled instead.
08-12 15:28:32.490  4073  4073 W SemDesktopModeManager: Desktop Mode feature not available or SemDesktopModeManager not instantiated. Please check Configuration.semDesktopModeEnabled instead.
08-12 15:28:32.744  3669  6808 E memtrack: Couldn't load memtrack module
08-12 15:28:32.744  3669  6808 W android.os.Debug: failed to get memory consumption info: -1
08-12 15:28:32.787  3669  6808 E memtrack: Couldn't load memtrack module
08-12 15:28:32.787  3669  6808 W android.os.Debug: failed to get memory consumption info: -1
08-12 15:28:32.830  3669  6808 E memtrack: Couldn't load memtrack module
08-12 15:28:32.830  3669  6808 W android.os.Debug: failed to get memory consumption info: -1
08-12 15:28:33.035  4073  4073 W SamsungAnalytics: [SamsungAnalytics] Attempt to invoke virtual method 'int com.samsung.context.sdk.samsunganalytics.a.b.a(java.util.Map)' on a null object reference
08-12 15:28:33.350  3669  6808 W InputMethodManagerService: hideSoftInput : Ignoring, uid 10080: com.android.internal.view.IInputMethodClient$Stub$Proxy@e4615e7
08-12 15:28:33.377 27547 27547 W SearchServiceClient: Starting with NO_SESSION handoverId is deprecated. Just don't. You will break.
08-12 15:28:33.378 27547 27547 W SessionLifecycleManager: Handover failed. Creating new session controller.
08-12 15:28:33.395  3669  3825 W InputMethodManagerService: hideSoftInput : Ignoring, uid 10116: com.android.internal.view.IInputMethodClient$Stub$Proxy@4f8b57e
08-12 15:28:33.401 32495 32495 E ViewRootImpl: sendUserActionEvent() returned.
08-12 15:28:33.423 27547 27547 E PBSessionCacheImpl: sessionId[121154521311165228] not persisted.
08-12 15:28:33.640 27547 27555 E ReloadingLock: Finalizing LOCKED Token[ipa 2018-08-12 15:19:44.898]
08-12 15:28:34.160  5100  5461 W OpenGLRenderer: Incorrectly called buildLayer on View: WorkspaceCellLayoutChildren, destroying layer...
08-12 15:28:34.160  5100  5461 W OpenGLRenderer: Incorrectly called buildLayer on View: WorkspaceCellLayoutChildren, destroying layer...
08-12 15:28:34.609 10300 10300 E Zygote  : isWhitelistProcess - Process is Whitelisted
08-12 15:28:34.617 10300 10300 W SELinux : SELinux selinux_android_compute_policy_index : Policy Index[2],  Con:u:r:zygote:s0 RAM:SEPF_SM-G935F_8.0.0_0011, [-1 -1 -1 -1 0 1]
08-12 15:28:34.796 10300 10300 W SoLoader: context.getApplicationContext returned null, holding reference to original context.
08-12 15:28:34.803 10300 10300 W SoLoader: context.getApplicationContext returned null, holding reference to original context.
08-12 15:28:34.916  5100  5100 W StaticLayout: maxLineHeight should not be -1.  maxLines:1 lineCount:1
08-12 15:28:34.980 10300 10300 W dalvik-internals: ignoring failure to find _ZN3art12FaultManager35EnsureArtActionInFrontOfSignalChainEv: could not hook _ZN3art12FaultManager35EnsureArtActionInFrontOfSignalChainEv
08-12 15:28:35.005 10319 10319 E Zygote  : isWhitelistProcess - Process is Whitelisted
08-12 15:28:35.008 10319 10319 W SELinux : SELinux selinux_android_compute_policy_index : Policy Index[2],  Con:u:r:zygote:s0 RAM:SEPF_SM-G935F_8.0.0_0011, [-1 -1 -1 -1 0 1]
08-12 15:28:35.013 10300 10300 W Process : Unable to open /proc/vmstat
08-12 15:28:35.013  3287  3287 E audit   : type=1400 audit(1534080514.997:2048): avc:  denied  { read } for  pid=10300 comm="facebook.katana" name="vmstat" dev="proc" ino=4026534965 scontext=u:r:untrusted_app_25:s0:c512,c768 tcontext=u:object_r:proc:s0 tclass=file permissive=0 SEPF_SM-G935F_8.0.0_0011 audit_filtered
08-12 15:28:35.029 10332 10332 E Zygote  : isWhitelistProcess - Process is Whitelisted
08-12 15:28:35.030 10300 10300 W CrashLoopRemedyLog: unable to delete remedy log
08-12 15:28:35.031 10332 10332 W SELinux : SELinux selinux_android_compute_policy_index : Policy Index[2],  Con:u:r:zygote:s0 RAM:SEPF_SM-G935F_8.0.0_0011, [-1 -1 -1 -1 0 1]
08-12 15:28:35.132  3287  3287 E audit   : type=1400 audit(1534080515.117:2049): avc:  denied  { read } for  pid=10300 comm="AppStateLoggerT" name="zoneinfo" dev="proc" ino=4026534966 scontext=u:r:untrusted_app_25:s0:c512,c768 tcontext=u:object_r:proc_zoneinfo:s0 tclass=file permissive=0 SEPF_SM-G935F_8.0.0_0011 audit_filtered
08-12 15:28:35.133 10300 10346 E MemProcWatermarkReader: java.io.FileNotFoundException: /proc/zoneinfo
08-12 15:28:35.245 10300 10300 E ACRA    : Initializing ANR detector for process: com.facebook.katana
08-12 15:28:35.275  5100  5100 W StaticLayout: maxLineHeight should not be -1.  maxLines:1 lineCount:1
08-12 15:28:35.299 10359 10359 E Zygote  : isWhitelistProcess - Process is Whitelisted
08-12 15:28:35.302 10359 10359 W SELinux : SELinux selinux_android_compute_policy_index : Policy Index[2],  Con:u:r:zygote:s0 RAM:SEPF_SM-G935F_8.0.0_0011, [-1 -1 -1 -1 0 1]
08-12 15:28:35.524  4819  8099 W ctxmgr  : [AclManager]No 2 for (accnt=account#-517948760#, com.google.android.gms(10018):IndoorOutdoorProducer, vrsn=12874000, 0, 3pPkg = null ,  3pMdlId = null ,  pid = 4819). Was: 3 for 57, account#-517948760#
08-12 15:28:35.536 10300 10374 W DexLibLoader: disabling background optimization
08-12 15:28:35.621 10300 10374 W MemoryReductionHack: Couldn't update the Loader (NoSuchFieldException)
08-12 15:28:35.628  4819  4819 W ChimeraUtils: Non Chimera context
08-12 15:28:35.628  4819  4819 W ChimeraUtils: Non Chimera context
08-12 15:28:35.690 10332 10332 W linker  : "/data/app/com.google.android.gms-nyMoQjAaohi5NlRNZN0G4Q==/base.apk!/lib/arm64-v8a/libconscrypt_gmscore_jni.so" unused DT entry: type 0xf arg 0x8a
08-12 15:28:35.804 10300 10394 W Process : Unable to open /proc/vmstat
08-12 15:28:35.805  3287  3287 E audit   : type=1400 audit(1534080515.787:2050): avc:  denied  { read } for  pid=10300 comm="CallOnCreateImp" name="vmstat" dev="proc" ino=4026534965 scontext=u:r:untrusted_app_25:s0:c512,c768 tcontext=u:object_r:proc:s0 tclass=file permissive=0 SEPF_SM-G935F_8.0.0_0011 audit_filtered
08-12 15:28:35.876 10300 10394 W Process : Unable to open /proc/vmstat
08-12 15:28:35.876  3287  3287 E audit   : type=1400 audit(1534080515.867:2051): avc:  denied  { read } for  pid=10300 comm="CallOnCreateImp" name="vmstat" dev="proc" ino=4026534965 scontext=u:r:untrusted_app_25:s0:c512,c768 tcontext=u:object_r:proc:s0 tclass=file permissive=0 SEPF_SM-G935F_8.0.0_0011 audit_filtered
08-12 15:28:35.918  4819  8099 W Conscrypt: Could not set socket write timeout: java.lang.reflect.InvocationTargetException
08-12 15:28:35.919  4819  8099 W Conscrypt: 	at java.lang.reflect.Method.invoke(Native Method)
08-12 15:28:35.919  4819  8099 W Conscrypt: 	at com.google.android.gms.org.conscrypt.Platform.setSocketWriteTimeout(:com.google.android.gms@12874025@12.8.74 (040408-204998136):13)
08-12 15:28:35.919  4819  8099 W Conscrypt: Caused by: android.system.ErrnoException: setsockopt failed: EBADF (Bad file descriptor)
08-12 15:28:35.919  4819  8099 W Conscrypt: 	at libcore.io.Linux.setsockoptTimeval(Native Method)
08-12 15:28:35.919  4819  8099 W Conscrypt: 	at libcore.io.ForwardingOs.setsockoptTimeval(ForwardingOs.java:173)
08-12 15:28:35.942 10319 10390 W [WeatherWidget(157517@7)] : {[D649FEFC84D9836056986248672CF7AF5F88A786E255C2299291923CD543EAE98C499CE73B3080746D1828C63E0742C29FB2B5494FDA3F4D8B3C440AC917252A704C09DBE3F5C31DE0E734603991AE19]}
08-12 15:28:36.006  4819  8099 W Conscrypt: Could not set socket write timeout: java.lang.reflect.InvocationTargetException
08-12 15:28:36.006  4819  8099 W Conscrypt: 	at java.lang.reflect.Method.invoke(Native Method)
08-12 15:28:36.006  4819  8099 W Conscrypt: 	at com.google.android.gms.org.conscrypt.Platform.setSocketWriteTimeout(:com.google.android.gms@12874025@12.8.74 (040408-204998136):13)
08-12 15:28:36.006  4819  8099 W Conscrypt: Caused by: android.system.ErrnoException: setsockopt failed: EBADF (Bad file descriptor)
08-12 15:28:36.007  4819  8099 W Conscrypt: 	at libcore.io.Linux.setsockoptTimeval(Native Method)
08-12 15:28:36.007  4819  8099 W Conscrypt: 	at libcore.io.ForwardingOs.setsockoptTimeval(ForwardingOs.java:173)
08-12 15:28:36.262 10319 10390 E [WeatherWidget(157517@7)] : {[BFF8C07F5E98849D0F8286A9BD433BEC5F7E7B0E4EFA4F7B66F69E42C25B27FC403C5BE252CCE6B004E73B08611868A674F6113CFEEE2A8E08C231EA7F01E4F4728846292B02E6B6D1E4E56BF74F5BC6]}
08-12 15:28:36.291 10442 10442 E Zygote  : isWhitelistProcess - Process is Whitelisted
08-12 15:28:36.296 10442 10442 W SELinux : SELinux selinux_android_compute_policy_index : Policy Index[2],  Con:u:r:zygote:s0 RAM:SEPF_SM-G935F_8.0.0_0011, [-1 -1 -1 -1 0 1]
08-12 15:28:36.350 10459 10459 E Zygote  : isWhitelistProcess - Process is Whitelisted
08-12 15:28:36.353 10459 10459 W SELinux : SELinux selinux_android_compute_policy_index : Policy Index[2],  Con:u:r:zygote:s0 RAM:SEPF_SM-G935F_8.0.0_0011, [-1 -1 -1 -1 0 1]
08-12 15:28:36.466 10300 10394 W Process : Unable to open /proc/vmstat
08-12 15:28:36.466  3287  3287 E audit   : type=1400 audit(1534080516.447:2052): avc:  denied  { read } for  pid=10300 comm="CallOnCreateImp" name="vmstat" dev="proc" ino=4026534965 scontext=u:r:untrusted_app_25:s0:c512,c768 tcontext=u:object_r:proc:s0 tclass=file permissive=0 SEPF_SM-G935F_8.0.0_0011 audit_filtered
08-12 15:28:36.467  4819  8099 E ctxmgr  : [NetworkUtil]No active synchronizable contexts.
08-12 15:28:36.471 10300 10394 W Process : Unable to open /proc/vmstat
08-12 15:28:36.471  3287  3287 E audit   : type=1400 audit(1534080516.457:2053): avc:  denied  { read } for  pid=10300 comm="CallOnCreateImp" name="vmstat" dev="proc" ino=4026534965 scontext=u:r:untrusted_app_25:s0:c512,c768 tcontext=u:object_r:proc:s0 tclass=file permissive=0 SEPF_SM-G935F_8.0.0_0011 audit_filtered
08-12 15:28:36.528 10442 10442 W linker  : "/data/app/com.google.android.gms-nyMoQjAaohi5NlRNZN0G4Q==/base.apk!/lib/arm64-v8a/libconscrypt_gmscore_jni.so" unused DT entry: type 0xf arg 0x8a
08-12 15:28:36.622 10442 10442 E zygote64: The String#value field is not present on Android versions >= 6.0
08-12 15:28:36.634 10442 10442 W Primes  : Primes not initialized, returning default (no-op) Primes instance which will ignore all calls. Please call Primes.initialize(...) before using any Primes API.
08-12 15:28:36.671  4819  7283 W Conscrypt: Could not set socket write timeout: java.lang.reflect.InvocationTargetException
08-12 15:28:36.671  4819  7283 W Conscrypt: 	at java.lang.reflect.Method.invoke(Native Method)
08-12 15:28:36.671  4819  7280 W Conscrypt: Could not set socket write timeout: java.lang.reflect.InvocationTargetException
08-12 15:28:36.671  4819  7283 W Conscrypt: 	at com.google.android.gms.org.conscrypt.Platform.setSocketWriteTimeout(:com.google.android.gms@12874025@12.8.74 (040408-204998136):13)
08-12 15:28:36.671  4819  7283 W Conscrypt: Caused by: android.system.ErrnoException: setsockopt failed: EBADF (Bad file descriptor)
08-12 15:28:36.671  4819  7280 W Conscrypt: 	at java.lang.reflect.Method.invoke(Native Method)
08-12 15:28:36.671  4819  7280 W Conscrypt: 	at com.google.android.gms.org.conscrypt.Platform.setSocketWriteTimeout(:com.google.android.gms@12874025@12.8.74 (040408-204998136):13)
08-12 15:28:36.671  4819  7283 W Conscrypt: 	at libcore.io.Linux.setsockoptTimeval(Native Method)
08-12 15:28:36.671  4819  7280 W Conscrypt: Caused by: android.system.ErrnoException: setsockopt failed: EBADF (Bad file descriptor)
08-12 15:28:36.671  4819  7283 W Conscrypt: 	at libcore.io.ForwardingOs.setsockoptTimeval(ForwardingOs.java:173)
08-12 15:28:36.671  4819  7280 W Conscrypt: 	at libcore.io.Linux.setsockoptTimeval(Native Method)
08-12 15:28:36.671  4819  7280 W Conscrypt: 	at libcore.io.ForwardingOs.setsockoptTimeval(ForwardingOs.java:173)
08-12 15:28:36.672  4819  7282 W Conscrypt: Could not set socket write timeout: java.lang.reflect.InvocationTargetException
08-12 15:28:36.672  4819  7282 W Conscrypt: 	at java.lang.reflect.Method.invoke(Native Method)
08-12 15:28:36.672  4819  7282 W Conscrypt: 	at com.google.android.gms.org.conscrypt.Platform.setSocketWriteTimeout(:com.google.android.gms@12874025@12.8.74 (040408-204998136):13)
08-12 15:28:36.672  4819  7282 W Conscrypt: Caused by: android.system.ErrnoException: setsockopt failed: EBADF (Bad file descriptor)
08-12 15:28:36.672  4819  7282 W Conscrypt: 	at libcore.io.Linux.setsockoptTimeval(Native Method)
08-12 15:28:36.672  4819  7282 W Conscrypt: 	at libcore.io.ForwardingOs.setsockoptTimeval(ForwardingOs.java:173)
08-12 15:28:36.710 10332 10352 W AdvertisingIdClient: Error while reading from SharedPreferences 
08-12 15:28:36.710 10332 10352 W AdvertisingIdClient: java.lang.SecurityException: MODE_WORLD_READABLE no longer supported
08-12 15:28:36.710 10332 10352 W AdvertisingIdClient: 	at android.app.ContextImpl.checkMode(ContextImpl.java:2453)
08-12 15:28:36.710 10332 10352 W AdvertisingIdClient: 	at android.app.ContextImpl.getSharedPreferences(ContextImpl.java:389)
08-12 15:28:36.710 10332 10352 W AdvertisingIdClient: 	at android.app.ContextImpl.getSharedPreferences(ContextImpl.java:376)
08-12 15:28:36.710 10332 10352 W AdvertisingIdClient: 	at com.google.android.gms.ads.identifier.AdvertisingIdClient.getAdvertisingIdInfo(Unknown Source:12)
08-12 15:28:36.710 10332 10352 W AdvertisingIdClient: 	at com.google.android.music.preferences.MusicPreferences.getAdvertisingIdInfo(MusicPreferences.java:2476)
08-12 15:28:36.710 10332 10352 W AdvertisingIdClient: 	at com.google.android.music.preferences.MusicPreferences.access$1000(MusicPreferences.java:83)
08-12 15:28:36.710 10332 10352 W AdvertisingIdClient: 	at com.google.android.music.preferences.MusicPreferences$7.run(MusicPreferences.java:2457)
08-12 15:28:36.710 10332 10352 W AdvertisingIdClient: 	at com.google.android.music.utils.async.TraceableRunnable.runLogged(TraceableRunnable.java:21)
08-12 15:28:36.710 10332 10352 W AdvertisingIdClient: 	at com.google.android.music.utils.async.LoggedRunnable.run(LoggedRunnable.java:30)
08-12 15:28:36.710 10332 10352 W AdvertisingIdClient: 	at android.os.Handler.handleCallback(Handler.java:789)
08-12 15:28:36.710 10332 10352 W AdvertisingIdClient: 	at android.os.Handler.dispatchMessage(Handler.java:98)
08-12 15:28:36.710 10332 10352 W AdvertisingIdClient: 	at com.google.android.music.utils.LoggableHandler.dispatchMessage(LoggableHandler.java:74)
08-12 15:28:36.710 10332 10352 W AdvertisingIdClient: 	at android.os.Looper.loop(Looper.java:164)
08-12 15:28:36.710 10332 10352 W AdvertisingIdClient: 	at android.os.HandlerThread.run(HandlerThread.java:65)
08-12 15:28:36.716 10442 10442 W zygote64: Skipping duplicate class check due to unrecognized classloader
08-12 15:28:36.724  4819  7282 W Conscrypt: Could not set socket write timeout: java.lang.reflect.InvocationTargetException
08-12 15:28:36.724  4819  7282 W Conscrypt: 	at java.lang.reflect.Method.invoke(Native Method)
08-12 15:28:36.724  4819  7282 W Conscrypt: 	at com.google.android.gms.org.conscrypt.Platform.setSocketWriteTimeout(:com.google.android.gms@12874025@12.8.74 (040408-204998136):13)
08-12 15:28:36.724  4819  7282 W Conscrypt: Caused by: android.system.ErrnoException: setsockopt failed: EBADF (Bad file descriptor)
08-12 15:28:36.724  4819  7282 W Conscrypt: 	at libcore.io.Linux.setsockoptTimeval(Native Method)
08-12 15:28:36.724  4819  7282 W Conscrypt: 	at libcore.io.ForwardingOs.setsockoptTimeval(ForwardingOs.java:173)
08-12 15:28:36.727  4819  7280 W Conscrypt: Could not set socket write timeout: java.lang.reflect.InvocationTargetException
08-12 15:28:36.727  4819  7280 W Conscrypt: 	at java.lang.reflect.Method.invoke(Native Method)
08-12 15:28:36.727  4819  7280 W Conscrypt: 	at com.google.android.gms.org.conscrypt.Platform.setSocketWriteTimeout(:com.google.android.gms@12874025@12.8.74 (040408-204998136):13)
08-12 15:28:36.727  4819  7280 W Conscrypt: Caused by: android.system.ErrnoException: setsockopt failed: EBADF (Bad file descriptor)
08-12 15:28:36.727  4819  7280 W Conscrypt: 	at libcore.io.Linux.setsockoptTimeval(Native Method)
08-12 15:28:36.727  4819  7280 W Conscrypt: 	at libcore.io.ForwardingOs.setsockoptTimeval(ForwardingOs.java:173)
08-12 15:28:36.740  4819  7283 W Conscrypt: Could not set socket write timeout: java.lang.reflect.InvocationTargetException
08-12 15:28:36.741  4819  7283 W Conscrypt: 	at java.lang.reflect.Method.invoke(Native Method)
08-12 15:28:36.741  4819  7283 W Conscrypt: 	at com.google.android.gms.org.conscrypt.Platform.setSocketWriteTimeout(:com.google.android.gms@12874025@12.8.74 (040408-204998136):13)
08-12 15:28:36.741  4819  7283 W Conscrypt: Caused by: android.system.ErrnoException: setsockopt failed: EBADF (Bad file descriptor)
08-12 15:28:36.741  4819  7283 W Conscrypt: 	at libcore.io.Linux.setsockoptTimeval(Native Method)
08-12 15:28:36.741  4819  7283 W Conscrypt: 	at libcore.io.ForwardingOs.setsockoptTimeval(ForwardingOs.java:173)
08-12 15:28:36.743 10319 10319 E [WeatherWidget(157517@7)] : {[30B055765757A91C118A3DE711976767E72D3DD06BA5E0415446BD4617FE79CB732D0FDB7199E5E9A7570116D3070AC3399D75DBD61280FADB921FA4A093AF8F]}
08-12 15:28:36.787 10442 10442 E zygote64: The String#value field is not present on Android versions >= 6.0
08-12 15:28:36.827 10319 10319 E [WeatherWidget(157517@7)] : {[30B055765757A91C118A3DE711976767E72D3DD06BA5E0415446BD4617FE79CB732D0FDB7199E5E9A7570116D3070AC3399D75DBD61280FADB921FA4A093AF8F]}
08-12 15:28:36.848 10459 10534 W Appboy v2.4.0 .com.appboy.models.InAppMessageBase: Requested in-app message duration 0 is lower than the minimum of 999. Defaulting to 5000 milliseconds.
08-12 15:28:36.942 10300 10425 E fb4a.JS_LOADER: Unpacking js bundle 'Fb4aBundle.js.hbc' Use hermes on. Perftest info: prepack gk off prepack build constant off
08-12 15:28:36.945 10300 10425 E fb4a.JS_LOADER: Unpacking js bundle 'Fb4aBundle.js.hbc' Use hermes on. Perftest info: prepack gk off prepack build constant off
08-12 15:28:36.949 10575 10575 E Zygote  : isWhitelistProcess - Process is Whitelisted
08-12 15:28:36.953 10575 10575 W SELinux : SELinux selinux_android_compute_policy_index : Policy Index[2],  Con:u:r:zygote:s0 RAM:SEPF_SM-G935F_8.0.0_0011, [-1 -1 -1 -1 0 1]
08-12 15:28:36.993 10459 10459 F Adjust  : PRODUCTION: Adjust is running in Production mode. Use this setting only for the build that you want to publish. Set the environment to `sandbox` if you want to test your app!
08-12 15:28:37.342  4819  5477 W GCoreFlp: No location to return for getLastLocation()
08-12 15:28:37.373 10442 10568 W zygote64: Skipping duplicate class check due to unrecognized classloader
08-12 15:28:37.547 10442 10568 W native  : commandlineflags.cc:1511 Ignoring RegisterValidateFunction() for flag pointer 0x7a02848488: no flag found at that address
08-12 15:28:39.349  3669 11922 E NotificationService: notification pkg : com.devuni.flashlight has too high data size(355128) above 100000
08-12 15:28:40.717 10300 10300 W zygote  : JNI RegisterNativeMethods: attempt to register 0 native methods for com.facebook.omnistore.OmnistoreCollectionFrontendHolder
08-12 15:28:40.917 10300 10518 W zygote  : JNI RegisterNativeMethods: attempt to register 0 native methods for com.facebook.omnistore.OmnistoreFuzzerHolder
08-12 15:28:41.087 10661 10661 E Zygote  : isWhitelistProcess - Process is Whitelisted
08-12 15:28:41.093 10661 10661 W SELinux : SELinux selinux_android_compute_policy_index : Policy Index[2],  Con:u:r:zygote:s0 RAM:SEPF_SM-G935F_8.0.0_0011, [-1 -1 -1 -1 0 1]
08-12 15:28:41.170 10300 10518 W fb4a.PartiesOmnistoreComponent: Parties tried to start syncing with invalid domain.
08-12 15:28:41.394 10682 10682 E Zygote  : isWhitelistProcess - Process is Whitelisted
08-12 15:28:41.400 10682 10682 W SELinux : SELinux selinux_android_compute_policy_index : Policy Index[2],  Con:u:r:zygote:s0 RAM:SEPF_SM-G935F_8.0.0_0011, [-1 -1 -1 -1 0 1]
08-12 15:28:41.800  3287  3287 E audit   : type=1400 audit(1534080521.787:2054): avc:  denied  { read } for  pid=10300 comm="Bg_Shared3" name="boot_id" dev="proc" ino=545278 scontext=u:r:untrusted_app_25:s0:c512,c768 tcontext=u:object_r:proc:s0 tclass=file permissive=0 SEPF_SM-G935F_8.0.0_0011 audit_filtered
08-12 15:28:41.808 10300 10679 E fb4a.BootIdReader: Error reading boot_id from procfs
08-12 15:28:41.808 10300 10679 E fb4a.BootIdReader: java.io.FileNotFoundException: /proc/sys/kernel/random/boot_id (Permission denied)
08-12 15:28:41.808 10300 10679 E fb4a.BootIdReader: 	at java.io.FileInputStream.open0(Native Method)
08-12 15:28:41.808 10300 10679 E fb4a.BootIdReader: 	at java.io.FileInputStream.open(FileInputStream.java:200)
08-12 15:28:41.808 10300 10679 E fb4a.BootIdReader: 	at java.io.FileInputStream.<init>(FileInputStream.java:150)
08-12 15:28:41.808 10300 10679 E fb4a.BootIdReader: 	at java.io.FileInputStream.<init>(FileInputStream.java:103)
08-12 15:28:41.808 10300 10679 E fb4a.BootIdReader: 	at java.io.FileReader.<init>(FileReader.java:58)
08-12 15:28:41.808 10300 10679 E fb4a.BootIdReader: 	at X.2PP.D(:576249)
08-12 15:28:41.808 10300 10679 E fb4a.BootIdReader: 	at X.38l.B(Unknown Source:1442)
08-12 15:28:41.808 10300 10679 E fb4a.BootIdReader: 	at X.0ID.B(Unknown Source:31)
08-12 15:28:41.808 10300 10679 E fb4a.BootIdReader: 	at X.0Iv.F(:49537)
08-12 15:28:41.808 10300 10679 E fb4a.BootIdReader: 	at X.0Iv.D(:49525)
08-12 15:28:41.808 10300 10679 E fb4a.BootIdReader: 	at X.4dp.D(:1016935)
08-12 15:28:41.808 10300 10679 E fb4a.BootIdReader: 	at X.4dp.E(:1016939)
08-12 15:28:41.808 10300 10679 E fb4a.BootIdReader: 	at X.4dp.A(:1016910)
08-12 15:28:41.808 10300 10679 E fb4a.BootIdReader: 	at X.4do.init(:1016875)
08-12 15:28:41.808 10300 10679 E fb4a.BootIdReader: 	at X.0OH.run(:60633)
08-12 15:28:41.808 10300 10679 E fb4a.BootIdReader: 	at X.0O2.run(:60452)
08-12 15:28:41.808 10300 10679 E fb4a.BootIdReader: 	at java.util.concurrent.Executors$RunnableAdapter.call(Executors.java:457)
08-12 15:28:41.808 10300 10679 E fb4a.BootIdReader: 	at java.util.concurrent.FutureTask.run(FutureTask.java:266)
08-12 15:28:41.808 10300 10679 E fb4a.BootIdReader: 	at java.util.concurrent.Executors$RunnableAdapter.call(Executors.java:457)
08-12 15:28:41.808 10300 10679 E fb4a.BootIdReader: 	at X.0P9.run(:63342)
08-12 15:28:41.808 10300 10679 E fb4a.BootIdReader: 	at java.util.concurrent.Executors$RunnableAdapter.call(Executors.java:457)
08-12 15:28:41.808 10300 10679 E fb4a.BootIdReader: 	at java.util.concurrent.FutureTask.run(FutureTask.java:266)
08-12 15:28:41.808 10300 10679 E fb4a.BootIdReader: 	at X.0Li.run(:55163)
08-12 15:28:41.808 10300 10679 E fb4a.BootIdReader: 	at java.util.concurrent.ThreadPoolExecutor.runWorker(ThreadPoolExecutor.java:1162)
08-12 15:28:41.808 10300 10679 E fb4a.BootIdReader: 	at java.util.concurrent.ThreadPoolExecutor$Worker.run(ThreadPoolExecutor.java:636)
08-12 15:28:41.808 10300 10679 E fb4a.BootIdReader: 	at X.0PF.run(:63467)
08-12 15:28:41.808 10300 10679 E fb4a.BootIdReader: 	at java.lang.Thread.run(Thread.java:764)
08-12 15:28:42.706  3099  3099 E audit   : avc:  denied  { find } for interface=android.hardware.memtrack::IMemtrack pid=10300 scontext=u:r:untrusted_app_25:s0:c512,c768 tcontext=u:object_r:hal_memtrack_hwservice:s0 tclass=hwservice_manager
08-12 15:28:42.710  4245  4293 E RequestManager_FLP: [FusedLocationApi] Location remove 79bb22c from com.facebook.katana:fwkstartlog
08-12 15:28:42.718  3099  3099 E audit   : avc:  denied  { find } for interface=android.hardware.memtrack::IMemtrack pid=10300 scontext=u:r:untrusted_app_25:s0:c512,c768 tcontext=u:object_r:hal_memtrack_hwservice:s0 tclass=hwservice_manager
08-12 15:28:42.720 10300 10728 E memtrack: Couldn't load memtrack module
08-12 15:28:42.720 10300 10728 W android.os.Debug: failed to get memory consumption info: -1
08-12 15:28:42.731  4245  4293 E RequestManager_FLP: [FusedLocationApi] Location remove 3bea28a from com.facebook.katana:fwkstartlog
08-12 15:28:42.735  4245  4293 E RequestManager_FLP: [LocationManagerService] Location remove b169ed9 from com.facebook.katana
08-12 15:28:42.747  4245  4293 E RequestManager_FLP: [LocationManagerService] Location remove 2c94f95 from com.facebook.katana
08-12 15:28:42.758  4245  4293 E RequestManager_FLP: [LocationManagerService] Location remove 8975c9b from com.facebook.katana
08-12 15:28:42.858 10300 10626 E SingleFileAttributeStore.cpp: Could not read data from the disk
08-12 15:28:42.941  4819  4819 W Nearby  : Bind call too late - someone already tried to get: interface biol [CONTEXT service_id=49 ]
08-12 15:28:42.951 10300 10679 W fb4a.ServiceInfoParser: X.3iG: Service com.facebook.attribution.AttributionIdService is missing meta key com.facebook.common.jobscheduler.compat.jobIds
08-12 15:28:42.953 10300 10679 W fb4a.ServiceInfoParser: X.3iG: Service com.facebook.common.errorreporting.memory.MemoryDumpUploadService is missing meta key com.facebook.common.jobscheduler.compat.jobIds
08-12 15:28:42.954 10300 10679 W fb4a.ServiceInfoParser: X.3iG: Service com.facebook.browser.lite.BrowserLiteIntentService is missing meta key com.facebook.common.jobscheduler.compat.jobIds
08-12 15:28:42.954 10300 10679 W fb4a.ServiceInfoParser: X.3iG: Service com.facebook.browser.lite.BrowserLiteFallbackIntentService is missing meta key com.facebook.common.jobscheduler.compat.jobIds
08-12 15:28:42.954 10300 10679 W fb4a.ServiceInfoParser: X.3iG: Service com.facebook.contacts.service.ContactLocaleChangeService is missing meta key com.facebook.common.jobscheduler.compat.jobIds
08-12 15:28:42.954 10300 10679 W fb4a.ServiceInfoParser: X.3iG: Service com.facebook.account.login.notification.LoginNotificationService is missing meta key com.facebook.common.jobscheduler.compat.jobIds
08-12 15:28:42.954 10300 10679 W fb4a.ServiceInfoParser: X.3iG: Service com.facebook.analytics.appstatelogger.AppStateIntentService is missing meta key com.facebook.common.jobscheduler.compat.jobIds
08-12 15:28:42.954 10300 10679 W fb4a.ServiceInfoParser: X.3iG: Service com.facebook.analytics2.logger.LollipopUploadService is missing meta key com.facebook.common.jobscheduler.compat.jobIds
08-12 15:28:42.954 10300 10679 W fb4a.ServiceInfoParser: X.3iG: Service com.facebook.backgroundlocation.process.BackgroundLocationGatheringService is missing meta key com.facebook.common.jobscheduler.compat.jobIds
08-12 15:28:42.955 10300 10679 W fb4a.ServiceInfoParser: X.3iG: Service com.facebook.backgroundlocation.reporting.periodic.PeriodicSignalCollectorJobService is missing meta key com.facebook.common.jobscheduler.compat.jobIds
08-12 15:28:42.955 10300 10679 W fb4a.ServiceInfoParser: X.3iG: Service com.facebook.battery.monitor.ContinuousBatteryMonitorService is missing meta key com.facebook.common.jobscheduler.compat.jobIds
08-12 15:28:42.960 10300 10679 W fb4a.ServiceInfoParser: X.3iG: Service com.facebook.compost.service.CompostNotificationService is missing meta key com.facebook.common.jobscheduler.compat.jobIds
08-12 15:28:42.960 10300 10679 W fb4a.ServiceInfoParser: X.3iG: Service com.facebook.conditionalworker.ConditionalWorkerService is missing meta key com.facebook.common.jobscheduler.compat.jobIds
08-12 15:28:42.962 10300 10679 W fb4a.ServiceInfoParser: X.3iG: Service com.facebook.confirmation.notification.ConfirmationNotificationService is missing meta key com.facebook.common.jobscheduler.compat.jobIds
08-12 15:28:42.962 10300 10679 W fb4a.ServiceInfoParser: X.3iG: Service com.facebook.delayedworker.DelayedWorkerService is missing meta key com.facebook.common.jobscheduler.compat.jobIds
08-12 15:28:42.962 10300 10679 W fb4a.ServiceInfoParser: X.3iG: Service com.facebook.displaytimeinvalidation.service.DisplayTimeBlockIntentService is missing meta key com.facebook.common.jobscheduler.compat.jobIds
08-12 15:28:42.963 10300 10679 W fb4a.ServiceInfoParser: X.3iG: Service com.facebook.fbservice.service.BlueServiceJobIntentService is missing meta key com.facebook.common.jobscheduler.compat.jobIds
08-12 15:28:42.968 10300 10679 W fb4a.ServiceInfoParser: X.3iG: Service com.facebook.feed.platformads.AppInstallService is missing meta key com.facebook.common.jobscheduler.compat.jobIds
08-12 15:28:42.973 10300 10679 W fb4a.ServiceInfoParser: X.3iG: Service com.facebook.googleplay.GooglePlayInstallRefererService is missing meta key com.facebook.common.jobscheduler.compat.jobIds
08-12 15:28:42.979 10300 10679 W fb4a.ServiceInfoParser: X.3iG: Service com.facebook.oxygen.preloads.sdk.firstparty.managedappcache.IsManagedAppCacheJobService is missing meta key com.facebook.common.jobscheduler.compat.jobIds
08-12 15:28:42.985 10300 10679 W fb4a.ServiceInfoParser: X.3iG: Service com.facebook.push.registration.RegistrarHelperService is missing meta key com.facebook.common.jobscheduler.compat.jobIds
08-12 15:28:42.991 10300 10679 W fb4a.ServiceInfoParser: X.3iG: Service com.facebook.push.crossapp.PackageRemovedReporterService is missing meta key com.facebook.common.jobscheduler.compat.jobIds
08-12 15:28:42.991 10300 10679 W fb4a.ServiceInfoParser: X.3iG: Service com.facebook.push.fbpushdata.common.FbPushDataHandlerService is missing meta key com.facebook.common.jobscheduler.compat.jobIds
08-12 15:28:42.991 10300 10679 W fb4a.ServiceInfoParser: X.3iG: Service com.facebook.registration.notification.RegistrationNotificationService is missing meta key com.facebook.common.jobscheduler.compat.jobIds
08-12 15:28:42.991 10300 10679 W fb4a.ServiceInfoParser: X.3iG: Service com.facebook.registration.service.NewAccountStateLoggingService is missing meta key com.facebook.common.jobscheduler.compat.jobIds
08-12 15:28:42.991 10300 10679 W fb4a.ServiceInfoParser: X.3iG: Service com.facebook.reportaproblem.base.bugreport.BugReportUploadService is missing meta key com.facebook.common.jobscheduler.compat.jobIds
08-12 15:28:42.992 10300 10679 W fb4a.ServiceInfoParser: X.3iG: Service com.facebook.selfupdate.SelfUpdateFetchService is missing meta key com.facebook.common.jobscheduler.compat.jobIds
08-12 15:28:43.160 10742 10742 E Zygote  : isWhitelistProcess - Process is Whitelisted
08-12 15:28:43.168 10742 10742 W SELinux : SELinux selinux_android_compute_policy_index : Policy Index[2],  Con:u:r:zygote:s0 RAM:SEPF_SM-G935F_8.0.0_0011, [-1 -1 -1 -1 0 1]
08-12 15:28:43.349 10742 10742 W Process : Unable to open /proc/vmstat
08-12 15:28:43.349  3287  3287 E audit   : type=1400 audit(1534080523.337:2055): avc:  denied  { read } for  pid=10742 comm="m.facebook.orca" name="vmstat" dev="proc" ino=4026534965 scontext=u:r:untrusted_app_25:s0:c512,c768 tcontext=u:object_r:proc:s0 tclass=file permissive=0 SEPF_SM-G935F_8.0.0_0011 audit_filtered
08-12 15:28:43.373 10742 10757 W Process : Unable to open /proc/vmstat
08-12 15:28:43.373  3287  3287 E audit   : type=1400 audit(1534080523.357:2056): avc:  denied  { read } for  pid=10742 comm="EnsureDelegate" name="vmstat" dev="proc" ino=4026534965 scontext=u:r:untrusted_app_25:s0:c512,c768 tcontext=u:object_r:proc:s0 tclass=file permissive=0 SEPF_SM-G935F_8.0.0_0011 audit_filtered
08-12 15:28:43.397 10742 10759 E MemProcWatermarkReader: java.io.FileNotFoundException: /proc/zoneinfo
08-12 15:28:43.397  3287  3287 E audit   : type=1400 audit(1534080523.387:2057): avc:  denied  { read } for  pid=10742 comm="AppStateLoggerT" name="zoneinfo" dev="proc" ino=4026534966 scontext=u:r:untrusted_app_25:s0:c512,c768 tcontext=u:object_r:proc_zoneinfo:s0 tclass=file permissive=0 SEPF_SM-G935F_8.0.0_0011 audit_filtered
08-12 15:28:43.431 10742 10757 E ACRA    : Initializing ANR detector for process: com.facebook.orca
08-12 15:28:43.447 10742 10757 W CrashLoopRemedyLog: unable to delete remedy log
08-12 15:28:43.750 10742 10757 W dalvik-internals: ignoring failure to find _ZN3art12FaultManager35EnsureArtActionInFrontOfSignalChainEv: could not hook _ZN3art12FaultManager35EnsureArtActionInFrontOfSignalChainEv
08-12 15:28:43.758 10742 10757 W Process : Unable to open /proc/vmstat
08-12 15:28:43.758  3287  3287 E audit   : type=1400 audit(1534080523.747:2058): avc:  denied  { read } for  pid=10742 comm="EnsureDelegate" name="vmstat" dev="proc" ino=4026534965 scontext=u:r:untrusted_app_25:s0:c512,c768 tcontext=u:object_r:proc:s0 tclass=file permissive=0 SEPF_SM-G935F_8.0.0_0011 audit_filtered
08-12 15:28:43.783 10742 10757 W DexLibLoader: disabling background optimization
08-12 15:28:43.805  3669  3687 E memtrack: Couldn't load memtrack module
08-12 15:28:43.805  3669  3687 W android.os.Debug: failed to get memory consumption info: -1
08-12 15:28:43.833 10742 10757 W MemoryReductionHack: Couldn't update the Loader (NoSuchFieldException)
08-12 15:28:44.013 10742 10774 W Process : Unable to open /proc/vmstat
08-12 15:28:44.013  3287  3287 E audit   : type=1400 audit(1534080523.997:2059): avc:  denied  { read } for  pid=10742 comm="CallOnCreateImp" name="vmstat" dev="proc" ino=4026534965 scontext=u:r:untrusted_app_25:s0:c512,c768 tcontext=u:object_r:proc:s0 tclass=file permissive=0 SEPF_SM-G935F_8.0.0_0011 audit_filtered
08-12 15:28:44.039 10742 10774 W Process : Unable to open /proc/vmstat
08-12 15:28:44.039  3287  3287 E audit   : type=1400 audit(1534080524.027:2060): avc:  denied  { read } for  pid=10742 comm="CallOnCreateImp" name="vmstat" dev="proc" ino=4026534965 scontext=u:r:untrusted_app_25:s0:c512,c768 tcontext=u:object_r:proc:s0 tclass=file permissive=0 SEPF_SM-G935F_8.0.0_0011 audit_filtered
08-12 15:28:44.136 10742 10774 W Process : Unable to open /proc/vmstat
08-12 15:28:44.136  3287  3287 E audit   : type=1400 audit(1534080524.127:2061): avc:  denied  { read } for  pid=10742 comm="CallOnCreateImp" name="vmstat" dev="proc" ino=4026534965 scontext=u:r:untrusted_app_25:s0:c512,c768 tcontext=u:object_r:proc:s0 tclass=file permissive=0 SEPF_SM-G935F_8.0.0_0011 audit_filtered
08-12 15:28:46.410  1368  1755 E SPPClientService: [b] __PingReply__
08-12 15:28:46.462 11640 11640 E LLog    : For input string: "4C7"
08-12 15:28:46.467 11640 11640 E LLog    : For input string: "4C7"
08-12 15:28:47.510  5100  5100 E ProActivieLaunch: Sending Broadcast
08-12 15:28:47.551 10823 10823 E Zygote  : isWhitelistProcess - Process is Whitelisted
08-12 15:28:47.556 10823 10823 W SELinux : SELinux selinux_android_compute_policy_index : Policy Index[2],  Con:u:r:zygote:s0 RAM:SEPF_SM-G935F_8.0.0_0011, [-1 -1 -1 -1 0 1]
08-12 15:28:48.277  3669  3687 E KioskModeService: There's no matched data
08-12 15:28:48.291 10847 10847 E Zygote  : isWhitelistProcess - Process is Whitelisted
08-12 15:28:48.297 10847 10847 W SELinux : SELinux selinux_android_compute_policy_index : Policy Index[2],  Con:u:r:zygote:s0 RAM:SEPF_SM-G935F_8.0.0_0011, [-1 -1 -1 -1 0 1]
08-12 15:28:48.568 10872 10872 E Zygote  : isWhitelistProcess - Process is Whitelisted
08-12 15:28:48.572 10823 10877 W cr_ChildProcLH: Create a new ChildConnectionAllocator with package name = com.android.chrome, sandboxed = true
08-12 15:28:48.572 10872 10872 W SELinux : SELinux selinux_android_compute_policy_index : Policy Index[2],  Con:u:r:zygote:s0 RAM:SEPF_SM-G935F_8.0.0_0011, [-1 -1 -1 -1 0 1]
08-12 15:28:48.611 10888 10888 E /system/bin/webview_zygote32: failed to make and chown /acct/uid_99019: Permission denied
08-12 15:28:48.611 10888 10888 E Zygote  : createProcessGroup(99019, 0) failed: Permission denied
08-12 15:28:48.612 10888 10888 W SELinux : SELinux selinux_android_compute_policy_index : Policy Index[2],  Con:u:r:webview_zygote:s0 RAM:SEPF_SM-G935F_8.0.0_0011, [-1 -1 -1 -1 0 1]
08-12 15:28:48.624 10823 10823 W ResourceType: For resource 0x7f1204a3, entry index(1187) is beyond type entryCount(18)
08-12 15:28:48.624 10823 10823 W ResourceType: Failure getting entry for 0x7f1204a3 (t=17 e=1187) (error -75)
08-12 15:28:48.739  3287  3287 E audit   : type=1400 audit(1534080528.727:2062): avc:  denied  { read } for  pid=10823 comm="afas.android.db" name="vmstat" dev="proc" ino=4026534965 scontext=u:r:untrusted_app_25:s0:c512,c768 tcontext=u:object_r:proc:s0 tclass=file permissive=0 SEPF_SM-G935F_8.0.0_0011 audit_filtered
08-12 15:28:48.941 10925 10925 E asset   : setgid: Operation not permitted
08-12 15:28:49.105  4819 12136 W WearableService: onGetService: Wear is not available on this device.
08-12 15:28:49.145 10872 10921 W aaJ     : copyMemory is missing from platform - proto runtime falling back to safer methods.
08-12 15:28:49.169 10823 10937 W Optly.shared: Unable to load file optly-user-profile-8378611524.json.
08-12 15:28:49.175 10823 10937 W Optly.userProfile: Unable to load user profile cache.
08-12 15:28:49.356  3287  3287 E audit   : type=1400 audit(1534080529.347:2063): avc:  denied  { read } for  pid=10742 comm="Bg_Shared2" name="boot_id" dev="proc" ino=545278 scontext=u:r:untrusted_app_25:s0:c512,c768 tcontext=u:object_r:proc:s0 tclass=file permissive=0 SEPF_SM-G935F_8.0.0_0011 audit_filtered
08-12 15:28:49.358 10742 10928 E msgr.BootIdReader: Error reading boot_id from procfs
08-12 15:28:49.358 10742 10928 E msgr.BootIdReader: java.io.FileNotFoundException: /proc/sys/kernel/random/boot_id (Permission denied)
08-12 15:28:49.358 10742 10928 E msgr.BootIdReader: 	at java.io.FileInputStream.open0(Native Method)
08-12 15:28:49.358 10742 10928 E msgr.BootIdReader: 	at java.io.FileInputStream.open(FileInputStream.java:200)
08-12 15:28:49.358 10742 10928 E msgr.BootIdReader: 	at java.io.FileInputStream.<init>(FileInputStream.java:150)
08-12 15:28:49.358 10742 10928 E msgr.BootIdReader: 	at java.io.FileInputStream.<init>(FileInputStream.java:103)
08-12 15:28:49.358 10742 10928 E msgr.BootIdReader: 	at java.io.FileReader.<init>(FileReader.java:58)
08-12 15:28:49.358 10742 10928 E msgr.BootIdReader: 	at X.1Vc.a(:277480)
08-12 15:28:49.358 10742 10928 E msgr.BootIdReader: 	at X.1br.a(Unknown Source:11812)
08-12 15:28:49.358 10742 10928 E msgr.BootIdReader: 	at X.0Iz.A(Unknown Source:21)
08-12 15:28:49.358 10742 10928 E msgr.BootIdReader: 	at X.0Ja.a(:61124)
08-12 15:28:49.358 10742 10928 E msgr.BootIdReader: 	at X.0Ja.b(:61143)
08-12 15:28:49.358 10742 10928 E msgr.BootIdReader: 	at X.1c5.d(:302170)
08-12 15:28:49.358 10742 10928 E msgr.BootIdReader: 	at X.1c5.b(:302161)
08-12 15:28:49.358 10742 10928 E msgr.BootIdReader: 	at X.1c5.a(:302123)
08-12 15:28:49.358 10742 10928 E msgr.BootIdReader: 	at X.2AW.init(:371770)
08-12 15:28:49.358 10742 10928 E msgr.BootIdReader: 	at X.0PU.run(:75639)
08-12 15:28:49.358 10742 10928 E msgr.BootIdReader: 	at X.0Oc.run(:72345)
08-12 15:28:49.358 10742 10928 E msgr.BootIdReader: 	at java.util.concurrent.Executors$RunnableAdapter.call(Executors.java:457)
08-12 15:28:49.358 10742 10928 E msgr.BootIdReader: 	at java.util.concurrent.FutureTask.run(FutureTask.java:266)
08-12 15:28:49.358 10742 10928 E msgr.BootIdReader: 	at java.util.concurrent.Executors$RunnableAdapter.call(Executors.java:457)
08-12 15:28:49.358 10742 10928 E msgr.BootIdReader: 	at X.0Pd.run(:75804)
08-12 15:28:49.358 10742 10928 E msgr.BootIdReader: 	at java.util.concurrent.Executors$RunnableAdapter.call(Executors.java:457)
08-12 15:28:49.358 10742 10928 E msgr.BootIdReader: 	at java.util.concurrent.FutureTask.run(FutureTask.java:266)
08-12 15:28:49.358 10742 10928 E msgr.BootIdReader: 	at X.0MN.run(:66669)
08-12 15:28:49.358 10742 10928 E msgr.BootIdReader: 	at java.util.concurrent.ThreadPoolExecutor.runWorker(ThreadPoolExecutor.java:1162)
08-12 15:28:49.358 10742 10928 E msgr.BootIdReader: 	at java.util.concurrent.ThreadPoolExecutor$Worker.run(ThreadPoolExecutor.java:636)
08-12 15:28:49.358 10742 10928 E msgr.BootIdReader: 	at X.0Pf.run(:75824)
08-12 15:28:49.358 10742 10928 E msgr.BootIdReader: 	at java.lang.Thread.run(Thread.java:764)
08-12 15:28:49.729 10888 10888 E Typeface: Error mapping font file /system/fonts/SamsungSans-Num3L.ttf
08-12 15:28:49.729 10888 10888 E Minikin : Could not get cmap table size!
08-12 15:28:49.729 10888 10888 E Typeface: Unable to load Family: samsung-sans-num3L:null
08-12 15:28:49.730 10888 10888 E Typeface: Error mapping font file /system/fonts/SamsungSans-Num3T.ttf
08-12 15:28:49.730 10888 10888 E Minikin : Could not get cmap table size!
08-12 15:28:49.730 10888 10888 E Typeface: Unable to load Family: samsung-sans-num3T:null
08-12 15:28:49.731 10888 10888 E Typeface: Error mapping font file /system/fonts/SamsungSans-Num4L.ttf
08-12 15:28:49.731 10888 10888 E Minikin : Could not get cmap table size!
08-12 15:28:49.731 10888 10888 E Typeface: Unable to load Family: samsung-sans-num4L:null
08-12 15:28:49.731 10888 10888 E Typeface: Error mapping font file /system/fonts/SamsungSans-Num4T.ttf
08-12 15:28:49.731 10888 10888 E Minikin : Could not get cmap table size!
08-12 15:28:49.731 10888 10888 E Typeface: Unable to load Family: samsung-sans-num4T:null
08-12 15:28:49.732 10888 10888 E Typeface: Error mapping font file /system/fonts/SamsungSans-Num35.ttf
08-12 15:28:49.732 10888 10888 E Minikin : Could not get cmap table size!
08-12 15:28:49.732 10888 10888 E Typeface: Unable to load Family: samsung-sans-num35:null
08-12 15:28:49.732 10888 10888 E Typeface: Error mapping font file /system/fonts/SamsungSans-Num45.ttf
08-12 15:28:49.732 10888 10888 E Minikin : Could not get cmap table size!
08-12 15:28:49.732 10888 10888 E Typeface: Unable to load Family: samsung-sans-num45:null
08-12 15:28:49.732 10888 10888 E Typeface: Error mapping font file /system/fonts/SamsungSans-Num3Lv.ttf
08-12 15:28:49.733 10888 10888 E Minikin : Could not get cmap table size!
08-12 15:28:49.733 10888 10888 E Typeface: Unable to load Family: samsung-sans-num3LV:null
08-12 15:28:49.733 10888 10888 E Typeface: Error mapping font file /system/fonts/SamsungSans-Num3R.ttf
08-12 15:28:49.733 10888 10888 E Minikin : Could not get cmap table size!
08-12 15:28:49.733 10888 10888 E Typeface: Unable to load Family: samsung-sans-num3R:null
08-12 15:28:49.733 10888 10888 E Typeface: Error mapping font file /system/fonts/SamsungSans-Num4Tv.ttf
08-12 15:28:49.733 10888 10888 E Minikin : Could not get cmap table size!
08-12 15:28:49.733 10888 10888 E Typeface: Unable to load Family: samsung-sans-num4Tv:null
08-12 15:28:49.734 10888 10888 E Typeface: Error mapping font file /system/fonts/SamsungSans-Num4Lv.ttf
08-12 15:28:49.734 10888 10888 E Minikin : Could not get cmap table size!
08-12 15:28:49.734 10888 10888 E Typeface: Unable to load Family: samsung-sans-num4Lv:null
08-12 15:28:50.332  3099  3099 E audit   : avc:  denied  { find } for interface=android.hardware.memtrack::IMemtrack pid=10742 scontext=u:r:untrusted_app_25:s0:c512,c768 tcontext=u:object_r:hal_memtrack_hwservice:s0 tclass=hwservice_manager
08-12 15:28:50.333  3099  3099 E audit   : avc:  denied  { find } for interface=android.hardware.memtrack::IMemtrack pid=10742 scontext=u:r:untrusted_app_25:s0:c512,c768 tcontext=u:object_r:hal_memtrack_hwservice:s0 tclass=hwservice_manager
08-12 15:28:50.334 10742 10954 E memtrack: Couldn't load memtrack module
08-12 15:28:50.334 10742 10954 W android.os.Debug: failed to get memory consumption info: -1
08-12 15:28:50.356 10742 10914 W msgr.ServiceInfoParser: X.1rg: Service com.facebook.browser.lite.BrowserLiteIntentService is missing meta key com.facebook.common.jobscheduler.compat.jobIds
08-12 15:28:50.356 10742 10914 W msgr.ServiceInfoParser: X.1rg: Service com.facebook.common.errorreporting.memory.MemoryDumpUploadService is missing meta key com.facebook.common.jobscheduler.compat.jobIds
08-12 15:28:50.356 10742 10914 W msgr.ServiceInfoParser: X.1rg: Service com.facebook.contacts.service.ContactLocaleChangeService is missing meta key com.facebook.common.jobscheduler.compat.jobIds
08-12 15:28:50.356 10742 10914 W msgr.ServiceInfoParser: X.1rg: Service com.facebook.analytics.appstatelogger.AppStateIntentService is missing meta key com.facebook.common.jobscheduler.compat.jobIds
08-12 15:28:50.357 10742 10914 W msgr.ServiceInfoParser: X.1rg: Service com.facebook.analytics2.logger.LollipopUploadService is missing meta key com.facebook.common.jobscheduler.compat.jobIds
08-12 15:28:50.358 10742 10914 W msgr.ServiceInfoParser: X.1rg: Service com.facebook.conditionalworker.ConditionalWorkerService is missing meta key com.facebook.common.jobscheduler.compat.jobIds
08-12 15:28:50.359 10742 10914 W msgr.ServiceInfoParser: X.1rg: Service com.facebook.delayedworker.DelayedWorkerService is missing meta key com.facebook.common.jobscheduler.compat.jobIds
08-12 15:28:50.359 10742 10914 W msgr.ServiceInfoParser: X.1rg: Service com.facebook.fbservice.service.BlueServiceJobIntentService is missing meta key com.facebook.common.jobscheduler.compat.jobIds
08-12 15:28:50.359 10742 10914 W msgr.ServiceInfoParser: X.1rg: Service com.facebook.googleplay.GooglePlayInstallRefererService is missing meta key com.facebook.common.jobscheduler.compat.jobIds
08-12 15:28:50.360 10742 10914 W msgr.ServiceInfoParser: X.1rg: Service com.facebook.messaging.universallinks.receiver.InstallReferrerFetchJobIntentService is missing meta key com.facebook.common.jobscheduler.compat.jobIds
08-12 15:28:50.360 10742 10914 W msgr.ServiceInfoParser: X.1rg: Service com.facebook.oxygen.preloads.sdk.firstparty.managedappcache.IsManagedAppCacheJobService is missing meta key com.facebook.common.jobscheduler.compat.jobIds
08-12 15:28:50.360 10742 10914 W msgr.ServiceInfoParser: X.1rg: Service com.facebook.push.registration.RegistrarHelperService is missing meta key com.facebook.common.jobscheduler.compat.jobIds
08-12 15:28:50.363 10742 10914 W msgr.ServiceInfoParser: X.1rg: Service com.facebook.push.crossapp.PackageRemovedReporterService is missing meta key com.facebook.common.jobscheduler.compat.jobIds
08-12 15:28:50.363 10742 10914 W msgr.ServiceInfoParser: X.1rg: Service com.facebook.push.fbpushdata.common.FbPushDataHandlerService is missing meta key com.facebook.common.jobscheduler.compat.jobIds
08-12 15:28:50.363 10742 10914 W msgr.ServiceInfoParser: X.1rg: Service com.facebook.reportaproblem.base.bugreport.BugReportUploadService is missing meta key com.facebook.common.jobscheduler.compat.jobIds
08-12 15:28:50.363 10742 10914 W msgr.ServiceInfoParser: X.1rg: Service com.facebook.selfupdate.SelfUpdateFetchService is missing meta key com.facebook.common.jobscheduler.compat.jobIds
08-12 15:28:50.642 10742 10960 E CompactDiskManagerImpl.cpp: Failed to remove new folder structure directories: No such file or directory
08-12 15:28:50.708 10742 10960 E CompactDiskManagerImpl.cpp: Failed to remove new folder structure directories: No such file or directory
08-12 15:28:50.781  3669  3690 W zygote64: failed to open /acct/uid_99019/pid_10888/cgroup.procs: No such file or directory
08-12 15:28:51.173  5100  5100 W StaticLayout: maxLineHeight should not be -1.  maxLines:1 lineCount:1
08-12 15:28:52.005  3669  3687 E memtrack: Couldn't load memtrack module
08-12 15:28:52.005  3669  3687 W android.os.Debug: failed to get memory consumption info: -1
08-12 15:28:53.889 10989 10989 E Zygote  : isWhitelistProcess - Process is Whitelisted
08-12 15:28:53.895 10989 10989 W SELinux : SELinux selinux_android_compute_policy_index : Policy Index[2],  Con:u:r:zygote:s0 RAM:SEPF_SM-G935F_8.0.0_0011, [-1 -1 -1 -1 0 1]
08-12 15:28:53.955  4348  4348 W RegisteredComponentCache: Unable to load component info ResolveInfo{d95fe2b com.greenlionsoft.free.madrid/.app.ui.activities.card.CardActivity m=0x108000}
08-12 15:28:53.955  4348  4348 W RegisteredComponentCache: org.xmlpull.v1.XmlPullParserException: No android.nfc.action.TECH_DISCOVERED meta-data
08-12 15:28:53.955  4348  4348 W RegisteredComponentCache: 	at com.android.nfc.RegisteredComponentCache.parseComponentInfo(RegisteredComponentCache.java:237)
08-12 15:28:53.955  4348  4348 W RegisteredComponentCache: 	at com.android.nfc.RegisteredComponentCache.generateComponentsList(RegisteredComponentCache.java:199)
08-12 15:28:53.955  4348  4348 W RegisteredComponentCache: 	at com.android.nfc.RegisteredComponentCache$1.onReceive(RegisteredComponentCache.java:92)
08-12 15:28:53.955  4348  4348 W RegisteredComponentCache: 	at android.app.LoadedApk$ReceiverDispatcher$Args.lambda$-android_app_LoadedApk$ReceiverDispatcher$Args_52226(LoadedApk.java:1319)
08-12 15:28:53.955  4348  4348 W RegisteredComponentCache: 	at android.app.-$Lambda$FilBqgnXJrN9Mgyks1XHeAxzSTk.$m$0(Unknown Source:4)
08-12 15:28:53.955  4348  4348 W RegisteredComponentCache: 	at android.app.-$Lambda$FilBqgnXJrN9Mgyks1XHeAxzSTk.run(Unknown Source:0)
08-12 15:28:53.955  4348  4348 W RegisteredComponentCache: 	at android.os.Handler.handleCallback(Handler.java:789)
08-12 15:28:53.955  4348  4348 W RegisteredComponentCache: 	at android.os.Handler.dispatchMessage(Handler.java:98)
08-12 15:28:53.955  4348  4348 W RegisteredComponentCache: 	at android.os.Looper.loop(Looper.java:164)
08-12 15:28:53.955  4348  4348 W RegisteredComponentCache: 	at android.app.ActivityThread.main(ActivityThread.java:6944)
08-12 15:28:53.955  4348  4348 W RegisteredComponentCache: 	at java.lang.reflect.Method.invoke(Native Method)
08-12 15:28:53.955  4348  4348 W RegisteredComponentCache: 	at com.android.internal.os.Zygote$MethodAndArgsCaller.run(Zygote.java:327)
08-12 15:28:53.955  4348  4348 W RegisteredComponentCache: 	at com.android.internal.os.ZygoteInit.main(ZygoteInit.java:1374)
08-12 15:28:53.982  4348  4348 W RegisteredComponentCache: Unable to load component info ResolveInfo{e7d3421 com.greenlionsoft.free.madrid/.app.ui.activities.card.CardActivity m=0x108000}
