08-12 16:30:51.669  3287  3287 E audit   : type=1400 audit(1534084251.657:2093): avc:  denied  { read } for  pid=13567 comm="ca:notification" name="vmstat" dev="proc" ino=4026534965 scontext=u:r:untrusted_app_25:s0:c512,c768 tcontext=u:object_r:proc:s0 tclass=file permissive=0 SEPF_SM-G935F_8.0.0_0011 audit_filtered
08-12 16:30:51.672  3669  3687 E memtrack: Couldn't load memtrack module
08-12 16:30:51.672  3669  3687 W android.os.Debug: failed to get memory consumption info: -1
08-12 16:30:51.678 13567 13567 W Process : Unable to open /proc/vmstat
08-12 16:30:51.678  3287  3287 E audit   : type=1400 audit(1534084251.667:2094): avc:  denied  { read } for  pid=13567 comm="ca:notification" name="vmstat" dev="proc" ino=4026534965 scontext=u:r:untrusted_app_25:s0:c512,c768 tcontext=u:object_r:proc:s0 tclass=file permissive=0 SEPF_SM-G935F_8.0.0_0011 audit_filtered
08-12 16:30:51.695  3287  3287 E audit   : type=1400 audit(1534084251.677:2095): avc:  denied  { read } for  pid=13567 comm="AppStateLoggerT" name="zoneinfo" dev="proc" ino=4026534966 scontext=u:r:untrusted_app_25:s0:c512,c768 tcontext=u:object_r:proc_zoneinfo:s0 tclass=file permissive=0 SEPF_SM-G935F_8.0.0_0011 audit_filtered
08-12 16:30:51.696 13567 13584 E MemProcWatermarkReader: java.io.FileNotFoundException: /proc/zoneinfo
08-12 16:30:51.698  3669  3687 E memtrack: Couldn't load memtrack module
08-12 16:30:51.698  3669  3687 W android.os.Debug: failed to get memory consumption info: -1
08-12 16:30:51.716 13567 13567 E ACRA    : Skipping ANR Detector for process: com.facebook.orca:notification
08-12 16:30:51.723 13567 13567 W SoLoader: context.getApplicationContext returned null, holding reference to original context.
08-12 16:30:51.726  3669  3687 E memtrack: Couldn't load memtrack module
08-12 16:30:51.726  3669  3687 W android.os.Debug: failed to get memory consumption info: -1
08-12 16:30:51.751  3669  3687 E memtrack: Couldn't load memtrack module
08-12 16:30:51.751  3669  3687 W android.os.Debug: failed to get memory consumption info: -1
08-12 16:30:51.777  3669  3687 E memtrack: Couldn't load memtrack module
08-12 16:30:51.777  3669  3687 W android.os.Debug: failed to get memory consumption info: -1
08-12 16:30:51.801  3669  3687 E memtrack: Couldn't load memtrack module
08-12 16:30:51.801  3669  3687 W android.os.Debug: failed to get memory consumption info: -1
08-12 16:30:51.824  3669  3687 E memtrack: Couldn't load memtrack module
08-12 16:30:51.824  3669  3687 W android.os.Debug: failed to get memory consumption info: -1
08-12 16:30:51.847  3669  3687 E memtrack: Couldn't load memtrack module
08-12 16:30:51.847  3669  3687 W android.os.Debug: failed to get memory consumption info: -1
08-12 16:30:51.874  3669  3687 E memtrack: Couldn't load memtrack module
08-12 16:30:51.874  3669  3687 W android.os.Debug: failed to get memory consumption info: -1
08-12 16:30:51.896  3669  3687 E memtrack: Couldn't load memtrack module
08-12 16:30:51.896  3669  3687 W android.os.Debug: failed to get memory consumption info: -1
08-12 16:30:51.919 13567 13567 W dalvik-internals: ignoring failure to find _ZN3art12FaultManager35EnsureArtActionInFrontOfSignalChainEv: could not hook _ZN3art12FaultManager35EnsureArtActionInFrontOfSignalChainEv
08-12 16:30:51.921  3669  3687 E memtrack: Couldn't load memtrack module
08-12 16:30:51.921  3669  3687 W android.os.Debug: failed to get memory consumption info: -1
08-12 16:30:51.924 13567 13567 W Process : Unable to open /proc/vmstat
08-12 16:30:51.924  3287  3287 E audit   : type=1400 audit(1534084251.907:2096): avc:  denied  { read } for  pid=13567 comm="ca:notification" name="vmstat" dev="proc" ino=4026534965 scontext=u:r:untrusted_app_25:s0:c512,c768 tcontext=u:object_r:proc:s0 tclass=file permissive=0 SEPF_SM-G935F_8.0.0_0011 audit_filtered
08-12 16:30:51.949  3669  3687 E memtrack: Couldn't load memtrack module
08-12 16:30:51.949  3669  3687 W android.os.Debug: failed to get memory consumption info: -1
08-12 16:30:52.009 13601 13601 E Zygote  : isWhitelistProcess - Process is Whitelisted
08-12 16:30:52.010  1575 13600 W MDM     : [3015] abya.c: enableNfc
08-12 16:30:52.011  1575 13600 W MDM     : [3015] abya.c: EnableNfc flag is true
08-12 16:30:52.012 13601 13601 W SELinux : SELinux selinux_android_compute_policy_index : Policy Index[2],  Con:u:r:zygote:s0 RAM:SEPF_SM-G935F_8.0.0_0011, [-1 -1 -1 -1 0 1]
08-12 16:30:52.018  3669  3687 E memtrack: Couldn't load memtrack module
08-12 16:30:52.018  3669  3687 W android.os.Debug: failed to get memory consumption info: -1
08-12 16:30:52.027 12062 12062 E ViewRootImpl: sendUserActionEvent() returned.
08-12 16:30:52.086  3669  3687 E memtrack: Couldn't load memtrack module
08-12 16:30:52.086  3669  3687 W android.os.Debug: failed to get memory consumption info: -1
08-12 16:30:52.114  3669  3687 E memtrack: Couldn't load memtrack module
08-12 16:30:52.114  3669  3687 W android.os.Debug: failed to get memory consumption info: -1
08-12 16:30:52.122  3287  3287 E audit   : type=1400 audit(1534084252.107:2097): avc:  denied  { write } for  pid=13601 comm="ng.android.lool" name="com.samsung.android.lool-ztATQweq54UGiFuco6LQ6Q==" dev="dm-1" ino=652868 scontext=u:r:system_app:s0 tcontext=u:object_r:apk_data_file:s0 tclass=dir permissive=0 SEPF_SM-G935F_8.0.0_0011 audit_filtered
08-12 16:30:52.122  3287  3287 E audit   : type=1400 audit(1534084252.107:2098): avc:  denied  { write } for  pid=13601 comm="ng.android.lool" name="com.samsung.android.lool-ztATQweq54UGiFuco6LQ6Q==" dev="dm-1" ino=652868 scontext=u:r:system_app:s0 tcontext=u:object_r:apk_data_file:s0 tclass=dir permissive=0 SEPF_SM-G935F_8.0.0_0011 audit_filtered
08-12 16:30:52.135  1575   582 W Ads     : App does not have the required permissions to get location
08-12 16:30:52.147  3669  3687 E memtrack: Couldn't load memtrack module
08-12 16:30:52.147  3669  3687 W android.os.Debug: failed to get memory consumption info: -1
08-12 16:30:52.174  3669  3687 E memtrack: Couldn't load memtrack module
08-12 16:30:52.175  3669  3687 W android.os.Debug: failed to get memory consumption info: -1
08-12 16:30:52.200  3669  3687 E memtrack: Couldn't load memtrack module
08-12 16:30:52.200  3669  3687 W android.os.Debug: failed to get memory consumption info: -1
08-12 16:30:52.223 12301 13526 W FlurryAgent: Analytics report sent.
08-12 16:30:52.264 13646 13646 E Zygote  : isWhitelistProcess - Process is Whitelisted
08-12 16:30:52.266 13646 13646 W SELinux : SELinux selinux_android_compute_policy_index : Policy Index[2],  Con:u:r:zygote:s0 RAM:SEPF_SM-G935F_8.0.0_0011, [-1 -1 -1 -1 0 1]
08-12 16:30:52.883 12301 12301 W Ads     : Failed to load ad: 3
08-12 16:30:53.191  3669 14211 W MultiScreenManagerService: moveTaskBackToDisplayIfNeeded(): root activity or app is null, task=TaskRecord{f2a6434d0 #195 A=com.spox.mobileclient U=0 StackId=1 sz=1}, rootActivity=null
08-12 16:30:53.229 27547 27547 W SearchServiceClient: Starting with NO_SESSION handoverId is deprecated. Just don't. You will break.
08-12 16:30:53.232 27547 27547 W SessionLifecycleManager: Handover failed. Creating new session controller.
08-12 16:30:53.240 27547 27547 E PBSessionCacheImpl: sessionId[121154521311165228] not persisted.
08-12 16:30:53.311  3186  3641 W DeviceHAL: Device 0xebc84a00 open_input_stream: Invalid argument
08-12 16:30:53.336  3186 13678 W audio_hw_primary: start_input_stream echoReference effect is not supported.
08-12 16:30:53.357  4073  4073 W SemDesktopModeManager: Desktop Mode feature not available or SemDesktopModeManager not instantiated. Please check Configuration.semDesktopModeEnabled instead.
08-12 16:30:53.360  4073  4073 W SemDesktopModeManager: Desktop Mode feature not available or SemDesktopModeManager not instantiated. Please check Configuration.semDesktopModeEnabled instead.
08-12 16:30:53.367 13681 13681 E Zygote  : isWhitelistProcess - Process is Whitelisted
08-12 16:30:53.369 13681 13681 W SELinux : SELinux selinux_android_compute_policy_index : Policy Index[2],  Con:u:r:zygote:s0 RAM:SEPF_SM-G935F_8.0.0_0011, [-1 -1 -1 -1 0 1]
08-12 16:30:53.388 13692 13692 E Zygote  : isWhitelistProcess - Process is Whitelisted
08-12 16:30:53.391 13692 13692 W SELinux : SELinux selinux_android_compute_policy_index : Policy Index[2],  Con:u:r:zygote:s0 RAM:SEPF_SM-G935F_8.0.0_0011, [-1 -1 -1 -1 0 1]
08-12 16:30:53.458 27547 13673 W SpeechLevelGenerator: Really low audio levels detected. The audio input may have issues.
08-12 16:30:53.470  7213 13554 W System.err: android.database.CursorIndexOutOfBoundsException: Index -1 requested, with a size of 21
08-12 16:30:53.476  7213 13554 W System.err: 	at android.database.AbstractCursor.checkPosition(AbstractCursor.java:460)
08-12 16:30:53.476  7213 13554 W System.err: 	at android.database.AbstractWindowedCursor.checkPosition(AbstractWindowedCursor.java:136)
08-12 16:30:53.476  7213 13554 W System.err: 	at android.database.AbstractWindowedCursor.getString(AbstractWindowedCursor.java:50)
08-12 16:30:53.476  7213 13554 W System.err: 	at android.database.CursorWrapper.getString(CursorWrapper.java:137)
08-12 16:30:53.477  7213 13554 W System.err: 	at android.database.CursorWrapper.getString(CursorWrapper.java:137)
08-12 16:30:53.477  7213 13554 W System.err: 	at com.samsung.android.email.widget.EmailWidgetFactory.getViewAt(EmailWidgetFactory.java:1299)
08-12 16:30:53.477  7213 13554 W System.err: 	at android.widget.RemoteViewsService$RemoteViewsFactoryAdapter.getViewAt(RemoteViewsService.java:164)
08-12 16:30:53.477  7213 13554 W System.err: 	at com.android.internal.widget.IRemoteViewsFactory$Stub.onTransact(IRemoteViewsFactory.java:85)
08-12 16:30:53.477  7213 13554 W System.err: 	at android.os.Binder.execTransact(Binder.java:682)
08-12 16:30:53.516  5100  5100 W StaticLayout: maxLineHeight should not be -1.  maxLines:1 lineCount:1
08-12 16:30:53.531  5100  5100 W StaticLayout: maxLineHeight should not be -1.  maxLines:1 lineCount:1
08-12 16:30:53.565 13692 13692 W linker  : "/data/app/com.google.android.gms-nyMoQjAaohi5NlRNZN0G4Q==/base.apk!/lib/arm64-v8a/libconscrypt_gmscore_jni.so" unused DT entry: type 0xf arg 0x8a
08-12 16:30:53.697 12301 12322 W FlurryAgent: Flurry session paused for context:com.spox.mobileclient.view.Main@e1d4dc5
08-12 16:30:53.844  5100  5461 W OpenGLRenderer: Incorrectly called buildLayer on View: WorkspaceCellLayoutChildren, destroying layer...
08-12 16:30:53.844  5100  5461 W OpenGLRenderer: Incorrectly called buildLayer on View: WorkspaceCellLayoutChildren, destroying layer...
08-12 16:30:54.041 13681 13744 W [WeatherWidget(157517@7)] : {[D649FEFC84D9836056986248672CF7AF5F88A786E255C2299291923CD543EAE98C499CE73B3080746D1828C63E0742C29FB2B5494FDA3F4D8B3C440AC917252A704C09DBE3F5C31DE0E734603991AE19]}
08-12 16:30:54.086  5100  5100 E ProActivieLaunch: Sending Broadcast
08-12 16:30:54.095 13692 13714 W AdvertisingIdClient: Error while reading from SharedPreferences 
08-12 16:30:54.095 13692 13714 W AdvertisingIdClient: java.lang.SecurityException: MODE_WORLD_READABLE no longer supported
08-12 16:30:54.095 13692 13714 W AdvertisingIdClient: 	at android.app.ContextImpl.checkMode(ContextImpl.java:2453)
08-12 16:30:54.095 13692 13714 W AdvertisingIdClient: 	at android.app.ContextImpl.getSharedPreferences(ContextImpl.java:389)
08-12 16:30:54.095 13692 13714 W AdvertisingIdClient: 	at android.app.ContextImpl.getSharedPreferences(ContextImpl.java:376)
08-12 16:30:54.095 13692 13714 W AdvertisingIdClient: 	at com.google.android.gms.ads.identifier.AdvertisingIdClient.getAdvertisingIdInfo(Unknown Source:12)
08-12 16:30:54.095 13692 13714 W AdvertisingIdClient: 	at com.google.android.music.preferences.MusicPreferences.getAdvertisingIdInfo(MusicPreferences.java:2476)
08-12 16:30:54.095 13692 13714 W AdvertisingIdClient: 	at com.google.android.music.preferences.MusicPreferences.access$1000(MusicPreferences.java:83)
08-12 16:30:54.095 13692 13714 W AdvertisingIdClient: 	at com.google.android.music.preferences.MusicPreferences$7.run(MusicPreferences.java:2457)
08-12 16:30:54.095 13692 13714 W AdvertisingIdClient: 	at com.google.android.music.utils.async.TraceableRunnable.runLogged(TraceableRunnable.java:21)
08-12 16:30:54.095 13692 13714 W AdvertisingIdClient: 	at com.google.android.music.utils.async.LoggedRunnable.run(LoggedRunnable.java:30)
08-12 16:30:54.095 13692 13714 W AdvertisingIdClient: 	at android.os.Handler.handleCallback(Handler.java:789)
08-12 16:30:54.095 13692 13714 W AdvertisingIdClient: 	at android.os.Handler.dispatchMessage(Handler.java:98)
08-12 16:30:54.095 13692 13714 W AdvertisingIdClient: 	at com.google.android.music.utils.LoggableHandler.dispatchMessage(LoggableHandler.java:74)
08-12 16:30:54.095 13692 13714 W AdvertisingIdClient: 	at android.os.Looper.loop(Looper.java:164)
08-12 16:30:54.095 13692 13714 W AdvertisingIdClient: 	at android.os.HandlerThread.run(HandlerThread.java:65)
08-12 16:30:54.156 13681 13744 E [WeatherWidget(157517@7)] : {[BFF8C07F5E98849D0F8286A9BD433BEC5F7E7B0E4EFA4F7B66F69E42C25B27FC403C5BE252CCE6B004E73B08611868A674F6113CFEEE2A8E08C231EA7F01E4F4728846292B02E6B6D1E4E56BF74F5BC6]}
08-12 16:30:54.182 13681 13681 W [WeatherWidget(157517@7)] : {[D649FEFC84D9836056986248672CF7AF5F88A786E255C2299291923CD543EAE98C499CE73B3080746D1828C63E0742C29FB2B5494FDA3F4D8B3C440AC917252A704C09DBE3F5C31DE0E734603991AE19]}
08-12 16:30:54.276  3186  3641 E audio_hw_primary: adev_close_input_stream, set jack_in to null
08-12 16:30:54.278  4073  4073 W SemDesktopModeManager: Desktop Mode feature not available or SemDesktopModeManager not instantiated. Please check Configuration.semDesktopModeEnabled instead.
08-12 16:30:54.291 13681 13681 E [WeatherWidget(157517@7)] : {[30B055765757A91C118A3DE711976767E72D3DD06BA5E0415446BD4617FE79CB732D0FDB7199E5E9A7570116D3070AC3399D75DBD61280FADB921FA4A093AF8F]}
08-12 16:30:54.342 13681 13681 E [WeatherWidget(157517@7)] : {[30B055765757A91C118A3DE711976767E72D3DD06BA5E0415446BD4617FE79CB732D0FDB7199E5E9A7570116D3070AC3399D75DBD61280FADB921FA4A093AF8F]}
08-12 16:30:54.349 27547 27547 W SearchServiceCore: Abort, client detached.
08-12 16:30:54.421  3669  4370 W InputMethodManagerService: Focus gain on non-focused client com.android.internal.view.IInputMethodClient$Stub$Proxy@31ea45a (uid=10168 pid=11513)
08-12 16:30:54.421  3669  4370 W InputMethodManagerService: calledFromValidUser : true, (mCurFocusedWindow == windowToken) : false, (attribute != null) : true
08-12 16:30:54.421  3669  4370 W InputMethodManagerService: (mCurClient != cs) : true, mCurFocusedWindow : android.os.BinderProxy@cef084c, windowToken : android.os.BinderProxy@ca963e4
08-12 16:30:54.482 11513 11513 E NFC     : isAndroidBeamAllowed - Begin
08-12 16:30:54.584  3194  3279 E Sensors : Sensor : Meta event
08-12 16:30:54.632  5338  5482 E ContactsProvider_EventLog: Flush buffer to file cnt : 1 size : 0Kb duration : 2ms lastUpdatedAfter : 34788 ms mFlush_time_threasold : 2000 mCurrentSize : 204
08-12 16:30:54.681 11513 11513 E RecyclerView: No adapter attached; skipping layout
08-12 16:30:54.811  3308  3308 E SEC_DRM_PLUGIN_Omafl: OmaPlugin::onOpenDecryptSession(fd)::Drm2IsDrmFileByExtFd::file is NOT DRM by extension
08-12 16:30:54.835 11513 11513 W View    : requestLayout() improperly called by com.whatsapp.ContactStatusThumbnail{2f0f6ee V.ED..... ......ID 56,32-296,272 #7f090175 app:id/contact_photo} during layout: running second layout pass
08-12 16:30:54.867  3308  3308 E SEC_DRM_PLUGIN_Omafl: OmaPlugin::onOpenDecryptSession(fd)::Drm2IsDrmFileByExtFd::file is NOT DRM by extension
08-12 16:30:58.652  5338  5482 E ContactsProvider_EventLog: Flush buffer to file cnt : 1 size : 1Kb duration : 1ms lastUpdatedAfter : 4020 ms mFlush_time_threasold : 2000 mCurrentSize : 578
08-12 16:30:58.797 13824 13824 E Zygote  : isWhitelistProcess - Process is Whitelisted
08-12 16:30:58.804 13824 13824 W SELinux : SELinux selinux_android_compute_policy_index : Policy Index[2],  Con:u:r:zygote:s0 RAM:SEPF_SM-G935F_8.0.0_0011, [-1 -1 -1 -1 0 1]
08-12 16:30:59.115 13839 13839 E Zygote  : isWhitelistProcess - Process is Whitelisted
08-12 16:30:59.119 13839 13839 W SELinux : SELinux selinux_android_compute_policy_index : Policy Index[2],  Con:u:r:zygote:s0 RAM:SEPF_SM-G935F_8.0.0_0011, [-1 -1 -1 -1 0 1]
08-12 16:30:59.508 11513 11513 W View    : dispatchProvideAutofillStructure(): not laid out, ignoring
08-12 16:30:59.509 11513 11513 W View    : dispatchProvideAutofillStructure(): not laid out, ignoring
08-12 16:30:59.524 13872 13872 E Zygote  : isWhitelistProcess - Process is Whitelisted
08-12 16:30:59.525  3669  3825 W Binder  : Outgoing transactions from this process must be FLAG_ONEWAY
08-12 16:30:59.525  3669  3825 W Binder  : java.lang.Throwable
08-12 16:30:59.525  3669  3825 W Binder  : 	at android.os.BinderProxy.transact(Binder.java:744)
08-12 16:30:59.525  3669  3825 W Binder  : 	at android.app.assist.AssistStructure$ParcelTransferReader.fetchData(AssistStructure.java:407)
08-12 16:30:59.525  3669  3825 W Binder  : 	at android.app.assist.AssistStructure$ParcelTransferReader.go(AssistStructure.java:343)
08-12 16:30:59.525  3669  3825 W Binder  : 	at android.app.assist.AssistStructure.ensureData(AssistStructure.java:2110)
08-12 16:30:59.525  3669  3825 W Binder  : 	at com.android.server.autofill.Session$1.send(Session.java:200)
08-12 16:30:59.525  3669  3825 W Binder  : 	at com.android.server.am.ActivityManagerService.reportAssistContextExtras(ActivityManagerService.java:16704)
08-12 16:30:59.525  3669  3825 W Binder  : 	at android.app.IActivityManager$Stub.onTransact(IActivityManager.java:2559)
08-12 16:30:59.525  3669  3825 W Binder  : 	at com.android.server.am.ActivityManagerService.onTransact(ActivityManagerService.java:3862)
08-12 16:30:59.525  3669  3825 W Binder  : 	at android.os.Binder.execTransact(Binder.java:682)
08-12 16:30:59.527 13872 13872 W SELinux : SELinux selinux_android_compute_policy_index : Policy Index[2],  Con:u:r:zygote:s0 RAM:SEPF_SM-G935F_8.0.0_0011, [-1 -1 -1 -1 0 1]
08-12 16:30:59.545 13884 13884 E Zygote  : isWhitelistProcess - Process is Whitelisted
08-12 16:30:59.551 13884 13884 W SELinux : SELinux selinux_android_compute_policy_index : Policy Index[2],  Con:u:r:zygote:s0 RAM:SEPF_SM-G935F_8.0.0_0011, [-1 -1 -1 -1 0 1]
08-12 16:30:59.628 13884 13884 E [SPAF]AutofillService: No valid parsed autofill fields
08-12 16:31:03.700 12301 12322 W FlurryAgent: Flurry session ended
08-12 16:31:03.921 12301 13927 W FlurryAgent: Analytics report sent.
08-12 16:31:06.450  3669  3687 E memtrack: Couldn't load memtrack module
08-12 16:31:06.451  3669  3687 W android.os.Debug: failed to get memory consumption info: -1
08-12 16:31:06.459  3669  3669 W MotionRecognitionService: SAR_GRIP 
08-12 16:31:06.468  4384  4645 E ImsAdaptorImpl: setSSACInfo : ImsAdaptorImpl.
08-12 16:31:06.497  3669  3669 W MotionRecognitionService: SAR_PROX
08-12 16:31:06.514  3669  3669 E MotionRecognitionService: GripVal = [1]
08-12 16:31:06.514  3669  3786 E MotionRecognitionService: handleMessage: event 200 value : 1
08-12 16:31:06.550  4073  4073 E GlobalActionsDialog: onServiceStateChanged inAirplaneMode=false inAirplaneModeOn=false
08-12 16:31:06.550  4073  4073 W GlobalActionsDialog: onServiceStateChanged inAirplaneMode=false mAirplaneState=Off
08-12 16:31:06.550  3669  3786 E MotionRecognitionService: handleMessage: event 200 value : 2
08-12 16:31:06.589  4073  4073 E GlobalActionsDialog: onServiceStateChanged inAirplaneMode=false inAirplaneModeOn=false
08-12 16:31:06.589  4073  4073 W GlobalActionsDialog: onServiceStateChanged inAirplaneMode=false mAirplaneState=Off
08-12 16:31:07.943  4057  4057 W Settings: Setting device_provisioned has moved from android.provider.Settings.Secure to android.provider.Settings.Global.
08-12 16:31:07.990  4057  4057 W SKBD    : ath undefined Enter action code : 1073741828
08-12 16:31:07.994  4057  4057 E SKBD    : ajm localeIndex is  -1
08-12 16:31:08.144  4057  4057 W SemDesktopModeManager: Desktop Mode feature not available or SemDesktopModeManager not instantiated. Please check Configuration.semDesktopModeEnabled instead.
08-12 16:31:08.228  4057  4057 W SemDesktopModeManager: Desktop Mode feature not available or SemDesktopModeManager not instantiated. Please check Configuration.semDesktopModeEnabled instead.
08-12 16:31:08.235  4057  4057 W SemDesktopModeManager: Desktop Mode feature not available or SemDesktopModeManager not instantiated. Please check Configuration.semDesktopModeEnabled instead.
08-12 16:31:08.237  4057  4057 W SemDesktopModeManager: Desktop Mode feature not available or SemDesktopModeManager not instantiated. Please check Configuration.semDesktopModeEnabled instead.
08-12 16:31:08.239  4057  4057 W SemDesktopModeManager: Desktop Mode feature not available or SemDesktopModeManager not instantiated. Please check Configuration.semDesktopModeEnabled instead.
08-12 16:31:08.239  4057  4057 W SemDesktopModeManager: Desktop Mode feature not available or SemDesktopModeManager not instantiated. Please check Configuration.semDesktopModeEnabled instead.
08-12 16:31:08.239  4057  4057 W SemDesktopModeManager: Desktop Mode feature not available or SemDesktopModeManager not instantiated. Please check Configuration.semDesktopModeEnabled instead.
08-12 16:31:08.242  4057  4057 W SemDesktopModeManager: Desktop Mode feature not available or SemDesktopModeManager not instantiated. Please check Configuration.semDesktopModeEnabled instead.
08-12 16:31:08.268  4057  4057 W SemDesktopModeManager: Desktop Mode feature not available or SemDesktopModeManager not instantiated. Please check Configuration.semDesktopModeEnabled instead.
08-12 16:31:08.268  4057  4057 W SemDesktopModeManager: Desktop Mode feature not available or SemDesktopModeManager not instantiated. Please check Configuration.semDesktopModeEnabled instead.
08-12 16:31:08.268  4057  4057 W SemDesktopModeManager: Desktop Mode feature not available or SemDesktopModeManager not instantiated. Please check Configuration.semDesktopModeEnabled instead.
08-12 16:31:08.269  4057  4057 W SemDesktopModeManager: Desktop Mode feature not available or SemDesktopModeManager not instantiated. Please check Configuration.semDesktopModeEnabled instead.
08-12 16:31:08.383  4057  4057 E SKBD    : XT9Engine ET9AWFillContextBuffer : 18800
08-12 16:31:09.791  4057  4057 E SKBD    : XT9Engine ET9KDB_ProcessStoredTrace error : 97
08-12 16:31:09.832  4057  4057 E SKBD    : XT9Engine ET9KDB_ProcessStoredTrace error : 97
08-12 16:31:09.870  4057  4057 E SKBD    : XT9Engine ET9KDB_ProcessStoredTrace error : 97
08-12 16:31:09.902  4057  4057 E SKBD    : XT9Engine ET9KDB_ProcessStoredTrace error : 97
08-12 16:31:09.939  4057  4057 E SKBD    : XT9Engine ET9KDB_ProcessStoredTrace error : 97
08-12 16:31:09.981  4057  4057 E SKBD    : XT9Engine ET9KDB_ProcessStoredTrace error : 97
08-12 16:31:10.011  4057  4057 E SKBD    : XT9Engine ET9KDB_ProcessStoredTrace error : 97
08-12 16:31:10.164  4057  4057 E SKBD    : XT9Engine ET9KDB_ProcessStoredTrace error : 97
08-12 16:31:10.214  4057  4057 E SKBD    : XT9Engine ET9KDB_ProcessStoredTrace error : 97
08-12 16:31:10.262  4057  4057 E SKBD    : XT9Engine ET9KDB_ProcessStoredTrace error : 97
08-12 16:31:10.298  4057  4057 E SKBD    : XT9Engine ET9KDB_ProcessStoredTrace error : 97
08-12 16:31:10.432  4057  4057 E SKBD    : AbstractKeyboardView Dismiss keyPreviewView is null
08-12 16:31:11.191  3669  3687 E memtrack: Couldn't load memtrack module
08-12 16:31:11.191  3669  3687 W android.os.Debug: failed to get memory consumption info: -1
08-12 16:31:11.230  4057  4057 W SemDesktopModeManager: Desktop Mode feature not available or SemDesktopModeManager not instantiated. Please check Configuration.semDesktopModeEnabled instead.
08-12 16:31:11.231  4057  4057 W SemDesktopModeManager: Desktop Mode feature not available or SemDesktopModeManager not instantiated. Please check Configuration.semDesktopModeEnabled instead.
08-12 16:31:11.231  4057  4057 W SemDesktopModeManager: Desktop Mode feature not available or SemDesktopModeManager not instantiated. Please check Configuration.semDesktopModeEnabled instead.
08-12 16:31:11.232  4057  4057 W SemDesktopModeManager: Desktop Mode feature not available or SemDesktopModeManager not instantiated. Please check Configuration.semDesktopModeEnabled instead.
08-12 16:31:11.251  3669  3687 E memtrack: Couldn't load memtrack module
08-12 16:31:11.251  3669  3687 W android.os.Debug: failed to get memory consumption info: -1
08-12 16:31:11.282  4057  4057 E SKBD    : AbstractKeyboardView Dismiss keyPreviewView is null
08-12 16:31:11.290  4057  4057 E SKBD    : XT9Engine ET9AWFillContextBuffer : 18800
08-12 16:31:11.294  3669  3687 E memtrack: Couldn't load memtrack module
08-12 16:31:11.294  3669  3687 W android.os.Debug: failed to get memory consumption info: -1
08-12 16:31:11.351  3669  3687 E memtrack: Couldn't load memtrack module
08-12 16:31:11.351  3669  3687 W android.os.Debug: failed to get memory consumption info: -1
08-12 16:31:11.391  3669  3687 E memtrack: Couldn't load memtrack module
08-12 16:31:11.391  3669  3687 W android.os.Debug: failed to get memory consumption info: -1
08-12 16:31:11.425  3669  3687 E memtrack: Couldn't load memtrack module
08-12 16:31:11.425  3669  3687 W android.os.Debug: failed to get memory consumption info: -1
08-12 16:31:11.452  3669  3687 E memtrack: Couldn't load memtrack module
08-12 16:31:11.452  3669  3687 W android.os.Debug: failed to get memory consumption info: -1
08-12 16:31:11.481  3669  3687 E memtrack: Couldn't load memtrack module
08-12 16:31:11.481  3669  3687 W android.os.Debug: failed to get memory consumption info: -1
08-12 16:31:11.503  3669  3687 E memtrack: Couldn't load memtrack module
08-12 16:31:11.503  3669  3687 W android.os.Debug: failed to get memory consumption info: -1
08-12 16:31:11.524  3669  3687 E memtrack: Couldn't load memtrack module
08-12 16:31:11.524  3669  3687 W android.os.Debug: failed to get memory consumption info: -1
08-12 16:31:11.547  3669  3687 E memtrack: Couldn't load memtrack module
08-12 16:31:11.547  3669  3687 W android.os.Debug: failed to get memory consumption info: -1
08-12 16:31:11.569  3669  3687 E memtrack: Couldn't load memtrack module
08-12 16:31:11.569  3669  3687 W android.os.Debug: failed to get memory consumption info: -1
08-12 16:31:11.597  3669  3687 E memtrack: Couldn't load memtrack module
08-12 16:31:11.597  3669  3687 W android.os.Debug: failed to get memory consumption info: -1
08-12 16:31:11.622  3669  3687 E memtrack: Couldn't load memtrack module
08-12 16:31:11.622  3669  3687 W android.os.Debug: failed to get memory consumption info: -1
08-12 16:31:12.204  4057  4057 E SKBD    : XT9Engine ET9KDB_ProcessStoredTrace error : 97
08-12 16:31:12.268  4057  4057 E SKBD    : XT9Engine ET9KDB_ProcessStoredTrace error : 97
08-12 16:31:12.320  4057  4057 E SKBD    : XT9Engine ET9KDB_ProcessStoredTrace error : 97
08-12 16:31:12.357  4057  4057 E SKBD    : XT9Engine ET9KDB_ProcessStoredTrace error : 97
08-12 16:31:12.398  4057  4057 E SKBD    : XT9Engine ET9KDB_ProcessStoredTrace error : 97
08-12 16:31:12.431  4057  4057 E SKBD    : XT9Engine ET9KDB_ProcessStoredTrace error : 97
08-12 16:31:12.547  4057  4057 E SKBD    : XT9Engine ET9KDB_ProcessStoredTrace error : 97
08-12 16:31:12.587  4057  4057 E SKBD    : XT9Engine ET9KDB_ProcessStoredTrace error : 97
08-12 16:31:12.629  4057  4057 E SKBD    : XT9Engine ET9KDB_ProcessStoredTrace error : 97
08-12 16:31:12.669  4057  4057 E SKBD    : XT9Engine ET9KDB_ProcessStoredTrace error : 97
08-12 16:31:12.709  4057  4057 E SKBD    : XT9Engine ET9KDB_ProcessStoredTrace error : 97
08-12 16:31:12.744  4057  4057 E SKBD    : XT9Engine ET9KDB_ProcessStoredTrace error : 97
08-12 16:31:12.859  4057  4057 E SKBD    : AbstractKeyboardView Dismiss keyPreviewView is null
08-12 16:31:13.340  3669  3687 E memtrack: Couldn't load memtrack module
08-12 16:31:13.340  3669  3687 W android.os.Debug: failed to get memory consumption info: -1
08-12 16:31:13.728  4057  4057 W SemDesktopModeManager: Desktop Mode feature not available or SemDesktopModeManager not instantiated. Please check Configuration.semDesktopModeEnabled instead.
08-12 16:31:13.729  4057  4057 W SemDesktopModeManager: Desktop Mode feature not available or SemDesktopModeManager not instantiated. Please check Configuration.semDesktopModeEnabled instead.
08-12 16:31:13.729  4057  4057 W SemDesktopModeManager: Desktop Mode feature not available or SemDesktopModeManager not instantiated. Please check Configuration.semDesktopModeEnabled instead.
08-12 16:31:13.730  4057  4057 W SemDesktopModeManager: Desktop Mode feature not available or SemDesktopModeManager not instantiated. Please check Configuration.semDesktopModeEnabled instead.
08-12 16:31:13.777  4057  4057 E SKBD    : AbstractKeyboardView Dismiss keyPreviewView is null
08-12 16:31:13.805  4057  4057 E SKBD    : XT9Engine ET9AWFillContextBuffer : 18800
08-12 16:31:15.182  4057  4057 E SKBD    : XT9Engine ET9KDB_ProcessStoredTrace error : 97
08-12 16:31:15.234  4057  4057 E SKBD    : XT9Engine ET9KDB_ProcessStoredTrace error : 97
08-12 16:31:15.310  4057  4057 E SKBD    : XT9Engine ET9KDB_ProcessStoredTrace error : 97
08-12 16:31:15.393  4057  4057 E SKBD    : XT9Engine ET9KDB_ProcessStoredTrace error : 97
08-12 16:31:15.444  4057  4057 E SKBD    : XT9Engine ET9KDB_ProcessStoredTrace error : 97
08-12 16:31:15.592  4057  4057 E SKBD    : XT9Engine ET9KDB_ProcessStoredTrace error : 97
08-12 16:31:15.651  4057  4057 E SKBD    : XT9Engine ET9KDB_ProcessStoredTrace error : 97
08-12 16:31:15.696  4057  4057 E SKBD    : XT9Engine ET9KDB_ProcessStoredTrace error : 97
08-12 16:31:15.741  4057  4057 E SKBD    : XT9Engine ET9KDB_ProcessStoredTrace error : 97
08-12 16:31:15.781  4057  4057 E SKBD    : XT9Engine ET9KDB_ProcessStoredTrace error : 97
08-12 16:31:15.812  4057  4057 E SKBD    : XT9Engine ET9KDB_ProcessStoredTrace error : 97
08-12 16:31:15.950  4057  4057 E SKBD    : AbstractKeyboardView Dismiss keyPreviewView is null
08-12 16:31:16.507  5338  5482 E ContactsProvider_EventLog: Flush buffer to file cnt : 1 size : 0Kb duration : 4ms lastUpdatedAfter : 17854 ms mFlush_time_threasold : 2000 mCurrentSize : 196
08-12 16:31:16.525  4057  4057 W Settings: Setting device_provisioned has moved from android.provider.Settings.Secure to android.provider.Settings.Global.
08-12 16:31:16.529  4057  4057 W SKBD    : ath undefined Enter action code : 1073741828
08-12 16:31:16.544  4057  4057 W SemDesktopModeManager: Desktop Mode feature not available or SemDesktopModeManager not instantiated. Please check Configuration.semDesktopModeEnabled instead.
08-12 16:31:16.550  4057  4057 E SKBD    : bmv get previous
08-12 16:31:16.628  4057  4057 W SemDesktopModeManager: Desktop Mode feature not available or SemDesktopModeManager not instantiated. Please check Configuration.semDesktopModeEnabled instead.
08-12 16:31:16.644  3669  3687 E memtrack: Couldn't load memtrack module
08-12 16:31:16.644  3669  3687 W android.os.Debug: failed to get memory consumption info: -1
08-12 16:31:16.758  4057  4057 W SemDesktopModeManager: Desktop Mode feature not available or SemDesktopModeManager not instantiated. Please check Configuration.semDesktopModeEnabled instead.
08-12 16:31:16.759  4057  4057 W SemDesktopModeManager: Desktop Mode feature not available or SemDesktopModeManager not instantiated. Please check Configuration.semDesktopModeEnabled instead.
08-12 16:31:16.759  4057  4057 W SemDesktopModeManager: Desktop Mode feature not available or SemDesktopModeManager not instantiated. Please check Configuration.semDesktopModeEnabled instead.
08-12 16:31:16.761  4057  4057 W SemDesktopModeManager: Desktop Mode feature not available or SemDesktopModeManager not instantiated. Please check Configuration.semDesktopModeEnabled instead.
08-12 16:31:17.139  4057  4057 E SKBD    : ayn getInstance start
08-12 16:31:17.139  4057  4057 E SKBD    : ayn sendSIPInformation state: 6   isAbstractKeyboardView :  true
08-12 16:31:17.140  4057 14001 E SKBD    : ayn sending null keyboardInfo as SIP is closed
08-12 16:31:17.290 11513 13788 W MediaPlayer: Use of stream types is deprecated for operations other than volume control
08-12 16:31:17.290 11513 13788 W MediaPlayer: See the documentation of setAudioStreamType() for what to use instead with android.media.AudioAttributes to qualify your playback use case
08-12 16:31:17.322  3308 22361 E SEC_DRM_PLUGIN_Omafl: OmaPlugin::onOpenDecryptSession(fd)::Drm2IsDrmFileByExtFd::file is NOT DRM by extension
08-12 16:31:17.355 11513 11524 W MediaPlayerNative: info/warning (10973, 0)
08-12 16:31:17.424  3331  3485 E OMXNodeInstance: getConfig(0xe74ba120:SEC.aac.dec, ConfigAndroidVendorExtension(0x6f100004)) ERROR: UnsupportedIndex(0x8000101a)
08-12 16:31:17.432  3185  3185 W /system/bin/hw/android.hidl.allocator@1.0-service: ashmem_create_region(1572864) returning hidl_memory(0x7f8462c520, 1572864)
08-12 16:31:17.434  3185  3185 W /system/bin/hw/android.hidl.allocator@1.0-service: ashmem_create_region(1572864) returning hidl_memory(0x7f8462c520, 1572864)
08-12 16:31:17.436  3185  3185 W /system/bin/hw/android.hidl.allocator@1.0-service: ashmem_create_region(24576) returning hidl_memory(0x7f8462c520, 24576)
08-12 16:31:17.438  3185  3185 W /system/bin/hw/android.hidl.allocator@1.0-service: ashmem_create_region(24576) returning hidl_memory(0x7f8462c520, 24576)
08-12 16:31:17.453  3306  3480 W AudioPolicyIntefaceImpl: Skipped to add effects on session 641
08-12 16:31:17.567 14017 14017 E Zygote  : isWhitelistProcess - Process is Whitelisted
08-12 16:31:17.572 14017 14017 W SELinux : SELinux selinux_android_compute_policy_index : Policy Index[2],  Con:u:r:zygote:s0 RAM:SEPF_SM-G935F_8.0.0_0011, [-1 -1 -1 -1 0 1]
08-12 16:31:18.034 14017 14017 E SEMS:MobileService: [BLog][2][BuddyPrecondition] fail CONDITION_SEMS_ACTIVATE
08-12 16:31:18.503 11513 11513 W View    : dispatchProvideAutofillStructure(): not laid out, ignoring
08-12 16:31:18.506 11513 11513 W View    : dispatchProvideAutofillStructure(): not laid out, ignoring
08-12 16:31:18.507  3669  4370 W Binder  : Outgoing transactions from this process must be FLAG_ONEWAY
08-12 16:31:18.507  3669  4370 W Binder  : java.lang.Throwable
08-12 16:31:18.507  3669  4370 W Binder  : 	at android.os.BinderProxy.transact(Binder.java:744)
08-12 16:31:18.507  3669  4370 W Binder  : 	at android.app.assist.AssistStructure$ParcelTransferReader.fetchData(AssistStructure.java:407)
08-12 16:31:18.507  3669  4370 W Binder  : 	at android.app.assist.AssistStructure$ParcelTransferReader.go(AssistStructure.java:343)
08-12 16:31:18.507  3669  4370 W Binder  : 	at android.app.assist.AssistStructure.ensureData(AssistStructure.java:2110)
08-12 16:31:18.507  3669  4370 W Binder  : 	at com.android.server.autofill.Session$1.send(Session.java:200)
08-12 16:31:18.507  3669  4370 W Binder  : 	at com.android.server.am.ActivityManagerService.reportAssistContextExtras(ActivityManagerService.java:16704)
08-12 16:31:18.507  3669  4370 W Binder  : 	at android.app.IActivityManager$Stub.onTransact(IActivityManager.java:2559)
08-12 16:31:18.507  3669  4370 W Binder  : 	at com.android.server.am.ActivityManagerService.onTransact(ActivityManagerService.java:3862)
08-12 16:31:18.507  3669  4370 W Binder  : 	at android.os.Binder.execTransact(Binder.java:682)
08-12 16:31:18.518 13884 13884 E [SPAF]AutofillService: No valid parsed autofill fields
08-12 16:31:18.586  3669  3687 E memtrack: Couldn't load memtrack module
08-12 16:31:18.586  3669  3687 W android.os.Debug: failed to get memory consumption info: -1
08-12 16:31:19.361  3669  3669 W MotionRecognitionService: SAR_GRIP 
08-12 16:31:19.371  3669  3669 W MotionRecognitionService: SAR_PROX
08-12 16:31:19.371  3669  3786 E MotionRecognitionService: handleMessage: event 200 value : 1
08-12 16:31:19.382  3669  3786 E MotionRecognitionService: handleMessage: event 200 value : 2
08-12 16:31:19.403  4384  4645 E ImsAdaptorImpl: setSSACInfo : ImsAdaptorImpl.
08-12 16:31:19.477  4073  4073 E GlobalActionsDialog: onServiceStateChanged inAirplaneMode=false inAirplaneModeOn=false
08-12 16:31:19.478  4073  4073 W GlobalActionsDialog: onServiceStateChanged inAirplaneMode=false mAirplaneState=Off
08-12 16:31:19.520  4073  4073 E GlobalActionsDialog: onServiceStateChanged inAirplaneMode=false inAirplaneModeOn=false
08-12 16:31:19.520  4073  4073 W GlobalActionsDialog: onServiceStateChanged inAirplaneMode=false mAirplaneState=Off
08-12 16:31:19.918  5338  5482 E ContactsProvider_EventLog: Flush buffer to file cnt : 1 size : 3Kb duration : 2ms lastUpdatedAfter : 3411 ms mFlush_time_threasold : 2000 mCurrentSize : 1644
08-12 16:31:20.089  3669  8252 E NotificationService: notification pkg : com.devuni.flashlight has too high data size(369288) above 100000
08-12 16:31:22.455  3306 14012 W libutils.threads: Thread (this=0xef734730): don't call waitForExit() from this Thread object's thread. It's a guaranteed deadlock!
08-12 16:31:23.528  4057  4057 W Settings: Setting device_provisioned has moved from android.provider.Settings.Secure to android.provider.Settings.Global.
08-12 16:31:23.538  4057  4057 W SKBD    : ath undefined Enter action code : 1073741828
08-12 16:31:23.539  4057  4057 E SKBD    : ajm localeIndex is  -1
08-12 16:31:23.572  4057  4057 W SemDesktopModeManager: Desktop Mode feature not available or SemDesktopModeManager not instantiated. Please check Configuration.semDesktopModeEnabled instead.
08-12 16:31:23.591  4057  4057 W SemDesktopModeManager: Desktop Mode feature not available or SemDesktopModeManager not instantiated. Please check Configuration.semDesktopModeEnabled instead.
08-12 16:31:23.592  4057  4057 W SemDesktopModeManager: Desktop Mode feature not available or SemDesktopModeManager not instantiated. Please check Configuration.semDesktopModeEnabled instead.
08-12 16:31:23.592  4057  4057 W SemDesktopModeManager: Desktop Mode feature not available or SemDesktopModeManager not instantiated. Please check Configuration.semDesktopModeEnabled instead.
08-12 16:31:23.592  4057  4057 W SemDesktopModeManager: Desktop Mode feature not available or SemDesktopModeManager not instantiated. Please check Configuration.semDesktopModeEnabled instead.
08-12 16:31:23.593  4057  4057 W SemDesktopModeManager: Desktop Mode feature not available or SemDesktopModeManager not instantiated. Please check Configuration.semDesktopModeEnabled instead.
08-12 16:31:23.611  4057  4057 W SemDesktopModeManager: Desktop Mode feature not available or SemDesktopModeManager not instantiated. Please check Configuration.semDesktopModeEnabled instead.
08-12 16:31:23.612  4057  4057 W SemDesktopModeManager: Desktop Mode feature not available or SemDesktopModeManager not instantiated. Please check Configuration.semDesktopModeEnabled instead.
08-12 16:31:23.612  4057  4057 W SemDesktopModeManager: Desktop Mode feature not available or SemDesktopModeManager not instantiated. Please check Configuration.semDesktopModeEnabled instead.
08-12 16:31:23.612  4057  4057 W SemDesktopModeManager: Desktop Mode feature not available or SemDesktopModeManager not instantiated. Please check Configuration.semDesktopModeEnabled instead.
08-12 16:31:24.524  4057  4057 E SKBD    : AbstractKeyboardView Dismiss keyPreviewView is null
08-12 16:31:25.662  3669  3793 E TLC_TIMA_PKM_initialize: tima_pkm : /system/etc/tima/kern_sec_info1
08-12 16:31:25.674  3669  3793 E TLC_TIMA_PKM_initialize: tima_pkm : /system/etc/tima/kern_sec_info2
08-12 16:31:25.682  3669  3793 E TLC_TIMA_PKM_initialize: tima_pkm : /system/etc/tima/kern_sec_info3
08-12 16:31:25.691  3669  3793 E TLC_TIMA_PKM_initialize: tima_pkm : /system/etc/tima/kern_sec_info4
08-12 16:31:25.700  3669  3793 E TLC_TIMA_PKM_initialize: tima_pkm : /system/etc/tima/kern_sec_info5
08-12 16:31:25.728  3669  3793 E TLC_TIMA_PKM_initialize: tima_pkm : /system/etc/tima/kern_sec_info6
08-12 16:31:25.735  3669  3793 E TLC_TIMA_PKM_initialize: tima_pkm : /system/etc/tima/kern_sec_info7
08-12 16:31:25.741  3669  3793 E TLC_TIMA_PKM_initialize: tima_pkm : /system/etc/tima/kern_sec_info8
08-12 16:31:25.818  3669  3687 E memtrack: Couldn't load memtrack module
08-12 16:31:25.818  3669  3687 W android.os.Debug: failed to get memory consumption info: -1
08-12 16:31:25.846  4057  4057 E SKBD    : AbstractKeyboardView Dismiss keyPreviewView is null
08-12 16:31:25.906  3669  3687 E memtrack: Couldn't load memtrack module
08-12 16:31:25.906  3669  3687 W android.os.Debug: failed to get memory consumption info: -1
08-12 16:31:25.957  3669  3687 E memtrack: Couldn't load memtrack module
08-12 16:31:25.957  3669  3687 W android.os.Debug: failed to get memory consumption info: -1
08-12 16:31:26.005  3669  3687 E memtrack: Couldn't load memtrack module
08-12 16:31:26.005  3669  3687 W android.os.Debug: failed to get memory consumption info: -1
08-12 16:31:26.076  3669  3687 E memtrack: Couldn't load memtrack module
08-12 16:31:26.077  3669  3687 W android.os.Debug: failed to get memory consumption info: -1
08-12 16:31:26.118  3669  3687 E memtrack: Couldn't load memtrack module
08-12 16:31:26.118  3669  3687 W android.os.Debug: failed to get memory consumption info: -1
08-12 16:31:26.151  3669  3687 E memtrack: Couldn't load memtrack module
08-12 16:31:26.151  3669  3687 W android.os.Debug: failed to get memory consumption info: -1
08-12 16:31:26.174  3669  3687 E memtrack: Couldn't load memtrack module
08-12 16:31:26.174  3669  3687 W android.os.Debug: failed to get memory consumption info: -1
08-12 16:31:26.198  3669  3687 E memtrack: Couldn't load memtrack module
08-12 16:31:26.198  3669  3687 W android.os.Debug: failed to get memory consumption info: -1
08-12 16:31:26.226  3669  3687 E memtrack: Couldn't load memtrack module
08-12 16:31:26.226  3669  3687 W android.os.Debug: failed to get memory consumption info: -1
08-12 16:31:26.251  3669  3687 E memtrack: Couldn't load memtrack module
08-12 16:31:26.251  3669  3687 W android.os.Debug: failed to get memory consumption info: -1
08-12 16:31:26.278  3669  3687 E memtrack: Couldn't load memtrack module
08-12 16:31:26.278  3669  3687 W android.os.Debug: failed to get memory consumption info: -1
08-12 16:31:26.308  3669  3687 E memtrack: Couldn't load memtrack module
08-12 16:31:26.308  3669  3687 W android.os.Debug: failed to get memory consumption info: -1
08-12 16:31:26.331  3669  3687 E memtrack: Couldn't load memtrack module
08-12 16:31:26.331  3669  3687 W android.os.Debug: failed to get memory consumption info: -1
08-12 16:31:26.555  4057  4057 E SKBD    : XT9Engine ET9KDB_ProcessStoredTrace error : 97
08-12 16:31:26.586  4057  4057 E SKBD    : XT9Engine ET9KDB_ProcessStoredTrace error : 97
08-12 16:31:26.602  4057  4057 E SKBD    : XT9Engine ET9KDB_ProcessStoredTrace error : 97
08-12 16:31:26.618  4057  4057 E SKBD    : XT9Engine ET9KDB_ProcessStoredTrace error : 97
08-12 16:31:26.634  4057  4057 E SKBD    : XT9Engine ET9KDB_ProcessStoredTrace error : 97
08-12 16:31:26.651  4057  4057 E SKBD    : XT9Engine ET9KDB_ProcessStoredTrace error : 97
08-12 16:31:26.670  4057  4057 E SKBD    : XT9Engine ET9KDB_ProcessStoredTrace error : 97
08-12 16:31:26.688  4057  4057 E SKBD    : XT9Engine ET9KDB_ProcessStoredTrace error : 97
08-12 16:31:26.712  4057  4057 E SKBD    : XT9Engine ET9KDB_ProcessStoredTrace error : 97
08-12 16:31:26.730  4057  4057 E SKBD    : XT9Engine ET9KDB_ProcessStoredTrace error : 97
08-12 16:31:26.754  4057  4057 E SKBD    : XT9Engine ET9KDB_ProcessStoredTrace error : 97
08-12 16:31:26.764  4057  4057 E SKBD    : XT9Engine ET9KDB_ProcessStoredTrace error : 97
08-12 16:31:26.781  4057  4057 E SKBD    : XT9Engine ET9KDB_ProcessStoredTrace error : 97
08-12 16:31:26.798  4057  4057 E SKBD    : XT9Engine ET9KDB_ProcessStoredTrace error : 97
08-12 16:31:26.813  4057  4057 E SKBD    : XT9Engine ET9KDB_ProcessStoredTrace error : 97
08-12 16:31:26.829  4057  4057 E SKBD    : XT9Engine ET9KDB_ProcessStoredTrace error : 97
08-12 16:31:26.846  4057  4057 E SKBD    : XT9Engine ET9KDB_ProcessStoredTrace error : 97
08-12 16:31:26.911  4057  4057 E SKBD    : XT9Engine ET9KDB_ProcessStoredTrace error : 97
08-12 16:31:26.929  4057  4057 E SKBD    : XT9Engine ET9KDB_ProcessStoredTrace error : 97
08-12 16:31:26.946  4057  4057 E SKBD    : XT9Engine ET9KDB_ProcessStoredTrace error : 97
08-12 16:31:26.963  4057  4057 E SKBD    : XT9Engine ET9KDB_ProcessStoredTrace error : 97
08-12 16:31:26.983  4057  4057 E SKBD    : XT9Engine ET9KDB_ProcessStoredTrace error : 97
08-12 16:31:26.999  4057  4057 E SKBD    : XT9Engine ET9KDB_ProcessStoredTrace error : 97
08-12 16:31:27.012  4057  4057 E SKBD    : XT9Engine ET9KDB_ProcessStoredTrace error : 97
08-12 16:31:27.028  4057  4057 E SKBD    : XT9Engine ET9KDB_ProcessStoredTrace error : 97
08-12 16:31:27.045  4057  4057 E SKBD    : XT9Engine ET9KDB_ProcessStoredTrace error : 97
08-12 16:31:27.065  4057  4057 E SKBD    : XT9Engine ET9KDB_ProcessStoredTrace error : 97
08-12 16:31:27.078  4057  4057 E SKBD    : XT9Engine ET9KDB_ProcessStoredTrace error : 97
08-12 16:31:27.094  4057  4057 E SKBD    : XT9Engine ET9KDB_ProcessStoredTrace error : 97
08-12 16:31:27.109  4057  4057 E SKBD    : XT9Engine ET9KDB_ProcessStoredTrace error : 97
08-12 16:31:27.127  4057  4057 E SKBD    : XT9Engine ET9KDB_ProcessStoredTrace error : 97
08-12 16:31:27.143  4057  4057 E SKBD    : XT9Engine ET9KDB_ProcessStoredTrace error : 97
08-12 16:31:27.160  4057  4057 E SKBD    : XT9Engine ET9KDB_ProcessStoredTrace error : 97
08-12 16:31:27.175  4057  4057 E SKBD    : XT9Engine ET9KDB_ProcessStoredTrace error : 97
08-12 16:31:27.194  4057  4057 E SKBD    : XT9Engine ET9KDB_ProcessStoredTrace error : 97
08-12 16:31:27.209  4057  4057 E SKBD    : XT9Engine ET9KDB_ProcessStoredTrace error : 97
08-12 16:31:27.262  4057  4057 E SKBD    : XT9Engine ET9KDB_ProcessStoredTrace error : 97
08-12 16:31:27.283  4057  4057 E SKBD    : XT9Engine ET9KDB_ProcessStoredTrace error : 97
08-12 16:31:27.372  4057  4057 E SKBD    : AbstractKeyboardView Dismiss keyPreviewView is null
08-12 16:31:28.357  5338  5482 E ContactsProvider_EventLog: Flush buffer to file cnt : 1 size : 0Kb duration : 1ms lastUpdatedAfter : 8439 ms mFlush_time_threasold : 2000 mCurrentSize : 195
08-12 16:31:28.388  4057  4057 W Settings: Setting device_provisioned has moved from android.provider.Settings.Secure to android.provider.Settings.Global.
08-12 16:31:28.396  4057  4057 W SKBD    : ath undefined Enter action code : 1073741828
08-12 16:31:28.407  4057  4057 W SemDesktopModeManager: Desktop Mode feature not available or SemDesktopModeManager not instantiated. Please check Configuration.semDesktopModeEnabled instead.
08-12 16:31:28.411  4057  4057 E SKBD    : bmv get previous
08-12 16:31:28.472  4057  4057 W SemDesktopModeManager: Desktop Mode feature not available or SemDesktopModeManager not instantiated. Please check Configuration.semDesktopModeEnabled instead.
08-12 16:31:28.638  4057  4057 W SemDesktopModeManager: Desktop Mode feature not available or SemDesktopModeManager not instantiated. Please check Configuration.semDesktopModeEnabled instead.
08-12 16:31:28.639  4057  4057 W SemDesktopModeManager: Desktop Mode feature not available or SemDesktopModeManager not instantiated. Please check Configuration.semDesktopModeEnabled instead.
08-12 16:31:28.639  4057  4057 W SemDesktopModeManager: Desktop Mode feature not available or SemDesktopModeManager not instantiated. Please check Configuration.semDesktopModeEnabled instead.
08-12 16:31:28.640  4057  4057 W SemDesktopModeManager: Desktop Mode feature not available or SemDesktopModeManager not instantiated. Please check Configuration.semDesktopModeEnabled instead.
08-12 16:31:28.763 11513 13788 W MediaPlayer: Use of stream types is deprecated for operations other than volume control
08-12 16:31:28.763 11513 13788 W MediaPlayer: See the documentation of setAudioStreamType() for what to use instead with android.media.AudioAttributes to qualify your playback use case
08-12 16:31:28.791  3308 22361 E SEC_DRM_PLUGIN_Omafl: OmaPlugin::onOpenDecryptSession(fd)::Drm2IsDrmFileByExtFd::file is NOT DRM by extension
08-12 16:31:28.813 11513 13918 W MediaPlayerNative: info/warning (10973, 0)
08-12 16:31:28.853  3331  3377 E OMXNodeInstance: getConfig(0xe74ba120:SEC.aac.dec, ConfigAndroidVendorExtension(0x6f100004)) ERROR: UnsupportedIndex(0x8000101a)
08-12 16:31:28.858  3185  3185 W /system/bin/hw/android.hidl.allocator@1.0-service: ashmem_create_region(1572864) returning hidl_memory(0x7f8462c520, 1572864)
08-12 16:31:28.864  3185  3185 W /system/bin/hw/android.hidl.allocator@1.0-service: ashmem_create_region(1572864) returning hidl_memory(0x7f8462c520, 1572864)
08-12 16:31:28.868  3185  3185 W /system/bin/hw/android.hidl.allocator@1.0-service: ashmem_create_region(24576) returning hidl_memory(0x7f8462c520, 24576)
08-12 16:31:28.876  3185  3185 W /system/bin/hw/android.hidl.allocator@1.0-service: ashmem_create_region(24576) returning hidl_memory(0x7f8462c520, 24576)
08-12 16:31:28.893  3306  3478 W AudioPolicyIntefaceImpl: Skipped to add effects on session 649
08-12 16:31:29.399  3669  3687 E memtrack: Couldn't load memtrack module
08-12 16:31:29.399  3669  3687 W android.os.Debug: failed to get memory consumption info: -1
08-12 16:31:29.411 14017 14017 E SEMS:Profile: [[TRANSACTION]] no transaction in queue.
08-12 16:31:29.466  3669  3687 E memtrack: Couldn't load memtrack module
08-12 16:31:29.466  3669  3687 W android.os.Debug: failed to get memory consumption info: -1
08-12 16:31:31.930  4057  4057 E SKBD    : ayn getInstance start
08-12 16:31:31.931  4057  4057 E SKBD    : ayn sendSIPInformation state: 6   isAbstractKeyboardView :  true
08-12 16:31:31.933  4057 14113 E SKBD    : ayn sending null keyboardInfo as SIP is closed
08-12 16:31:32.379  5338  5482 E ContactsProvider_EventLog: Flush buffer to file cnt : 1 size : 1Kb duration : 3ms lastUpdatedAfter : 4022 ms mFlush_time_threasold : 2000 mCurrentSize : 637
