08-12 21:24:49.378  5095  5158 V LauncherApps: Returning activity for profile UserHandle{0} : ComponentInfo{com.sololearn.python/com.sololearn.app.MainActivity}
08-12 21:24:49.588  5095  5095 D AppsAdapter: addItemView(id=138, container=-102, screen=2, rank=1, Aprende Python, false)
08-12 21:24:49.661  5095  5095 D Launcher.AppsPagedView: addItem = title : Aprende Python , rank : 1 , screen : 2
08-12 21:24:52.064  3662  4234 D PackageManager: getSelectedMetaData : packageName(com.sololearn.python) or Metadata strings {[Ljava.lang.String;@376a3d6}
08-12 21:24:52.075  5095 13041 D LauncherActivityInfo: packageName: com.sololearn.python, supportTheme: false, height: 234, width: 234, density: 640
08-12 21:24:52.375  5095  5095 I FolderView: bind : items=2 , overflow=0, FolderInfo(title=Python id=84 type=2 container=-100 screen=0 rank=0 cellX=2 cellY=4 dropPos=null)
08-12 21:24:52.959  5095  5158 V LauncherApps: Returning activity for profile UserHandle{0} : ComponentInfo{com.sololearn.python/com.sololearn.app.MainActivity}
08-12 21:24:55.402  3662  4442 D PackageManager: getSelectedMetaData : packageName(com.sololearn.python) or Metadata strings {[Ljava.lang.String;@cc7ee3e}
08-12 21:24:55.407  5095  5158 D LauncherActivityInfo: packageName: com.sololearn.python, supportTheme: false, height: 234, width: 234, density: 640
08-12 21:32:00.814  5095  5158 V LauncherApps: Returning activity for profile UserHandle{0} : ComponentInfo{org.testmyinv.myinv/org.renpy.android.PythonActivity}
08-12 21:32:00.829  3662  4234 D PackageManager: getComponentMetadataForIconTray : org.renpy.android.PythonActivity does not exist in mServices
08-12 21:32:00.829  3662  4234 D PackageManager: getComponentMetadataForIconTray : org.renpy.android.PythonActivity does not exist in mProviders
08-12 21:32:00.829  3662  4234 D PackageManager: getComponentMetadataForIconTray : org.renpy.android.PythonActivity does not exist in mReceivers
08-12 21:32:00.861  5095  5158 V LauncherApps: Returning activity for profile UserHandle{0} : ComponentInfo{org.testmyinv.myinv/org.renpy.android.PythonActivity}
08-12 21:32:00.863  5095  5158 I AppsModel: addOrUpdater cn = ComponentInfo{org.testmyinv.myinv/org.renpy.android.PythonActivity} , UserHandle{0}
08-12 21:32:00.873  5095  5158 I AppsModel: addOrUpdater update item = IconInfo(title=myinv_url intent=Intent { act=android.intent.action.MAIN cat=[android.intent.category.LAUNCHER] flg=0x10200000 cmp=org.testmyinv.myinv/org.renpy.android.PythonActivity (has extras) } id=180 type=0 container=-102 screen=-1 cellX=-1 cellY=-1 spanX=1 spanY=1 rank=-1 hidden=0 dropPos=null user=UserHandle{0})
08-12 21:32:02.491 19398 19398 I SELinux : SELinux: seapp_context_lookup: seinfo=untrusted, level=s0:c512,c768, pkgname=org.testmyinv.myinv:python 
08-12 21:32:02.767 19398 19398 V python  : metadata fullscreen is0
08-12 21:32:02.822 19398 19437 V Python  : Extracting private assets.
08-12 21:32:02.828 19398 19437 I python  : extracting libpymodules.so
08-12 21:32:02.861 19398 19398 D ViewRootImpl@c080c48[PythonActivity]: setView = DecorView@adb5ae1[PythonActivity] TM=true MM=false
08-12 21:32:02.866 19398 19398 D ViewRootImpl@c080c48[PythonActivity]: dispatchAttachedToWindow
08-12 21:32:02.872  3207  3207 I SurfaceFlinger: id=34 createSurf (1440x2560),1 flag=404, org.testmyinv.myinv/org.renpy.android.PythonActivity#0
08-12 21:32:02.884 19398 19398 D ViewRootImpl@c080c48[PythonActivity]: Relayout returned: old=[0,0][0,0] new=[0,0][1440,2560] result=0x7 surface={valid=true 3322949632} changed=true
08-12 21:32:02.902  3207  3207 I SurfaceFlinger: id=35 createSurf (1440x2464),4 flag=404, SurfaceView - org.testmyinv.myinv/org.renpy.android.PythonActivity@e1b6c7@0#0
08-12 21:32:02.903  3207  3207 I SurfaceFlinger: id=36 createSurf (1440x2464),-1 flag=20404, Background for - SurfaceView - org.testmyinv.myinv/org.renpy.android.PythonActivity@e1b6c7@0#0
08-12 21:32:02.906 19398 19398 D SurfaceView: BG show() Surface(name=Background for - SurfaceView - org.testmyinv.myinv/org.renpy.android.PythonActivity@e1b6c7@0) org.renpy.android.SDLSurfaceView{e1b6c7 V.E...... ......ID 0,0-1440,2464}
08-12 21:32:02.920 19398 19438 D libGLESv1: STS_GLApi : DTS, ODTC are not allowed for Package : org.testmyinv.myinv:python
08-12 21:32:02.925 19398 19398 D ViewRootImpl@c080c48[PythonActivity]: MSG_RESIZED_REPORT: frame=Rect(0, 0 - 1440, 2560) ci=Rect(0, 96 - 0, 0) vi=Rect(0, 96 - 0, 0) or=1
08-12 21:32:02.926 19398 19398 D ViewRootImpl@c080c48[PythonActivity]: MSG_WINDOW_FOCUS_CHANGED 1
08-12 21:32:02.963 19398 19398 D ViewRootImpl@c080c48[PythonActivity]: Relayout returned: old=[0,0][1440,2560] new=[0,0][1440,2560] result=0x3 surface={valid=true 3322949632} changed=false
08-12 21:32:02.977 19398 19454 I python  : presplash-fit is null
08-12 21:32:02.978 19398 19454 I python  : presplash (fit=null) mx=1,406250,my=2,406250
08-12 21:32:03.061  3662  3695 I ActivityManager: Displayed org.testmyinv.myinv/org.renpy.android.PythonActivity: +578ms
08-12 21:32:03.069  3207  3207 D SurfaceFlinger:       GLES | 00000000 | 0000 | 0220 | 00 | 0105 | ? ffffffff  |    0.0,    0.0,   -1.0,   -1.0 |    0,   97, 1440, 2560 | Background for - SurfaceView - org.testmyinv.myinv/org.renpy.android.PythonActivity@e1b6c7@0#0
08-12 21:32:03.069  3207  3207 D SurfaceFlinger: 0105 | RGBA_8888   |    0.0,    0.0, 1440.0, 2463.0 |    0,   97, 1440, 2560 | SurfaceView - org.testmyinv.myinv/org.renpy.android.PythonActivity@e1b6c7@0#0
08-12 21:32:03.087  3207  3207 D SurfaceFlinger:        HWC | 7aa082e080 | 0000 | 0020 | 00 | 0100 | RGBA_8888   |    0.0,    0.0, 1440.0, 2464.0 |    0,   96, 1440, 2560 | SurfaceView - org.testmyinv.myinv/org.renpy.android.PythonActivity@e1b6c7@0#0
08-12 21:32:03.118  3207  3207 D SurfaceFlinger:        HWC | 7aa082e080 | 0000 | 0020 | 00 | 0100 | RGBA_8888   |    0.0,    0.0, 1440.0, 2464.0 |    0,   96, 1440, 2560 | SurfaceView - org.testmyinv.myinv/org.renpy.android.PythonActivity@e1b6c7@0#0
08-12 21:32:03.118  3207  3207 D SurfaceFlinger:        HWC | 7aa082df00 | 0000 | 0000 | 00 | 0105 | RGBA_8888   |    0.0,    0.0, 1440.0,   96.0 |    0,    0, 1440,   96 | org.testmyinv.myinv/org.renpy.android.PythonActivity#0
08-12 21:32:03.123 19398 19437 I python  : extracting lib/
08-12 21:32:03.123 19398 19437 I python  : extracting lib/python27.zip
08-12 21:32:03.327 19398 19437 I python  : extracting lib/python2.7/
08-12 21:32:03.328 19398 19437 I python  : extracting lib/python2.7/config/
08-12 21:32:03.328 19398 19437 I python  : extracting lib/python2.7/config/config.c
08-12 21:32:03.333 19398 19437 I python  : extracting lib/python2.7/config/Setup.local
08-12 21:32:03.333 19398 19437 I python  : extracting lib/python2.7/config/Setup.config
08-12 21:32:03.335 19398 19437 I python  : extracting lib/python2.7/config/config.c.in
08-12 21:32:03.338 19398 19437 I python  : extracting lib/python2.7/config/install-sh
08-12 21:32:03.339 19398 19437 I python  : extracting lib/python2.7/config/Makefile
08-12 21:32:03.341 19398 19437 I python  : extracting lib/python2.7/config/Setup
08-12 21:32:03.342 19398 19437 I python  : extracting lib/python2.7/lib-dynload/
08-12 21:32:03.343 19398 19437 I python  : extracting lib/python2.7/lib-dynload/_io.so
08-12 21:32:03.349 19398 19437 I python  : extracting lib/python2.7/lib-dynload/unicodedata.so
08-12 21:32:03.375 19398 19437 I python  : extracting lib/python2.7/lib-dynload/_ctypes.so
08-12 21:32:03.381 19398 19437 I python  : extracting lib/python2.7/lib-dynload/syslog.so
08-12 21:32:03.382 19398 19437 I python  : extracting lib/python2.7/lib-dynload/_hashlib.so
08-12 21:32:03.429 19398 19437 I python  : extracting lib/python2.7/lib-dynload/future_builtins.so
08-12 21:32:03.430 19398 19437 I python  : extracting lib/python2.7/lib-dynload/_ssl.so
08-12 21:32:03.500 19398 19437 I python  : extracting lib/python2.7/site-packages/
08-12 21:32:03.501 19398 19437 I python  : extracting lib/python2.7/site-packages/six.pyo
08-12 21:32:03.502 19398 19437 I python  : extracting lib/python2.7/site-packages/jnius_config.pyo
08-12 21:32:03.503 19398 19437 I python  : extracting lib/python2.7/site-packages/README
08-12 21:32:03.503 19398 19437 I python  : extracting lib/python2.7/site-packages/jnius/
08-12 21:32:03.504 19398 19437 I python  : extracting lib/python2.7/site-packages/jnius/signatures.pyo
08-12 21:32:03.504 19398 19437 I python  : extracting lib/python2.7/site-packages/jnius/jnius.so
08-12 21:32:03.505 19398 19437 I python  : extracting lib/python2.7/site-packages/jnius/__init__.pyo
08-12 21:32:03.505 19398 19437 I python  : extracting lib/python2.7/site-packages/jnius/reflect.pyo
08-12 21:32:03.506 19398 19437 I python  : extracting lib/python2.7/site-packages/jnius/src/org/
08-12 21:32:03.507 19398 19437 I python  : extracting lib/python2.7/site-packages/jnius/src/org/jnius/
08-12 21:32:03.507 19398 19437 I python  : extracting lib/python2.7/site-packages/jnius/src/org/jnius/NativeInvocationHandler.java
08-12 21:32:03.508 19398 19437 I python  : extracting lib/python2.7/site-packages/pygame/
08-12 21:32:03.508 19398 19437 I python  : extracting lib/python2.7/site-packages/pygame/sprite.pyo
08-12 21:32:03.510 19398 19437 I python  : extracting lib/python2.7/site-packages/pygame/event.so
08-12 21:32:03.510 19398 19437 I python  : extracting lib/python2.7/site-packages/pygame/draw.so
08-12 21:32:03.510 19398 19437 I python  : extracting lib/python2.7/site-packages/pygame/key.so
08-12 21:32:03.511 19398 19437 I python  : extracting lib/python2.7/site-packages/pygame/overlay.so
08-12 21:32:03.511 19398 19437 I python  : extracting lib/python2.7/site-packages/pygame/font.so
08-12 21:32:03.512 19398 19437 I python  : extracting lib/python2.7/site-packages/pygame/surface.so
08-12 21:32:03.512 19398 19437 I python  : extracting lib/python2.7/site-packages/pygame/sysfont.pyo
08-12 21:32:03.513 19398 19437 I python  : extracting lib/python2.7/site-packages/pygame/locals.pyo
08-12 21:32:03.514 19398 19437 I python  : extracting lib/python2.7/site-packages/pygame/surflock.so
08-12 21:32:03.514 19398 19437 I python  : extracting lib/python2.7/site-packages/pygame/time.so
08-12 21:32:03.514 19398 19437 I python  : extracting lib/python2.7/site-packages/pygame/display.so
08-12 21:32:03.515 19398 19437 I python  : extracting lib/python2.7/site-packages/pygame/constants.so
08-12 21:32:03.515 19398 19437 I python  : extracting lib/python2.7/site-packages/pygame/joystick.so
08-12 21:32:03.516 19398 19437 I python  : extracting lib/python2.7/site-packages/pygame/gfxdraw.so
08-12 21:32:03.516 19398 19437 I python  : extracting lib/python2.7/site-packages/pygame/mask.so
08-12 21:32:03.516 19398 19437 I python  : extracting lib/python2.7/site-packages/pygame/compat.pyo
08-12 21:32:03.517 19398 19437 I python  : extracting lib/python2.7/site-packages/pygame/bufferproxy.so
08-12 21:32:03.517 19398 19437 I python  : extracting lib/python2.7/site-packages/pygame/version.pyo
08-12 21:32:03.518 19398 19437 I python  : extracting lib/python2.7/site-packages/pygame/midi.pyo
08-12 21:32:03.519 19398 19437 I python  : extracting lib/python2.7/site-packages/pygame/pixelarray.so
08-12 21:32:03.519 19398 19437 I python  : extracting lib/python2.7/site-packages/pygame/transform.so
08-12 21:32:03.519 19398 19437 I python  : extracting lib/python2.7/site-packages/pygame/_arraysurfarray.so
08-12 21:32:03.520 19398 19437 I python  : extracting lib/python2.7/site-packages/pygame/imageext.so
08-12 21:32:03.520 19398 19437 I python  : extracting lib/python2.7/site-packages/pygame/pygame_icon.tiff
08-12 21:32:03.523 19398 19437 I python  : extracting lib/python2.7/site-packages/pygame/pygame.ico
08-12 21:32:03.524 19398 19437 I python  : extracting lib/python2.7/site-packages/pygame/cursors.pyo
08-12 21:32:03.525 19398 19437 I python  : extracting lib/python2.7/site-packages/pygame/rect.so
08-12 21:32:03.525 19398 19437 I python  : extracting lib/python2.7/site-packages/pygame/colordict.pyo
08-12 21:32:03.527 19398 19437 I python  : extracting lib/python2.7/site-packages/pygame/pkgdata.pyo
08-12 21:32:03.528 19398 19437 I python  : extracting lib/python2.7/site-packages/pygame/__init__.pyo
08-12 21:32:03.528 19398 19437 I python  : extracting lib/python2.7/site-packages/pygame/fastevent.so
08-12 21:32:03.529 19398 19437 I python  : extracting lib/python2.7/site-packages/pygame/color.so
08-12 21:32:03.529 19398 19437 I python  : extracting lib/python2.7/site-packages/pygame/mouse.so
08-12 21:32:03.529 19398 19437 I python  : extracting lib/python2.7/site-packages/pygame/base.so
08-12 21:32:03.530 19398 19437 I python  : extracting lib/python2.7/site-packages/pygame/image.so
08-12 21:32:03.530 19398 19437 I python  : extracting lib/python2.7/site-packages/pygame/rwobject.so
08-12 21:32:03.531 19398 19437 I python  : extracting lib/python2.7/site-packages/pygame/threads/
08-12 21:32:03.540 19398 19437 I python  : extracting lib/python2.7/site-packages/pygame/threads/__init__.pyo
08-12 21:32:03.541 19398 19437 I python  : extracting lib/python2.7/site-packages/kivy/
08-12 21:32:03.542 19398 19437 I python  : extracting lib/python2.7/site-packages/kivy/properties.so
08-12 21:32:03.542 19398 19437 I python  : extracting lib/python2.7/site-packages/kivy/event.pyo
08-12 21:32:03.543 19398 19437 I python  : extracting lib/python2.7/site-packages/kivy/atlas.pyo
08-12 21:32:03.544 19398 19437 I python  : extracting lib/python2.7/site-packages/kivy/_event.so
08-12 21:32:03.544 19398 19437 I python  : extracting lib/python2.7/site-packages/kivy/properties.pxd
08-12 21:32:03.545 19398 19437 I python  : extracting lib/python2.7/site-packages/kivy/base.pyo
08-12 21:32:03.547 19398 19437 I python  : extracting lib/python2.7/site-packages/kivy/animation.pyo
08-12 21:32:03.548 19398 19437 I python  : extracting lib/python2.7/site-packages/kivy/_clock.pxd
08-12 21:32:03.549 19398 19437 I python  : extracting lib/python2.7/site-packages/kivy/factory.pyo
08-12 21:32:03.550 19398 19437 I python  : extracting lib/python2.7/site-packages/kivy/_clock.so
08-12 21:32:03.550 19398 19437 I python  : extracting lib/python2.7/site-packages/kivy/vector.pyo
08-12 21:32:03.551 19398 19437 I python  : extracting lib/python2.7/site-packages/kivy/resources.pyo
08-12 21:32:03.552 19398 19437 I python  : extracting lib/python2.7/site-packages/kivy/compat.pyo
08-12 21:32:03.552 19398 19437 I python  : extracting lib/python2.7/site-packages/kivy/context.pyo
08-12 21:32:03.553 19398 19437 I python  : extracting lib/python2.7/site-packages/kivy/cache.pyo
08-12 21:32:03.554 19398 19437 I python  : extracting lib/python2.7/site-packages/kivy/loader.pyo
08-12 21:32:03.555 19398 19437 I python  : extracting lib/python2.7/site-packages/kivy/version.pyo
08-12 21:32:03.555 19398 19437 I python  : extracting lib/python2.7/site-packages/kivy/gesture.pyo
08-12 21:32:03.556 19398 19437 I python  : extracting lib/python2.7/site-packages/kivy/parser.pyo
08-12 21:32:03.557 19398 19437 I python  : extracting lib/python2.7/site-packages/kivy/interactive.pyo
08-12 21:32:03.558 19398 19437 I python  : extracting lib/python2.7/site-packages/kivy/clock.pyo
08-12 21:32:03.559 19398 19437 I python  : extracting lib/python2.7/site-packages/kivy/metrics.pyo
08-12 21:32:03.559 19398 19437 I python  : extracting lib/python2.7/site-packages/kivy/support.pyo
08-12 21:32:03.560 19398 19437 I python  : extracting lib/python2.7/site-packages/kivy/logger.pyo
08-12 21:32:03.561 19398 19437 I python  : extracting lib/python2.7/site-packages/kivy/_event.pxd
08-12 21:32:03.562 19398 19437 I python  : extracting lib/python2.7/site-packages/kivy/weakmethod.pyo
08-12 21:32:03.562 19398 19437 I python  : extracting lib/python2.7/site-packages/kivy/app.pyo
08-12 21:32:03.563 19398 19437 I python  : extracting lib/python2.7/site-packages/kivy/utils.pyo
08-12 21:32:03.564 19398 19437 I python  : extracting lib/python2.7/site-packages/kivy/geometry.pyo
08-12 21:32:03.565 19398 19437 I python  : extracting lib/python2.7/site-packages/kivy/__init__.pyo
08-12 21:32:03.566 19398 19437 I python  : extracting lib/python2.7/site-packages/kivy/setupconfig.pyo
08-12 21:32:03.566 19398 19437 I python  : extracting lib/python2.7/site-packages/kivy/config.pyo
08-12 21:32:03.568 19398 19437 I python  : extracting lib/python2.7/site-packages/kivy/factory_registers.pyo
08-12 21:32:03.569 19398 19437 I python  : extracting lib/python2.7/site-packages/kivy/multistroke.pyo
08-12 21:32:03.571 19398 19437 I python  : extracting lib/python2.7/site-packages/kivy/weakproxy.so
08-12 21:32:03.571 19398 19437 I python  : extracting lib/python2.7/site-packages/kivy/network/
08-12 21:32:03.572 19398 19437 I python  : extracting lib/python2.7/site-packages/kivy/network/urlrequest.pyo
08-12 21:32:03.572 19398 19437 I python  : extracting lib/python2.7/site-packages/kivy/network/__init__.pyo
08-12 21:32:03.573 19398 19437 I python  : extracting lib/python2.7/site-packages/kivy/adapters/
08-12 21:32:03.573 19398 19437 I python  : extracting lib/python2.7/site-packages/kivy/adapters/listadapter.pyo
08-12 21:32:03.578 19398 19437 I python  : extracting lib/python2.7/site-packages/kivy/adapters/args_converters.pyo
08-12 21:32:03.579 19398 19437 I python  : extracting lib/python2.7/site-packages/kivy/adapters/simplelistadapter.pyo
08-12 21:32:03.580 19398 19437 I python  : extracting lib/python2.7/site-packages/kivy/adapters/dictadapter.pyo
08-12 21:32:03.581 19398 19437 I python  : extracting lib/python2.7/site-packages/kivy/adapters/models.pyo
08-12 21:32:03.581 19398 19437 I python  : extracting lib/python2.7/site-packages/kivy/adapters/__init__.pyo
08-12 21:32:03.582 19398 19437 I python  : extracting lib/python2.7/site-packages/kivy/adapters/adapter.pyo
08-12 21:32:03.582 19398 19437 I python  : extracting lib/python2.7/site-packages/kivy/effects/
08-12 21:32:03.583 19398 19437 I python  : extracting lib/python2.7/site-packages/kivy/effects/opacityscroll.pyo
08-12 21:32:03.583 19398 19437 I python  : extracting lib/python2.7/site-packages/kivy/effects/dampedscroll.pyo
08-12 21:32:03.584 19398 19437 I python  : extracting lib/python2.7/site-packages/kivy/effects/kinetic.pyo
08-12 21:32:03.585 19398 19437 I python  : extracting lib/python2.7/site-packages/kivy/effects/scroll.pyo
08-12 21:32:03.586 19398 19437 I python  : extracting lib/python2.7/site-packages/kivy/effects/__init__.pyo
08-12 21:32:03.586 19398 19437 I python  : extracting lib/python2.7/site-packages/kivy/graphics/
08-12 21:32:03.587 19398 19437 I python  : extracting lib/python2.7/site-packages/kivy/graphics/scissor_instructions.so
08-12 21:32:03.588 19398 19437 I python  : extracting lib/python2.7/site-packages/kivy/graphics/gl_debug_logger.pxi
08-12 21:32:03.588 19398 19437 I python  : extracting lib/python2.7/site-packages/kivy/graphics/tesselator.so
08-12 21:32:03.589 19398 19437 I python  : extracting lib/python2.7/site-packages/kivy/graphics/context_instructions.pxd
08-12 21:32:03.590 19398 19437 I python  : extracting lib/python2.7/site-packages/kivy/graphics/cgl.so
08-12 21:32:03.590 19398 19437 I python  : extracting lib/python2.7/site-packages/kivy/graphics/compiler.pxd
08-12 21:32:03.591 19398 19437 I python  : extracting lib/python2.7/site-packages/kivy/graphics/opengl.so
08-12 21:32:03.591 19398 19437 I python  : extracting lib/python2.7/site-packages/kivy/graphics/context.so
08-12 21:32:03.592 19398 19437 I python  : extracting lib/python2.7/site-packages/kivy/graphics/opengl_utils.so
08-12 21:32:03.592 19398 19437 I python  : extracting lib/python2.7/site-packages/kivy/graphics/texture.so
08-12 21:32:03.593 19398 19437 I python  : extracting lib/python2.7/site-packages/kivy/graphics/stencil_instructions.so
08-12 21:32:03.593 19398 19437 I python  : extracting lib/python2.7/site-packages/kivy/graphics/vbo.so
08-12 21:32:03.594 19398 19437 I python  : extracting lib/python2.7/site-packages/kivy/graphics/vertex.pxd
08-12 21:32:03.594 19398 19437 I python  : extracting lib/python2.7/site-packages/kivy/graphics/vertex_instructions_line.pxi
08-12 21:32:03.596 19398 19437 I python  : extracting lib/python2.7/site-packages/kivy/graphics/instructions.so
08-12 21:32:03.597 19398 19437 I python  : extracting lib/python2.7/site-packages/kivy/graphics/transformation.pxd
08-12 21:32:03.599 19398 19437 I python  : extracting lib/python2.7/site-packages/kivy/graphics/shader.pxd
08-12 21:32:03.599 19398 19437 I python  : extracting lib/python2.7/site-packages/kivy/graphics/vertex.so
08-12 21:32:03.600 19398 19437 I python  : extracting lib/python2.7/site-packages/kivy/graphics/stencil_instructions.pxd
08-12 21:32:03.601 19398 19437 I python  : extracting lib/python2.7/site-packages/kivy/graphics/instructions.pxd
08-12 21:32:03.602 19398 19437 I python  : extracting lib/python2.7/site-packages/kivy/graphics/texture.pxd
08-12 21:32:03.603 19398 19437 I python  : extracting lib/python2.7/site-packages/kivy/graphics/cgl.pxd
08-12 21:32:03.604 19398 19437 I python  : extracting lib/python2.7/site-packages/kivy/graphics/svg.pxd
08-12 21:32:03.604 19398 19437 I python  : extracting lib/python2.7/site-packages/kivy/graphics/transformation.so
08-12 21:32:03.605 19398 19437 I python  : extracting lib/python2.7/site-packages/kivy/graphics/opcodes.pxi
08-12 21:32:03.605 19398 19437 I python  : extracting lib/python2.7/site-packages/kivy/graphics/vertex_instructions.so
08-12 21:32:03.606 19398 19437 I python  : extracting lib/python2.7/site-packages/kivy/graphics/memory.pxi
08-12 21:32:03.606 19398 19437 I python  : extracting lib/python2.7/site-packages/kivy/graphics/opengl_utils.pxd
08-12 21:32:03.607 19398 19437 I python  : extracting lib/python2.7/site-packages/kivy/graphics/common.pxi
08-12 21:32:03.608 19398 19437 I python  : extracting lib/python2.7/site-packages/kivy/graphics/fbo.so
08-12 21:32:03.608 19398 19437 I python  : extracting lib/python2.7/site-packages/kivy/graphics/context.pxd
08-12 21:32:03.609 19398 19437 I python  : extracting lib/python2.7/site-packages/kivy/graphics/compiler.so
08-12 21:32:03.609 19398 19437 I python  : extracting lib/python2.7/site-packages/kivy/graphics/opengl_utils_def.pxi
08-12 21:32:03.610 19398 19437 I python  : extracting lib/python2.7/site-packages/kivy/graphics/vbo.pxd
08-12 21:32:03.610 19398 19437 I python  : extracting lib/python2.7/site-packages/kivy/graphics/fbo.pxd
08-12 21:32:03.611 19398 19437 I python  : extracting lib/python2.7/site-packages/kivy/graphics/gl_instructions.so
08-12 21:32:03.611 19398 19437 I python  : extracting lib/python2.7/site-packages/kivy/graphics/__init__.pyo
08-12 21:32:03.612 19398 19437 I python  : extracting lib/python2.7/site-packages/kivy/graphics/shader.so
08-12 21:32:03.612 19398 19437 I python  : extracting lib/python2.7/site-packages/kivy/graphics/img_tools.pxi
08-12 21:32:03.613 19398 19437 I python  : extracting lib/python2.7/site-packages/kivy/graphics/buffer.so
08-12 21:32:03.614 19398 19437 I python  : extracting lib/python2.7/site-packages/kivy/graphics/tesselator.pxd
08-12 21:32:03.614 19398 19437 I python  : extracting lib/python2.7/site-packages/kivy/graphics/vertex_instructions.pxd
08-12 21:32:03.615 19398 19437 I python  : extracting lib/python2.7/site-packages/kivy/graphics/svg.so
08-12 21:32:03.615 19398 19437 I python  : extracting lib/python2.7/site-packages/kivy/graphics/buffer.pxd
08-12 21:32:03.616 19398 19437 I python  : extracting lib/python2.7/site-packages/kivy/graphics/context_instructions.so
08-12 21:32:03.616 19398 19437 I python  : extracting lib/python2.7/site-packages/kivy/graphics/cgl_backend/
08-12 21:32:03.617 19398 19437 I python  : extracting lib/python2.7/site-packages/kivy/graphics/cgl_backend/cgl_glew.so
08-12 21:32:03.617 19398 19437 I python  : extracting lib/python2.7/site-packages/kivy/graphics/cgl_backend/cgl_gl.so
08-12 21:32:03.617 19398 19437 I python  : extracting lib/python2.7/site-packages/kivy/graphics/cgl_backend/cgl_sdl2.so
08-12 21:32:03.618 19398 19437 I python  : extracting lib/python2.7/site-packages/kivy/graphics/cgl_backend/cgl_mock.so
08-12 21:32:03.618 19398 19437 I python  : extracting lib/python2.7/site-packages/kivy/graphics/cgl_backend/__init__.pyo
08-12 21:32:03.619 19398 19437 I python  : extracting lib/python2.7/site-packages/kivy/graphics/cgl_backend/cgl_debug.so
08-12 21:32:03.619 19398 19437 I python  : extracting lib/python2.7/site-packages/kivy/lang/
08-12 21:32:03.619 19398 19437 I python  : extracting lib/python2.7/site-packages/kivy/lang/builder.pyo
08-12 21:32:03.621 19398 19437 I python  : extracting lib/python2.7/site-packages/kivy/lang/parser.pyo
08-12 21:32:03.623 19398 19437 I python  : extracting lib/python2.7/site-packages/kivy/lang/__init__.pyo
08-12 21:32:03.624 19398 19437 I python  : extracting lib/python2.7/site-packages/kivy/data/
08-12 21:32:03.624 19398 19437 I python  : extracting lib/python2.7/site-packages/kivy/data/style.kv
08-12 21:32:03.625 19398 19437 I python  : extracting lib/python2.7/site-packages/kivy/data/settings_kivy.json
08-12 21:32:03.626 19398 19437 I python  : extracting lib/python2.7/site-packages/kivy/data/logo/
08-12 21:32:03.627 19398 19437 I python  : extracting lib/python2.7/site-packages/kivy/data/logo/kivy-icon-16.png
08-12 21:32:03.627 19398 19437 I python  : extracting lib/python2.7/site-packages/kivy/data/logo/kivy-icon-64.png
08-12 21:32:03.628 19398 19437 I python  : extracting lib/python2.7/site-packages/kivy/data/logo/kivy-icon-24.png
08-12 21:32:03.628 19398 19437 I python  : extracting lib/python2.7/site-packages/kivy/data/logo/kivy-icon-256.png
08-12 21:32:03.630 19398 19437 I python  : extracting lib/python2.7/site-packages/kivy/data/logo/kivy-icon-48.png
08-12 21:32:03.630 19398 19437 I python  : extracting lib/python2.7/site-packages/kivy/data/logo/kivy-icon-512.png
08-12 21:32:03.632 19398 19437 I python  : extracting lib/python2.7/site-packages/kivy/data/logo/kivy-icon-128.png
08-12 21:32:03.633 19398 19437 I python  : extracting lib/python2.7/site-packages/kivy/data/logo/kivy-icon-32.png
08-12 21:32:03.634 19398 19437 I python  : extracting lib/python2.7/site-packages/kivy/data/fonts/
08-12 21:32:03.634 19398 19437 I python  : extracting lib/python2.7/site-packages/kivy/data/fonts/RobotoMono-Regular.ttf
08-12 21:32:03.641 19398 19437 I python  : extracting lib/python2.7/site-packages/kivy/data/fonts/Roboto-Regular.ttf
08-12 21:32:03.650 19398 19437 I python  : extracting lib/python2.7/site-packages/kivy/data/fonts/Roboto-Italic.ttf
08-12 21:32:03.659 19398 19437 I python  : extracting lib/python2.7/site-packages/kivy/data/fonts/Roboto-Bold.ttf
08-12 21:32:03.668 19398 19437 I python  : extracting lib/python2.7/site-packages/kivy/data/fonts/Roboto-BoldItalic.ttf
08-12 21:32:03.676 19398 19437 I python  : extracting lib/python2.7/site-packages/kivy/data/fonts/DejaVuSans.ttf
08-12 21:32:03.714 19398 19437 I python  : extracting lib/python2.7/site-packages/kivy/data/images/
08-12 21:32:03.715 19398 19437 I python  : extracting lib/python2.7/site-packages/kivy/data/images/defaulttheme-0.png
08-12 21:32:03.720 19398 19437 I python  : extracting lib/python2.7/site-packages/kivy/data/images/image-loading.gif
08-12 21:32:03.721 19398 19437 I python  : extracting lib/python2.7/site-packages/kivy/data/images/cursor.png
08-12 21:32:03.722 19398 19437 I python  : extracting lib/python2.7/site-packages/kivy/data/images/defaulttheme.atlas
08-12 21:32:03.722 19398 19437 I python  : extracting lib/python2.7/site-packages/kivy/data/images/background.jpg
08-12 21:32:03.723 19398 19437 I python  : extracting lib/python2.7/site-packages/kivy/data/images/defaultshape.png
08-12 21:32:03.724 19398 19437 I python  : extracting lib/python2.7/site-packages/kivy/data/images/testpattern.png
08-12 21:32:03.725 19398 19437 I python  : extracting lib/python2.7/site-packages/kivy/data/keyboards/
08-12 21:32:03.726 19398 19437 I python  : extracting lib/python2.7/site-packages/kivy/data/keyboards/en_US.json
08-12 21:32:03.726 19398 19437 I python  : extracting lib/python2.7/site-packages/kivy/data/keyboards/de.json
08-12 21:32:03.727 19398 19437 I python  : extracting lib/python2.7/site-packages/kivy/data/keyboards/fr_CH.json
08-12 21:32:03.728 19398 19437 I python  : extracting lib/python2.7/site-packages/kivy/data/keyboards/qwertz.json
08-12 21:32:03.728 19398 19437 I python  : extracting lib/python2.7/site-packages/kivy/data/keyboards/qwerty.json
08-12 21:32:03.729 19398 19437 I python  : extracting lib/python2.7/site-packages/kivy/data/keyboards/de_CH.json
08-12 21:32:03.729 19398 19437 I python  : extracting lib/python2.7/site-packages/kivy/data/keyboards/azerty.json
08-12 21:32:03.730 19398 19437 I python  : extracting lib/python2.7/site-packages/kivy/data/glsl/
08-12 21:32:03.730 19398 19437 I python  : extracting lib/python2.7/site-packages/kivy/data/glsl/header.vs
08-12 21:32:03.730 19398 19437 I python  : extracting lib/python2.7/site-packages/kivy/data/glsl/default.vs
08-12 21:32:03.731 19398 19437 I python  : extracting lib/python2.7/site-packages/kivy/data/glsl/header.fs
08-12 21:32:03.731 19398 19437 I python  : extracting lib/python2.7/site-packages/kivy/data/glsl/default.fs
08-12 21:32:03.732 19398 19437 I python  : extracting lib/python2.7/site-packages/kivy/data/glsl/default.png
08-12 21:32:03.732 19398 19437 I python  : extracting lib/python2.7/site-packages/kivy/lib/
08-12 21:32:03.732 19398 19437 I python  : extracting lib/python2.7/site-packages/kivy/lib/mtdev.pyo
08-12 21:32:03.733 19398 19437 I python  : extracting lib/python2.7/site-packages/kivy/lib/ddsfile.pyo
08-12 21:32:03.734 19398 19437 I python  : extracting lib/python2.7/site-packages/kivy/lib/__init__.pyo
08-12 21:32:03.734 19398 19437 I python  : extracting lib/python2.7/site-packages/kivy/lib/vidcore_lite/
08-12 21:32:03.734 19398 19437 I python  : extracting lib/python2.7/site-packages/kivy/lib/vidcore_lite/bcm.pxd
08-12 21:32:03.735 19398 19437 I python  : extracting lib/python2.7/site-packages/kivy/lib/vidcore_lite/__init__.pyo
08-12 21:32:03.736 19398 19437 I python  : extracting lib/python2.7/site-packages/kivy/lib/osc/
08-12 21:32:03.736 19398 19437 I python  : extracting lib/python2.7/site-packages/kivy/lib/osc/OSC.pyo
08-12 21:32:03.737 19398 19437 I python  : extracting lib/python2.7/site-packages/kivy/lib/osc/oscAPI.pyo
08-12 21:32:03.738 19398 19437 I python  : extracting lib/python2.7/site-packages/kivy/lib/osc/__init__.pyo
08-12 21:32:03.738 19398 19437 I python  : extracting lib/python2.7/site-packages/kivy/lib/gstplayer/
08-12 21:32:03.739 19398 19437 I python  : extracting lib/python2.7/site-packages/kivy/lib/gstplayer/__init__.pyo
08-12 21:32:03.739 19398 19437 I python  : extracting lib/python2.7/site-packages/kivy/extras/
08-12 21:32:03.740 19398 19437 I python  : extracting lib/python2.7/site-packages/kivy/extras/highlight.pyo
08-12 21:32:03.740 19398 19437 I python  : extracting lib/python2.7/site-packages/kivy/extras/__init__.pyo
08-12 21:32:03.741 19398 19437 I python  : extracting lib/python2.7/site-packages/kivy/input/
08-12 21:32:03.741 19398 19437 I python  : extracting lib/python2.7/site-packages/kivy/input/factory.pyo
08-12 21:32:03.742 19398 19437 I python  : extracting lib/python2.7/site-packages/kivy/input/shape.pyo
08-12 21:32:03.742 19398 19437 I python  : extracting lib/python2.7/site-packages/kivy/input/recorder.pyo
08-12 21:32:03.743 19398 19437 I python  : extracting lib/python2.7/site-packages/kivy/input/provider.pyo
08-12 21:32:03.743 19398 19437 I python  : extracting lib/python2.7/site-packages/kivy/input/__init__.pyo
08-12 21:32:03.744 19398 19437 I python  : extracting lib/python2.7/site-packages/kivy/input/motionevent.pyo
08-12 21:32:03.745 19398 19437 I python  : extracting lib/python2.7/site-packages/kivy/input/postproc/
08-12 21:32:03.745 19398 19437 I python  : extracting lib/python2.7/site-packages/kivy/input/postproc/doubletap.pyo
08-12 21:32:03.746 19398 19437 I python  : extracting lib/python2.7/site-packages/kivy/input/postproc/ignorelist.pyo
08-12 21:32:03.746 19398 19437 I python  : extracting lib/python2.7/site-packages/kivy/input/postproc/calibration.pyo
08-12 21:32:03.747 19398 19437 I python  : extracting lib/python2.7/site-packages/kivy/input/postproc/tripletap.pyo
08-12 21:32:03.747 19398 19437 I python  : extracting lib/python2.7/site-packages/kivy/input/postproc/__init__.pyo
08-12 21:32:03.748 19398 19437 I python  : extracting lib/python2.7/site-packages/kivy/input/postproc/retaintouch.pyo
08-12 21:32:03.749 19398 19437 I python  : extracting lib/python2.7/site-packages/kivy/input/postproc/dejitter.pyo
08-12 21:32:03.749 19398 19437 I python  : extracting lib/python2.7/site-packages/kivy/input/providers/
08-12 21:32:03.750 19398 19437 I python  : extracting lib/python2.7/site-packages/kivy/input/providers/tuio.pyo
08-12 21:32:03.751 19398 19437 I python  : extracting lib/python2.7/site-packages/kivy/input/providers/androidjoystick.pyo
08-12 21:32:03.751 19398 19437 I python  : extracting lib/python2.7/site-packages/kivy/input/providers/leapfinger.pyo
08-12 21:32:03.752 19398 19437 I python  : extracting lib/python2.7/site-packages/kivy/input/providers/linuxwacom.pyo
08-12 21:32:03.753 19398 19437 I python  : extracting lib/python2.7/site-packages/kivy/input/providers/__init__.pyo
08-12 21:32:03.753 19398 19437 I python  : extracting lib/python2.7/site-packages/kivy/input/providers/mouse.pyo
08-12 21:32:03.754 19398 19437 I python  : extracting lib/python2.7/site-packages/kivy/garden/
08-12 21:32:03.754 19398 19437 I python  : extracting lib/python2.7/site-packages/kivy/garden/__init__.pyo
08-12 21:32:03.755 19398 19437 I python  : extracting lib/python2.7/site-packages/kivy/include/
08-12 21:32:03.755 19398 19437 I python  : extracting lib/python2.7/site-packages/kivy/include/khrplatform.h
08-12 21:32:03.756 19398 19437 I python  : extracting lib/python2.7/site-packages/kivy/include/gl_redirect.h
08-12 21:32:03.757 19398 19437 I python  : extracting lib/python2.7/site-packages/kivy/include/gl2platform.h
08-12 21:32:03.757 19398 19437 I python  : extracting lib/python2.7/site-packages/kivy/include/config.h
08-12 21:32:03.758 19398 19437 I python  : extracting lib/python2.7/site-packages/kivy/include/config.pxi
08-12 21:32:03.758 19398 19437 I python  : extracting lib/python2.7/site-packages/kivy/include/common_subset.h
08-12 21:32:03.760 19398 19437 I python  : extracting lib/python2.7/site-packages/kivy/storage/
08-12 21:32:03.760 19398 19437 I python  : extracting lib/python2.7/site-packages/kivy/storage/jsonstore.pyo
08-12 21:32:03.761 19398 19437 I python  : extracting lib/python2.7/site-packages/kivy/storage/redisstore.pyo
08-12 21:32:03.761 19398 19437 I python  : extracting lib/python2.7/site-packages/kivy/storage/dictstore.pyo
08-12 21:32:03.762 19398 19437 I python  : extracting lib/python2.7/site-packages/kivy/storage/__init__.pyo
08-12 21:32:03.762 19398 19437 I python  : extracting lib/python2.7/site-packages/kivy/deps/
08-12 21:32:03.763 19398 19437 I python  : extracting lib/python2.7/site-packages/kivy/deps/__init__.pyo
08-12 21:32:03.763 19398 19437 I python  : extracting lib/python2.7/site-packages/kivy/uix/
08-12 21:32:03.764 19398 19437 I python  : extracting lib/python2.7/site-packages/kivy/uix/label.pyo
08-12 21:32:03.765 19398 19437 I python  : extracting lib/python2.7/site-packages/kivy/uix/stencilview.pyo
08-12 21:32:03.765 19398 19437 I python  : extracting lib/python2.7/site-packages/kivy/uix/filechooser.pyo
08-12 21:32:03.767 19398 19437 I python  : extracting lib/python2.7/site-packages/kivy/uix/screenmanager.pyo
08-12 21:32:03.768 19398 19437 I python  : extracting lib/python2.7/site-packages/kivy/uix/settings.pyo
08-12 21:32:03.774 19398 19437 I python  : extracting lib/python2.7/site-packages/kivy/uix/selectableview.pyo
08-12 21:32:03.775 19398 19437 I python  : extracting lib/python2.7/site-packages/kivy/uix/vkeyboard.pyo
08-12 21:32:03.776 19398 19437 I python  : extracting lib/python2.7/site-packages/kivy/uix/floatlayout.pyo
08-12 21:32:03.776 19398 19437 I python  : extracting lib/python2.7/site-packages/kivy/uix/gesturesurface.pyo
08-12 21:32:03.777 19398 19437 I python  : extracting lib/python2.7/site-packages/kivy/uix/widget.pyo
08-12 21:32:03.778 19398 19437 I python  : extracting lib/python2.7/site-packages/kivy/uix/gridlayout.pyo
08-12 21:32:03.779 19398 19437 I python  : extracting lib/python2.7/site-packages/kivy/uix/colorpicker.pyo
08-12 21:32:03.780 19398 19437 I python  : extracting lib/python2.7/site-packages/kivy/uix/spinner.pyo
08-12 21:32:03.780 19398 19437 I python  : extracting lib/python2.7/site-packages/kivy/uix/dropdown.pyo
08-12 21:32:03.781 19398 19437 I python  : extracting lib/python2.7/site-packages/kivy/uix/scrollview.pyo
08-12 21:32:03.782 19398 19437 I python  : extracting lib/python2.7/site-packages/kivy/uix/video.pyo
08-12 21:32:03.783 19398 19437 I python  : extracting lib/python2.7/site-packages/kivy/uix/checkbox.pyo
08-12 21:32:03.783 19398 19437 I python  : extracting lib/python2.7/site-packages/kivy/uix/stacklayout.pyo
08-12 21:32:03.784 19398 19437 I python  : extracting lib/python2.7/site-packages/kivy/uix/slider.pyo
08-12 21:32:03.785 19398 19437 I python  : extracting lib/python2.7/site-packages/kivy/uix/image.pyo
08-12 21:32:03.786 19398 19437 I python  : extracting lib/python2.7/site-packages/kivy/uix/listview.pyo
08-12 21:32:03.787 19398 19437 I python  : extracting lib/python2.7/site-packages/kivy/uix/modalview.pyo
08-12 21:32:03.787 19398 19437 I python  : extracting lib/python2.7/site-packages/kivy/uix/videoplayer.pyo
08-12 21:32:03.788 19398 19437 I python  : extracting lib/python2.7/site-packages/kivy/uix/splitter.pyo
08-12 21:32:03.789 19398 19437 I python  : extracting lib/python2.7/site-packages/kivy/uix/tabbedpanel.pyo
08-12 21:32:03.790 19398 19437 I python  : extracting lib/python2.7/site-packages/kivy/uix/textinput.pyo
08-12 21:32:03.794 19398 19437 I python  : extracting lib/python2.7/site-packages/kivy/uix/scatter.pyo
08-12 21:32:03.795 19398 19437 I python  : extracting lib/python2.7/site-packages/kivy/uix/anchorlayout.pyo
08-12 21:32:03.796 19398 19437 I python  : extracting lib/python2.7/site-packages/kivy/uix/codeinput.pyo
08-12 21:32:03.797 19398 19437 I python  : extracting lib/python2.7/site-packages/kivy/uix/actionbar.pyo
08-12 21:32:03.798 19398 19437 I python  : extracting lib/python2.7/site-packages/kivy/uix/button.pyo
08-12 21:32:03.798 19398 19437 I python  : extracting lib/python2.7/site-packages/kivy/uix/treeview.pyo
08-12 21:32:03.799 19398 19437 I python  : extracting lib/python2.7/site-packages/kivy/uix/boxlayout.pyo
08-12 21:32:03.800 19398 19437 I python  : extracting lib/python2.7/site-packages/kivy/uix/recyclegridlayout.pyo
08-12 21:32:03.800 19398 19437 I python  : extracting lib/python2.7/site-packages/kivy/uix/pagelayout.pyo
08-12 21:32:03.801 19398 19437 I python  : extracting lib/python2.7/site-packages/kivy/uix/bubble.pyo
08-12 21:32:03.802 19398 19437 I python  : extracting lib/python2.7/site-packages/kivy/uix/layout.pyo
08-12 21:32:03.803 19398 19437 I python  : extracting lib/python2.7/site-packages/kivy/uix/rst.pyo
08-12 21:32:03.804 19398 19437 I python  : extracting lib/python2.7/site-packages/kivy/uix/carousel.pyo
08-12 21:32:03.806 19398 19437 I python  : extracting lib/python2.7/site-packages/kivy/uix/abstractview.pyo
08-12 21:32:03.807 19398 19437 I python  : extracting lib/python2.7/site-packages/kivy/uix/togglebutton.pyo
08-12 21:32:03.807 19398 19437 I python  : extracting lib/python2.7/site-packages/kivy/uix/scatterlayout.pyo
08-12 21:32:03.808 19398 19437 I python  : extracting lib/python2.7/site-packages/kivy/uix/__init__.pyo
08-12 21:32:03.808 19398 19437 I python  : extracting lib/python2.7/site-packages/kivy/uix/recycleboxlayout.pyo
08-12 21:32:03.809 19398 19437 I python  : extracting lib/python2.7/site-packages/kivy/uix/sandbox.pyo
08-12 21:32:03.809 19398 19437 I python  : extracting lib/python2.7/site-packages/kivy/uix/recyclelayout.pyo
08-12 21:32:03.810 19398 19437 I python  : extracting lib/python2.7/site-packages/kivy/uix/progressbar.pyo
08-12 21:32:03.811 19398 19437 I python  : extracting lib/python2.7/site-packages/kivy/uix/effectwidget.pyo
08-12 21:32:03.812 19398 19437 I python  : extracting lib/python2.7/site-packages/kivy/uix/popup.pyo
08-12 21:32:03.812 19398 19437 I python  : extracting lib/python2.7/site-packages/kivy/uix/camera.pyo
08-12 21:32:03.813 19398 19437 I python  : extracting lib/python2.7/site-packages/kivy/uix/switch.pyo
08-12 21:32:03.813 19398 19437 I python  : extracting lib/python2.7/site-packages/kivy/uix/relativelayout.pyo
08-12 21:32:03.813 19398 19437 I python  : extracting lib/python2.7/site-packages/kivy/uix/accordion.pyo
08-12 21:32:03.814 19398 19437 I python  : extracting lib/python2.7/site-packages/kivy/uix/behaviors/
08-12 21:32:03.814 19398 19437 I python  : extracting lib/python2.7/site-packages/kivy/uix/behaviors/codenavigation.pyo
08-12 21:32:03.815 19398 19437 I python  : extracting lib/python2.7/site-packages/kivy/uix/behaviors/touchripple.pyo
08-12 21:32:03.816 19398 19437 I python  : extracting lib/python2.7/site-packages/kivy/uix/behaviors/compoundselection.pyo
08-12 21:32:03.816 19398 19437 I python  : extracting lib/python2.7/site-packages/kivy/uix/behaviors/emacs.pyo
08-12 21:32:03.817 19398 19437 I python  : extracting lib/python2.7/site-packages/kivy/uix/behaviors/knspace.pyo
08-12 21:32:03.817 19398 19437 I python  : extracting lib/python2.7/site-packages/kivy/uix/behaviors/button.pyo
08-12 21:32:03.818 19398 19437 I python  : extracting lib/python2.7/site-packages/kivy/uix/behaviors/togglebutton.pyo
08-12 21:32:03.818 19398 19437 I python  : extracting lib/python2.7/site-packages/kivy/uix/behaviors/drag.pyo
08-12 21:32:03.819 19398 19437 I python  : extracting lib/python2.7/site-packages/kivy/uix/behaviors/__init__.pyo
08-12 21:32:03.820 19398 19437 I python  : extracting lib/python2.7/site-packages/kivy/uix/behaviors/cover.pyo
08-12 21:32:03.820 19398 19437 I python  : extracting lib/python2.7/site-packages/kivy/uix/behaviors/focus.pyo
08-12 21:32:03.821 19398 19437 I python  : extracting lib/python2.7/site-packages/kivy/uix/recycleview/
08-12 21:32:03.821 19398 19437 I python  : extracting lib/python2.7/site-packages/kivy/uix/recycleview/views.pyo
08-12 21:32:03.822 19398 19437 I python  : extracting lib/python2.7/site-packages/kivy/uix/recycleview/datamodel.pyo
08-12 21:32:03.822 19398 19437 I python  : extracting lib/python2.7/site-packages/kivy/uix/recycleview/layout.pyo
08-12 21:32:03.823 19398 19437 I python  : extracting lib/python2.7/site-packages/kivy/uix/recycleview/__init__.pyo
08-12 21:32:03.823 19398 19437 I python  : extracting lib/python2.7/site-packages/kivy/tests/
08-12 21:32:03.824 19398 19437 I python  : extracting lib/python2.7/site-packages/kivy/tests/test_graphics.pyo
08-12 21:32:03.824 19398 19437 I python  : extracting lib/python2.7/site-packages/kivy/tests/test_uix_listview.pyo
08-12 21:32:03.825 19398 19437 I python  : extracting lib/python2.7/site-packages/kivy/tests/test_uix_anchorlayout.pyo
08-12 21:32:03.825 19398 19437 I python  : extracting lib/python2.7/site-packages/kivy/tests/test_issue_883.pyo
08-12 21:32:03.826 19398 19437 I python  : extracting lib/python2.7/site-packages/kivy/tests/test_uix_actionbar.pyo
08-12 21:32:03.826 19398 19437 I python  : extracting lib/python2.7/site-packages/kivy/tests/test_clipboard.pyo
08-12 21:32:03.827 19398 19437 I python  : extracting lib/python2.7/site-packages/kivy/tests/test_fbo_py2py3.pyo
08-12 21:32:03.827 19398 19437 I python  : extracting lib/python2.7/site-packages/kivy/tests/test_window_info.pyo
08-12 21:32:03.827 19398 19437 I python  : extracting lib/python2.7/site-packages/kivy/tests/test_widget.pyo
08-12 21:32:03.828 19398 19437 I python  : extracting lib/python2.7/site-packages/kivy/tests/test_uix_gridlayout.pyo
08-12 21:32:03.828 19398 19437 I python  : extracting lib/python2.7/site-packages/kivy/tests/test_rst_replace.pyo
08-12 21:32:03.829 19398 19437 I python  : extracting lib/python2.7/site-packages/kivy/tests/test_properties.pyo
08-12 21:32:03.829 19398 19437 I python  : extracting lib/python2.7/site-packages/kivy/tests/test_fonts.pyo
08-12 21:32:03.830 19398 19437 I python  : extracting lib/python2.7/site-packages/kivy/tests/test_clock.pyo
08-12 21:32:03.830 19398 19437 I python  : extracting lib/python2.7/site-packages/kivy/tests/test_issue_609.pyo
08-12 21:32:03.831 19398 19437 I python  : extracting lib/python2.7/site-packages/kivy/tests/test_filechooser_unicode.pyo
08-12 21:32:03.831 19398 19437 I python  : extracting lib/python2.7/site-packages/kivy/tests/test_video.pyo
08-12 21:32:03.832 19398 19437 I python  : extracting lib/python2.7/site-packages/kivy/tests/test_uix_relativelayout.pyo
08-12 21:32:03.832 19398 19437 I python  : extracting lib/python2.7/site-packages/kivy/tests/unicode_font.zip
08-12 21:32:03.832 19398 19437 I python  : extracting lib/python2.7/site-packages/kivy/tests/test_animations.pyo
08-12 21:32:03.833 19398 19437 I python  : extracting lib/python2.7/site-packages/kivy/tests/test_uix_boxlayout.pyo
08-12 21:32:03.833 19398 19437 I python  : extracting lib/python2.7/site-packages/kivy/tests/test_widget_walk.pyo
08-12 21:32:03.834 19398 19437 I python  : extracting lib/python2.7/site-packages/kivy/tests/test_uix_asyncimage.pyo
08-12 21:32:03.834 19398 19437 I python  : extracting lib/python2.7/site-packages/kivy/tests/test_app.pyo
08-12 21:32:03.835 19398 19437 I python  : extracting lib/python2.7/site-packages/kivy/tests/test_issue_1084.pyo
08-12 21:32:03.835 19398 19437 I python  : extracting lib/python2.7/site-packages/kivy/tests/test_invalid_lang.pyo
08-12 21:32:03.836 19398 19437 I python  : extracting lib/python2.7/site-packages/kivy/tests/perf_test_textinput.pyo
08-12 21:32:03.836 19398 19437 I python  : extracting lib/python2.7/site-packages/kivy/tests/test_module_inspector.pyo
08-12 21:32:03.837 19398 19437 I python  : extracting lib/python2.7/site-packages/kivy/tests/test_multistroke.pyo
08-12 21:32:03.838 19398 19437 I python  : extracting lib/python2.7/site-packages/kivy/tests/common.pyo
08-12 21:32:03.838 19398 19437 I python  : extracting lib/python2.7/site-packages/kivy/tests/test_storage.pyo
08-12 21:32:03.839 19398 19437 I python  : extracting lib/python2.7/site-packages/kivy/tests/sample1.ogg
08-12 21:32:03.840 19398 19437 I python  : extracting lib/python2.7/site-packages/kivy/tests/test_uix_stacklayout.pyo
08-12 21:32:03.841 19398 19437 I python  : extracting lib/python2.7/site-packages/kivy/tests/test_mouse_multitouchsim.pyo
08-12 21:32:03.841 19398 19437 I python  : extracting lib/python2.7/site-packages/kivy/tests/test_doc_gallery.pyo
08-12 21:32:03.842 19398 19437 I python  : extracting lib/python2.7/site-packages/kivy/tests/test_issue_599.pyo
08-12 21:32:03.842 19398 19437 I python  : extracting lib/python2.7/site-packages/kivy/tests/test_filechooser.pyo
08-12 21:32:03.842 19398 19437 I python  : extracting lib/python2.7/site-packages/kivy/tests/test_image.pyo
08-12 21:32:03.843 19398 19437 I python  : extracting lib/python2.7/site-packages/kivy/tests/test_uix_widget.pyo
08-12 21:32:03.843 19398 19437 I python  : extracting lib/python2.7/site-packages/kivy/tests/test_adapters.pyo
08-12 21:32:03.845 19398 19437 I python  : extracting lib/python2.7/site-packages/kivy/tests/test_button.png
08-12 21:32:03.846 19398 19437 I python  : extracting lib/python2.7/site-packages/kivy/tests/test_uix_scrollview.pyo
08-12 21:32:03.846 19398 19437 I python  : extracting lib/python2.7/site-packages/kivy/tests/test_issue_1091.pyo
08-12 21:32:03.847 19398 19437 I python  : extracting lib/python2.7/site-packages/kivy/tests/test_lang.pyo
08-12 21:32:03.847 19398 19437 I python  : extracting lib/python2.7/site-packages/kivy/tests/__init__.pyo
08-12 21:32:03.847 19398 19437 I python  : extracting lib/python2.7/site-packages/kivy/tests/test_audio.pyo
08-12 21:32:03.848 19398 19437 I python  : extracting lib/python2.7/site-packages/kivy/tests/test_lang_complex.pyo
08-12 21:32:03.848 19398 19437 I python  : extracting lib/python2.7/site-packages/kivy/tests/test_utils.pyo
08-12 21:32:03.849 19398 19437 I python  : extracting lib/python2.7/site-packages/kivy/tests/unicode_files.zip
08-12 21:32:03.849 19398 19437 I python  : extracting lib/python2.7/site-packages/kivy/tests/visual_test_label.pyo
08-12 21:32:03.850 19398 19437 I python  : extracting lib/python2.7/site-packages/kivy/tests/test_vector.pyo
08-12 21:32:03.850 19398 19437 I python  : extracting lib/python2.7/site-packages/kivy/tests/test_selection.pyo
08-12 21:32:03.851 19398 19437 I python  : extracting lib/python2.7/site-packages/kivy/tests/testkv.kv
08-12 21:32:03.852 19398 19437 I python  : extracting lib/python2.7/site-packages/kivy/tests/test_uix_layout.pyo
08-12 21:32:03.852 19398 19437 I python  : extracting lib/python2.7/site-packages/kivy/tests/test_uix_textinput.pyo
08-12 21:32:03.853 19398 19437 I python  : extracting lib/python2.7/site-packages/kivy/tests/test_knspace.pyo
08-12 21:32:03.853 19398 19437 I python  : extracting lib/python2.7/site-packages/kivy/tests/test_uix_slider.pyo
08-12 21:32:03.854 19398 19437 I python  : extracting lib/python2.7/site-packages/kivy/tests/test_urlrequest.pyo
08-12 21:32:03.854 19398 19437 I python  : extracting lib/python2.7/site-packages/kivy/core/
08-12 21:32:03.855 19398 19437 I python  : extracting lib/python2.7/site-packages/kivy/core/__init__.pyo
08-12 21:32:03.855 19398 19437 I python  : extracting lib/python2.7/site-packages/kivy/core/image/
08-12 21:32:03.856 19398 19437 I python  : extracting lib/python2.7/site-packages/kivy/core/image/img_pygame.pyo
08-12 21:32:03.860 19398 19437 I python  : extracting lib/python2.7/site-packages/kivy/core/image/img_sdl2.pyo
08-12 21:32:03.861 19398 19437 I python  : extracting lib/python2.7/site-packages/kivy/core/image/img_ffpyplayer.pyo
