08-12 21:32:05.947 19398 19437 I python  : extracting android/platform/python-for-android/dist/myinv/private/lib/python2.7/site-packages/kivy/tests/test_button.png
08-12 21:32:05.947 19398 19437 I python  : extracting android/platform/python-for-android/dist/myinv/private/lib/python2.7/site-packages/kivy/tests/testkv.kv
08-12 21:32:05.948 19398 19437 I python  : extracting android/platform/python-for-android/dist/myinv/res/
08-12 21:32:05.948 19398 19437 I python  : extracting android/platform/python-for-android/dist/myinv/res/drawable/
08-12 21:32:05.948 19398 19437 I python  : extracting android/platform/python-for-android/dist/myinv/res/drawable/presplash.jpg
08-12 21:32:05.949 19398 19437 I python  : extracting android/platform/python-for-android/dist/myinv/res/drawable/icon.png
08-12 21:32:05.950 19398 19437 I python  : extracting android/platform/python-for-android/dist/myinv/buildlib/
08-12 21:32:05.950 19398 19437 I python  : extracting android/platform/python-for-android/dist/myinv/buildlib/argparse.pyo
08-12 21:32:05.952 19398 19437 I python  : extracting android/platform/python-for-android/dist/myinv/buildlib/jinja2.egg/
08-12 21:32:05.952 19398 19437 I python  : extracting android/platform/python-for-android/dist/myinv/buildlib/jinja2.egg/EGG-INFO/
08-12 21:32:05.953 19398 19437 I python  : extracting android/platform/python-for-android/dist/myinv/buildlib/jinja2.egg/EGG-INFO/not-zip-safe
08-12 21:32:05.953 19398 19437 I python  : extracting android/platform/python-for-android/dist/myinv/buildlib/jinja2.egg/EGG-INFO/PKG-INFO
08-12 21:32:05.953 19398 19437 I python  : extracting android/platform/python-for-android/dist/myinv/buildlib/jinja2.egg/jinja2/
08-12 21:32:05.953 19398 19437 I python  : extracting android/platform/python-for-android/dist/myinv/buildlib/jinja2.egg/jinja2/filters.pyo
08-12 21:32:05.954 19398 19437 I python  : extracting android/platform/python-for-android/dist/myinv/buildlib/jinja2.egg/jinja2/bccache.pyo
08-12 21:32:05.955 19398 19437 I python  : extracting android/platform/python-for-android/dist/myinv/buildlib/jinja2.egg/jinja2/environment.pyo
08-12 21:32:05.956 19398 19437 I python  : extracting android/platform/python-for-android/dist/myinv/buildlib/jinja2.egg/jinja2/visitor.pyo
08-12 21:32:05.956 19398 19437 I python  : extracting android/platform/python-for-android/dist/myinv/buildlib/jinja2.egg/jinja2/compiler.pyo
08-12 21:32:05.958 19398 19437 I python  : extracting android/platform/python-for-android/dist/myinv/buildlib/jinja2.egg/jinja2/tests.pyo
08-12 21:32:05.958 19398 19437 I python  : extracting android/platform/python-for-android/dist/myinv/buildlib/jinja2.egg/jinja2/constants.pyo
08-12 21:32:05.958 19398 19437 I python  : extracting android/platform/python-for-android/dist/myinv/buildlib/jinja2.egg/jinja2/ext.pyo
08-12 21:32:05.959 19398 19437 I python  : extracting android/platform/python-for-android/dist/myinv/buildlib/jinja2.egg/jinja2/loaders.pyo
08-12 21:32:05.960 19398 19437 I python  : extracting android/platform/python-for-android/dist/myinv/buildlib/jinja2.egg/jinja2/_compat.pyo
08-12 21:32:05.960 19398 19437 I python  : extracting android/platform/python-for-android/dist/myinv/buildlib/jinja2.egg/jinja2/defaults.pyo
08-12 21:32:05.960 19398 19437 I python  : extracting android/platform/python-for-android/dist/myinv/buildlib/jinja2.egg/jinja2/lexer.pyo
08-12 21:32:05.961 19398 19437 I python  : extracting android/platform/python-for-android/dist/myinv/buildlib/jinja2.egg/jinja2/runtime.pyo
08-12 21:32:05.962 19398 19437 I python  : extracting android/platform/python-for-android/dist/myinv/buildlib/jinja2.egg/jinja2/optimizer.pyo
08-12 21:32:05.962 19398 19437 I python  : extracting android/platform/python-for-android/dist/myinv/buildlib/jinja2.egg/jinja2/nodes.pyo
08-12 21:32:05.963 19398 19437 I python  : extracting android/platform/python-for-android/dist/myinv/buildlib/jinja2.egg/jinja2/parser.pyo
08-12 21:32:05.964 19398 19437 I python  : extracting android/platform/python-for-android/dist/myinv/buildlib/jinja2.egg/jinja2/debug.pyo
08-12 21:32:05.964 19398 19437 I python  : extracting android/platform/python-for-android/dist/myinv/buildlib/jinja2.egg/jinja2/_stringdefs.pyo
08-12 21:32:05.975 19398 19437 I python  : extracting android/platform/python-for-android/dist/myinv/buildlib/jinja2.egg/jinja2/exceptions.pyo
08-12 21:32:05.976 19398 19437 I python  : extracting android/platform/python-for-android/dist/myinv/buildlib/jinja2.egg/jinja2/utils.pyo
08-12 21:32:05.976 19398 19437 I python  : extracting android/platform/python-for-android/dist/myinv/buildlib/jinja2.egg/jinja2/__init__.pyo
08-12 21:32:05.977 19398 19437 I python  : extracting android/platform/python-for-android/dist/myinv/buildlib/jinja2.egg/jinja2/sandbox.pyo
08-12 21:32:05.977 19398 19437 I python  : extracting android/platform/python-for-android/dist/myinv/buildlib/jinja2.egg/jinja2/meta.pyo
08-12 21:32:05.977 19398 19437 I python  : extracting android/platform/python-for-android/dist/myinv/buildlib/markupsafe/
08-12 21:32:05.978 19398 19437 I python  : extracting android/platform/python-for-android/dist/myinv/buildlib/markupsafe/_constants.pyo
08-12 21:32:05.978 19398 19437 I python  : extracting android/platform/python-for-android/dist/myinv/buildlib/markupsafe/_native.pyo
08-12 21:32:05.978 19398 19437 I python  : extracting android/platform/python-for-android/dist/myinv/buildlib/markupsafe/_compat.pyo
08-12 21:32:05.978 19398 19437 I python  : extracting android/platform/python-for-android/dist/myinv/buildlib/markupsafe/__init__.pyo
08-12 21:32:05.979 19398 19437 I python  : extracting android/platform/python-for-android/dist/myinv/templates/
08-12 21:32:05.979 19398 19437 I python  : extracting android/platform/python-for-android/dist/myinv/templates/kivy-ouya-icon.png
08-12 21:32:05.989 19398 19437 I python  : extracting android/platform/python-for-android/dist/myinv/templates/kivy-presplash.jpg
08-12 21:32:05.990 19398 19437 I python  : extracting android/platform/python-for-android/dist/myinv/templates/launcher-icon.png
08-12 21:32:05.991 19398 19437 I python  : extracting android/platform/python-for-android/dist/myinv/templates/launcher-presplash.jpg
08-12 21:32:05.992 19398 19437 I python  : extracting android/platform/python-for-android/dist/myinv/templates/kivy-icon.png
08-12 21:32:05.993 19398 19437 I python  : extracting android/platform/python-for-android/recipes/python/
08-12 21:32:05.993 19398 19437 I python  : extracting android/platform/python-for-android/recipes/python/patches/
08-12 21:32:05.994 19398 19437 I python  : extracting android/platform/python-for-android/recipes/python/patches/_scproxy.pyo
08-12 21:32:05.994 19398 19437 I python  : extracting android/platform/python-for-android/recipes/
08-12 21:32:05.994 19398 19437 I python  : extracting android/platform/python-for-android/recipes/hostpython/
08-12 21:32:05.994 19398 19437 I python  : extracting android/platform/python-for-android/recipes/hostpython/Setup
08-12 21:32:05.995 19398 19437 I python  : extracting android/platform/python-for-android/recipes/pygame/
08-12 21:32:05.995 19398 19437 I python  : extracting android/platform/python-for-android/recipes/pygame/Setup
08-12 21:32:05.995 19398 19437 I python  : extracting android/platform/python-for-android/recipes/pyqrcode/
08-12 21:32:05.996 19398 19437 I python  : extracting android/platform/python-for-android/recipes/pyqrcode/src/
08-12 21:32:05.996 19398 19437 I python  : extracting android/platform/python-for-android/recipes/pyqrcode/src/pyqrcode.pyo
08-12 21:32:05.997 19398 19437 I python  : extracting android/platform/python-for-android/recipes/pyqrcode/src/test.pyo
08-12 21:32:05.997 19398 19437 I python  : extracting android/platform/python-for-android/recipes/pyqrcode/src/setup.pyo
08-12 21:32:05.997 19398 19437 I python  : extracting android/platform/python-for-android/recipes/android/
08-12 21:32:05.997 19398 19437 I python  : extracting android/platform/python-for-android/recipes/android/src/
08-12 21:32:05.998 19398 19437 I python  : extracting android/platform/python-for-android/recipes/android/src/setup.pyo
08-12 21:32:05.998 19398 19437 I python  : extracting android/platform/python-for-android/recipes/android/src/android/
08-12 21:32:05.998 19398 19437 I python  : extracting android/platform/python-for-android/recipes/android/src/android/activity.pyo
08-12 21:32:05.998 19398 19437 I python  : extracting android/platform/python-for-android/recipes/android/src/android/broadcast.pyo
08-12 21:32:05.999 19398 19437 I python  : extracting android/platform/python-for-android/recipes/android/src/android/billing.pyo
08-12 21:32:05.999 19398 19437 I python  : extracting android/platform/python-for-android/recipes/android/src/android/mixer.pyo
08-12 21:32:05.999 19398 19437 I python  : extracting android/platform/python-for-android/recipes/android/src/android/runnable.pyo
08-12 21:32:05.999 19398 19437 I python  : extracting android/platform/python-for-android/recipes/android/src/android/__init__.pyo
08-12 21:32:06.007 19398 19437 W linker  : /data/app/org.testmyinv.myinv-7TpjdKRHow-VCRG2qpfoxw==/lib/arm/libpython2.7.so: is missing DT_SONAME will use basename as a replacement: "libpython2.7.so"
08-12 21:32:06.010 19398 19437 W linker  : /data/data/org.testmyinv.myinv/files/lib/python2.7/lib-dynload/_io.so: is missing DT_SONAME will use basename as a replacement: "_io.so"
08-12 21:32:06.012 19398 19437 W linker  : /data/data/org.testmyinv.myinv/files/lib/python2.7/lib-dynload/unicodedata.so: is missing DT_SONAME will use basename as a replacement: "unicodedata.so"
08-12 21:32:06.013 19398 19437 I python  : Starting audio thread
08-12 21:32:06.019 19398 19454 I python  : Initialize Python for Android
08-12 21:32:06.139 19398 19454 I python  : ['/data/user/0/org.testmyinv.myinv/files/lib/python2.7/site-packages', '/data/user/0/org.testmyinv.myinv/files/lib/site-python']
08-12 21:32:06.139 19398 19454 I python  : Android path ['/data/user/0/org.testmyinv.myinv/files/lib/python27.zip', '/data/user/0/org.testmyinv.myinv/files/lib/python2.7', '/data/user/0/org.testmyinv.myinv/files/lib/python2.7/lib-dynload', '/data/user/0/org.testmyinv.myinv/files/lib/python2.7/site-packages', '/data/user/0/org.testmyinv.myinv/files', '/data/user/0/org.testmyinv.myinv/files/_applibs']
08-12 21:32:06.139 19398 19454 I python  : Android kivy bootstrap done. __name__ is __main__
08-12 21:32:06.139 19398 19454 I python  : Run user program, change dir and execute main.py
08-12 21:32:06.177 19398 19454 W linker  : /data/data/org.testmyinv.myinv/files/lib/python2.7/lib-dynload/_hashlib.so: is missing DT_SONAME will use basename as a replacement: "_hashlib.so"
08-12 21:32:06.283 19398 19454 I python  : [WARNING] [Config      ] Older configuration version detected (0 instead of 20)
08-12 21:32:06.283 19398 19454 I python  : [WARNING] [Config      ] Upgrading configuration in progress.
08-12 21:32:06.289 19398 19454 I python  : [INFO   ] [Logger      ] Record log in /data/user/0/org.testmyinv.myinv/files/.kivy/logs/kivy_18-08-12_0.txt
08-12 21:32:06.289 19398 19454 I python  : [INFO   ] [Kivy        ] v1.10.1
08-12 21:32:06.290 19398 19454 I python  : [INFO   ] [Python      ] v2.7.2 (default, Aug 12 2018, 19:26:50) 
08-12 21:32:06.290 19398 19454 I python  : [GCC 4.8]
08-12 21:32:06.298 19398 19454 W linker  : /data/data/org.testmyinv.myinv/files/lib/python2.7/lib-dynload/_ctypes.so: is missing DT_SONAME will use basename as a replacement: "_ctypes.so"
08-12 21:32:06.311 19398 19454 I python  : [INFO   ] [Factory     ] 194 symbols loaded
08-12 21:32:06.685 19398 19454 I python  :  /data/user/0/org.testmyinv.myinv/files/lib/python2.7/site-packages/kivy/core/image/img_pygame.py:12: RuntimeWarning: import cdrom: No module named cdrom
08-12 21:32:06.685 19398 19454 I python  :  (ImportError: No module named cdrom)
08-12 21:32:06.699 19398 19454 I python  : [INFO   ] [Image       ] Providers: img_tex, img_dds, img_pygame, img_gif (img_pil, img_ffpyplayer ignored)
08-12 21:32:06.712 19398 19454 W linker  : /data/data/org.testmyinv.myinv/files/lib/python2.7/lib-dynload/_ssl.so: is missing DT_SONAME will use basename as a replacement: "_ssl.so"
08-12 21:32:06.732 19398 19454 I python  : [INFO   ] [Text        ] Provider: pygame
08-12 21:32:07.143 19398 19454 I python  : [INFO   ] [Window      ] Provider: pygame
08-12 21:32:07.148 19398 19454 I python  : [INFO   ] [GL          ] Using the "OpenGL ES 2" graphics system
08-12 21:32:07.149 19398 19454 I python  : [INFO   ] [GL          ] Backend used <gl>
08-12 21:32:07.149 19398 19454 I python  : [INFO   ] [GL          ] OpenGL version <OpenGL ES 3.2 v1.r22p0-01rel0.f294e54ceb2cb2d81039204fa4b0402e>
08-12 21:32:07.149 19398 19454 I python  : [INFO   ] [GL          ] OpenGL vendor <ARM>
08-12 21:32:07.150 19398 19454 I python  : [INFO   ] [GL          ] OpenGL renderer <Mali-T880>
08-12 21:32:07.150 19398 19454 I python  : [INFO   ] [GL          ] OpenGL parsed version: 3, 2
08-12 21:32:07.150 19398 19454 I python  : [INFO   ] [GL          ] Texture max size <8192>
08-12 21:32:07.151 19398 19454 I python  : [INFO   ] [GL          ] Texture max units <16>
08-12 21:32:07.158 19398 19454 D libGLESv2: STS_GLApi : DTS, ODTC are not allowed for Package : org.testmyinv.myinv:python
08-12 21:32:07.162 19398 19454 I python  : [INFO   ] [Support     ] Android install hooks
08-12 21:32:07.163 19398 19454 I python  : [INFO   ] [Window      ] virtual keyboard not allowed, single mode, not docked
08-12 21:32:07.167 19398 19454 I python  :  Traceback (most recent call last):
08-12 21:32:07.167 19398 19454 I python  :    File "/home/kivy/Desktop/build/android/app/main.py", line 20, in <module>
08-12 21:32:07.167 19398 19454 I python  :  ImportError: No module named parse
08-12 21:32:07.196 19398 19454 I python  : Python for android ended.
08-12 21:32:07.282  3207  3285 I SurfaceFlinger: id=34 Removed org.testmyinv.myinv/org.renpy.android.PythonActivity#0 (3/5)
08-12 21:32:07.292  3207  3228 I SurfaceFlinger: id=34 Removed org.testmyinv.myinv/org.renpy.android.PythonActivity#0 (-2/5)
08-12 21:32:07.292  3207  3207 I SurfaceFlinger: id=34 Removed org.testmyinv.myinv/org.renpy.android.PythonActivity#0 (-2/5)
08-12 21:32:07.323  3207  3207 I Layer   : id=34 onRemoved org.testmyinv.myinv/org.renpy.android.PythonActivity#0 
08-12 21:32:07.323  3207  3207 I Layer   : id=36 onRemoved Background for - SurfaceView - org.testmyinv.myinv/org.renpy.android.PythonActivity@e1b6c7@0#0 
08-12 21:32:07.323  3207  3207 I Layer   : id=35 onRemoved SurfaceView - org.testmyinv.myinv/org.renpy.android.PythonActivity@e1b6c7@0#0 
08-12 21:32:07.508  3662 10271 D PackageManager: getComponentMetadataForIconTray : org.renpy.android.PythonActivity does not exist in mServices
08-12 21:32:07.509  3662 10271 D PackageManager: getComponentMetadataForIconTray : org.renpy.android.PythonActivity does not exist in mProviders
08-12 21:32:07.509  3662 10271 D PackageManager: getComponentMetadataForIconTray : org.renpy.android.PythonActivity does not exist in mReceivers
08-12 21:34:18.613  3662  3662 I ActivityManager: Start proc 20547:org.testmyinv.myinv:python/u0a31 for activity org.testmyinv.myinv/org.renpy.android.PythonActivity
08-12 21:34:18.623 20547 20547 I SELinux : SELinux: seapp_context_lookup: seinfo=untrusted, level=s0:c512,c768, pkgname=org.testmyinv.myinv:python 
08-12 21:34:18.644  3662  6807 I ActivityManager: START u0 {act=android.intent.action.MAIN typ=null flg=0x10200000 cmp=ComponentInfo{org.testmyinv.myinv/org.renpy.android.PythonActivity}} from uid 10080
08-12 21:34:18.664  3662  3672 D ActivityManager: applyOptionsLocked, ANIM_CUSTOM_SCALE_UP, task.getRootActivity() : ActivityRecord{9718f21 u0 org.testmyinv.myinv/org.renpy.android.PythonActivity t9}, task.getTaskToReturnTo() : 1
08-12 21:34:18.701  3662  3950 D GameManagerService: handleForegroundChange(). pkgName: org.testmyinv.myinv, clsName: org.renpy.android.PythonActivity,FgActivityName:org.testmyinv.myinv/org.renpy.android.PythonActivity
08-12 21:34:18.834  3662  3805 D MdnieScenarioControlService:  packageName : org.testmyinv.myinv    className : org.renpy.android.PythonActivity
08-12 21:34:18.844 20547 20547 V python  : metadata fullscreen is0
08-12 21:34:18.888 20547 20565 W linker  : /data/app/org.testmyinv.myinv-7TpjdKRHow-VCRG2qpfoxw==/lib/arm/libpython2.7.so: is missing DT_SONAME will use basename as a replacement: "libpython2.7.so"
08-12 21:34:18.892 20547 20565 W linker  : /data/data/org.testmyinv.myinv/files/lib/python2.7/lib-dynload/_io.so: is missing DT_SONAME will use basename as a replacement: "_io.so"
08-12 21:34:18.893 20547 20565 W linker  : /data/data/org.testmyinv.myinv/files/lib/python2.7/lib-dynload/unicodedata.so: is missing DT_SONAME will use basename as a replacement: "unicodedata.so"
08-12 21:34:18.895 20547 20565 I python  : Starting audio thread
08-12 21:34:18.904 20547 20547 D ViewRootImpl@ef296eb[PythonActivity]: setView = DecorView@c080c48[PythonActivity] TM=true MM=false
08-12 21:34:18.914 20547 20547 D ViewRootImpl@ef296eb[PythonActivity]: dispatchAttachedToWindow
08-12 21:34:18.916  3662  3672 V WindowManager: Relayout Window{1104be8 u0 org.testmyinv.myinv/org.renpy.android.PythonActivity}: viewVisibility=0 req=1440x2464 WM.LayoutParams{(0,0)(fillxfill) sim=#123 ty=1 fl=#1810100 wanim=0x10302ea needsMenuKey=2 colorMode=0 naviIconColor=0}
08-12 21:34:18.923  3207  3207 I SurfaceFlinger: id=48 createSurf (1440x2560),1 flag=404, org.testmyinv.myinv/org.renpy.android.PythonActivity#0
08-12 21:34:18.930 20547 20547 D ViewRootImpl@ef296eb[PythonActivity]: Relayout returned: old=[0,0][0,0] new=[0,0][1440,2560] result=0x7 surface={valid=true 3548901376} changed=true
08-12 21:34:18.941  3207  3207 I SurfaceFlinger: id=49 createSurf (1440x2464),4 flag=404, SurfaceView - org.testmyinv.myinv/org.renpy.android.PythonActivity@1c7006@0#0
08-12 21:34:18.942  3207  3207 I SurfaceFlinger: id=50 createSurf (1440x2464),-1 flag=20404, Background for - SurfaceView - org.testmyinv.myinv/org.renpy.android.PythonActivity@1c7006@0#0
08-12 21:34:18.942 20547 20547 D SurfaceView: BG show() Surface(name=Background for - SurfaceView - org.testmyinv.myinv/org.renpy.android.PythonActivity@1c7006@0) org.renpy.android.SDLSurfaceView{1c7006 VFE...... .F....ID 0,0-1440,2464}
08-12 21:34:18.949 20547 20547 D ViewRootImpl@ef296eb[PythonActivity]: MSG_RESIZED_REPORT: frame=Rect(0, 0 - 1440, 2560) ci=Rect(0, 96 - 0, 0) vi=Rect(0, 96 - 0, 0) or=1
08-12 21:34:18.949 20547 20547 D ViewRootImpl@ef296eb[PythonActivity]: MSG_WINDOW_FOCUS_CHANGED 1
08-12 21:34:18.951 20547 20566 D libGLESv1: STS_GLApi : DTS, ODTC are not allowed for Package : org.testmyinv.myinv:python
08-12 21:34:18.963  3662  3672 V WindowManager: Relayout Window{1104be8 u0 org.testmyinv.myinv/org.renpy.android.PythonActivity}: viewVisibility=0 req=1440x2560 WM.LayoutParams{(0,0)(fillxfill) sim=#23 ty=1 fl=#1810100 fmt=-3 wanim=0x10302ea needsMenuKey=2 colorMode=0 naviIconColor=0}
08-12 21:34:18.964 20547 20579 I python  : presplash-fit is null
08-12 21:34:18.965 20547 20579 I python  : presplash (fit=null) mx=1,406250,my=2,406250
08-12 21:34:18.968 20547 20547 D ViewRootImpl@ef296eb[PythonActivity]: Relayout returned: old=[0,0][1440,2560] new=[0,0][1440,2560] result=0x3 surface={valid=true 3548901376} changed=false
08-12 21:34:18.992  3662  3672 V WindowManager: finishDrawingLocked: mDrawState=COMMIT_DRAW_PENDING Window{1104be8 u0 org.testmyinv.myinv/org.renpy.android.PythonActivity} in Surface(name=org.testmyinv.myinv/org.renpy.android.PythonActivity)
08-12 21:34:19.008  3662  3695 I ActivityManager: Displayed org.testmyinv.myinv/org.renpy.android.PythonActivity: +331ms
08-12 21:34:19.012 20547 20579 I python  : Initialize Python for Android
08-12 21:34:19.018  3207  3207 D SurfaceFlinger:        HWC | 7a9c6b3bc0 | 0000 | 0000 | 00 | 0105 | RGBA_8888   |    0.0,    0.0, 1440.0,   96.0 |    0,    0, 1440,   96 | org.testmyinv.myinv/org.renpy.android.PythonActivity#0
08-12 21:34:19.050  3207  3207 D SurfaceFlinger:        HWC | 7a9c6b3680 | 0000 | 0020 | 00 | 0100 | RGBA_8888   |    0.0,    0.0, 1440.0, 2464.0 |    0,   96, 1440, 2560 | SurfaceView - org.testmyinv.myinv/org.renpy.android.PythonActivity@1c7006@0#0
08-12 21:34:19.050  3207  3207 D SurfaceFlinger:        HWC | 7a9c6b3bc0 | 0000 | 0000 | 00 | 0105 | RGBA_8888   |    0.0,    0.0, 1440.0,   96.0 |    0,    0, 1440,   96 | org.testmyinv.myinv/org.renpy.android.PythonActivity#0
08-12 21:34:19.069 20547 20579 I python  : ['/data/user/0/org.testmyinv.myinv/files/lib/python2.7/site-packages', '/data/user/0/org.testmyinv.myinv/files/lib/site-python']
08-12 21:34:19.069 20547 20579 I python  : Android path ['/data/user/0/org.testmyinv.myinv/files/lib/python27.zip', '/data/user/0/org.testmyinv.myinv/files/lib/python2.7', '/data/user/0/org.testmyinv.myinv/files/lib/python2.7/lib-dynload', '/data/user/0/org.testmyinv.myinv/files/lib/python2.7/site-packages', '/data/user/0/org.testmyinv.myinv/files', '/data/user/0/org.testmyinv.myinv/files/_applibs']
08-12 21:34:19.069 20547 20579 I python  : Android kivy bootstrap done. __name__ is __main__
08-12 21:34:19.069 20547 20579 I python  : Run user program, change dir and execute main.py
08-12 21:34:19.091 20547 20579 W linker  : /data/data/org.testmyinv.myinv/files/lib/python2.7/lib-dynload/_hashlib.so: is missing DT_SONAME will use basename as a replacement: "_hashlib.so"
08-12 21:34:19.163  3662  3805 D MdnieScenarioControlService:  packageName : org.testmyinv.myinv    className : org.renpy.android.PythonActivity
08-12 21:34:19.168 20547 20579 I python  : [INFO   ] [Logger      ] Record log in /data/user/0/org.testmyinv.myinv/files/.kivy/logs/kivy_18-08-12_1.txt
08-12 21:34:19.168 20547 20579 I python  : [INFO   ] [Kivy        ] v1.10.1
08-12 21:34:19.168 20547 20579 I python  : [INFO   ] [Python      ] v2.7.2 (default, Aug 12 2018, 19:26:50) 
08-12 21:34:19.168 20547 20579 I python  : [GCC 4.8]
08-12 21:34:19.176 20547 20579 W linker  : /data/data/org.testmyinv.myinv/files/lib/python2.7/lib-dynload/_ctypes.so: is missing DT_SONAME will use basename as a replacement: "_ctypes.so"
08-12 21:34:19.190 20547 20579 I python  : [INFO   ] [Factory     ] 194 symbols loaded
08-12 21:34:19.196  3207  3207 D SurfaceFlinger:        HWC | 7a9c6b3680 | 0000 | 0020 | 00 | 0100 | RGBA_8888   |    0.0,    0.0, 1440.0, 2464.0 |    0,   96, 1440, 2560 | SurfaceView - org.testmyinv.myinv/org.renpy.android.PythonActivity@1c7006@0#0
08-12 21:34:19.196  3207  3207 D SurfaceFlinger:        HWC | 7a9c6b3bc0 | 0000 | 0000 | 00 | 0105 | RGBA_8888   |    0.0,    0.0, 1440.0,   96.0 |    0,    0, 1440,   96 | org.testmyinv.myinv/org.renpy.android.PythonActivity#0
08-12 21:34:19.622 20547 20579 I python  :  /data/user/0/org.testmyinv.myinv/files/lib/python2.7/site-packages/kivy/core/image/img_pygame.py:12: RuntimeWarning: import cdrom: No module named cdrom
08-12 21:34:19.622 20547 20579 I python  :  (ImportError: No module named cdrom)
08-12 21:34:19.632 20547 20579 I python  : [INFO   ] [Image       ] Providers: img_tex, img_dds, img_pygame, img_gif (img_pil, img_ffpyplayer ignored)
08-12 21:34:19.646 20547 20579 W linker  : /data/data/org.testmyinv.myinv/files/lib/python2.7/lib-dynload/_ssl.so: is missing DT_SONAME will use basename as a replacement: "_ssl.so"
08-12 21:34:19.668 20547 20579 I python  : [INFO   ] [Text        ] Provider: pygame
08-12 21:34:20.063 20547 20579 I python  : [INFO   ] [Window      ] Provider: pygame
08-12 21:34:20.068 20547 20579 I python  : [INFO   ] [GL          ] Using the "OpenGL ES 2" graphics system
08-12 21:34:20.069 20547 20579 I python  : [INFO   ] [GL          ] Backend used <gl>
08-12 21:34:20.069 20547 20579 I python  : [INFO   ] [GL          ] OpenGL version <OpenGL ES 3.2 v1.r22p0-01rel0.f294e54ceb2cb2d81039204fa4b0402e>
08-12 21:34:20.069 20547 20579 I python  : [INFO   ] [GL          ] OpenGL vendor <ARM>
08-12 21:34:20.069 20547 20579 I python  : [INFO   ] [GL          ] OpenGL renderer <Mali-T880>
08-12 21:34:20.070 20547 20579 I python  : [INFO   ] [GL          ] OpenGL parsed version: 3, 2
08-12 21:34:20.070 20547 20579 I python  : [INFO   ] [GL          ] Texture max size <8192>
08-12 21:34:20.070 20547 20579 I python  : [INFO   ] [GL          ] Texture max units <16>
08-12 21:34:20.078 20547 20579 D libGLESv2: STS_GLApi : DTS, ODTC are not allowed for Package : org.testmyinv.myinv:python
08-12 21:34:20.081 20547 20579 I python  : [INFO   ] [Support     ] Android install hooks
08-12 21:34:20.082 20547 20579 I python  : [INFO   ] [Window      ] virtual keyboard not allowed, single mode, not docked
08-12 21:34:20.086 20547 20579 I python  :  Traceback (most recent call last):
08-12 21:34:20.086 20547 20579 I python  :    File "/home/kivy/Desktop/build/android/app/main.py", line 20, in <module>
08-12 21:34:20.087 20547 20579 I python  :  ImportError: No module named parse
08-12 21:34:20.115 20547 20579 I python  : Python for android ended.
08-12 21:34:20.199  3662 12311 I WindowManager: WIN DEATH: Window{1104be8 u0 org.testmyinv.myinv/org.renpy.android.PythonActivity}
08-12 21:34:20.200  3662 12311 I WindowManager: Destroying surface Surface(name=org.testmyinv.myinv/org.renpy.android.PythonActivity) called by com.android.server.wm.WindowStateAnimator.destroySurface:2501 com.android.server.wm.WindowStateAnimator.destroySurfaceLocked:985 com.android.server.wm.WindowState.removeImmediately:2404 com.android.server.wm.WindowState.removeIfPossible:2606 com.android.server.wm.WindowState.-wrap1:0 com.android.server.wm.WindowState$DeathRecipient.binderDied:3151 android.os.BinderProxy.sendDeathNotice:841 <bottom of call stack> 
08-12 21:34:20.202  3662  4205 I ActivityManager: Process org.testmyinv.myinv:python (pid 20547) has died: fore TOP (184,1752)
08-12 21:34:20.203  3207  3229 I SurfaceFlinger: id=48 Removed org.testmyinv.myinv/org.renpy.android.PythonActivity#0 (1/4)
08-12 21:34:20.208  3207  3229 I SurfaceFlinger: id=48 Removed org.testmyinv.myinv/org.renpy.android.PythonActivity#0 (-2/4)
08-12 21:34:20.210  3662  4205 W ActivityManager: Force removing ActivityRecord{9718f21 u0 org.testmyinv.myinv/org.renpy.android.PythonActivity t9}: app died, no saved state
08-12 21:34:20.220  3207  3207 I SurfaceFlinger: id=48 Removed org.testmyinv.myinv/org.renpy.android.PythonActivity#0 (-2/4)
08-12 21:34:20.239  3207  3207 I Layer   : id=48 onRemoved org.testmyinv.myinv/org.renpy.android.PythonActivity#0 
08-12 21:34:20.240  3207  3207 I Layer   : id=50 onRemoved Background for - SurfaceView - org.testmyinv.myinv/org.renpy.android.PythonActivity@1c7006@0#0 
08-12 21:34:20.240  3207  3207 I Layer   : id=49 onRemoved SurfaceView - org.testmyinv.myinv/org.renpy.android.PythonActivity@1c7006@0#0 
08-12 21:34:20.384  3662 12311 D PackageManager: getComponentMetadataForIconTray : org.renpy.android.PythonActivity does not exist in mServices
08-12 21:34:20.384  3662 12311 D PackageManager: getComponentMetadataForIconTray : org.renpy.android.PythonActivity does not exist in mProviders
08-12 21:34:20.384  3662 12311 D PackageManager: getComponentMetadataForIconTray : org.renpy.android.PythonActivity does not exist in mReceivers
08-12 21:34:26.270  3662  3662 I ActivityManager: Start proc 20597:org.testmyinv.myinv:python/u0a31 for activity org.testmyinv.myinv/org.renpy.android.PythonActivity
08-12 21:34:26.276 20597 20597 I SELinux : SELinux: seapp_context_lookup: seinfo=untrusted, level=s0:c512,c768, pkgname=org.testmyinv.myinv:python 
08-12 21:34:26.303  3662  4402 I ActivityManager: START u0 {act=android.intent.action.MAIN typ=null flg=0x10200000 cmp=ComponentInfo{org.testmyinv.myinv/org.renpy.android.PythonActivity}} from uid 10080
08-12 21:34:26.322  3662  7541 D ActivityManager: applyOptionsLocked, ANIM_CUSTOM_SCALE_UP, task.getRootActivity() : ActivityRecord{35b36cf u0 org.testmyinv.myinv/org.renpy.android.PythonActivity t10}, task.getTaskToReturnTo() : 1
08-12 21:34:26.366  3662  3950 D GameManagerService: handleForegroundChange(). pkgName: org.testmyinv.myinv, clsName: org.renpy.android.PythonActivity,FgActivityName:org.testmyinv.myinv/org.renpy.android.PythonActivity
08-12 21:34:26.500  3662  3805 D MdnieScenarioControlService:  packageName : org.testmyinv.myinv    className : org.renpy.android.PythonActivity
08-12 21:34:26.503 20597 20597 V python  : metadata fullscreen is0
08-12 21:34:26.535 20597 20622 W linker  : /data/app/org.testmyinv.myinv-7TpjdKRHow-VCRG2qpfoxw==/lib/arm/libpython2.7.so: is missing DT_SONAME will use basename as a replacement: "libpython2.7.so"
08-12 21:34:26.539 20597 20622 W linker  : /data/data/org.testmyinv.myinv/files/lib/python2.7/lib-dynload/_io.so: is missing DT_SONAME will use basename as a replacement: "_io.so"
08-12 21:34:26.541 20597 20622 W linker  : /data/data/org.testmyinv.myinv/files/lib/python2.7/lib-dynload/unicodedata.so: is missing DT_SONAME will use basename as a replacement: "unicodedata.so"
08-12 21:34:26.543 20597 20622 I python  : Starting audio thread
08-12 21:34:26.545 20597 20597 D ViewRootImpl@ef296eb[PythonActivity]: setView = DecorView@c080c48[PythonActivity] TM=true MM=false
08-12 21:34:26.548 20597 20597 D ViewRootImpl@ef296eb[PythonActivity]: dispatchAttachedToWindow
08-12 21:34:26.550  3662  4205 V WindowManager: Relayout Window{36c88b6 u0 org.testmyinv.myinv/org.renpy.android.PythonActivity}: viewVisibility=0 req=1440x2464 WM.LayoutParams{(0,0)(fillxfill) sim=#123 ty=1 fl=#1810100 wanim=0x10302ea needsMenuKey=2 colorMode=0 naviIconColor=0}
08-12 21:34:26.552  3207  3207 I SurfaceFlinger: id=53 createSurf (1440x2560),1 flag=404, org.testmyinv.myinv/org.renpy.android.PythonActivity#0
08-12 21:34:26.558 20597 20597 D ViewRootImpl@ef296eb[PythonActivity]: Relayout returned: old=[0,0][0,0] new=[0,0][1440,2560] result=0x7 surface={valid=true 3548884992} changed=true
08-12 21:34:26.569  3207  3207 I SurfaceFlinger: id=54 createSurf (1440x2464),4 flag=404, SurfaceView - org.testmyinv.myinv/org.renpy.android.PythonActivity@e1b6c7@0#0
08-12 21:34:26.569  3207  3207 I SurfaceFlinger: id=55 createSurf (1440x2464),-1 flag=20404, Background for - SurfaceView - org.testmyinv.myinv/org.renpy.android.PythonActivity@e1b6c7@0#0
08-12 21:34:26.570 20597 20597 D SurfaceView: BG show() Surface(name=Background for - SurfaceView - org.testmyinv.myinv/org.renpy.android.PythonActivity@e1b6c7@0) org.renpy.android.SDLSurfaceView{e1b6c7 V.E...... ......ID 0,0-1440,2464}
08-12 21:34:26.575 20597 20623 D libGLESv1: STS_GLApi : DTS, ODTC are not allowed for Package : org.testmyinv.myinv:python
08-12 21:34:26.580 20597 20597 D ViewRootImpl@ef296eb[PythonActivity]: MSG_RESIZED_REPORT: frame=Rect(0, 0 - 1440, 2560) ci=Rect(0, 96 - 0, 0) vi=Rect(0, 96 - 0, 0) or=1
08-12 21:34:26.580 20597 20597 D ViewRootImpl@ef296eb[PythonActivity]: MSG_WINDOW_FOCUS_CHANGED 1
08-12 21:34:26.590 20597 20636 I python  : presplash-fit is null
08-12 21:34:26.591 20597 20636 I python  : presplash (fit=null) mx=1,406250,my=2,406250
08-12 21:34:26.593  3662  4205 V WindowManager: Relayout Window{36c88b6 u0 org.testmyinv.myinv/org.renpy.android.PythonActivity}: viewVisibility=0 req=1440x2560 WM.LayoutParams{(0,0)(fillxfill) sim=#23 ty=1 fl=#1810100 fmt=-3 wanim=0x10302ea needsMenuKey=2 colorMode=0 naviIconColor=0}
08-12 21:34:26.597 20597 20597 D ViewRootImpl@ef296eb[PythonActivity]: Relayout returned: old=[0,0][1440,2560] new=[0,0][1440,2560] result=0x3 surface={valid=true 3548884992} changed=false
08-12 21:34:26.613  3662  4205 V WindowManager: finishDrawingLocked: mDrawState=COMMIT_DRAW_PENDING Window{36c88b6 u0 org.testmyinv.myinv/org.renpy.android.PythonActivity} in Surface(name=org.testmyinv.myinv/org.renpy.android.PythonActivity)
08-12 21:34:26.621  3662  3695 I ActivityManager: Displayed org.testmyinv.myinv/org.renpy.android.PythonActivity: +293ms
08-12 21:34:26.625 20597 20636 I python  : Initialize Python for Android
08-12 21:34:26.647  3207  3207 D SurfaceFlinger:       GLES | 7aa082d300 | 0000 | 0020 | 00 | 0100 | RGBA_8888   |    0.0,    0.0, 1440.0, 2464.0 |    0,   97, 1439, 2560 | SurfaceView - org.testmyinv.myinv/org.renpy.android.PythonActivity@e1b6c7@0
08-12 21:34:26.663  3207  3207 D SurfaceFlinger:        HWC | 7aa082d300 | 0000 | 0020 | 00 | 0100 | RGBA_8888   |    0.0,    0.0, 1440.0, 2464.0 |    0,   96, 1440, 2560 | SurfaceView - org.testmyinv.myinv/org.renpy.android.PythonActivity@e1b6c7@0#0
08-12 21:34:26.682 20597 20636 I python  : ['/data/user/0/org.testmyinv.myinv/files/lib/python2.7/site-packages', '/data/user/0/org.testmyinv.myinv/files/lib/site-python']
08-12 21:34:26.683 20597 20636 I python  : Android path ['/data/user/0/org.testmyinv.myinv/files/lib/python27.zip', '/data/user/0/org.testmyinv.myinv/files/lib/python2.7', '/data/user/0/org.testmyinv.myinv/files/lib/python2.7/lib-dynload', '/data/user/0/org.testmyinv.myinv/files/lib/python2.7/site-packages', '/data/user/0/org.testmyinv.myinv/files', '/data/user/0/org.testmyinv.myinv/files/_applibs']
08-12 21:34:26.683 20597 20636 I python  : Android kivy bootstrap done. __name__ is __main__
08-12 21:34:26.683 20597 20636 I python  : Run user program, change dir and execute main.py
08-12 21:34:26.684  3207  3207 D SurfaceFlinger:        HWC | 7aa082d300 | 0000 | 0020 | 00 | 0100 | RGBA_8888   |    0.0,    0.0, 1440.0, 2464.0 |    0,   96, 1440, 2560 | SurfaceView - org.testmyinv.myinv/org.renpy.android.PythonActivity@e1b6c7@0#0
08-12 21:34:26.684  3207  3207 D SurfaceFlinger:        HWC | 7a9c6b38c0 | 0000 | 0000 | 00 | 0105 | RGBA_8888   |    0.0,    0.0, 1440.0,   96.0 |    0,    0, 1440,   96 | org.testmyinv.myinv/org.renpy.android.PythonActivity#0
08-12 21:34:26.693  3207  3207 D SurfaceFlinger:        HWC | 7aa082d300 | 0000 | 0020 | 00 | 0100 | RGBA_8888   |    0.0,    0.0, 1440.0, 2464.0 |    0,   96, 1440, 2560 | SurfaceView - org.testmyinv.myinv/org.renpy.android.PythonActivity@e1b6c7@0#0
08-12 21:34:26.693  3207  3207 D SurfaceFlinger:        HWC | 7a9c6b38c0 | 0000 | 0000 | 00 | 0105 | RGBA_8888   |    0.0,    0.0, 1440.0,   96.0 |    0,    0, 1440,   96 | org.testmyinv.myinv/org.renpy.android.PythonActivity#0
08-12 21:34:26.704 20597 20636 W linker  : /data/data/org.testmyinv.myinv/files/lib/python2.7/lib-dynload/_hashlib.so: is missing DT_SONAME will use basename as a replacement: "_hashlib.so"
08-12 21:34:26.778 20597 20636 I python  : [INFO   ] [Logger      ] Record log in /data/user/0/org.testmyinv.myinv/files/.kivy/logs/kivy_18-08-12_2.txt
08-12 21:34:26.778 20597 20636 I python  : [INFO   ] [Kivy        ] v1.10.1
08-12 21:34:26.779 20597 20636 I python  : [INFO   ] [Python      ] v2.7.2 (default, Aug 12 2018, 19:26:50) 
08-12 21:34:26.779 20597 20636 I python  : [GCC 4.8]
08-12 21:34:26.788 20597 20636 W linker  : /data/data/org.testmyinv.myinv/files/lib/python2.7/lib-dynload/_ctypes.so: is missing DT_SONAME will use basename as a replacement: "_ctypes.so"
08-12 21:34:26.801 20597 20636 I python  : [INFO   ] [Factory     ] 194 symbols loaded
08-12 21:34:26.811  3662  3805 D MdnieScenarioControlService:  packageName : org.testmyinv.myinv    className : org.renpy.android.PythonActivity
08-12 21:34:27.233 20597 20636 I python  :  /data/user/0/org.testmyinv.myinv/files/lib/python2.7/site-packages/kivy/core/image/img_pygame.py:12: RuntimeWarning: import cdrom: No module named cdrom
08-12 21:34:27.233 20597 20636 I python  :  (ImportError: No module named cdrom)
08-12 21:34:27.243 20597 20636 I python  : [INFO   ] [Image       ] Providers: img_tex, img_dds, img_pygame, img_gif (img_pil, img_ffpyplayer ignored)
08-12 21:34:27.257 20597 20636 W linker  : /data/data/org.testmyinv.myinv/files/lib/python2.7/lib-dynload/_ssl.so: is missing DT_SONAME will use basename as a replacement: "_ssl.so"
08-12 21:34:27.280 20597 20636 I python  : [INFO   ] [Text        ] Provider: pygame
08-12 21:34:27.701 20597 20636 I python  : [INFO   ] [Window      ] Provider: pygame
08-12 21:34:27.706 20597 20636 I python  : [INFO   ] [GL          ] Using the "OpenGL ES 2" graphics system
08-12 21:34:27.707 20597 20636 I python  : [INFO   ] [GL          ] Backend used <gl>
08-12 21:34:27.707 20597 20636 I python  : [INFO   ] [GL          ] OpenGL version <OpenGL ES 3.2 v1.r22p0-01rel0.f294e54ceb2cb2d81039204fa4b0402e>
08-12 21:34:27.707 20597 20636 I python  : [INFO   ] [GL          ] OpenGL vendor <ARM>
08-12 21:34:27.708 20597 20636 I python  : [INFO   ] [GL          ] OpenGL renderer <Mali-T880>
08-12 21:34:27.708 20597 20636 I python  : [INFO   ] [GL          ] OpenGL parsed version: 3, 2
08-12 21:34:27.708 20597 20636 I python  : [INFO   ] [GL          ] Texture max size <8192>
08-12 21:34:27.708 20597 20636 I python  : [INFO   ] [GL          ] Texture max units <16>
08-12 21:34:27.716 20597 20636 D libGLESv2: STS_GLApi : DTS, ODTC are not allowed for Package : org.testmyinv.myinv:python
08-12 21:34:27.719 20597 20636 I python  : [INFO   ] [Support     ] Android install hooks
08-12 21:34:27.720 20597 20636 I python  : [INFO   ] [Window      ] virtual keyboard not allowed, single mode, not docked
08-12 21:34:27.724 20597 20636 I python  :  Traceback (most recent call last):
08-12 21:34:27.724 20597 20636 I python  :    File "/home/kivy/Desktop/build/android/app/main.py", line 20, in <module>
08-12 21:34:27.725 20597 20636 I python  :  ImportError: No module named parse
08-12 21:34:27.752 20597 20636 I python  : Python for android ended.
08-12 21:34:27.808  3662 11487 I WindowManager: WIN DEATH: Window{36c88b6 u0 org.testmyinv.myinv/org.renpy.android.PythonActivity}
08-12 21:34:27.809  3207  3207 I SurfaceFlinger: id=54 Removed SurfaceView - org.testmyinv.myinv/org.renpy.android.PythonActivity@e1b6c7@0#0 (1/5)
08-12 21:34:27.809  3662 11487 I WindowManager: Destroying surface Surface(name=org.testmyinv.myinv/org.renpy.android.PythonActivity) called by com.android.server.wm.WindowStateAnimator.destroySurface:2501 com.android.server.wm.WindowStateAnimator.destroySurfaceLocked:985 com.android.server.wm.WindowState.removeImmediately:2404 com.android.server.wm.WindowState.removeIfPossible:2606 com.android.server.wm.WindowState.-wrap1:0 com.android.server.wm.WindowState$DeathRecipient.binderDied:3151 android.os.BinderProxy.sendDeathNotice:841 <bottom of call stack> 
08-12 21:34:27.811  3207  3228 I SurfaceFlinger: id=53 Removed org.testmyinv.myinv/org.renpy.android.PythonActivity#0 (1/4)
08-12 21:34:27.816  3207  3228 I SurfaceFlinger: id=53 Removed org.testmyinv.myinv/org.renpy.android.PythonActivity#0 (-2/4)
08-12 21:34:27.817  3662  4205 I ActivityManager: Process org.testmyinv.myinv:python (pid 20597) has died: fore TOP (196,1741)
08-12 21:34:27.818  3662  4205 W ActivityManager: Force removing ActivityRecord{35b36cf u0 org.testmyinv.myinv/org.renpy.android.PythonActivity t10}: app died, no saved state
08-12 21:34:27.820  3207  3229 I SurfaceFlinger: id=54 Removed SurfaceView - org.testmyinv.myinv/org.renpy.android.PythonActivity@e1b6c7@0#0 (-2/4)
08-12 21:34:27.839  3207  3207 I SurfaceFlinger: id=53 Removed org.testmyinv.myinv/org.renpy.android.PythonActivity#0 (-2/4)
08-12 21:34:27.839  3207  3207 I Layer   : id=54 onRemoved SurfaceView - org.testmyinv.myinv/org.renpy.android.PythonActivity@e1b6c7@0#0 
08-12 21:34:27.839  3207  3207 I Layer   : id=53 onRemoved org.testmyinv.myinv/org.renpy.android.PythonActivity#0 
08-12 21:34:27.839  3207  3207 I Layer   : id=55 onRemoved Background for - SurfaceView - org.testmyinv.myinv/org.renpy.android.PythonActivity@e1b6c7@0#0 
08-12 21:34:27.944  3662  4964 D PackageManager: getComponentMetadataForIconTray : org.renpy.android.PythonActivity does not exist in mServices
08-12 21:34:27.944  3662  4964 D PackageManager: getComponentMetadataForIconTray : org.renpy.android.PythonActivity does not exist in mProviders
08-12 21:34:27.944  3662  4964 D PackageManager: getComponentMetadataForIconTray : org.renpy.android.PythonActivity does not exist in mReceivers
08-12 21:35:03.222  3662  3662 I ActivityManager: Start proc 20661:org.testmyinv.myinv:python/u0a31 for activity org.testmyinv.myinv/org.renpy.android.PythonActivity
08-12 21:35:03.229 20661 20661 I SELinux : SELinux: seapp_context_lookup: seinfo=untrusted, level=s0:c512,c768, pkgname=org.testmyinv.myinv:python 
08-12 21:35:03.302  3662 11487 I ActivityManager: START u0 {act=android.intent.action.MAIN typ=null flg=0x10200000 cmp=ComponentInfo{org.testmyinv.myinv/org.renpy.android.PythonActivity}} from uid 10080
08-12 21:35:03.335  3662 11487 D ActivityManager: applyOptionsLocked, ANIM_CUSTOM_SCALE_UP, task.getRootActivity() : ActivityRecord{b034e38 u0 org.testmyinv.myinv/org.renpy.android.PythonActivity t11}, task.getTaskToReturnTo() : 1
08-12 21:35:03.350  3662  3950 D GameManagerService: handleForegroundChange(). pkgName: org.testmyinv.myinv, clsName: org.renpy.android.PythonActivity,FgActivityName:org.testmyinv.myinv/org.renpy.android.PythonActivity
08-12 21:35:03.474 20661 20661 V python  : metadata fullscreen is0
08-12 21:35:03.486  3662  3805 D MdnieScenarioControlService:  packageName : org.testmyinv.myinv    className : org.renpy.android.PythonActivity
08-12 21:35:03.506 20661 20685 W linker  : /data/app/org.testmyinv.myinv-7TpjdKRHow-VCRG2qpfoxw==/lib/arm/libpython2.7.so: is missing DT_SONAME will use basename as a replacement: "libpython2.7.so"
08-12 21:35:03.511 20661 20685 W linker  : /data/data/org.testmyinv.myinv/files/lib/python2.7/lib-dynload/_io.so: is missing DT_SONAME will use basename as a replacement: "_io.so"
08-12 21:35:03.512 20661 20685 W linker  : /data/data/org.testmyinv.myinv/files/lib/python2.7/lib-dynload/unicodedata.so: is missing DT_SONAME will use basename as a replacement: "unicodedata.so"
08-12 21:35:03.514 20661 20685 I python  : Starting audio thread
08-12 21:35:03.516 20661 20661 D ViewRootImpl@ef296eb[PythonActivity]: setView = DecorView@c080c48[PythonActivity] TM=true MM=false
08-12 21:35:03.520 20661 20661 D ViewRootImpl@ef296eb[PythonActivity]: dispatchAttachedToWindow
08-12 21:35:03.522  3662  8588 V WindowManager: Relayout Window{5a768f1 u0 org.testmyinv.myinv/org.renpy.android.PythonActivity}: viewVisibility=0 req=1440x2464 WM.LayoutParams{(0,0)(fillxfill) sim=#123 ty=1 fl=#1810100 wanim=0x10302ea needsMenuKey=2 colorMode=0 naviIconColor=0}
08-12 21:35:03.524  3207  3207 I SurfaceFlinger: id=58 createSurf (1440x2560),1 flag=404, org.testmyinv.myinv/org.renpy.android.PythonActivity#0
08-12 21:35:03.531 20661 20661 D ViewRootImpl@ef296eb[PythonActivity]: Relayout returned: old=[0,0][0,0] new=[0,0][1440,2560] result=0x7 surface={valid=true 3548491776} changed=true
08-12 21:35:03.538 20661 20686 D libGLESv1: STS_GLApi : DTS, ODTC are not allowed for Package : org.testmyinv.myinv:python
08-12 21:35:03.542  3207  3207 I SurfaceFlinger: id=59 createSurf (1440x2464),4 flag=404, SurfaceView - org.testmyinv.myinv/org.renpy.android.PythonActivity@e1b6c7@0#0
08-12 21:35:03.542  3207  3207 I SurfaceFlinger: id=60 createSurf (1440x2464),-1 flag=20404, Background for - SurfaceView - org.testmyinv.myinv/org.renpy.android.PythonActivity@e1b6c7@0#0
08-12 21:35:03.543 20661 20661 D SurfaceView: BG show() Surface(name=Background for - SurfaceView - org.testmyinv.myinv/org.renpy.android.PythonActivity@e1b6c7@0) org.renpy.android.SDLSurfaceView{e1b6c7 V.E...... ......ID 0,0-1440,2464}
08-12 21:35:03.556 20661 20661 D ViewRootImpl@ef296eb[PythonActivity]: MSG_RESIZED_REPORT: frame=Rect(0, 0 - 1440, 2560) ci=Rect(0, 96 - 0, 0) vi=Rect(0, 96 - 0, 0) or=1
08-12 21:35:03.556 20661 20661 D ViewRootImpl@ef296eb[PythonActivity]: MSG_WINDOW_FOCUS_CHANGED 1
08-12 21:35:03.566 20661 20699 I python  : presplash-fit is null
08-12 21:35:03.567 20661 20699 I python  : presplash (fit=null) mx=1,406250,my=2,406250
08-12 21:35:03.569  3662 11487 V WindowManager: Relayout Window{5a768f1 u0 org.testmyinv.myinv/org.renpy.android.PythonActivity}: viewVisibility=0 req=1440x2560 WM.LayoutParams{(0,0)(fillxfill) sim=#23 ty=1 fl=#1810100 fmt=-3 wanim=0x10302ea needsMenuKey=2 colorMode=0 naviIconColor=0}
08-12 21:35:03.573 20661 20661 D ViewRootImpl@ef296eb[PythonActivity]: Relayout returned: old=[0,0][1440,2560] new=[0,0][1440,2560] result=0x3 surface={valid=true 3548491776} changed=false
08-12 21:35:03.587  3662 11487 V WindowManager: finishDrawingLocked: mDrawState=COMMIT_DRAW_PENDING Window{5a768f1 u0 org.testmyinv.myinv/org.renpy.android.PythonActivity} in Surface(name=org.testmyinv.myinv/org.renpy.android.PythonActivity)
08-12 21:35:03.593 20661 20699 I python  : Initialize Python for Android
08-12 21:35:03.595  3662  3695 I ActivityManager: Displayed org.testmyinv.myinv/org.renpy.android.PythonActivity: +261ms
08-12 21:35:03.622  3207  3207 D SurfaceFlinger:       GLES | 7a9835fec0 | 0000 | 0020 | 00 | 0100 | RGBA_8888   |    0.0,    0.0, 1440.0, 2464.0 |    0,   99, 1437, 2558 | SurfaceView - org.testmyinv.myinv/org.renpy.android.PythonActivity@e1b6c7@0
08-12 21:35:03.648 20661 20699 I python  : ['/data/user/0/org.testmyinv.myinv/files/lib/python2.7/site-packages', '/data/user/0/org.testmyinv.myinv/files/lib/site-python']
08-12 21:35:03.648 20661 20699 I python  : Android path ['/data/user/0/org.testmyinv.myinv/files/lib/python27.zip', '/data/user/0/org.testmyinv.myinv/files/lib/python2.7', '/data/user/0/org.testmyinv.myinv/files/lib/python2.7/lib-dynload', '/data/user/0/org.testmyinv.myinv/files/lib/python2.7/site-packages', '/data/user/0/org.testmyinv.myinv/files', '/data/user/0/org.testmyinv.myinv/files/_applibs']
08-12 21:35:03.648 20661 20699 I python  : Android kivy bootstrap done. __name__ is __main__
08-12 21:35:03.648 20661 20699 I python  : Run user program, change dir and execute main.py
08-12 21:35:03.656  3207  3207 D SurfaceFlinger:        HWC | 7a9835fec0 | 0000 | 0020 | 00 | 0100 | RGBA_8888   |    0.0,    0.0, 1440.0, 2464.0 |    0,   96, 1440, 2560 | SurfaceView - org.testmyinv.myinv/org.renpy.android.PythonActivity@e1b6c7@0#0
08-12 21:35:03.673 20661 20699 W linker  : /data/data/org.testmyinv.myinv/files/lib/python2.7/lib-dynload/_hashlib.so: is missing DT_SONAME will use basename as a replacement: "_hashlib.so"
08-12 21:35:03.673  3207  3207 D SurfaceFlinger:        HWC | 7a9835fec0 | 0000 | 0020 | 00 | 0100 | RGBA_8888   |    0.0,    0.0, 1440.0, 2464.0 |    0,   96, 1440, 2560 | SurfaceView - org.testmyinv.myinv/org.renpy.android.PythonActivity@e1b6c7@0#0
08-12 21:35:03.673  3207  3207 D SurfaceFlinger:        HWC | 7a8c247980 | 0000 | 0000 | 00 | 0105 | RGBA_8888   |    0.0,    0.0, 1440.0,   96.0 |    0,    0, 1440,   96 | org.testmyinv.myinv/org.renpy.android.PythonActivity#0
08-12 21:35:03.686  3207  3207 D SurfaceFlinger:        HWC | 7a9835fec0 | 0000 | 0020 | 00 | 0100 | RGBA_8888   |    0.0,    0.0, 1440.0, 2464.0 |    0,   96, 1440, 2560 | SurfaceView - org.testmyinv.myinv/org.renpy.android.PythonActivity@e1b6c7@0#0
08-12 21:35:03.686  3207  3207 D SurfaceFlinger:        HWC | 7a8c247980 | 0000 | 0000 | 00 | 0105 | RGBA_8888   |    0.0,    0.0, 1440.0,   96.0 |    0,    0, 1440,   96 | org.testmyinv.myinv/org.renpy.android.PythonActivity#0
08-12 21:35:03.748 20661 20699 I python  : Purge log fired. Analysing...
08-12 21:35:03.749 20661 20699 I python  : Purge finished!
08-12 21:35:03.750 20661 20699 I python  : [INFO   ] [Logger      ] Record log in /data/user/0/org.testmyinv.myinv/files/.kivy/logs/kivy_18-08-12_3.txt
08-12 21:35:03.750 20661 20699 I python  : [INFO   ] [Kivy        ] v1.10.1
08-12 21:35:03.751 20661 20699 I python  : [INFO   ] [Python      ] v2.7.2 (default, Aug 12 2018, 19:26:50) 
08-12 21:35:03.751 20661 20699 I python  : [GCC 4.8]
08-12 21:35:03.759 20661 20699 W linker  : /data/data/org.testmyinv.myinv/files/lib/python2.7/lib-dynload/_ctypes.so: is missing DT_SONAME will use basename as a replacement: "_ctypes.so"
08-12 21:35:03.772 20661 20699 I python  : [INFO   ] [Factory     ] 194 symbols loaded
08-12 21:35:03.800  3662  3805 D MdnieScenarioControlService:  packageName : org.testmyinv.myinv    className : org.renpy.android.PythonActivity
08-12 21:35:04.212 20661 20699 I python  :  /data/user/0/org.testmyinv.myinv/files/lib/python2.7/site-packages/kivy/core/image/img_pygame.py:12: RuntimeWarning: import cdrom: No module named cdrom
08-12 21:35:04.212 20661 20699 I python  :  (ImportError: No module named cdrom)
08-12 21:35:04.222 20661 20699 I python  : [INFO   ] [Image       ] Providers: img_tex, img_dds, img_pygame, img_gif (img_pil, img_ffpyplayer ignored)
08-12 21:35:04.235 20661 20699 W linker  : /data/data/org.testmyinv.myinv/files/lib/python2.7/lib-dynload/_ssl.so: is missing DT_SONAME will use basename as a replacement: "_ssl.so"
08-12 21:35:04.258 20661 20699 I python  : [INFO   ] [Text        ] Provider: pygame
08-12 21:35:04.659 20661 20699 I python  : [INFO   ] [Window      ] Provider: pygame
08-12 21:35:04.664 20661 20699 I python  : [INFO   ] [GL          ] Using the "OpenGL ES 2" graphics system
08-12 21:35:04.664 20661 20699 I python  : [INFO   ] [GL          ] Backend used <gl>
08-12 21:35:04.665 20661 20699 I python  : [INFO   ] [GL          ] OpenGL version <OpenGL ES 3.2 v1.r22p0-01rel0.f294e54ceb2cb2d81039204fa4b0402e>
08-12 21:35:04.665 20661 20699 I python  : [INFO   ] [GL          ] OpenGL vendor <ARM>
08-12 21:35:04.665 20661 20699 I python  : [INFO   ] [GL          ] OpenGL renderer <Mali-T880>
08-12 21:35:04.666 20661 20699 I python  : [INFO   ] [GL          ] OpenGL parsed version: 3, 2
08-12 21:35:04.666 20661 20699 I python  : [INFO   ] [GL          ] Texture max size <8192>
08-12 21:35:04.666 20661 20699 I python  : [INFO   ] [GL          ] Texture max units <16>
08-12 21:35:04.674 20661 20699 D libGLESv2: STS_GLApi : DTS, ODTC are not allowed for Package : org.testmyinv.myinv:python
08-12 21:35:04.677 20661 20699 I python  : [INFO   ] [Support     ] Android install hooks
08-12 21:35:04.678 20661 20699 I python  : [INFO   ] [Window      ] virtual keyboard not allowed, single mode, not docked
08-12 21:35:04.682 20661 20699 I python  :  Traceback (most recent call last):
