08-12 15:55:55.545 12301 12391 W VideoCapabilities: Unsupported mime video/x-ms-wmv7
08-12 15:55:55.546 12301 12391 W VideoCapabilities: Unsupported mime video/x-ms-wmv8
08-12 15:55:55.547 12301 12391 W VideoCapabilities: Unsupported mime video/mp43
08-12 15:55:55.551 12301 12391 W VideoCapabilities: Unsupported mime video/sorenson
08-12 15:55:55.756 12417 12417 E Zygote  : isWhitelistProcess - Process is Whitelisted
08-12 15:55:55.757 12417 12417 E Zygote  : isSdpEnabledProcess - SDP enabled
08-12 15:55:55.759 12417 12417 E Zygote  : isSdpEnabledProcess - SDP enabled
08-12 15:55:55.759 12417 12417 W SELinux : SELinux selinux_android_compute_policy_index : Policy Index[2],  Con:u:r:zygote:s0 RAM:SEPF_SM-G935F_8.0.0_0011, [-1 -1 -1 -1 0 1]
08-12 15:55:55.793 12301 12328 W Ads     : Update ad debug logging enablement as false
08-12 15:55:55.799 12301 12322 W FlurryAgent: Flurry session started for context:com.spox.mobileclient.view.AppStart@c8ddf2f
08-12 15:55:55.799 12301 12322 W FlurryAgent: Flurry session resumed for context:com.spox.mobileclient.view.AppStart@c8ddf2f
08-12 15:55:55.864  1575   582 W Ads     : App does not have the required permissions to get location
08-12 15:55:56.621 12301 12301 W Ads     : Failed to load ad: 3
08-12 15:55:57.148 12301 12435 W FlurryAgent: Analytics report sent.
08-12 15:55:57.178  3669  3687 E memtrack: Couldn't load memtrack module
08-12 15:55:57.178  3669  3687 W android.os.Debug: failed to get memory consumption info: -1
08-12 15:55:57.253  3669  3687 E memtrack: Couldn't load memtrack module
08-12 15:55:57.253  3669  3687 W android.os.Debug: failed to get memory consumption info: -1
08-12 15:56:00.924 12301 12322 W FlurryAgent: Flurry session resumed for context:com.spox.mobileclient.view.Main@e1d4dc5
08-12 15:56:01.296  1575   582 W Ads     : App does not have the required permissions to get location
08-12 15:56:01.519 12301 12322 W FlurryAgent: Flurry session paused for context:com.spox.mobileclient.view.AppStart@c8ddf2f
08-12 15:56:01.868 12301 12301 W Ads     : Failed to load ad: 3
08-12 15:56:02.432 12062 12062 E MTPRx   : DRIVER_TIME_OUT 60s lapsed
08-12 15:56:02.433 12062 12062 E MTPRx   : still no open session command from host, so toast
08-12 15:56:02.500  3669  3687 E memtrack: Couldn't load memtrack module
08-12 15:56:02.500  3669  3687 W android.os.Debug: failed to get memory consumption info: -1
08-12 15:56:02.510 12062 12062 E MTPUSBConnection: AlertDialog Mode is : TIMEOUT
08-12 15:56:03.298  3669  5035 E NotificationService: notification pkg : com.devuni.flashlight has too high data size(361448) above 100000
08-12 15:56:06.348  3669  3687 E memtrack: Couldn't load memtrack module
08-12 15:56:06.348  3669  3687 W android.os.Debug: failed to get memory consumption info: -1
08-12 15:56:06.472  3669  3687 E memtrack: Couldn't load memtrack module
08-12 15:56:06.472  3669  3687 W android.os.Debug: failed to get memory consumption info: -1
08-12 15:56:11.214  3669  3687 E memtrack: Couldn't load memtrack module
08-12 15:56:11.215  3669  3687 W android.os.Debug: failed to get memory consumption info: -1
08-12 15:56:11.271  3669  3687 E memtrack: Couldn't load memtrack module
08-12 15:56:11.271  3669  3687 W android.os.Debug: failed to get memory consumption info: -1
08-12 15:56:11.327  3669  3687 E memtrack: Couldn't load memtrack module
08-12 15:56:11.327  3669  3687 W android.os.Debug: failed to get memory consumption info: -1
08-12 15:56:11.390  3669  3687 E memtrack: Couldn't load memtrack module
08-12 15:56:11.390  3669  3687 W android.os.Debug: failed to get memory consumption info: -1
08-12 15:56:11.439  3669  3687 E memtrack: Couldn't load memtrack module
08-12 15:56:11.439  3669  3687 W android.os.Debug: failed to get memory consumption info: -1
08-12 15:56:11.482  3669  3687 E memtrack: Couldn't load memtrack module
08-12 15:56:11.482  3669  3687 W android.os.Debug: failed to get memory consumption info: -1
08-12 15:56:11.522  3669  3687 E memtrack: Couldn't load memtrack module
08-12 15:56:11.522  3669  3687 W android.os.Debug: failed to get memory consumption info: -1
08-12 15:56:11.548  3669  3687 E memtrack: Couldn't load memtrack module
08-12 15:56:11.548  3669  3687 W android.os.Debug: failed to get memory consumption info: -1
08-12 15:56:11.589  3669  3687 E memtrack: Couldn't load memtrack module
08-12 15:56:11.589  3669  3687 W android.os.Debug: failed to get memory consumption info: -1
08-12 15:56:13.419  3669  4166 E NotificationService: notification pkg : com.devuni.flashlight has too high data size(361668) above 100000
08-12 15:56:15.940  5338  5482 E ContactsProvider_EventLog: Flush buffer to file cnt : 1 size : 1Kb duration : 2ms lastUpdatedAfter : 60142 ms mFlush_time_threasold : 2000 mCurrentSize : 939
08-12 15:56:23.461  3669  4166 E NotificationService: notification pkg : com.devuni.flashlight has too high data size(361888) above 100000
08-12 15:56:23.606  3669  3687 E memtrack: Couldn't load memtrack module
08-12 15:56:23.606  3669  3687 W android.os.Debug: failed to get memory consumption info: -1
08-12 15:56:23.660 12537 12537 E Zygote  : isWhitelistProcess - Process is Whitelisted
08-12 15:56:23.666 12537 12537 W SELinux : SELinux selinux_android_compute_policy_index : Policy Index[2],  Con:u:r:zygote:s0 RAM:SEPF_SM-G935F_8.0.0_0011, [-1 -1 -1 -1 0 1]
08-12 15:56:23.683  3669  3687 E memtrack: Couldn't load memtrack module
08-12 15:56:23.683  3669  3687 W android.os.Debug: failed to get memory consumption info: -1
08-12 15:56:23.746  3669  3687 E memtrack: Couldn't load memtrack module
08-12 15:56:23.746  3669  3687 W android.os.Debug: failed to get memory consumption info: -1
08-12 15:56:23.816  3669  3687 E memtrack: Couldn't load memtrack module
08-12 15:56:23.816  3669  3687 W android.os.Debug: failed to get memory consumption info: -1
08-12 15:56:23.904  4819  5477 W GCoreFlp: No location to return for getLastLocation()
08-12 15:56:23.915  4245  4293 E RequestManager_FLP: [FusedLocationApi] Location batching request c601ac4 PRIORITY_BALANCED_POWER_ACCURACY interval=570000 maxWaitTime = 855000 from com.luckystar.filetransfer
08-12 15:56:23.929  4819  5477 W GCoreFlp: No location to return for getLastLocation()
08-12 15:56:23.932  4819  5477 W GCoreFlp: No location to return for getLastLocation()
08-12 15:56:25.653  3669  3793 E TLC_TIMA_PKM_initialize: tima_pkm : /system/etc/tima/kern_sec_info1
08-12 15:56:25.660  3669  3793 E TLC_TIMA_PKM_initialize: tima_pkm : /system/etc/tima/kern_sec_info2
08-12 15:56:25.667  3669  3793 E TLC_TIMA_PKM_initialize: tima_pkm : /system/etc/tima/kern_sec_info3
08-12 15:56:25.673  3669  3793 E TLC_TIMA_PKM_initialize: tima_pkm : /system/etc/tima/kern_sec_info4
08-12 15:56:25.679  3669  3793 E TLC_TIMA_PKM_initialize: tima_pkm : /system/etc/tima/kern_sec_info5
08-12 15:56:25.704  3669  3793 E TLC_TIMA_PKM_initialize: tima_pkm : /system/etc/tima/kern_sec_info6
08-12 15:56:25.714  3669  3793 E TLC_TIMA_PKM_initialize: tima_pkm : /system/etc/tima/kern_sec_info7
08-12 15:56:25.720  3669  3793 E TLC_TIMA_PKM_initialize: tima_pkm : /system/etc/tima/kern_sec_info8
08-12 15:56:33.529  3669  5035 E NotificationService: notification pkg : com.devuni.flashlight has too high data size(362108) above 100000
08-12 15:56:43.591  3669  5035 E NotificationService: notification pkg : com.devuni.flashlight has too high data size(362328) above 100000
08-12 15:56:53.653  3669  5035 E NotificationService: notification pkg : com.devuni.flashlight has too high data size(362548) above 100000
08-12 15:56:53.856 12537 12565 W OneSignal: Location permission exists but GoogleApiClient timed out. Maybe related to mismatch google-play aar versions.
08-12 15:56:53.863  4245  4293 E RequestManager_FLP: [FusedLocationApi] Location remove c601ac4 from com.luckystar.filetransfer
08-12 15:56:53.870  4819  5477 W GCoreFlp: No location to return for getLastLocation()
08-12 15:57:03.702  3669  8664 E NotificationService: notification pkg : com.devuni.flashlight has too high data size(362768) above 100000
08-12 15:57:13.776  3669  8664 E NotificationService: notification pkg : com.devuni.flashlight has too high data size(362988) above 100000
08-12 15:57:16.081  5338  5482 E ContactsProvider_EventLog: Flush buffer to file cnt : 1 size : 1Kb duration : 2ms lastUpdatedAfter : 60141 ms mFlush_time_threasold : 2000 mCurrentSize : 939
08-12 15:57:23.832  3669  3687 E memtrack: Couldn't load memtrack module
08-12 15:57:23.832  3669  3687 W android.os.Debug: failed to get memory consumption info: -1
08-12 15:57:23.838  3669  8664 E NotificationService: notification pkg : com.devuni.flashlight has too high data size(363208) above 100000
08-12 15:57:28.916  3669  3687 E memtrack: Couldn't load memtrack module
08-12 15:57:28.916  3669  3687 W android.os.Debug: failed to get memory consumption info: -1
08-12 15:57:33.890  3669  8664 E NotificationService: notification pkg : com.devuni.flashlight has too high data size(363428) above 100000
08-12 15:57:43.951  3669  8664 E NotificationService: notification pkg : com.devuni.flashlight has too high data size(363648) above 100000
08-12 15:57:54.005  3669  8664 E NotificationService: notification pkg : com.devuni.flashlight has too high data size(363868) above 100000
08-12 15:57:54.618  4073  4073 E KeyguardFingerPrint: updateFingerprintListeningState#mFingerprintRunningState=0 shouldListenForFingerprint=false
08-12 15:57:54.740  3669  4046 W CAE     : unregisterCallback(ContextAwareService.java:217) - [unregi 01] Mutex is locked for AUTO_BRIGHTNESS
08-12 15:57:54.748  3194  3758 E Sensors : inject_scontext_data: New ssp_data_injection_fd(27)
08-12 15:57:54.767  3669  4046 W CAE     : unregisterCallback(ContextAwareService.java:252) - [unregi 02] Mutex is unlocked for AUTO_BRIGHTNESS
08-12 15:57:55.280  3194  3758 E Sensors : inject_scontext_data: New ssp_data_injection_fd(27)
08-12 15:57:55.284  3194  3758 E Sensors : inject_scontext_data: New ssp_data_injection_fd(27)
08-12 15:57:55.480  4073  4073 E KeyguardFingerPrint: updateFingerprintListeningState#mFingerprintRunningState=0 shouldListenForFingerprint=false
08-12 15:57:55.679  9567  9698 W bt_btm  : btm_ble_disable_resolving_list() rl_state = 0x1b, rl_mask = 0x2, to_resume = 1
08-12 15:57:55.707  9567  9647 E BtGatt.GattService: [GSIM LOG]: gsimLogHandler, msg: MESSAGE_SCAN_STOP, appName: android.uid.bcmgr, scannerId: 4, reportDelayMillis=0
08-12 15:57:55.731  3669  4166 E NotificationService: notification pkg : com.devuni.flashlight has too high data size(364088) above 100000
08-12 15:57:55.768  8233  8304 W System.err: android.content.pm.PackageManager$NameNotFoundException: com.tencent.qqpimsecure
08-12 15:57:55.769  8233  8304 W System.err: 	at android.app.ApplicationPackageManager.getPackageInfoAsUser(ApplicationPackageManager.java:298)
08-12 15:57:55.769  8233  8304 W System.err: 	at android.app.ApplicationPackageManager.getPackageInfo(ApplicationPackageManager.java:269)
08-12 15:57:55.769  8233  8304 W System.err: 	at com.kingroot.kinguser.btt.R(Unknown Source:7)
08-12 15:57:55.769  8233  8304 W System.err: 	at com.kingroot.kinguser.bll.Ie(Unknown Source:7)
08-12 15:57:55.769  8233  8304 W System.err: 	at com.kingroot.kinguser.anz.Ie(SourceFile:461)
08-12 15:57:55.769  8233  8304 W System.err: 	at com.kingroot.kinguser.any.Ie(SourceFile:298)
08-12 15:57:55.769  8233  8304 W System.err: 	at com.kingroot.kinguser.avq$6.run(SourceFile:357)
08-12 15:57:55.769  8233  8304 W System.err: 	at com.kingroot.kinguser.aze.a(SourceFile:16)
08-12 15:57:55.769  8233  8304 W System.err: 	at com.kingroot.kinguser.ayx.run(SourceFile:76)
08-12 15:57:55.769  8233  8304 W System.err: 	at com.kingroot.kinguser.ayy.run(SourceFile:64)
08-12 15:57:55.769  8233  8304 W System.err: 	at java.util.concurrent.Executors$RunnableAdapter.call(Executors.java:457)
08-12 15:57:55.769  8233  8304 W System.err: 	at java.util.concurrent.FutureTask.run(FutureTask.java:266)
08-12 15:57:55.769  8233  8304 W System.err: 	at java.util.concurrent.ThreadPoolExecutor.runWorker(ThreadPoolExecutor.java:1162)
08-12 15:57:55.769  8233  8304 W System.err: 	at java.util.concurrent.ThreadPoolExecutor$Worker.run(ThreadPoolExecutor.java:636)
08-12 15:57:55.769  8233  8304 W System.err: 	at com.kingroot.kinguser.azf$1.run(SourceFile:37)
08-12 15:57:55.769  8233  8304 W System.err: 	at java.lang.Thread.run(Thread.java:764)
08-12 15:57:55.789  3287  3287 E audit   : type=1400 audit(1534082275.777:2086): avc:  denied  { read } for  pid=12608 comm="kd" name="stat" dev="proc" ino=4026534927 scontext=u:r:untrusted_app_25:s0:c512,c768 tcontext=u:object_r:proc_stat:s0 tclass=file permissive=0 SEPF_SM-G935F_8.0.0_0011 audit_filtered
08-12 15:57:55.805  9567  9647 E BtGatt.GattService: [GSIM LOG]: gsimLogHandler, msg: MESSAGE_SCAN_START, appName: android.uid.bcmgr, scannerId: 4, reportDelayMillis=0
08-12 15:57:55.825  9567  9639 E BtGatt.ScanManager: default value of curScanSetting 0 is choosen
08-12 15:57:55.825  9567  9698 W bt_btm  : btm_ble_enable_resolving_list() rl_state = 0x19, rl_mask = 0x2
08-12 15:57:55.826  9567  9698 W bt_btm  : btm_ble_disable_resolving_list() rl_state = 0x1b, rl_mask = 0x2, to_resume = 1
08-12 15:57:55.826  9567  9698 W bt_btm  : btm_ble_enable_resolving_list() rl_state = 0x19, rl_mask = 0x2
08-12 15:57:55.844  3287  3287 E audit   : type=1400 audit(1534082275.827:2087): avc:  denied  { read } for  pid=12614 comm="kd" name="stat" dev="proc" ino=4026534927 scontext=u:r:untrusted_app_25:s0:c512,c768 tcontext=u:object_r:proc_stat:s0 tclass=file permissive=0 SEPF_SM-G935F_8.0.0_0011 audit_filtered
08-12 15:57:55.901  3287  3287 E audit   : type=1400 audit(1534082275.887:2088): avc:  denied  { read } for  pid=12622 comm="kd" name="stat" dev="proc" ino=4026534927 scontext=u:r:untrusted_app_25:s0:c512,c768 tcontext=u:object_r:proc_stat:s0 tclass=file permissive=0 SEPF_SM-G935F_8.0.0_0011 audit_filtered
08-12 15:57:55.937  3287  3287 E audit   : type=1400 audit(1534082275.927:2089): avc:  denied  { read } for  pid=8233 comm="PublicHandlerTh" name="version" dev="proc" ino=4026534929 scontext=u:r:untrusted_app_25:s0:c512,c768 tcontext=u:object_r:proc:s0 tclass=file permissive=0 SEPF_SM-G935F_8.0.0_0011 audit_filtered
08-12 15:57:55.944  3287  3287 E audit   : type=1400 audit(1534082275.927:2090): avc:  denied  { read } for  pid=12631 comm="kd" name="stat" dev="proc" ino=4026534927 scontext=u:r:untrusted_app_25:s0:c512,c768 tcontext=u:object_r:proc_stat:s0 tclass=file permissive=0 SEPF_SM-G935F_8.0.0_0011 audit_filtered
08-12 15:57:59.763 12301 12322 W FlurryAgent: Flurry session paused for context:com.spox.mobileclient.view.Main@e1d4dc5
08-12 15:57:59.845  4073  4073 W SamsungAnalytics: [SamsungAnalytics] Attempt to invoke virtual method 'int com.samsung.context.sdk.samsunganalytics.a.b.a(java.util.Map)' on a null object reference
08-12 15:57:59.860  4073  4073 E KeyguardFingerPrint: updateFingerprintListeningState#mFingerprintRunningState=0 shouldListenForFingerprint=false
08-12 15:57:59.912  4073  4073 E KeyguardFingerPrint: updateFingerprintListeningState#mFingerprintRunningState=0 shouldListenForFingerprint=false
08-12 15:58:04.074  3669  5035 E NotificationService: notification pkg : com.devuni.flashlight has too high data size(364308) above 100000
08-12 15:58:09.769 12301 12322 W FlurryAgent: Flurry session ended
08-12 15:58:11.194 12301 12676 W FlurryAgent: Analytics report sent.
08-12 15:58:13.346  3669  3669 W MotionRecognitionService: SAR_GRIP 
08-12 15:58:13.361  4384  4645 E ImsAdaptorImpl: setSSACInfo : ImsAdaptorImpl.
08-12 15:58:13.378  3669  3669 W MotionRecognitionService: SAR_PROX
08-12 15:58:13.392  3669  3669 E MotionRecognitionService: GripVal = [0]
08-12 15:58:13.393  3669  3786 E MotionRecognitionService: handleMessage: event 200 value : 1
08-12 15:58:13.439  3669  3786 E MotionRecognitionService: handleMessage: event 200 value : 2
08-12 15:58:13.443  4073  4073 E GlobalActionsDialog: onServiceStateChanged inAirplaneMode=false inAirplaneModeOn=false
08-12 15:58:13.443  4073  4073 W GlobalActionsDialog: onServiceStateChanged inAirplaneMode=false mAirplaneState=Off
08-12 15:58:13.452  4073  4073 E GlobalActionsDialog: onServiceStateChanged inAirplaneMode=false inAirplaneModeOn=false
08-12 15:58:13.452  4073  4073 W GlobalActionsDialog: onServiceStateChanged inAirplaneMode=false mAirplaneState=Off
08-12 15:58:14.050  3669  3786 E MotionRecognitionService: handleMessage: event 200 value : 1
08-12 15:58:14.127  3669  4962 E NotificationService: notification pkg : com.devuni.flashlight has too high data size(364528) above 100000
08-12 15:58:16.216  5338  5482 E ContactsProvider_EventLog: Flush buffer to file cnt : 1 size : 1Kb duration : 2ms lastUpdatedAfter : 60135 ms mFlush_time_threasold : 2000 mCurrentSize : 939
08-12 15:58:23.718  3669  3687 E memtrack: Couldn't load memtrack module
08-12 15:58:23.718  3669  3669 W MotionRecognitionService: SAR_GRIP 
08-12 15:58:23.718  3669  3687 W android.os.Debug: failed to get memory consumption info: -1
08-12 15:58:23.725  3669  3669 W MotionRecognitionService: SAR_PROX
08-12 15:58:23.726  3669  3786 E MotionRecognitionService: handleMessage: event 200 value : 1
08-12 15:58:23.737  3669  3786 E MotionRecognitionService: handleMessage: event 200 value : 2
08-12 15:58:23.761  4384  4645 E ImsAdaptorImpl: setSSACInfo : ImsAdaptorImpl.
08-12 15:58:23.801  4073  4073 E GlobalActionsDialog: onServiceStateChanged inAirplaneMode=false inAirplaneModeOn=false
08-12 15:58:23.801  4073  4073 W GlobalActionsDialog: onServiceStateChanged inAirplaneMode=false mAirplaneState=Off
08-12 15:58:23.821  3669  3687 E memtrack: Couldn't load memtrack module
08-12 15:58:23.821  3669  3687 W android.os.Debug: failed to get memory consumption info: -1
08-12 15:58:23.842  4073  4073 E GlobalActionsDialog: onServiceStateChanged inAirplaneMode=false inAirplaneModeOn=false
08-12 15:58:23.842  4073  4073 W GlobalActionsDialog: onServiceStateChanged inAirplaneMode=false mAirplaneState=Off
08-12 15:58:24.209  3669  5035 E NotificationService: notification pkg : com.devuni.flashlight has too high data size(364748) above 100000
08-12 15:58:34.250  3669  5035 E NotificationService: notification pkg : com.devuni.flashlight has too high data size(364968) above 100000
08-12 15:58:37.249  3669  3687 E memtrack: Couldn't load memtrack module
08-12 15:58:37.249  3669  3687 W android.os.Debug: failed to get memory consumption info: -1
08-12 15:58:37.383  3669  3687 E memtrack: Couldn't load memtrack module
08-12 15:58:37.383  3669  3687 W android.os.Debug: failed to get memory consumption info: -1
08-12 15:58:43.316 10300 10728 E memtrack: Couldn't load memtrack module
08-12 15:58:43.316 10300 10728 W android.os.Debug: failed to get memory consumption info: -1
08-12 15:58:44.327  3669  5035 E NotificationService: notification pkg : com.devuni.flashlight has too high data size(365184) above 100000
08-12 15:59:16.345  5338  5482 E ContactsProvider_EventLog: Flush buffer to file cnt : 1 size : 1Kb duration : 2ms lastUpdatedAfter : 60128 ms mFlush_time_threasold : 2000 mCurrentSize : 939
08-12 15:59:17.819  3669  3687 E memtrack: Couldn't load memtrack module
08-12 15:59:17.819  3669  3687 W android.os.Debug: failed to get memory consumption info: -1
08-12 15:59:20.910  4819  5186 E WakeLock: GCM_HB_ALARM release without a matched acquire!
08-12 15:59:21.046 12728 12728 E Zygote  : isWhitelistProcess - Process is Whitelisted
08-12 15:59:21.053 12728 12728 W SELinux : SELinux selinux_android_compute_policy_index : Policy Index[2],  Con:u:r:zygote:s0 RAM:SEPF_SM-G935F_8.0.0_0011, [-1 -1 -1 -1 0 1]
08-12 15:59:21.261 12728 12728 W linker  : "/data/app/com.google.android.gms-nyMoQjAaohi5NlRNZN0G4Q==/base.apk!/lib/arm64-v8a/libconscrypt_gmscore_jni.so" unused DT entry: type 0xf arg 0x8a
08-12 15:59:21.394 12728 12728 E zygote64: The String#value field is not present on Android versions >= 6.0
08-12 15:59:21.413 12728 12728 W Primes  : Primes not initialized, returning default (no-op) Primes instance which will ignore all calls. Please call Primes.initialize(...) before using any Primes API.
08-12 15:59:21.459 12728 12728 W zygote64: Skipping duplicate class check due to unrecognized classloader
08-12 15:59:21.526 12728 12728 E zygote64: The String#value field is not present on Android versions >= 6.0
08-12 15:59:21.629  4819  8099 E NetworkScheduler.ATC: Called cancelTask for already completed task com.google.android.gms/.measurement.PackageMeasurementTaskService{u=0 tag="Measurement.PackageMeasurementTaskService.UPLOAD_TASK_TAG" trigger=window{start=2877s,end=5756s,earliest=-82s,latest=2796s} requirements=[NET_CONNECTED] attributes=[PERSISTED] scheduled=-2959s last_run=0s jid=N/A status=ACTIVE retries=0 client_lib=MANCHEGO_GCM-12874000} :RESCHEDULED
08-12 15:59:21.715 12728 12759 W zygote64: Skipping duplicate class check due to unrecognized classloader
08-12 15:59:21.771 12728 12759 W native  : commandlineflags.cc:1511 Ignoring RegisterValidateFunction() for flag pointer 0x7a02835488: no flag found at that address
08-12 15:59:55.527  3669  3687 E memtrack: Couldn't load memtrack module
08-12 15:59:55.528  3669  3687 W android.os.Debug: failed to get memory consumption info: -1
08-12 16:00:16.484  5338  5482 E ContactsProvider_EventLog: Flush buffer to file cnt : 1 size : 1Kb duration : 2ms lastUpdatedAfter : 60139 ms mFlush_time_threasold : 2000 mCurrentSize : 939
08-12 16:00:56.171  3669  3687 E memtrack: Couldn't load memtrack module
08-12 16:00:56.171  3669  3687 W android.os.Debug: failed to get memory consumption info: -1
08-12 16:00:56.323  3669  3687 E memtrack: Couldn't load memtrack module
08-12 16:00:56.323  3669  3687 W android.os.Debug: failed to get memory consumption info: -1
08-12 16:01:16.608  5338  5482 E ContactsProvider_EventLog: Flush buffer to file cnt : 1 size : 1Kb duration : 3ms lastUpdatedAfter : 60124 ms mFlush_time_threasold : 2000 mCurrentSize : 939
08-12 16:01:25.661  3669  3793 E TLC_TIMA_PKM_initialize: tima_pkm : /system/etc/tima/kern_sec_info1
08-12 16:01:25.668  3669  3793 E TLC_TIMA_PKM_initialize: tima_pkm : /system/etc/tima/kern_sec_info2
08-12 16:01:25.675  3669  3793 E TLC_TIMA_PKM_initialize: tima_pkm : /system/etc/tima/kern_sec_info3
08-12 16:01:25.682  3669  3793 E TLC_TIMA_PKM_initialize: tima_pkm : /system/etc/tima/kern_sec_info4
08-12 16:01:25.688  3669  3793 E TLC_TIMA_PKM_initialize: tima_pkm : /system/etc/tima/kern_sec_info5
08-12 16:01:25.711  3669  3793 E TLC_TIMA_PKM_initialize: tima_pkm : /system/etc/tima/kern_sec_info6
08-12 16:01:25.717  3669  3793 E TLC_TIMA_PKM_initialize: tima_pkm : /system/etc/tima/kern_sec_info7
08-12 16:01:25.722  3669  3793 E TLC_TIMA_PKM_initialize: tima_pkm : /system/etc/tima/kern_sec_info8
08-12 16:01:26.062  3669  3669 W MotionRecognitionService: SAR_GRIP 
08-12 16:01:26.098  3669  3669 W MotionRecognitionService: SAR_PROX
08-12 16:01:26.115  3669  3669 E MotionRecognitionService: GripVal = [0]
08-12 16:01:26.116  3669  3786 E MotionRecognitionService: handleMessage: event 200 value : 1
08-12 16:01:26.161  3669  3786 E MotionRecognitionService: handleMessage: event 200 value : 2
08-12 16:01:26.918  4384  4645 E ImsAdaptorImpl: setSSACInfo : ImsAdaptorImpl.
08-12 16:01:27.000  4073  4073 E GlobalActionsDialog: onServiceStateChanged inAirplaneMode=false inAirplaneModeOn=false
08-12 16:01:27.000  4073  4073 W GlobalActionsDialog: onServiceStateChanged inAirplaneMode=false mAirplaneState=Off
08-12 16:01:27.032  4073  4073 E GlobalActionsDialog: onServiceStateChanged inAirplaneMode=false inAirplaneModeOn=false
08-12 16:01:27.032  4073  4073 W GlobalActionsDialog: onServiceStateChanged inAirplaneMode=false mAirplaneState=Off
08-12 16:01:29.804  3669  3786 E MotionRecognitionService: handleMessage: event 200 value : 2
08-12 16:01:32.261  3669  3786 E MotionRecognitionService: handleMessage: event 200 value : 2
08-12 16:01:33.525  3669  3786 E MotionRecognitionService: handleMessage: event 200 value : 2
08-12 16:01:34.909  3669  3786 E MotionRecognitionService: handleMessage: event 200 value : 2
08-12 16:01:37.689  3669  3669 W MotionRecognitionService: SAR_GRIP 
08-12 16:01:37.700  3669  3669 W MotionRecognitionService: SAR_PROX
08-12 16:01:37.700  3669  3786 E MotionRecognitionService: handleMessage: event 200 value : 1
08-12 16:01:37.711  3669  3786 E MotionRecognitionService: handleMessage: event 200 value : 2
08-12 16:01:37.720  4384  4645 E ImsAdaptorImpl: setSSACInfo : ImsAdaptorImpl.
08-12 16:01:37.776  4073  4073 E GlobalActionsDialog: onServiceStateChanged inAirplaneMode=false inAirplaneModeOn=false
08-12 16:01:37.776  4073  4073 W GlobalActionsDialog: onServiceStateChanged inAirplaneMode=false mAirplaneState=Off
08-12 16:01:37.809  4073  4073 E GlobalActionsDialog: onServiceStateChanged inAirplaneMode=false inAirplaneModeOn=false
08-12 16:01:37.809  4073  4073 W GlobalActionsDialog: onServiceStateChanged inAirplaneMode=false mAirplaneState=Off
08-12 16:02:11.440  3669  3687 E memtrack: Couldn't load memtrack module
08-12 16:02:11.440  3669  3687 W android.os.Debug: failed to get memory consumption info: -1
08-12 16:02:16.721  5338  5482 E ContactsProvider_EventLog: Flush buffer to file cnt : 1 size : 1Kb duration : 2ms lastUpdatedAfter : 60113 ms mFlush_time_threasold : 2000 mCurrentSize : 939
08-12 16:02:35.184  3669  3694 W Binder  : Outgoing transactions from this process must be FLAG_ONEWAY
08-12 16:02:35.184  3669  3694 W Binder  : java.lang.Throwable
08-12 16:02:35.184  3669  3694 W Binder  : 	at android.os.BinderProxy.transact(Binder.java:744)
08-12 16:02:35.184  3669  3694 W Binder  : 	at android.content.ContentProviderProxy.update(ContentProviderNative.java:570)
08-12 16:02:35.184  3669  3694 W Binder  : 	at android.content.ContentResolver.update(ContentResolver.java:1678)
08-12 16:02:35.184  3669  3694 W Binder  : 	at com.android.server.am.MARsDBManager.doUpdatePkgToSMDB(MARsDBManager.java:1974)
08-12 16:02:35.184  3669  3694 W Binder  : 	at com.android.server.am.MARsDBManager.updatePkgsToSMDB(MARsDBManager.java:1755)
08-12 16:02:35.184  3669  3694 W Binder  : 	at com.android.server.am.MARsDBManager.-wrap16(Unknown Source:0)
08-12 16:02:35.184  3669  3694 W Binder  : 	at com.android.server.am.MARsDBManager$DBHandler.handleMessage(MARsDBManager.java:314)
08-12 16:02:35.184  3669  3694 W Binder  : 	at android.os.Handler.dispatchMessage(Handler.java:105)
08-12 16:02:35.184  3669  3694 W Binder  : 	at android.os.Looper.loop(Looper.java:164)
08-12 16:02:35.184  3669  3694 W Binder  : 	at com.android.server.am.MARsDBManager$DBThread.run(MARsDBManager.java:288)
08-12 16:03:16.867  5338  5482 E ContactsProvider_EventLog: Flush buffer to file cnt : 1 size : 1Kb duration : 2ms lastUpdatedAfter : 60146 ms mFlush_time_threasold : 2000 mCurrentSize : 939
08-12 16:03:36.905  3669  3687 E memtrack: Couldn't load memtrack module
08-12 16:03:36.905  3669  3687 W android.os.Debug: failed to get memory consumption info: -1
08-12 16:03:56.291  3669  4962 E NotificationService: notification pkg : com.devuni.flashlight has too high data size(365400) above 100000
08-12 16:04:17.008  5338  5482 E ContactsProvider_EventLog: Flush buffer to file cnt : 1 size : 1Kb duration : 3ms lastUpdatedAfter : 60141 ms mFlush_time_threasold : 2000 mCurrentSize : 939
08-12 16:04:30.933  3669  3669 W MotionRecognitionService: SAR_GRIP 
08-12 16:04:30.968  3669  3669 W MotionRecognitionService: SAR_PROX
08-12 16:04:30.991  3669  3669 E MotionRecognitionService: GripVal = [0]
08-12 16:04:30.992  3669  3786 E MotionRecognitionService: handleMessage: event 200 value : 1
08-12 16:04:31.032  3669  3786 E MotionRecognitionService: handleMessage: event 200 value : 2
08-12 16:04:31.879  4384  4645 E ImsAdaptorImpl: setSSACInfo : ImsAdaptorImpl.
08-12 16:04:31.964  4073  4073 E GlobalActionsDialog: onServiceStateChanged inAirplaneMode=false inAirplaneModeOn=false
08-12 16:04:31.964  4073  4073 W GlobalActionsDialog: onServiceStateChanged inAirplaneMode=false mAirplaneState=Off
08-12 16:04:31.979  4073  4073 E GlobalActionsDialog: onServiceStateChanged inAirplaneMode=false inAirplaneModeOn=false
08-12 16:04:31.979  4073  4073 W GlobalActionsDialog: onServiceStateChanged inAirplaneMode=false mAirplaneState=Off
08-12 16:04:44.249  3669  3669 W MotionRecognitionService: SAR_GRIP 
08-12 16:04:44.260  3669  3669 W MotionRecognitionService: SAR_PROX
08-12 16:04:44.260  3669  3786 E MotionRecognitionService: handleMessage: event 200 value : 1
08-12 16:04:44.271  3669  3786 E MotionRecognitionService: handleMessage: event 200 value : 2
08-12 16:04:44.284  4384  4645 E ImsAdaptorImpl: setSSACInfo : ImsAdaptorImpl.
08-12 16:04:44.339  4073  4073 E GlobalActionsDialog: onServiceStateChanged inAirplaneMode=false inAirplaneModeOn=false
08-12 16:04:44.339  4073  4073 W GlobalActionsDialog: onServiceStateChanged inAirplaneMode=false mAirplaneState=Off
08-12 16:04:44.368  4073  4073 E GlobalActionsDialog: onServiceStateChanged inAirplaneMode=false inAirplaneModeOn=false
08-12 16:04:44.368  4073  4073 W GlobalActionsDialog: onServiceStateChanged inAirplaneMode=false mAirplaneState=Off
08-12 16:05:17.107  5338  5482 E ContactsProvider_EventLog: Flush buffer to file cnt : 1 size : 1Kb duration : 3ms lastUpdatedAfter : 60099 ms mFlush_time_threasold : 2000 mCurrentSize : 939
08-12 16:05:23.546  3669  3687 E memtrack: Couldn't load memtrack module
08-12 16:05:23.546  3669  3687 W android.os.Debug: failed to get memory consumption info: -1
08-12 16:05:46.984  3669  8664 E NotificationService: notification pkg : com.devuni.flashlight has too high data size(365616) above 100000
08-12 16:06:01.319  3669  3687 E memtrack: Couldn't load memtrack module
08-12 16:06:01.319  3669  3687 W android.os.Debug: failed to get memory consumption info: -1
08-12 16:06:01.405 12845 12845 E Zygote  : isWhitelistProcess - Process is Whitelisted
08-12 16:06:01.412 12845 12845 W SELinux : SELinux selinux_android_compute_policy_index : Policy Index[2],  Con:u:r:zygote:s0 RAM:SEPF_SM-G935F_8.0.0_0011, [-1 -1 -1 -1 0 1]
08-12 16:06:01.657  1368  1368 E SPPClientService: [[PushClientService]] reqType : 0
08-12 16:06:01.687  1368  1368 E SPPClientService: [[PushClientService]] F:false, D:false, E:false, T:false, S:true, R:false
08-12 16:06:17.215  5338  5482 E ContactsProvider_EventLog: Flush buffer to file cnt : 1 size : 1Kb duration : 1ms lastUpdatedAfter : 60108 ms mFlush_time_threasold : 2000 mCurrentSize : 939
08-12 16:06:25.661  3669  3793 E TLC_TIMA_PKM_initialize: tima_pkm : /system/etc/tima/kern_sec_info1
08-12 16:06:25.668  3669  3793 E TLC_TIMA_PKM_initialize: tima_pkm : /system/etc/tima/kern_sec_info2
08-12 16:06:25.675  3669  3793 E TLC_TIMA_PKM_initialize: tima_pkm : /system/etc/tima/kern_sec_info3
08-12 16:06:25.682  3669  3793 E TLC_TIMA_PKM_initialize: tima_pkm : /system/etc/tima/kern_sec_info4
08-12 16:06:25.688  3669  3793 E TLC_TIMA_PKM_initialize: tima_pkm : /system/etc/tima/kern_sec_info5
08-12 16:06:25.711  3669  3793 E TLC_TIMA_PKM_initialize: tima_pkm : /system/etc/tima/kern_sec_info6
08-12 16:06:25.716  3669  3793 E TLC_TIMA_PKM_initialize: tima_pkm : /system/etc/tima/kern_sec_info7
08-12 16:06:25.722  3669  3793 E TLC_TIMA_PKM_initialize: tima_pkm : /system/etc/tima/kern_sec_info8
08-12 16:07:00.024  3669  3687 E memtrack: Couldn't load memtrack module
08-12 16:07:00.024  3669  3687 W android.os.Debug: failed to get memory consumption info: -1
08-12 16:07:00.121  4819  5477 W GCoreFlp: No location to return for getLastLocation()
08-12 16:07:00.132  4245  4293 E RequestManager_FLP: [FusedLocationApi] Location batching request f68f8e2 PRIORITY_BALANCED_POWER_ACCURACY interval=570000 maxWaitTime = 855000 from com.luckystar.filetransfer
08-12 16:07:00.155  4819  5477 W GCoreFlp: No location to return for getLastLocation()
08-12 16:07:00.161  4819  5477 W GCoreFlp: No location to return for getLastLocation()
08-12 16:07:00.186  3669  3687 E memtrack: Couldn't load memtrack module
08-12 16:07:00.186  3669  3687 W android.os.Debug: failed to get memory consumption info: -1
08-12 16:07:00.229  3669  4166 E memtrack: Couldn't load memtrack module
08-12 16:07:00.229  3669  4166 W android.os.Debug: failed to get memory consumption info: -1
08-12 16:07:00.245  3669  3687 E memtrack: Couldn't load memtrack module
08-12 16:07:00.245  3669  3687 W android.os.Debug: failed to get memory consumption info: -1
08-12 16:07:10.312 12908 12908 E Zygote  : isWhitelistProcess - Process is Whitelisted
08-12 16:07:10.319 12908 12908 W SELinux : SELinux selinux_android_compute_policy_index : Policy Index[2],  Con:u:r:zygote:s0 RAM:SEPF_SM-G935F_8.0.0_0011, [-1 -1 -1 -1 0 1]
08-12 16:07:10.833 12908 12933 E TelephonyManager: getCustomerPath : /system/csc/customer.xml file exist
08-12 16:07:10.836 12908 12933 E TelephonyManager: getCustomerPath : /system/csc/customer.xml file exist
08-12 16:07:10.863 12908 12933 E SQLiteLog: (1) no such table: mmsconfig
08-12 16:07:10.869 12908 12933 E Babel_SMS: canonicalizeMccMnc: invalid mccmnc nullnull
08-12 16:07:10.874 12908 12933 W Babel_SMS: MmsConfig: invalid key=userAgent or type=string
08-12 16:07:10.874 12908 12933 W Babel_SMS: MmsConfig: invalid key=uaProfUrl or type=string
08-12 16:07:11.092  4819  7682 E NetworkScheduler.ATC: Called cancelTask for already completed task com.google.android.talk/com.google.android.apps.hangouts.concurrent.impl.GcmTriggeredNotifier{u=0 tag=":persisted" trigger=window{start=3599s,end=3600s,earliest=-1s,latest=0s} requirements=[NET_ANY] attributes=[PERSISTED] scheduled=-3600s last_run=0s jid=N/A status=ACTIVE retries=0 client_lib=MANCHEGO_GCM-11717000} :RESCHEDULED
08-12 16:07:17.358  5338  5482 E ContactsProvider_EventLog: Flush buffer to file cnt : 1 size : 1Kb duration : 3ms lastUpdatedAfter : 60142 ms mFlush_time_threasold : 2000 mCurrentSize : 939
08-12 16:07:17.519  3669 14211 E NotificationService: notification pkg : com.devuni.flashlight has too high data size(365832) above 100000
08-12 16:07:25.864  3669  3687 E memtrack: Couldn't load memtrack module
08-12 16:07:25.864  3669  3687 W android.os.Debug: failed to get memory consumption info: -1
08-12 16:07:25.997  3669  3687 E memtrack: Couldn't load memtrack module
08-12 16:07:25.997  3669  3687 W android.os.Debug: failed to get memory consumption info: -1
08-12 16:07:26.066  3669  3687 E memtrack: Couldn't load memtrack module
08-12 16:07:26.066  3669  3687 W android.os.Debug: failed to get memory consumption info: -1
08-12 16:07:30.115 12537 12902 W OneSignal: Location permission exists but GoogleApiClient timed out. Maybe related to mismatch google-play aar versions.
08-12 16:07:30.128  4245  4293 E RequestManager_FLP: [FusedLocationApi] Location remove f68f8e2 from com.luckystar.filetransfer
08-12 16:07:30.136  4819  5477 W GCoreFlp: No location to return for getLastLocation()
08-12 16:07:40.846 12908 12908 W Babel_AcctMgr: gBA: invalid account id: -1
08-12 16:07:40.849 12908 12908 W Babel_AcctMgr: gBA: invalid account id: -1
08-12 16:07:47.611  3669  8697 E NotificationService: notification pkg : com.devuni.flashlight has too high data size(366048) above 100000
08-12 16:07:55.792  3669  3687 E memtrack: Couldn't load memtrack module
08-12 16:07:55.792  3669  3687 W android.os.Debug: failed to get memory consumption info: -1
08-12 16:07:55.864  3669  3687 E memtrack: Couldn't load memtrack module
08-12 16:07:55.864  3669  3687 W android.os.Debug: failed to get memory consumption info: -1
08-12 16:08:10.365  3669  3687 E memtrack: Couldn't load memtrack module
08-12 16:08:10.365  3669  3687 W android.os.Debug: failed to get memory consumption info: -1
08-12 16:08:10.435 12981 12981 E Zygote  : isWhitelistProcess - Process is Whitelisted
08-12 16:08:10.442 12981 12981 W SELinux : SELinux selinux_android_compute_policy_index : Policy Index[2],  Con:u:r:zygote:s0 RAM:SEPF_SM-G935F_8.0.0_0011, [-1 -1 -1 -1 0 1]
08-12 16:08:10.536  3669  3687 E memtrack: Couldn't load memtrack module
08-12 16:08:10.536  3669  3687 W android.os.Debug: failed to get memory consumption info: -1
08-12 16:08:10.600  3669  3687 E memtrack: Couldn't load memtrack module
08-12 16:08:10.600  3669  3687 W android.os.Debug: failed to get memory consumption info: -1
08-12 16:08:17.424  5338  5482 E ContactsProvider_EventLog: Flush buffer to file cnt : 1 size : 1Kb duration : 2ms lastUpdatedAfter : 60066 ms mFlush_time_threasold : 2000 mCurrentSize : 939
08-12 16:08:17.658  3669 10533 E NotificationService: notification pkg : com.devuni.flashlight has too high data size(366264) above 100000
08-12 16:08:43.512 10300 10728 E memtrack: Couldn't load memtrack module
08-12 16:08:43.513 10300 10728 W android.os.Debug: failed to get memory consumption info: -1
08-12 16:08:46.734  3669  3687 E memtrack: Couldn't load memtrack module
08-12 16:08:46.734  3669  3687 W android.os.Debug: failed to get memory consumption info: -1
08-12 16:08:46.875 11640 11640 E LLog    : For input string: "4C7"
08-12 16:08:46.882 11640 11640 E LLog    : For input string: "4C7"
08-12 16:08:47.020  1368  1755 E SPPClientService: [b] __PingReply__
08-12 16:09:17.502  5338  5482 E ContactsProvider_EventLog: Flush buffer to file cnt : 1 size : 1Kb duration : 1ms lastUpdatedAfter : 60078 ms mFlush_time_threasold : 2000 mCurrentSize : 939
08-12 16:09:47.642  3669  3687 E memtrack: Couldn't load memtrack module
08-12 16:09:47.643  3669  3687 W android.os.Debug: failed to get memory consumption info: -1
08-12 16:09:47.765  3669  3687 E memtrack: Couldn't load memtrack module
08-12 16:09:47.765  3669  3687 W android.os.Debug: failed to get memory consumption info: -1
08-12 16:09:47.834  3669  3687 E memtrack: Couldn't load memtrack module
08-12 16:09:47.834  3669  3687 W android.os.Debug: failed to get memory consumption info: -1
08-12 16:09:47.924  3669  3687 E memtrack: Couldn't load memtrack module
08-12 16:09:47.924  3669  3687 W android.os.Debug: failed to get memory consumption info: -1
08-12 16:09:47.999  3669  3687 E memtrack: Couldn't load memtrack module
08-12 16:09:48.000  3669  3687 W android.os.Debug: failed to get memory consumption info: -1
08-12 16:09:48.064  3669  3687 E memtrack: Couldn't load memtrack module
08-12 16:09:48.064  3669  3687 W android.os.Debug: failed to get memory consumption info: -1
08-12 16:09:48.127  3669  3687 E memtrack: Couldn't load memtrack module
08-12 16:09:48.127  3669  3687 W android.os.Debug: failed to get memory consumption info: -1
08-12 16:09:48.194  3669  3687 E memtrack: Couldn't load memtrack module
08-12 16:09:48.194  3669  3687 W android.os.Debug: failed to get memory consumption info: -1
08-12 16:09:48.259  3669  3687 E memtrack: Couldn't load memtrack module
08-12 16:09:48.259  3669  3687 W android.os.Debug: failed to get memory consumption info: -1
08-12 16:09:48.341  3669  3687 E memtrack: Couldn't load memtrack module
08-12 16:09:48.341  3669  3687 W android.os.Debug: failed to get memory consumption info: -1
08-12 16:09:48.416  3669  3687 E memtrack: Couldn't load memtrack module
08-12 16:09:48.416  3669  3687 W android.os.Debug: failed to get memory consumption info: -1
08-12 16:10:17.614  5338  5482 E ContactsProvider_EventLog: Flush buffer to file cnt : 1 size : 1Kb duration : 2ms lastUpdatedAfter : 60112 ms mFlush_time_threasold : 2000 mCurrentSize : 939
08-12 16:10:17.838  3669 10533 E NotificationService: notification pkg : com.devuni.flashlight has too high data size(366480) above 100000
08-12 16:10:32.615 13024 13024 E Zygote  : isWhitelistProcess - Process is Whitelisted
08-12 16:10:32.622 13024 13024 W SELinux : SELinux selinux_android_compute_policy_index : Policy Index[2],  Con:u:r:zygote:s0 RAM:SEPF_SM-G935F_8.0.0_0011, [-1 -1 -1 -1 0 1]
08-12 16:10:33.105 13024 13024 W Firestore: (0.6.6-dev) [Firestore]: The behavior for java.util.Date objects stored in Firestore is going to change AND YOUR APP MAY BREAK.
08-12 16:10:33.105 13024 13024 W Firestore: To hide this warning and ensure your app does not break, you need to add the following code to your app before calling any other Cloud Firestore methods:
08-12 16:10:33.105 13024 13024 W Firestore: 
08-12 16:10:33.105 13024 13024 W Firestore: FirebaseFirestore firestore = FirebaseFirestore.getInstance();
08-12 16:10:33.105 13024 13024 W Firestore: FirebaseFirestoreSettings settings = new FirebaseFirestoreSettings.Builder()
08-12 16:10:33.105 13024 13024 W Firestore:     .setTimestampsInSnapshotsEnabled(true)
08-12 16:10:33.105 13024 13024 W Firestore:     .build();
08-12 16:10:33.105 13024 13024 W Firestore: firestore.setFirestoreSettings(settings);
08-12 16:10:33.105 13024 13024 W Firestore: 
08-12 16:10:33.105 13024 13024 W Firestore: With this change, timestamps stored in Cloud Firestore will be read back as com.google.firebase.Timestamp objects instead of as system java.util.Date objects. So you will also need to update code expecting a java.util.Date to instead expect a Timestamp. For example:
08-12 16:10:33.105 13024 13024 W Firestore: 
08-12 16:10:33.105 13024 13024 W Firestore: // Old:
08-12 16:10:33.105 13024 13024 W Firestore: java.util.Date date = snapshot.getDate("created_at");
08-12 16:10:33.105 13024 13024 W Firestore: // New:
08-12 16:10:33.105 13024 13024 W Firestore: Timestamp timestamp = snapshot.getTimestamp("created_at");
08-12 16:10:33.105 13024 13024 W Firestore: java.util.Date date = timestamp.toDate();
08-12 16:10:33.105 13024 13024 W Firestore: 
08-12 16:10:33.105 13024 13024 W Firestore: Please audit all existing usages of java.util.Date when you enable the new behavior. In a future release, the behavior will be changed to the new behavior, so if you do not follow these steps, YOUR APP MAY BREAK.
08-12 16:10:33.170 13024 13047 W zygote64: Skipping duplicate class check due to unrecognized classloader
08-12 16:10:33.346 13024 13047 W zygote64: Skipping duplicate class check due to unrecognized classloader
08-12 16:10:33.361 13024 13052 W linker  : "/data/app/com.google.android.gms-nyMoQjAaohi5NlRNZN0G4Q==/base.apk!/lib/arm64-v8a/libconscrypt_gmscore_jni.so" unused DT entry: type 0xf arg 0x8a
08-12 16:10:33.483 13024 13047 W DynamiteModule: Local module descriptor class for com.google.firebase.auth not found.
08-12 16:10:33.483 13024 13050 W DynamiteModule: Local module descriptor class for com.google.firebase.auth not found.
08-12 16:10:33.484 13024 13047 W BiChannelGoogleApi: [FirebaseAuth: ] getGoogleApiForMethod() returned Gms: com.google.firebase.auth.api.internal.zzal@f39176
08-12 16:10:33.520 13024 13081 W BiChannelGoogleApi: [FirebaseAuth: ] getGoogleApiForMethod() returned Gms: com.google.firebase.auth.api.internal.zzal@f39176
08-12 16:10:33.523 13024 13087 W BiChannelGoogleApi: [FirebaseAuth: ] getGoogleApiForMethod() returned Gms: com.google.firebase.auth.api.internal.zzal@f39176
08-12 16:10:33.884 13024 13052 W BiChannelGoogleApi: [FirebaseAuth: ] getGoogleApiForMethod() returned Gms: com.google.firebase.auth.api.internal.zzal@f39176
08-12 16:10:34.056  4819 13101 W Conscrypt: Could not set socket write timeout: java.lang.reflect.InvocationTargetException
08-12 16:10:34.058  4819 13101 W Conscrypt: 	at java.lang.reflect.Method.invoke(Native Method)
08-12 16:10:34.059  4819 13101 W Conscrypt: 	at com.google.android.gms.org.conscrypt.Platform.setSocketWriteTimeout(:com.google.android.gms@12874025@12.8.74 (040408-204998136):13)
08-12 16:10:34.059  4819 13101 W Conscrypt: Caused by: android.system.ErrnoException: setsockopt failed: EBADF (Bad file descriptor)
08-12 16:10:34.059  4819 13101 W Conscrypt: 	at libcore.io.Linux.setsockoptTimeval(Native Method)
08-12 16:10:34.060  4819 13101 W Conscrypt: 	at libcore.io.ForwardingOs.setsockoptTimeval(ForwardingOs.java:173)
08-12 16:10:34.132  4819 13101 W Conscrypt: Could not set socket write timeout: java.lang.reflect.InvocationTargetException
08-12 16:10:34.132  4819 13101 W Conscrypt: 	at java.lang.reflect.Method.invoke(Native Method)
08-12 16:10:34.132  4819 13101 W Conscrypt: 	at com.google.android.gms.org.conscrypt.Platform.setSocketWriteTimeout(:com.google.android.gms@12874025@12.8.74 (040408-204998136):13)
08-12 16:10:34.132  4819 13101 W Conscrypt: Caused by: android.system.ErrnoException: setsockopt failed: EBADF (Bad file descriptor)
08-12 16:10:34.133  4819 13101 W Conscrypt: 	at libcore.io.Linux.setsockoptTimeval(Native Method)
08-12 16:10:34.133  4819 13101 W Conscrypt: 	at libcore.io.ForwardingOs.setsockoptTimeval(ForwardingOs.java:173)
08-12 16:10:34.415  1575  3848 W Conscrypt: Could not set socket write timeout: java.lang.reflect.InvocationTargetException
08-12 16:10:34.415  1575  3848 W Conscrypt: 	at java.lang.reflect.Method.invoke(Native Method)
08-12 16:10:34.415  1575  3848 W Conscrypt: 	at com.google.android.gms.org.conscrypt.Platform.setSocketWriteTimeout(:com.google.android.gms@12874025@12.8.74 (040408-204998136):13)
08-12 16:10:34.434  1575  3848 W Conscrypt: Caused by: android.system.ErrnoException: setsockopt failed: EBADF (Bad file descriptor)
08-12 16:10:34.435  1575  3848 W Conscrypt: 	at libcore.io.Linux.setsockoptTimeval(Native Method)
08-12 16:10:34.435  1575  3848 W Conscrypt: 	at libcore.io.ForwardingOs.setsockoptTimeval(ForwardingOs.java:173)
08-12 16:10:34.455 13024 13104 W Settings: Setting install_non_market_apps has moved from android.provider.Settings.Global to android.provider.Settings.Secure, returning read-only value.
08-12 16:10:34.539  1575  3848 W Conscrypt: Could not set socket write timeout: java.lang.reflect.InvocationTargetException
08-12 16:10:34.539  1575  3848 W Conscrypt: 	at java.lang.reflect.Method.invoke(Native Method)
08-12 16:10:34.539  1575  3848 W Conscrypt: 	at com.google.android.gms.org.conscrypt.Platform.setSocketWriteTimeout(:com.google.android.gms@12874025@12.8.74 (040408-204998136):13)
08-12 16:10:34.539  1575  3848 W Conscrypt: Caused by: android.system.ErrnoException: setsockopt failed: EBADF (Bad file descriptor)
08-12 16:10:34.540  1575  3848 W Conscrypt: 	at libcore.io.Linux.setsockoptTimeval(Native Method)
08-12 16:10:34.540  1575  3848 W Conscrypt: 	at libcore.io.ForwardingOs.setsockoptTimeval(ForwardingOs.java:173)
08-12 16:10:34.721  1575  1664 W FirebaseAuth: [PhoneNumberAuthPostProcessor] postProcess starts
08-12 16:10:34.722  1575  1664 W FirebaseAuth: [PhoneNumberAuthPostProcessor] postProcess ends
08-12 16:10:35.025  1575  1100 W FirebaseAuth: [PhoneNumberAuthPostProcessor] postProcess starts
08-12 16:10:35.025  1575  1100 W FirebaseAuth: [PhoneNumberAuthPostProcessor] postProcess ends
08-12 16:10:35.270  1575  1100 W FirebaseAuth: [PhoneNumberAuthPostProcessor] postProcess starts
08-12 16:10:35.270  1575  1100 W FirebaseAuth: [PhoneNumberAuthPostProcessor] postProcess ends
08-12 16:10:35.558  1575  1100 W FirebaseAuth: [PhoneNumberAuthPostProcessor] postProcess starts
08-12 16:10:35.558  1575  1100 W FirebaseAuth: [PhoneNumberAuthPostProcessor] postProcess ends
08-12 16:11:11.281  3669  3687 E memtrack: Couldn't load memtrack module
08-12 16:11:11.281  3669  3687 W android.os.Debug: failed to get memory consumption info: -1
08-12 16:11:11.529  3669  3687 E memtrack: Couldn't load memtrack module
08-12 16:11:11.529  3669  3687 W android.os.Debug: failed to get memory consumption info: -1
08-12 16:11:11.614  3669  3687 E memtrack: Couldn't load memtrack module
08-12 16:11:11.614  3669  3687 W android.os.Debug: failed to get memory consumption info: -1
08-12 16:11:11.683  3669  3687 E memtrack: Couldn't load memtrack module
08-12 16:11:11.683  3669  3687 W android.os.Debug: failed to get memory consumption info: -1
08-12 16:11:11.749  3669  3687 E memtrack: Couldn't load memtrack module
08-12 16:11:11.749  3669  3687 W android.os.Debug: failed to get memory consumption info: -1
08-12 16:11:11.818  3669  3687 E memtrack: Couldn't load memtrack module
08-12 16:11:11.818  3669  3687 W android.os.Debug: failed to get memory consumption info: -1
08-12 16:11:11.916  3669  3687 E memtrack: Couldn't load memtrack module
08-12 16:11:11.916  3669  3687 W android.os.Debug: failed to get memory consumption info: -1
08-12 16:11:11.997  3669  3687 E memtrack: Couldn't load memtrack module
08-12 16:11:11.997  3669  3687 W android.os.Debug: failed to get memory consumption info: -1
08-12 16:11:12.068  3669  3687 E memtrack: Couldn't load memtrack module
08-12 16:11:12.068  3669  3687 W android.os.Debug: failed to get memory consumption info: -1
08-12 16:11:12.134  3669  3687 E memtrack: Couldn't load memtrack module
08-12 16:11:12.134  3669  3687 W android.os.Debug: failed to get memory consumption info: -1
08-12 16:11:12.197  3669  3687 E memtrack: Couldn't load memtrack module
08-12 16:11:12.197  3669  3687 W android.os.Debug: failed to get memory consumption info: -1
08-12 16:11:12.794 12417 12533 W SSLCertificateSocketFactory: Bypassing SSL security checks at caller's request
08-12 16:11:17.670  5338  5482 E ContactsProvider_EventLog: Flush buffer to file cnt : 1 size : 1Kb duration : 2ms lastUpdatedAfter : 60056 ms mFlush_time_threasold : 2000 mCurrentSize : 939
08-12 16:11:17.951  3669  4166 E NotificationService: notification pkg : com.devuni.flashlight has too high data size(366696) above 100000
08-12 16:11:25.656  3669  3793 E TLC_TIMA_PKM_initialize: tima_pkm : /system/etc/tima/kern_sec_info1
08-12 16:11:25.663  3669  3793 E TLC_TIMA_PKM_initialize: tima_pkm : /system/etc/tima/kern_sec_info2
08-12 16:11:25.670  3669  3793 E TLC_TIMA_PKM_initialize: tima_pkm : /system/etc/tima/kern_sec_info3
08-12 16:11:25.676  3669  3793 E TLC_TIMA_PKM_initialize: tima_pkm : /system/etc/tima/kern_sec_info4
08-12 16:11:25.682  3669  3793 E TLC_TIMA_PKM_initialize: tima_pkm : /system/etc/tima/kern_sec_info5
08-12 16:11:25.705  3669  3793 E TLC_TIMA_PKM_initialize: tima_pkm : /system/etc/tima/kern_sec_info6
08-12 16:11:25.711  3669  3793 E TLC_TIMA_PKM_initialize: tima_pkm : /system/etc/tima/kern_sec_info7
08-12 16:11:25.717  3669  3793 E TLC_TIMA_PKM_initialize: tima_pkm : /system/etc/tima/kern_sec_info8
