08-12 16:37:30.178 14495 14562 E msgr.BootIdReader: 	at java.util.concurrent.FutureTask.run(FutureTask.java:266)
08-12 16:37:30.178 14495 14562 E msgr.BootIdReader: 	at X.0MN.run(:66669)
08-12 16:37:30.178 14495 14562 E msgr.BootIdReader: 	at java.util.concurrent.ThreadPoolExecutor.runWorker(ThreadPoolExecutor.java:1162)
08-12 16:37:30.178 14495 14562 E msgr.BootIdReader: 	at java.util.concurrent.ThreadPoolExecutor$Worker.run(ThreadPoolExecutor.java:636)
08-12 16:37:30.178 14495 14562 E msgr.BootIdReader: 	at X.0Pf.run(:75824)
08-12 16:37:30.178 14495 14562 E msgr.BootIdReader: 	at java.lang.Thread.run(Thread.java:764)
08-12 16:37:31.018 14495 14575 W msgr.ServiceInfoParser: X.1rg: Service com.facebook.browser.lite.BrowserLiteIntentService is missing meta key com.facebook.common.jobscheduler.compat.jobIds
08-12 16:37:31.018 14495 14575 W msgr.ServiceInfoParser: X.1rg: Service com.facebook.common.errorreporting.memory.MemoryDumpUploadService is missing meta key com.facebook.common.jobscheduler.compat.jobIds
08-12 16:37:31.018 14495 14575 W msgr.ServiceInfoParser: X.1rg: Service com.facebook.contacts.service.ContactLocaleChangeService is missing meta key com.facebook.common.jobscheduler.compat.jobIds
08-12 16:37:31.018 14495 14575 W msgr.ServiceInfoParser: X.1rg: Service com.facebook.analytics.appstatelogger.AppStateIntentService is missing meta key com.facebook.common.jobscheduler.compat.jobIds
08-12 16:37:31.019 14495 14575 W msgr.ServiceInfoParser: X.1rg: Service com.facebook.analytics2.logger.LollipopUploadService is missing meta key com.facebook.common.jobscheduler.compat.jobIds
08-12 16:37:31.020 14495 14575 W msgr.ServiceInfoParser: X.1rg: Service com.facebook.conditionalworker.ConditionalWorkerService is missing meta key com.facebook.common.jobscheduler.compat.jobIds
08-12 16:37:31.021 14495 14575 W msgr.ServiceInfoParser: X.1rg: Service com.facebook.delayedworker.DelayedWorkerService is missing meta key com.facebook.common.jobscheduler.compat.jobIds
08-12 16:37:31.021 14495 14575 W msgr.ServiceInfoParser: X.1rg: Service com.facebook.fbservice.service.BlueServiceJobIntentService is missing meta key com.facebook.common.jobscheduler.compat.jobIds
08-12 16:37:31.021 14495 14575 W msgr.ServiceInfoParser: X.1rg: Service com.facebook.googleplay.GooglePlayInstallRefererService is missing meta key com.facebook.common.jobscheduler.compat.jobIds
08-12 16:37:31.022 14495 14575 W msgr.ServiceInfoParser: X.1rg: Service com.facebook.messaging.universallinks.receiver.InstallReferrerFetchJobIntentService is missing meta key com.facebook.common.jobscheduler.compat.jobIds
08-12 16:37:31.022 14495 14575 W msgr.ServiceInfoParser: X.1rg: Service com.facebook.oxygen.preloads.sdk.firstparty.managedappcache.IsManagedAppCacheJobService is missing meta key com.facebook.common.jobscheduler.compat.jobIds
08-12 16:37:31.022 14495 14575 W msgr.ServiceInfoParser: X.1rg: Service com.facebook.push.registration.RegistrarHelperService is missing meta key com.facebook.common.jobscheduler.compat.jobIds
08-12 16:37:31.024  3099  3099 E audit   : avc:  denied  { find } for interface=android.hardware.memtrack::IMemtrack pid=14495 scontext=u:r:untrusted_app_25:s0:c512,c768 tcontext=u:object_r:hal_memtrack_hwservice:s0 tclass=hwservice_manager
08-12 16:37:31.025  3099  3099 E audit   : avc:  denied  { find } for interface=android.hardware.memtrack::IMemtrack pid=14495 scontext=u:r:untrusted_app_25:s0:c512,c768 tcontext=u:object_r:hal_memtrack_hwservice:s0 tclass=hwservice_manager
08-12 16:37:31.026 14495 14575 W msgr.ServiceInfoParser: X.1rg: Service com.facebook.push.crossapp.PackageRemovedReporterService is missing meta key com.facebook.common.jobscheduler.compat.jobIds
08-12 16:37:31.026 14495 14578 E memtrack: Couldn't load memtrack module
08-12 16:37:31.026 14495 14578 W android.os.Debug: failed to get memory consumption info: -1
08-12 16:37:31.026 14495 14575 W msgr.ServiceInfoParser: X.1rg: Service com.facebook.push.fbpushdata.common.FbPushDataHandlerService is missing meta key com.facebook.common.jobscheduler.compat.jobIds
08-12 16:37:31.026 14495 14575 W msgr.ServiceInfoParser: X.1rg: Service com.facebook.reportaproblem.base.bugreport.BugReportUploadService is missing meta key com.facebook.common.jobscheduler.compat.jobIds
08-12 16:37:31.026 14495 14575 W msgr.ServiceInfoParser: X.1rg: Service com.facebook.selfupdate.SelfUpdateFetchService is missing meta key com.facebook.common.jobscheduler.compat.jobIds
08-12 16:37:31.291 14495 14583 E CompactDiskManagerImpl.cpp: Failed to remove new folder structure directories: No such file or directory
08-12 16:37:31.342 14495 14585 E CompactDiskManagerImpl.cpp: Failed to remove new folder structure directories: No such file or directory
08-12 16:37:35.462 14607 14607 E Zygote  : isWhitelistProcess - Process is Whitelisted
08-12 16:37:35.469 14607 14607 W SELinux : SELinux selinux_android_compute_policy_index : Policy Index[2],  Con:u:r:zygote:s0 RAM:SEPF_SM-G935F_8.0.0_0011, [-1 -1 -1 -1 0 1]
08-12 16:37:35.579  4348  4348 W RegisteredComponentCache: Unable to load component info ResolveInfo{54a6791 com.greenlionsoft.free.madrid/.app.ui.activities.card.CardActivity m=0x108000}
08-12 16:37:35.579  4348  4348 W RegisteredComponentCache: org.xmlpull.v1.XmlPullParserException: No android.nfc.action.TECH_DISCOVERED meta-data
08-12 16:37:35.579  4348  4348 W RegisteredComponentCache: 	at com.android.nfc.RegisteredComponentCache.parseComponentInfo(RegisteredComponentCache.java:237)
08-12 16:37:35.579  4348  4348 W RegisteredComponentCache: 	at com.android.nfc.RegisteredComponentCache.generateComponentsList(RegisteredComponentCache.java:199)
08-12 16:37:35.579  4348  4348 W RegisteredComponentCache: 	at com.android.nfc.RegisteredComponentCache$1.onReceive(RegisteredComponentCache.java:92)
08-12 16:37:35.579  4348  4348 W RegisteredComponentCache: 	at android.app.LoadedApk$ReceiverDispatcher$Args.lambda$-android_app_LoadedApk$ReceiverDispatcher$Args_52226(LoadedApk.java:1319)
08-12 16:37:35.579  4348  4348 W RegisteredComponentCache: 	at android.app.-$Lambda$FilBqgnXJrN9Mgyks1XHeAxzSTk.$m$0(Unknown Source:4)
08-12 16:37:35.579  4348  4348 W RegisteredComponentCache: 	at android.app.-$Lambda$FilBqgnXJrN9Mgyks1XHeAxzSTk.run(Unknown Source:0)
08-12 16:37:35.579  4348  4348 W RegisteredComponentCache: 	at android.os.Handler.handleCallback(Handler.java:789)
08-12 16:37:35.579  4348  4348 W RegisteredComponentCache: 	at android.os.Handler.dispatchMessage(Handler.java:98)
08-12 16:37:35.579  4348  4348 W RegisteredComponentCache: 	at android.os.Looper.loop(Looper.java:164)
08-12 16:37:35.579  4348  4348 W RegisteredComponentCache: 	at android.app.ActivityThread.main(ActivityThread.java:6944)
08-12 16:37:35.579  4348  4348 W RegisteredComponentCache: 	at java.lang.reflect.Method.invoke(Native Method)
08-12 16:37:35.579  4348  4348 W RegisteredComponentCache: 	at com.android.internal.os.Zygote$MethodAndArgsCaller.run(Zygote.java:327)
08-12 16:37:35.579  4348  4348 W RegisteredComponentCache: 	at com.android.internal.os.ZygoteInit.main(ZygoteInit.java:1374)
08-12 16:37:35.618  4348  4348 W RegisteredComponentCache: Unable to load component info ResolveInfo{d6fcaf7 com.greenlionsoft.free.madrid/.app.ui.activities.card.CardActivity m=0x108000}
08-12 16:37:35.618  4348  4348 W RegisteredComponentCache: org.xmlpull.v1.XmlPullParserException: No android.nfc.action.TECH_DISCOVERED meta-data
08-12 16:37:35.618  4348  4348 W RegisteredComponentCache: 	at com.android.nfc.RegisteredComponentCache.parseComponentInfo(RegisteredComponentCache.java:237)
08-12 16:37:35.618  4348  4348 W RegisteredComponentCache: 	at com.android.nfc.RegisteredComponentCache.generateComponentsList(RegisteredComponentCache.java:199)
08-12 16:37:35.618  4348  4348 W RegisteredComponentCache: 	at com.android.nfc.RegisteredComponentCache$1.onReceive(RegisteredComponentCache.java:92)
08-12 16:37:35.618  4348  4348 W RegisteredComponentCache: 	at android.app.LoadedApk$ReceiverDispatcher$Args.lambda$-android_app_LoadedApk$ReceiverDispatcher$Args_52226(LoadedApk.java:1319)
08-12 16:37:35.618  4348  4348 W RegisteredComponentCache: 	at android.app.-$Lambda$FilBqgnXJrN9Mgyks1XHeAxzSTk.$m$0(Unknown Source:4)
08-12 16:37:35.618  4348  4348 W RegisteredComponentCache: 	at android.app.-$Lambda$FilBqgnXJrN9Mgyks1XHeAxzSTk.run(Unknown Source:0)
08-12 16:37:35.618  4348  4348 W RegisteredComponentCache: 	at android.os.Handler.handleCallback(Handler.java:789)
08-12 16:37:35.618  4348  4348 W RegisteredComponentCache: 	at android.os.Handler.dispatchMessage(Handler.java:98)
08-12 16:37:35.618  4348  4348 W RegisteredComponentCache: 	at android.os.Looper.loop(Looper.java:164)
08-12 16:37:35.618  4348  4348 W RegisteredComponentCache: 	at android.app.ActivityThread.main(ActivityThread.java:6944)
08-12 16:37:35.618  4348  4348 W RegisteredComponentCache: 	at java.lang.reflect.Method.invoke(Native Method)
08-12 16:37:35.618  4348  4348 W RegisteredComponentCache: 	at com.android.internal.os.Zygote$MethodAndArgsCaller.run(Zygote.java:327)
08-12 16:37:35.618  4348  4348 W RegisteredComponentCache: 	at com.android.internal.os.ZygoteInit.main(ZygoteInit.java:1374)
08-12 16:37:35.969  3669  3687 W SearchableInfo: Invalid searchable metadata for com.samsung.android.themestore/.activity.bixby.SearchActivityForBixby: Search label must be a resource reference.
08-12 16:37:36.146 14633 14633 E Zygote  : isWhitelistProcess - Process is Whitelisted
08-12 16:37:36.152 14633 14633 W SELinux : SELinux selinux_android_compute_policy_index : Policy Index[2],  Con:u:r:zygote:s0 RAM:SEPF_SM-G935F_8.0.0_0011, [-1 -1 -1 -1 0 1]
08-12 16:37:36.400  5100  5183 W Launcher.Model: checkFinderState return, operation is not matched
08-12 16:37:36.423  3669  3687 W SearchableInfo: Invalid searchable metadata for com.samsung.android.themestore/.activity.bixby.SearchActivityForBixby: Search label must be a resource reference.
08-12 16:37:36.527  5100  5183 W Launcher.Model: checkFinderState return, operation is not matched
08-12 16:37:39.911 14495 14565 E SingleFileAttributeStore.cpp: Could not read data from the disk
08-12 16:37:39.923  3287  3287 E audit   : type=1400 audit(1534084659.907:2123): avc:  denied  { read } for  pid=14495 comm="Analytics-Norma" name="boot_id" dev="proc" ino=570338 scontext=u:r:untrusted_app_25:s0:c512,c768 tcontext=u:object_r:proc:s0 tclass=file permissive=0 SEPF_SM-G935F_8.0.0_0011 audit_filtered
08-12 16:37:39.929 14495 14565 E msgr.BootIdReader: Error reading boot_id from procfs
08-12 16:37:39.929 14495 14565 E msgr.BootIdReader: java.io.FileNotFoundException: /proc/sys/kernel/random/boot_id (Permission denied)
08-12 16:37:39.929 14495 14565 E msgr.BootIdReader: 	at java.io.FileInputStream.open0(Native Method)
08-12 16:37:39.929 14495 14565 E msgr.BootIdReader: 	at java.io.FileInputStream.open(FileInputStream.java:200)
08-12 16:37:39.929 14495 14565 E msgr.BootIdReader: 	at java.io.FileInputStream.<init>(FileInputStream.java:150)
08-12 16:37:39.929 14495 14565 E msgr.BootIdReader: 	at java.io.FileInputStream.<init>(FileInputStream.java:103)
08-12 16:37:39.929 14495 14565 E msgr.BootIdReader: 	at java.io.FileReader.<init>(FileReader.java:58)
08-12 16:37:39.929 14495 14565 E msgr.BootIdReader: 	at X.1Vc.a(:277480)
08-12 16:37:39.929 14495 14565 E msgr.BootIdReader: 	at X.1br.a(Unknown Source:11812)
08-12 16:37:39.929 14495 14565 E msgr.BootIdReader: 	at X.0Iz.A(Unknown Source:21)
08-12 16:37:39.929 14495 14565 E msgr.BootIdReader: 	at X.0Ja.a(:61124)
08-12 16:37:39.929 14495 14565 E msgr.BootIdReader: 	at X.0Ja.b(:61143)
08-12 16:37:39.929 14495 14565 E msgr.BootIdReader: 	at X.258.a(:362919)
08-12 16:37:39.929 14495 14565 E msgr.BootIdReader: 	at X.3wy.a(:595751)
08-12 16:37:39.929 14495 14565 E msgr.BootIdReader: 	at X.20s.a(:355721)
08-12 16:37:39.929 14495 14565 E msgr.BootIdReader: 	at X.3aA.a(:535537)
08-12 16:37:39.929 14495 14565 E msgr.BootIdReader: 	at X.0eb.a(:120933)
08-12 16:37:39.929 14495 14565 E msgr.BootIdReader: 	at X.0eY.a(:120864)
08-12 16:37:39.929 14495 14565 E msgr.BootIdReader: 	at X.0gZ.d(:125054)
08-12 16:37:39.929 14495 14565 E msgr.BootIdReader: 	at X.0gZ.c(:125004)
08-12 16:37:39.929 14495 14565 E msgr.BootIdReader: 	at X.0gZ.handleMessage(:125072)
08-12 16:37:39.929 14495 14565 E msgr.BootIdReader: 	at android.os.Handler.dispatchMessage(Handler.java:105)
08-12 16:37:39.929 14495 14565 E msgr.BootIdReader: 	at android.os.Looper.loop(Looper.java:164)
08-12 16:37:39.929 14495 14565 E msgr.BootIdReader: 	at android.os.HandlerThread.run(HandlerThread.java:65)
08-12 16:37:56.228  3669  3687 E memtrack: Couldn't load memtrack module
08-12 16:37:56.229  3669  3687 W android.os.Debug: failed to get memory consumption info: -1
08-12 16:37:56.290  3669  3687 E memtrack: Couldn't load memtrack module
08-12 16:37:56.290  3669  3687 W android.os.Debug: failed to get memory consumption info: -1
08-12 16:37:56.395  3669  3687 E memtrack: Couldn't load memtrack module
08-12 16:37:56.395  3669  3687 W android.os.Debug: failed to get memory consumption info: -1
08-12 16:37:56.466  3669  3690 W zygote64: failed to open /acct/uid_99020/pid_12355/cgroup.procs: No such file or directory
08-12 16:37:56.470  3669  3687 E memtrack: Couldn't load memtrack module
08-12 16:37:56.470  3669  3687 W android.os.Debug: failed to get memory consumption info: -1
08-12 16:38:09.904 14495 14518 W CrashLoopRemedyLog: unable to delete remedy log
08-12 16:38:20.601  5338  5482 E ContactsProvider_EventLog: Flush buffer to file cnt : 1 size : 1Kb duration : 2ms lastUpdatedAfter : 60047 ms mFlush_time_threasold : 2000 mCurrentSize : 939
08-12 16:38:31.692  3669  4370 E memtrack: Couldn't load memtrack module
08-12 16:38:31.692  3669  4370 W android.os.Debug: failed to get memory consumption info: -1
08-12 16:38:43.579  3669  3687 E memtrack: Couldn't load memtrack module
08-12 16:38:43.579  3669  3687 W android.os.Debug: failed to get memory consumption info: -1
08-12 16:38:43.652  3669  3687 E memtrack: Couldn't load memtrack module
08-12 16:38:43.652  3669  3687 W android.os.Debug: failed to get memory consumption info: -1
08-12 16:38:43.709  3669  3687 E memtrack: Couldn't load memtrack module
08-12 16:38:43.709  3669  3687 W android.os.Debug: failed to get memory consumption info: -1
08-12 16:38:43.773  3669  3687 E memtrack: Couldn't load memtrack module
08-12 16:38:43.773  3669  3687 W android.os.Debug: failed to get memory consumption info: -1
08-12 16:38:43.869  3669  3687 E memtrack: Couldn't load memtrack module
08-12 16:38:43.869  3669  3687 W android.os.Debug: failed to get memory consumption info: -1
08-12 16:38:44.003  3669  3687 E memtrack: Couldn't load memtrack module
08-12 16:38:44.003  3669  3687 W android.os.Debug: failed to get memory consumption info: -1
08-12 16:39:20.670  5338  5482 E ContactsProvider_EventLog: Flush buffer to file cnt : 1 size : 1Kb duration : 2ms lastUpdatedAfter : 60068 ms mFlush_time_threasold : 2000 mCurrentSize : 939
08-12 16:39:31.687  3669  4370 E memtrack: Couldn't load memtrack module
08-12 16:39:31.687  3669  4370 W android.os.Debug: failed to get memory consumption info: -1
--------- beginning of system
08-12 16:39:38.428  3669  4181 E Watchdog: !@Sync 776 [2018-08-12 16:39:38.428]
08-12 16:39:50.993  3669  4370 E NotificationService: notification pkg : com.devuni.flashlight has too high data size(370800) above 100000
08-12 16:39:50.997  3669  4370 E NotificationService: Suppressing notification from package by user request.
08-12 16:40:08.441  3669  4181 E Watchdog: !@Sync 777 [2018-08-12 16:40:08.441]
08-12 16:40:20.812  5338  5482 E ContactsProvider_EventLog: Flush buffer to file cnt : 1 size : 1Kb duration : 2ms lastUpdatedAfter : 60142 ms mFlush_time_threasold : 2000 mCurrentSize : 939
08-12 16:40:31.698  3669  4370 E memtrack: Couldn't load memtrack module
08-12 16:40:31.698  3669  4370 W android.os.Debug: failed to get memory consumption info: -1
08-12 16:40:34.924  3669  3696 W StorageManager: getStorageFullBytes DEFAULT_FULL_THRESHOLD_BYTES : 20971520, threadhold : 20971520
08-12 16:40:34.927  3669  3696 W StorageManager: getStorageLowBytes lowPercent : 5, lowBytes : 1332166656, maxLowBytes : 524288000
08-12 16:40:34.933  3669  3696 W DeviceStorageMonitorService: updateBroadcasts(/data) oldLevel:0, newLevel:0, seq:1
08-12 16:40:34.937  3669  3696 W DeviceStorageMonitorService: updateBroadcasts_filenode(/data) fn_oldLevel:0, fn_newLevel:0, seq:1
08-12 16:40:38.454  3669  4181 E Watchdog: !@Sync 778 [2018-08-12 16:40:38.454]
08-12 16:41:08.468  3669  4181 E Watchdog: !@Sync 779 [2018-08-12 16:41:08.467]
08-12 16:41:14.297  3669  3691 E BatteryStatsService: no controller energy info supplied
08-12 16:41:14.324  3669  3691 E KernelUidCpuTimeReader: Failed to read uid_cputime: /proc/uid_cputime/show_uid_stat (No such file or directory)
08-12 16:41:20.952  5338  5482 E ContactsProvider_EventLog: Flush buffer to file cnt : 1 size : 1Kb duration : 2ms lastUpdatedAfter : 60140 ms mFlush_time_threasold : 2000 mCurrentSize : 939
08-12 16:41:25.663  3669  3793 E TLC_TIMA_PKM_initialize: tima_pkm : /system/etc/tima/kern_sec_info1
08-12 16:41:25.670  3669  3793 E TLC_TIMA_PKM_initialize: tima_pkm : /system/etc/tima/kern_sec_info2
08-12 16:41:25.677  3669  3793 E TLC_TIMA_PKM_initialize: tima_pkm : /system/etc/tima/kern_sec_info3
08-12 16:41:25.683  3669  3793 E TLC_TIMA_PKM_initialize: tima_pkm : /system/etc/tima/kern_sec_info4
08-12 16:41:25.689  3669  3793 E TLC_TIMA_PKM_initialize: tima_pkm : /system/etc/tima/kern_sec_info5
08-12 16:41:25.711  3669  3793 E TLC_TIMA_PKM_initialize: tima_pkm : /system/etc/tima/kern_sec_info6
08-12 16:41:25.717  3669  3793 E TLC_TIMA_PKM_initialize: tima_pkm : /system/etc/tima/kern_sec_info7
08-12 16:41:25.722  3669  3793 E TLC_TIMA_PKM_initialize: tima_pkm : /system/etc/tima/kern_sec_info8
08-12 16:41:28.431  3669  3774 E AlarmManager: Set nextNonWakeup as mNextNonWakeupDeliveryTime=73212103 , orig nextNonWakeup=0
08-12 16:41:31.688  3669  4962 E memtrack: Couldn't load memtrack module
08-12 16:41:31.689  3669  4962 W android.os.Debug: failed to get memory consumption info: -1
08-12 16:41:34.966  3669  3696 W StorageManager: getStorageFullBytes DEFAULT_FULL_THRESHOLD_BYTES : 20971520, threadhold : 20971520
08-12 16:41:34.966  3669  3696 W StorageManager: getStorageLowBytes lowPercent : 5, lowBytes : 1332166656, maxLowBytes : 524288000
08-12 16:41:34.967  3669  3696 W DeviceStorageMonitorService: updateBroadcasts(/data) oldLevel:0, newLevel:0, seq:1
08-12 16:41:34.968  3669  3696 W DeviceStorageMonitorService: updateBroadcasts_filenode(/data) fn_oldLevel:0, fn_newLevel:0, seq:1
08-12 16:41:38.481  3669  4181 E Watchdog: !@Sync 780 [2018-08-12 16:41:38.481]
08-12 16:42:00.000  3669  3774 E AlarmManager: Set nextNonWakeup as mNextNonWakeupDeliveryTime=73429955 , orig nextNonWakeup=0
08-12 16:42:00.086 14704 14704 E Zygote  : isWhitelistProcess - Process is Whitelisted
08-12 16:42:00.088 14704 14704 E libpersona: scanKnoxPersonas
08-12 16:42:00.088 14704 14704 E libpersona: Couldn't open the File - /data/system/users/0/personalist.xml - No such file or directory
08-12 16:42:00.093 14704 14704 W SELinux : SELinux selinux_android_compute_policy_index : Policy Index[2],  Con:u:r:zygote:s0 RAM:SEPF_SM-G935F_8.0.0_0011, [-1 -1 -1 -1 0 1]
08-12 16:42:00.121 14716 14716 E Zygote  : isWhitelistProcess - Process is Whitelisted
08-12 16:42:00.123 14716 14716 E libpersona: scanKnoxPersonas
08-12 16:42:00.123 14716 14716 E libpersona: Couldn't open the File - /data/system/users/0/personalist.xml - No such file or directory
08-12 16:42:00.128 14716 14716 W SELinux : SELinux selinux_android_compute_policy_index : Policy Index[2],  Con:u:r:zygote:s0 RAM:SEPF_SM-G935F_8.0.0_0011, [-1 -1 -1 -1 0 1]
08-12 16:42:00.192  3669  3693 E MARsPolicyManager: Choosed Package com.devuni.flashlight has the process under ADJ 500 - Skip adj KILL
08-12 16:42:00.322 14704 14741 E GOS:SeDex: failed to getSystemService()
08-12 16:42:08.494  3669  4181 E Watchdog: !@Sync 781 [2018-08-12 16:42:08.493]
08-12 16:42:21.093  5338  5482 E ContactsProvider_EventLog: Flush buffer to file cnt : 1 size : 1Kb duration : 1ms lastUpdatedAfter : 60141 ms mFlush_time_threasold : 2000 mCurrentSize : 939
08-12 16:42:22.560  3669  3687 E memtrack: Couldn't load memtrack module
08-12 16:42:22.560  3669  3687 W android.os.Debug: failed to get memory consumption info: -1
08-12 16:42:28.621  3669  3774 E AlarmManager: Set nextNonWakeup as mNextNonWakeupDeliveryTime=73480722 , orig nextNonWakeup=0
08-12 16:42:30.258  4819  5477 W GCoreFlp: No location to return for getLastLocation()
08-12 16:42:30.271  4245  4293 E RequestManager_FLP: [FusedLocationApi] Location batching request 38cc23a PRIORITY_BALANCED_POWER_ACCURACY interval=570000 maxWaitTime = 855000 from com.luckystar.filetransfer
08-12 16:42:30.278  3669  4962 E PermissionMonitor: Calling app is not pre-installed on system. Ignore its notification. pkgName: com.luckystar.filetransfer, UserId: 0
08-12 16:42:30.280  3669  4962 E PermissionMonitor: We found matching pid. (uid, pid) : (10252, 12537
08-12 16:42:30.280  3669  4962 E PermissionMonitor: calling = com.luckystar.filetransfer8, currentTime = 1534084950280, lastTime = 1534084320170
08-12 16:42:30.288  4819  5477 W GCoreFlp: No location to return for getLastLocation()
08-12 16:42:30.291  4819  5477 W GCoreFlp: No location to return for getLastLocation()
08-12 16:42:31.690  3669  4962 E memtrack: Couldn't load memtrack module
08-12 16:42:31.690  3669  4962 W android.os.Debug: failed to get memory consumption info: -1
08-12 16:42:33.624  3669  3687 E memtrack: Couldn't load memtrack module
08-12 16:42:33.625  3669  3687 W android.os.Debug: failed to get memory consumption info: -1
08-12 16:42:33.701  3669  3687 E memtrack: Couldn't load memtrack module
08-12 16:42:33.701  3669  3687 W android.os.Debug: failed to get memory consumption info: -1
08-12 16:42:34.986  3669  3696 W StorageManager: getStorageFullBytes DEFAULT_FULL_THRESHOLD_BYTES : 20971520, threadhold : 20971520
08-12 16:42:34.987  3669  3696 W StorageManager: getStorageLowBytes lowPercent : 5, lowBytes : 1332166656, maxLowBytes : 524288000
08-12 16:42:34.988  3669  3696 W DeviceStorageMonitorService: updateBroadcasts(/data) oldLevel:0, newLevel:0, seq:1
08-12 16:42:34.989  3669  3696 W DeviceStorageMonitorService: updateBroadcasts_filenode(/data) fn_oldLevel:0, fn_newLevel:0, seq:1
08-12 16:42:38.510  3669  4181 E Watchdog: !@Sync 782 [2018-08-12 16:42:38.510]
08-12 16:43:00.226 12537 14749 W OneSignal: Location permission exists but GoogleApiClient timed out. Maybe related to mismatch google-play aar versions.
08-12 16:43:00.238  4245  4293 E RequestManager_FLP: [FusedLocationApi] Location remove 38cc23a from com.luckystar.filetransfer
08-12 16:43:00.247  4819  5477 W GCoreFlp: No location to return for getLastLocation()
08-12 16:43:08.524  3669  4181 E Watchdog: !@Sync 783 [2018-08-12 16:43:08.523]
08-12 16:43:21.182  5338  5482 E ContactsProvider_EventLog: Flush buffer to file cnt : 1 size : 1Kb duration : 3ms lastUpdatedAfter : 60089 ms mFlush_time_threasold : 2000 mCurrentSize : 939
08-12 16:43:30.274  3669  3774 E AlarmManager: Set nextNonWakeup as mNextNonWakeupDeliveryTime=73512102 , orig nextNonWakeup=0
08-12 16:43:31.690  3669  3825 E memtrack: Couldn't load memtrack module
08-12 16:43:31.690  3669  3825 W android.os.Debug: failed to get memory consumption info: -1
08-12 16:43:34.996  3669  3696 W StorageManager: getStorageFullBytes DEFAULT_FULL_THRESHOLD_BYTES : 20971520, threadhold : 20971520
08-12 16:43:34.997  3669  3696 W StorageManager: getStorageLowBytes lowPercent : 5, lowBytes : 1332166656, maxLowBytes : 524288000
08-12 16:43:34.997  3669  3696 W DeviceStorageMonitorService: updateBroadcasts(/data) oldLevel:0, newLevel:0, seq:1
08-12 16:43:34.998  3669  3696 W DeviceStorageMonitorService: updateBroadcasts_filenode(/data) fn_oldLevel:0, fn_newLevel:0, seq:1
08-12 16:43:38.537  3669  4181 E Watchdog: !@Sync 784 [2018-08-12 16:43:38.537]
08-12 16:44:08.551  3669  4181 E Watchdog: !@Sync 785 [2018-08-12 16:44:08.550]
08-12 16:44:21.271  5338  5482 E ContactsProvider_EventLog: Flush buffer to file cnt : 1 size : 1Kb duration : 1ms lastUpdatedAfter : 60089 ms mFlush_time_threasold : 2000 mCurrentSize : 939
08-12 16:44:21.320  3669  3669 W MotionRecognitionService: SAR_GRIP 
08-12 16:44:21.322  3669  3687 E memtrack: Couldn't load memtrack module
08-12 16:44:21.322  3669  3687 W android.os.Debug: failed to get memory consumption info: -1
08-12 16:44:21.347  3669  3669 W MotionRecognitionService: SAR_PROX
08-12 16:44:21.361  3669  3669 E MotionRecognitionService: GripVal = [1]
08-12 16:44:21.361  3669  3786 E MotionRecognitionService: handleMessage: event 200 value : 1
08-12 16:44:21.381  3669  3687 E memtrack: Couldn't load memtrack module
08-12 16:44:21.381  3669  3687 W android.os.Debug: failed to get memory consumption info: -1
08-12 16:44:21.401  3669  3786 E MotionRecognitionService: handleMessage: event 200 value : 2
08-12 16:44:21.510  3669  3687 E memtrack: Couldn't load memtrack module
08-12 16:44:21.510  3669  3687 W android.os.Debug: failed to get memory consumption info: -1
08-12 16:44:22.279  4384  4645 E ImsAdaptorImpl: setSSACInfo : ImsAdaptorImpl.
08-12 16:44:22.368  4073  4073 E GlobalActionsDialog: onServiceStateChanged inAirplaneMode=false inAirplaneModeOn=false
08-12 16:44:22.368  4073  4073 W GlobalActionsDialog: onServiceStateChanged inAirplaneMode=false mAirplaneState=Off
08-12 16:44:22.409  4073  4073 E GlobalActionsDialog: onServiceStateChanged inAirplaneMode=false inAirplaneModeOn=false
08-12 16:44:22.409  4073  4073 W GlobalActionsDialog: onServiceStateChanged inAirplaneMode=false mAirplaneState=Off
08-12 16:44:22.455 11057 11070 W zygote64: Checksum mismatch for dex Messaging_SEP81.apk
08-12 16:44:22.456 11057 11070 W zygote64: Checksum mismatch for dex Messaging_SEP81.apk
08-12 16:44:31.688  3669  8697 E memtrack: Couldn't load memtrack module
08-12 16:44:31.689  3669  8697 W android.os.Debug: failed to get memory consumption info: -1
08-12 16:44:34.115  3669  3669 W MotionRecognitionService: SAR_GRIP 
08-12 16:44:34.123  3669  3669 W MotionRecognitionService: SAR_PROX
08-12 16:44:34.123  3669  3786 E MotionRecognitionService: handleMessage: event 200 value : 1
08-12 16:44:34.150  3669  3786 E MotionRecognitionService: handleMessage: event 200 value : 2
08-12 16:44:34.155  4384  4645 E ImsAdaptorImpl: setSSACInfo : ImsAdaptorImpl.
08-12 16:44:34.212  4073  4073 E GlobalActionsDialog: onServiceStateChanged inAirplaneMode=false inAirplaneModeOn=false
08-12 16:44:34.212  4073  4073 W GlobalActionsDialog: onServiceStateChanged inAirplaneMode=false mAirplaneState=Off
08-12 16:44:34.223  4073  4073 E GlobalActionsDialog: onServiceStateChanged inAirplaneMode=false inAirplaneModeOn=false
08-12 16:44:34.223  4073  4073 W GlobalActionsDialog: onServiceStateChanged inAirplaneMode=false mAirplaneState=Off
08-12 16:44:35.016  3669  3696 W StorageManager: getStorageFullBytes DEFAULT_FULL_THRESHOLD_BYTES : 20971520, threadhold : 20971520
08-12 16:44:35.016  3669  3696 W StorageManager: getStorageLowBytes lowPercent : 5, lowBytes : 1332166656, maxLowBytes : 524288000
08-12 16:44:35.017  3669  3696 W DeviceStorageMonitorService: updateBroadcasts(/data) oldLevel:0, newLevel:0, seq:1
08-12 16:44:35.018  3669  3696 W DeviceStorageMonitorService: updateBroadcasts_filenode(/data) fn_oldLevel:0, fn_newLevel:0, seq:1
08-12 16:44:38.564  3669  4181 E Watchdog: !@Sync 786 [2018-08-12 16:44:38.564]
08-12 16:44:51.491  3669  4113 E NotificationService: notification pkg : com.devuni.flashlight has too high data size(371016) above 100000
08-12 16:44:51.495  3669  4113 E NotificationService: Suppressing notification from package by user request.
08-12 16:45:08.578  3669  4181 E Watchdog: !@Sync 787 [2018-08-12 16:45:08.577]
08-12 16:45:21.387  5338  5482 E ContactsProvider_EventLog: Flush buffer to file cnt : 1 size : 1Kb duration : 4ms lastUpdatedAfter : 60116 ms mFlush_time_threasold : 2000 mCurrentSize : 939
08-12 16:45:25.077  3669  3774 E AlarmManager: Set nextNonWakeup as mNextNonWakeupDeliveryTime=73512102 , orig nextNonWakeup=0
08-12 16:45:25.094  3669  3687 E memtrack: Couldn't load memtrack module
08-12 16:45:25.095  3669  3687 W android.os.Debug: failed to get memory consumption info: -1
08-12 16:45:25.169  3669  3687 E memtrack: Couldn't load memtrack module
08-12 16:45:25.169  3669  3687 W android.os.Debug: failed to get memory consumption info: -1
08-12 16:45:25.170  3669  4113 W ActivityManager: Scheduling restart of crashed service com.trustonic.tuiservice/.TuiService in 1000ms
08-12 16:45:26.228  3669  3688 W ActivityManager: Slow operation: 55ms so far, now at startProcess: returned from zygote!
08-12 16:45:26.228  3669  3688 W ActivityManager: Slow operation: 55ms so far, now at startProcess: done updating battery stats
08-12 16:45:26.228 14774 14774 E Zygote  : isWhitelistProcess - Process is Whitelisted
08-12 16:45:26.229  3669  3688 W ActivityManager: Slow operation: 56ms so far, now at startProcess: building log message
08-12 16:45:26.229  3669  3688 W ActivityManager: Slow operation: 56ms so far, now at startProcess: starting to update pids map
08-12 16:45:26.229  3669  3688 W ActivityManager: Slow operation: 56ms so far, now at startProcess: done updating pids map
08-12 16:45:26.229  3669  3688 W ActivityManager: Slow operation: 57ms so far, now at startProcess: done starting proc!
08-12 16:45:26.230 14774 14774 E libpersona: scanKnoxPersonas
08-12 16:45:26.230 14774 14774 E libpersona: Couldn't open the File - /data/system/users/0/personalist.xml - No such file or directory
08-12 16:45:26.235 14774 14774 W SELinux : SELinux selinux_android_compute_policy_index : Policy Index[2],  Con:u:r:zygote:s0 RAM:SEPF_SM-G935F_8.0.0_0011, [-1 -1 -1 -1 0 1]
08-12 16:45:26.397 14774 14774 E TlcTui  : TUI_IO_DISPLAY_NOTIFY ioctl failed with errno Not a typewriter.
08-12 16:45:26.397 14774 14774 E TlcTuiJni: tlcNotifyEvent: failed to notify an event!
08-12 16:45:26.397 14774 14774 E TuiService: display, notifyEvent failed!
08-12 16:45:31.689  3669  8697 E memtrack: Couldn't load memtrack module
08-12 16:45:31.689  3669  8697 W android.os.Debug: failed to get memory consumption info: -1
08-12 16:45:35.046  3669  3696 W StorageManager: getStorageFullBytes DEFAULT_FULL_THRESHOLD_BYTES : 20971520, threadhold : 20971520
08-12 16:45:35.046  3669  3696 W StorageManager: getStorageLowBytes lowPercent : 5, lowBytes : 1332166656, maxLowBytes : 524288000
08-12 16:45:35.047  3669  3696 W DeviceStorageMonitorService: updateBroadcasts(/data) oldLevel:0, newLevel:0, seq:1
08-12 16:45:35.048  3669  3696 W DeviceStorageMonitorService: updateBroadcasts_filenode(/data) fn_oldLevel:0, fn_newLevel:0, seq:1
08-12 16:45:38.591  3669  4181 E Watchdog: !@Sync 788 [2018-08-12 16:45:38.591]
08-12 16:46:08.608  3669  4181 E Watchdog: !@Sync 789 [2018-08-12 16:46:08.607]
08-12 16:46:21.486  5338  5482 E ContactsProvider_EventLog: Flush buffer to file cnt : 1 size : 1Kb duration : 11ms lastUpdatedAfter : 60099 ms mFlush_time_threasold : 2000 mCurrentSize : 939
08-12 16:46:25.278  3669  3774 E AlarmManager: Set nextNonWakeup as mNextNonWakeupDeliveryTime=73685573 , orig nextNonWakeup=0
08-12 16:46:25.662  3669  3793 E TLC_TIMA_PKM_initialize: tima_pkm : /system/etc/tima/kern_sec_info1
08-12 16:46:25.670  3669  3793 E TLC_TIMA_PKM_initialize: tima_pkm : /system/etc/tima/kern_sec_info2
08-12 16:46:25.677  3669  3793 E TLC_TIMA_PKM_initialize: tima_pkm : /system/etc/tima/kern_sec_info3
08-12 16:46:25.683  3669  3793 E TLC_TIMA_PKM_initialize: tima_pkm : /system/etc/tima/kern_sec_info4
08-12 16:46:25.689  3669  3793 E TLC_TIMA_PKM_initialize: tima_pkm : /system/etc/tima/kern_sec_info5
08-12 16:46:25.711  3669  3793 E TLC_TIMA_PKM_initialize: tima_pkm : /system/etc/tima/kern_sec_info6
08-12 16:46:25.717  3669  3793 E TLC_TIMA_PKM_initialize: tima_pkm : /system/etc/tima/kern_sec_info7
08-12 16:46:25.722  3669  3793 E TLC_TIMA_PKM_initialize: tima_pkm : /system/etc/tima/kern_sec_info8
08-12 16:46:31.690  3669  8697 E memtrack: Couldn't load memtrack module
08-12 16:46:31.690  3669  8697 W android.os.Debug: failed to get memory consumption info: -1
08-12 16:46:35.079  3669  3696 W StorageManager: getStorageFullBytes DEFAULT_FULL_THRESHOLD_BYTES : 20971520, threadhold : 20971520
08-12 16:46:35.080  3669  3696 W StorageManager: getStorageLowBytes lowPercent : 5, lowBytes : 1332166656, maxLowBytes : 524288000
08-12 16:46:35.081  3669  3696 W DeviceStorageMonitorService: updateBroadcasts(/data) oldLevel:0, newLevel:0, seq:1
08-12 16:46:35.082  3669  3696 W DeviceStorageMonitorService: updateBroadcasts_filenode(/data) fn_oldLevel:0, fn_newLevel:0, seq:1
08-12 16:46:38.621  3669  4181 E Watchdog: !@Sync 790 [2018-08-12 16:46:38.620]
08-12 16:47:08.634  3669  4181 E Watchdog: !@Sync 791 [2018-08-12 16:47:08.634]
08-12 16:47:21.625  5338  5482 E ContactsProvider_EventLog: Flush buffer to file cnt : 1 size : 1Kb duration : 1ms lastUpdatedAfter : 60138 ms mFlush_time_threasold : 2000 mCurrentSize : 939
08-12 16:47:24.273 14371 14479 E memtrack: Couldn't load memtrack module
08-12 16:47:24.273 14371 14479 W android.os.Debug: failed to get memory consumption info: -1
08-12 16:47:31.230 14495 14578 E memtrack: Couldn't load memtrack module
08-12 16:47:31.230 14495 14578 W android.os.Debug: failed to get memory consumption info: -1
08-12 16:47:31.698  3669  8697 E memtrack: Couldn't load memtrack module
08-12 16:47:31.698  3669  8697 W android.os.Debug: failed to get memory consumption info: -1
08-12 16:47:35.106  3669  3696 W StorageManager: getStorageFullBytes DEFAULT_FULL_THRESHOLD_BYTES : 20971520, threadhold : 20971520
08-12 16:47:35.106  3669  3696 W StorageManager: getStorageLowBytes lowPercent : 5, lowBytes : 1332166656, maxLowBytes : 524288000
08-12 16:47:35.107  3669  3696 W DeviceStorageMonitorService: updateBroadcasts(/data) oldLevel:0, newLevel:0, seq:1
08-12 16:47:35.107  3669  3696 W DeviceStorageMonitorService: updateBroadcasts_filenode(/data) fn_oldLevel:0, fn_newLevel:0, seq:1
08-12 16:47:38.648  3669  4181 E Watchdog: !@Sync 792 [2018-08-12 16:47:38.647]
08-12 16:47:46.727  3669  3774 E AlarmManager: Set nextNonWakeup as mNextNonWakeupDeliveryTime=73685573 , orig nextNonWakeup=0
08-12 16:47:46.761  3669  3687 E memtrack: Couldn't load memtrack module
08-12 16:47:46.761  3669  3687 W android.os.Debug: failed to get memory consumption info: -1
08-12 16:47:46.883  3669  3687 E memtrack: Couldn't load memtrack module
08-12 16:47:46.883  3669  3687 W android.os.Debug: failed to get memory consumption info: -1
08-12 16:47:46.954  3669  3687 E memtrack: Couldn't load memtrack module
08-12 16:47:46.954  3669  3687 W android.os.Debug: failed to get memory consumption info: -1
08-12 16:47:46.979 11513 14811 E memtrack: Couldn't load memtrack module
08-12 16:47:46.980 11513 14811 W android.os.Debug: failed to get memory consumption info: -1
08-12 16:47:47.012  3669  3687 E memtrack: Couldn't load memtrack module
08-12 16:47:47.012  3669  3687 W android.os.Debug: failed to get memory consumption info: -1
08-12 16:47:47.067  3669  3687 E memtrack: Couldn't load memtrack module
08-12 16:47:47.067  3669  3687 W android.os.Debug: failed to get memory consumption info: -1
08-12 16:47:47.109  3669  3825 E memtrack: Couldn't load memtrack module
08-12 16:47:47.110  3669  3825 W android.os.Debug: failed to get memory consumption info: -1
08-12 16:47:47.165  3669  3687 E memtrack: Couldn't load memtrack module
08-12 16:47:47.165  3669  3687 W android.os.Debug: failed to get memory consumption info: -1
08-12 16:47:47.238  3669  3687 E memtrack: Couldn't load memtrack module
08-12 16:47:47.238  3669  3687 W android.os.Debug: failed to get memory consumption info: -1
08-12 16:47:47.315  3669  3687 E memtrack: Couldn't load memtrack module
08-12 16:47:47.315  3669  3687 W android.os.Debug: failed to get memory consumption info: -1
08-12 16:47:47.392  3669  3687 E memtrack: Couldn't load memtrack module
08-12 16:47:47.392  3669  3687 W android.os.Debug: failed to get memory consumption info: -1
08-12 16:47:47.456  3669  3687 E memtrack: Couldn't load memtrack module
08-12 16:47:47.456  3669  3687 W android.os.Debug: failed to get memory consumption info: -1
08-12 16:47:47.521  3669  3687 E memtrack: Couldn't load memtrack module
08-12 16:47:47.521  3669  3687 W android.os.Debug: failed to get memory consumption info: -1
08-12 16:47:47.588  3669  3687 E memtrack: Couldn't load memtrack module
08-12 16:47:47.588  3669  3687 W android.os.Debug: failed to get memory consumption info: -1
08-12 16:47:47.656  3669  3687 E memtrack: Couldn't load memtrack module
08-12 16:47:47.656  3669  3687 W android.os.Debug: failed to get memory consumption info: -1
08-12 16:47:47.738  3669  3687 E memtrack: Couldn't load memtrack module
08-12 16:47:47.738  3669  3687 W android.os.Debug: failed to get memory consumption info: -1
08-12 16:47:47.812  3669  3687 E memtrack: Couldn't load memtrack module
08-12 16:47:47.812  3669  3687 W android.os.Debug: failed to get memory consumption info: -1
08-12 16:47:48.099  3669  4113 W StorageManager: getStorageLowBytes lowPercent : 5, lowBytes : 1332166656, maxLowBytes : 524288000
08-12 16:47:48.259 14186 14235 W SSLCertificateSocketFactory: Bypassing SSL security checks at caller's request
08-12 16:48:07.342  3669  3687 E memtrack: Couldn't load memtrack module
08-12 16:48:07.342  3669  3687 W android.os.Debug: failed to get memory consumption info: -1
08-12 16:48:07.620  3669  3687 E memtrack: Couldn't load memtrack module
08-12 16:48:07.620  3669  3687 W android.os.Debug: failed to get memory consumption info: -1
08-12 16:48:07.686  3669  3687 E memtrack: Couldn't load memtrack module
08-12 16:48:07.686  3669  3687 W android.os.Debug: failed to get memory consumption info: -1
08-12 16:48:07.751  3669  3687 E memtrack: Couldn't load memtrack module
08-12 16:48:07.752  3669  3687 W android.os.Debug: failed to get memory consumption info: -1
08-12 16:48:07.848  3669  3687 E memtrack: Couldn't load memtrack module
08-12 16:48:07.848  3669  3687 W android.os.Debug: failed to get memory consumption info: -1
08-12 16:48:07.930  3669  3687 E memtrack: Couldn't load memtrack module
08-12 16:48:07.930  3669  3687 W android.os.Debug: failed to get memory consumption info: -1
08-12 16:48:07.999  3669  3687 E memtrack: Couldn't load memtrack module
08-12 16:48:07.999  3669  3687 W android.os.Debug: failed to get memory consumption info: -1
08-12 16:48:08.065  3669  3687 E memtrack: Couldn't load memtrack module
08-12 16:48:08.066  3669  3687 W android.os.Debug: failed to get memory consumption info: -1
08-12 16:48:08.127  3669  3687 E memtrack: Couldn't load memtrack module
08-12 16:48:08.127  3669  3687 W android.os.Debug: failed to get memory consumption info: -1
08-12 16:48:08.659  3669  4181 E Watchdog: !@Sync 793 [2018-08-12 16:48:08.659]
08-12 16:48:21.725  5338  5482 E ContactsProvider_EventLog: Flush buffer to file cnt : 1 size : 1Kb duration : 2ms lastUpdatedAfter : 60099 ms mFlush_time_threasold : 2000 mCurrentSize : 939
08-12 16:48:31.695  3669  3825 E memtrack: Couldn't load memtrack module
08-12 16:48:31.696  3669  3825 W android.os.Debug: failed to get memory consumption info: -1
08-12 16:48:35.136  3669  3696 W StorageManager: getStorageFullBytes DEFAULT_FULL_THRESHOLD_BYTES : 20971520, threadhold : 20971520
08-12 16:48:35.138  3669  3696 W StorageManager: getStorageLowBytes lowPercent : 5, lowBytes : 1332166656, maxLowBytes : 524288000
08-12 16:48:35.142  3669  3696 W DeviceStorageMonitorService: updateBroadcasts(/data) oldLevel:0, newLevel:0, seq:1
08-12 16:48:35.144  3669  3696 W DeviceStorageMonitorService: updateBroadcasts_filenode(/data) fn_oldLevel:0, fn_newLevel:0, seq:1
08-12 16:48:38.670  3669  4181 E Watchdog: !@Sync 794 [2018-08-12 16:48:38.670]
08-12 16:48:46.936  3669  3774 E AlarmManager: Set nextNonWakeup as mNextNonWakeupDeliveryTime=73812102 , orig nextNonWakeup=0
08-12 16:48:47.269  3669  3687 E memtrack: Couldn't load memtrack module
08-12 16:48:47.269  3669  3687 W android.os.Debug: failed to get memory consumption info: -1
08-12 16:48:47.339  3669  3687 E memtrack: Couldn't load memtrack module
08-12 16:48:47.339  3669  3687 W android.os.Debug: failed to get memory consumption info: -1
08-12 16:48:47.408  3669  3687 E memtrack: Couldn't load memtrack module
08-12 16:48:47.408  3669  3687 W android.os.Debug: failed to get memory consumption info: -1
08-12 16:48:47.433  1368  1755 E SPPClientService: [b] __PingReply__
08-12 16:48:47.473 11640 11640 E LLog    : For input string: "4C7"
08-12 16:48:47.477 11640 11640 E LLog    : For input string: "4C7"
08-12 16:48:47.492  3669  3687 E memtrack: Couldn't load memtrack module
08-12 16:48:47.492  3669  3687 W android.os.Debug: failed to get memory consumption info: -1
08-12 16:48:47.615  3669  3687 E memtrack: Couldn't load memtrack module
08-12 16:48:47.615  3669  3687 W android.os.Debug: failed to get memory consumption info: -1
08-12 16:48:51.893  3669  4113 E NotificationService: notification pkg : com.devuni.flashlight has too high data size(371232) above 100000
08-12 16:48:51.896  3669  4113 E NotificationService: Suppressing notification from package by user request.
08-12 16:49:08.681  3669  4181 E Watchdog: !@Sync 795 [2018-08-12 16:49:08.681]
08-12 16:49:21.882  5338  5482 E ContactsProvider_EventLog: Flush buffer to file cnt : 1 size : 1Kb duration : 1ms lastUpdatedAfter : 60157 ms mFlush_time_threasold : 2000 mCurrentSize : 939
08-12 16:49:21.928  3669  4113 E NotificationService: notification pkg : com.devuni.flashlight has too high data size(371448) above 100000
08-12 16:49:21.931  3669  4113 E NotificationService: Suppressing notification from package by user request.
08-12 16:49:31.690  3669  4113 E memtrack: Couldn't load memtrack module
08-12 16:49:31.690  3669  4113 W android.os.Debug: failed to get memory consumption info: -1
08-12 16:49:35.165  3669  3696 W StorageManager: getStorageFullBytes DEFAULT_FULL_THRESHOLD_BYTES : 20971520, threadhold : 20971520
08-12 16:49:35.165  3669  3696 W StorageManager: getStorageLowBytes lowPercent : 5, lowBytes : 1332166656, maxLowBytes : 524288000
08-12 16:49:35.167  3669  3696 W DeviceStorageMonitorService: updateBroadcasts(/data) oldLevel:0, newLevel:0, seq:1
08-12 16:49:35.168  3669  3696 W DeviceStorageMonitorService: updateBroadcasts_filenode(/data) fn_oldLevel:0, fn_newLevel:0, seq:1
08-12 16:49:38.692  3669  4181 E Watchdog: !@Sync 796 [2018-08-12 16:49:38.692]
08-12 16:49:51.999  3669  4113 E NotificationService: notification pkg : com.devuni.flashlight has too high data size(371664) above 100000
08-12 16:49:52.002  3669  4113 E NotificationService: Suppressing notification from package by user request.
08-12 16:50:08.703  3669  4181 E Watchdog: !@Sync 797 [2018-08-12 16:50:08.703]
08-12 16:50:21.955  5338  5482 E ContactsProvider_EventLog: Flush buffer to file cnt : 1 size : 1Kb duration : 1ms lastUpdatedAfter : 60073 ms mFlush_time_threasold : 2000 mCurrentSize : 939
08-12 16:50:31.689  3669  4113 E memtrack: Couldn't load memtrack module
08-12 16:50:31.689  3669  4113 W android.os.Debug: failed to get memory consumption info: -1
08-12 16:50:35.201  3669  3696 W StorageManager: getStorageFullBytes DEFAULT_FULL_THRESHOLD_BYTES : 20971520, threadhold : 20971520
08-12 16:50:35.201  3669  3696 W StorageManager: getStorageLowBytes lowPercent : 5, lowBytes : 1332166656, maxLowBytes : 524288000
08-12 16:50:35.202  3669  3696 W DeviceStorageMonitorService: updateBroadcasts(/data) oldLevel:0, newLevel:0, seq:1
08-12 16:50:35.202  3669  3696 W DeviceStorageMonitorService: updateBroadcasts_filenode(/data) fn_oldLevel:0, fn_newLevel:0, seq:1
08-12 16:50:38.714  3669  4181 E Watchdog: !@Sync 798 [2018-08-12 16:50:38.714]
08-12 16:50:45.975  3669  3669 W MotionRecognitionService: SAR_GRIP 
08-12 16:50:46.008  3669  3669 W MotionRecognitionService: SAR_PROX
08-12 16:50:46.033  3669  3669 E MotionRecognitionService: GripVal = [1]
08-12 16:50:46.034  3669  3786 E MotionRecognitionService: handleMessage: event 200 value : 1
08-12 16:50:46.076  3669  3786 E MotionRecognitionService: handleMessage: event 200 value : 2
08-12 16:50:46.919  4384  4645 E ImsAdaptorImpl: setSSACInfo : ImsAdaptorImpl.
08-12 16:50:47.000  4073  4073 E GlobalActionsDialog: onServiceStateChanged inAirplaneMode=false inAirplaneModeOn=false
08-12 16:50:47.000  4073  4073 W GlobalActionsDialog: onServiceStateChanged inAirplaneMode=false mAirplaneState=Off
08-12 16:50:47.040  4073  4073 E GlobalActionsDialog: onServiceStateChanged inAirplaneMode=false inAirplaneModeOn=false
08-12 16:50:47.040  4073  4073 W GlobalActionsDialog: onServiceStateChanged inAirplaneMode=false mAirplaneState=Off
08-12 16:50:58.594  3669  3669 W MotionRecognitionService: SAR_GRIP 
08-12 16:50:58.606  3669  3669 W MotionRecognitionService: SAR_PROX
08-12 16:50:58.606  3669  3786 E MotionRecognitionService: handleMessage: event 200 value : 1
08-12 16:50:58.630  3669  3786 E MotionRecognitionService: handleMessage: event 200 value : 2
08-12 16:50:58.653  4384  4645 E ImsAdaptorImpl: setSSACInfo : ImsAdaptorImpl.
08-12 16:50:58.710  4073  4073 E GlobalActionsDialog: onServiceStateChanged inAirplaneMode=false inAirplaneModeOn=false
08-12 16:50:58.710  4073  4073 W GlobalActionsDialog: onServiceStateChanged inAirplaneMode=false mAirplaneState=Off
08-12 16:50:58.733  4073  4073 E GlobalActionsDialog: onServiceStateChanged inAirplaneMode=false inAirplaneModeOn=false
08-12 16:50:58.733  4073  4073 W GlobalActionsDialog: onServiceStateChanged inAirplaneMode=false mAirplaneState=Off
08-12 16:51:08.725  3669  4181 E Watchdog: !@Sync 799 [2018-08-12 16:51:08.725]
08-12 16:51:22.008  5338  5482 E ContactsProvider_EventLog: Flush buffer to file cnt : 1 size : 1Kb duration : 3ms lastUpdatedAfter : 60053 ms mFlush_time_threasold : 2000 mCurrentSize : 939
08-12 16:51:25.654  3669  3793 E TLC_TIMA_PKM_initialize: tima_pkm : /system/etc/tima/kern_sec_info1
08-12 16:51:25.661  3669  3793 E TLC_TIMA_PKM_initialize: tima_pkm : /system/etc/tima/kern_sec_info2
08-12 16:51:25.668  3669  3793 E TLC_TIMA_PKM_initialize: tima_pkm : /system/etc/tima/kern_sec_info3
08-12 16:51:25.674  3669  3793 E TLC_TIMA_PKM_initialize: tima_pkm : /system/etc/tima/kern_sec_info4
08-12 16:51:25.681  3669  3793 E TLC_TIMA_PKM_initialize: tima_pkm : /system/etc/tima/kern_sec_info5
08-12 16:51:25.704  3669  3793 E TLC_TIMA_PKM_initialize: tima_pkm : /system/etc/tima/kern_sec_info6
08-12 16:51:25.709  3669  3793 E TLC_TIMA_PKM_initialize: tima_pkm : /system/etc/tima/kern_sec_info7
08-12 16:51:25.715  3669  3793 E TLC_TIMA_PKM_initialize: tima_pkm : /system/etc/tima/kern_sec_info8
08-12 16:51:31.689  3669  3825 E memtrack: Couldn't load memtrack module
08-12 16:51:31.689  3669  3825 W android.os.Debug: failed to get memory consumption info: -1
08-12 16:51:35.233  3669  3696 W StorageManager: getStorageFullBytes DEFAULT_FULL_THRESHOLD_BYTES : 20971520, threadhold : 20971520
08-12 16:51:35.234  3669  3696 W StorageManager: getStorageLowBytes lowPercent : 5, lowBytes : 1332166656, maxLowBytes : 524288000
08-12 16:51:35.235  3669  3696 W DeviceStorageMonitorService: updateBroadcasts(/data) oldLevel:0, newLevel:0, seq:1
08-12 16:51:35.235  3669  3696 W DeviceStorageMonitorService: updateBroadcasts_filenode(/data) fn_oldLevel:0, fn_newLevel:0, seq:1
08-12 16:51:38.737  3669  4181 E Watchdog: !@Sync 800 [2018-08-12 16:51:38.736]
08-12 16:52:08.748  3669  4181 E Watchdog: !@Sync 801 [2018-08-12 16:52:08.747]
08-12 16:52:16.061  3669  3774 E AlarmManager: Set nextNonWakeup as mNextNonWakeupDeliveryTime=73872101 , orig nextNonWakeup=0
08-12 16:52:22.085  5338  5482 E ContactsProvider_EventLog: Flush buffer to file cnt : 1 size : 1Kb duration : 2ms lastUpdatedAfter : 60076 ms mFlush_time_threasold : 2000 mCurrentSize : 939
08-12 16:52:31.693  3669  4113 E memtrack: Couldn't load memtrack module
08-12 16:52:31.693  3669  4113 W android.os.Debug: failed to get memory consumption info: -1
08-12 16:52:35.250  3669  3696 W StorageManager: getStorageFullBytes DEFAULT_FULL_THRESHOLD_BYTES : 20971520, threadhold : 20971520
08-12 16:52:35.251  3669  3696 W StorageManager: getStorageLowBytes lowPercent : 5, lowBytes : 1332166656, maxLowBytes : 524288000
08-12 16:52:35.252  3669  3696 W DeviceStorageMonitorService: updateBroadcasts(/data) oldLevel:0, newLevel:0, seq:1
08-12 16:52:35.253  3669  3696 W DeviceStorageMonitorService: updateBroadcasts_filenode(/data) fn_oldLevel:0, fn_newLevel:0, seq:1
08-12 16:52:38.759  3669  4181 E Watchdog: !@Sync 802 [2018-08-12 16:52:38.758]
08-12 16:53:08.770  3669  4181 E Watchdog: !@Sync 803 [2018-08-12 16:53:08.770]
08-12 16:53:22.163  5338  5482 E ContactsProvider_EventLog: Flush buffer to file cnt : 1 size : 1Kb duration : 1ms lastUpdatedAfter : 60078 ms mFlush_time_threasold : 2000 mCurrentSize : 939
08-12 16:53:31.688  3669  4113 E memtrack: Couldn't load memtrack module
08-12 16:53:31.688  3669  4113 W android.os.Debug: failed to get memory consumption info: -1
08-12 16:53:35.270  3669  3696 W StorageManager: getStorageFullBytes DEFAULT_FULL_THRESHOLD_BYTES : 20971520, threadhold : 20971520
08-12 16:53:35.271  3669  3696 W StorageManager: getStorageLowBytes lowPercent : 5, lowBytes : 1332166656, maxLowBytes : 524288000
08-12 16:53:35.272  3669  3696 W DeviceStorageMonitorService: updateBroadcasts(/data) oldLevel:0, newLevel:0, seq:1
08-12 16:53:35.273  3669  3696 W DeviceStorageMonitorService: updateBroadcasts_filenode(/data) fn_oldLevel:0, fn_newLevel:0, seq:1
08-12 16:53:38.781  3669  4181 E Watchdog: !@Sync 804 [2018-08-12 16:53:38.781]
08-12 16:53:48.092  3669  3687 E memtrack: Couldn't load memtrack module
08-12 16:53:48.092  3669  3687 W android.os.Debug: failed to get memory consumption info: -1
08-12 16:53:48.177  3669  3687 E memtrack: Couldn't load memtrack module
