08-07 20:02:15.191 18829 18925 W AdvertisingIdClient: 	at com.adjust.sdk.ActivityHandler.initI(SourceFile:643)
08-07 20:02:15.191 18829 18925 W AdvertisingIdClient: 	at com.adjust.sdk.ActivityHandler.access$000(SourceFile:31)
08-07 20:02:15.191 18829 18925 W AdvertisingIdClient: 	at com.adjust.sdk.ActivityHandler$1.run(SourceFile:184)
08-07 20:02:15.191 18829 18925 W AdvertisingIdClient: 	at java.util.concurrent.Executors$RunnableAdapter.call(Executors.java:457)
08-07 20:02:15.191 18829 18925 W AdvertisingIdClient: 	at java.util.concurrent.FutureTask.run(FutureTask.java:266)
08-07 20:02:15.191 18829 18925 W AdvertisingIdClient: 	at java.util.concurrent.ScheduledThreadPoolExecutor$ScheduledFutureTask.run(ScheduledThreadPoolExecutor.java:301)
08-07 20:02:15.191 18829 18925 W AdvertisingIdClient: 	at java.util.concurrent.ThreadPoolExecutor.runWorker(ThreadPoolExecutor.java:1162)
08-07 20:02:15.191 18829 18925 W AdvertisingIdClient: 	at java.util.concurrent.ThreadPoolExecutor$Worker.run(ThreadPoolExecutor.java:636)
08-07 20:02:15.191 18829 18925 W AdvertisingIdClient: 	at java.lang.Thread.run(Thread.java:764)
08-07 20:02:15.358 18829 18925 W AdvertisingIdClient: Error while reading from SharedPreferences 
08-07 20:02:15.358 18829 18925 W AdvertisingIdClient: java.lang.SecurityException: MODE_WORLD_READABLE no longer supported
08-07 20:02:15.358 18829 18925 W AdvertisingIdClient: 	at android.app.ContextImpl.checkMode(ContextImpl.java:2453)
08-07 20:02:15.358 18829 18925 W AdvertisingIdClient: 	at android.app.ContextImpl.getSharedPreferences(ContextImpl.java:389)
08-07 20:02:15.358 18829 18925 W AdvertisingIdClient: 	at android.app.ContextImpl.getSharedPreferences(ContextImpl.java:376)
08-07 20:02:15.358 18829 18925 W AdvertisingIdClient: 	at com.google.android.gms.ads.identifier.AdvertisingIdClient.getAdvertisingIdInfo(Unknown Source:13)
08-07 20:02:15.358 18829 18925 W AdvertisingIdClient: 	at java.lang.reflect.Method.invoke(Native Method)
08-07 20:02:15.358 18829 18925 W AdvertisingIdClient: 	at com.adjust.sdk.Reflection.invokeMethod(SourceFile:193)
08-07 20:02:15.358 18829 18925 W AdvertisingIdClient: 	at com.adjust.sdk.Reflection.invokeStaticMethod(SourceFile:176)
08-07 20:02:15.358 18829 18925 W AdvertisingIdClient: 	at com.adjust.sdk.Reflection.getAdvertisingInfoObject(SourceFile:93)
08-07 20:02:15.358 18829 18925 W AdvertisingIdClient: 	at com.adjust.sdk.Reflection.getPlayAdId(SourceFile:42)
08-07 20:02:15.358 18829 18925 W AdvertisingIdClient: 	at com.adjust.sdk.Util.getPlayAdId(SourceFile:92)
08-07 20:02:15.358 18829 18925 W AdvertisingIdClient: 	at com.adjust.sdk.b.c(SourceFile:234)
08-07 20:02:15.358 18829 18925 W AdvertisingIdClient: 	at com.adjust.sdk.b.c(SourceFile:189)
08-07 20:02:15.358 18829 18925 W AdvertisingIdClient: 	at com.adjust.sdk.b.a(SourceFile:155)
08-07 20:02:15.358 18829 18925 W AdvertisingIdClient: 	at com.adjust.sdk.ActivityHandler.getAttributionPackageI(SourceFile:598)
08-07 20:02:15.358 18829 18925 W AdvertisingIdClient: 	at com.adjust.sdk.ActivityHandler.initI(SourceFile:706)
08-07 20:02:15.358 18829 18925 W AdvertisingIdClient: 	at com.adjust.sdk.ActivityHandler.access$000(SourceFile:31)
08-07 20:02:15.358 18829 18925 W AdvertisingIdClient: 	at com.adjust.sdk.ActivityHandler$1.run(SourceFile:184)
08-07 20:02:15.358 18829 18925 W AdvertisingIdClient: 	at java.util.concurrent.Executors$RunnableAdapter.call(Executors.java:457)
08-07 20:02:15.358 18829 18925 W AdvertisingIdClient: 	at java.util.concurrent.FutureTask.run(FutureTask.java:266)
08-07 20:02:15.358 18829 18925 W AdvertisingIdClient: 	at java.util.concurrent.ScheduledThreadPoolExecutor$ScheduledFutureTask.run(ScheduledThreadPoolExecutor.java:301)
08-07 20:02:15.358 18829 18925 W AdvertisingIdClient: 	at java.util.concurrent.ThreadPoolExecutor.runWorker(ThreadPoolExecutor.java:1162)
08-07 20:02:15.358 18829 18925 W AdvertisingIdClient: 	at java.util.concurrent.ThreadPoolExecutor$Worker.run(ThreadPoolExecutor.java:636)
08-07 20:02:15.358 18829 18925 W AdvertisingIdClient: 	at java.lang.Thread.run(Thread.java:764)
08-07 20:02:15.441 18829 18925 W AdvertisingIdClient: Error while reading from SharedPreferences 
08-07 20:02:15.441 18829 18925 W AdvertisingIdClient: java.lang.SecurityException: MODE_WORLD_READABLE no longer supported
08-07 20:02:15.441 18829 18925 W AdvertisingIdClient: 	at android.app.ContextImpl.checkMode(ContextImpl.java:2453)
08-07 20:02:15.441 18829 18925 W AdvertisingIdClient: 	at android.app.ContextImpl.getSharedPreferences(ContextImpl.java:389)
08-07 20:02:15.441 18829 18925 W AdvertisingIdClient: 	at android.app.ContextImpl.getSharedPreferences(ContextImpl.java:376)
08-07 20:02:15.441 18829 18925 W AdvertisingIdClient: 	at com.google.android.gms.ads.identifier.AdvertisingIdClient.getAdvertisingIdInfo(Unknown Source:13)
08-07 20:02:15.441 18829 18925 W AdvertisingIdClient: 	at java.lang.reflect.Method.invoke(Native Method)
08-07 20:02:15.441 18829 18925 W AdvertisingIdClient: 	at com.adjust.sdk.Reflection.invokeMethod(SourceFile:193)
08-07 20:02:15.441 18829 18925 W AdvertisingIdClient: 	at com.adjust.sdk.Reflection.invokeStaticMethod(SourceFile:176)
08-07 20:02:15.441 18829 18925 W AdvertisingIdClient: 	at com.adjust.sdk.Reflection.getAdvertisingInfoObject(SourceFile:93)
08-07 20:02:15.441 18829 18925 W AdvertisingIdClient: 	at com.adjust.sdk.Reflection.isPlayTrackingEnabled(SourceFile:54)
08-07 20:02:15.441 18829 18925 W AdvertisingIdClient: 	at com.adjust.sdk.Util.isPlayTrackingEnabled(SourceFile:126)
08-07 20:02:15.441 18829 18925 W AdvertisingIdClient: 	at com.adjust.sdk.b.c(SourceFile:236)
08-07 20:02:15.441 18829 18925 W AdvertisingIdClient: 	at com.adjust.sdk.b.c(SourceFile:189)
08-07 20:02:15.441 18829 18925 W AdvertisingIdClient: 	at com.adjust.sdk.b.a(SourceFile:155)
08-07 20:02:15.441 18829 18925 W AdvertisingIdClient: 	at com.adjust.sdk.ActivityHandler.getAttributionPackageI(SourceFile:598)
08-07 20:02:15.441 18829 18925 W AdvertisingIdClient: 	at com.adjust.sdk.ActivityHandler.initI(SourceFile:706)
08-07 20:02:15.441 18829 18925 W AdvertisingIdClient: 	at com.adjust.sdk.ActivityHandler.access$000(SourceFile:31)
08-07 20:02:15.441 18829 18925 W AdvertisingIdClient: 	at com.adjust.sdk.ActivityHandler$1.run(SourceFile:184)
08-07 20:02:15.441 18829 18925 W AdvertisingIdClient: 	at java.util.concurrent.Executors$RunnableAdapter.call(Executors.java:457)
08-07 20:02:15.441 18829 18925 W AdvertisingIdClient: 	at java.util.concurrent.FutureTask.run(FutureTask.java:266)
08-07 20:02:15.441 18829 18925 W AdvertisingIdClient: 	at java.util.concurrent.ScheduledThreadPoolExecutor$ScheduledFutureTask.run(ScheduledThreadPoolExecutor.java:301)
08-07 20:02:15.441 18829 18925 W AdvertisingIdClient: 	at java.util.concurrent.ThreadPoolExecutor.runWorker(ThreadPoolExecutor.java:1162)
08-07 20:02:15.441 18829 18925 W AdvertisingIdClient: 	at java.util.concurrent.ThreadPoolExecutor$Worker.run(ThreadPoolExecutor.java:636)
08-07 20:02:15.441 18829 18925 W AdvertisingIdClient: 	at java.lang.Thread.run(Thread.java:764)
08-07 20:02:15.508 18829 18925 W AdvertisingIdClient: Error while reading from SharedPreferences 
08-07 20:02:15.508 18829 18925 W AdvertisingIdClient: java.lang.SecurityException: MODE_WORLD_READABLE no longer supported
08-07 20:02:15.508 18829 18925 W AdvertisingIdClient: 	at android.app.ContextImpl.checkMode(ContextImpl.java:2453)
08-07 20:02:15.508 18829 18925 W AdvertisingIdClient: 	at android.app.ContextImpl.getSharedPreferences(ContextImpl.java:389)
08-07 20:02:15.508 18829 18925 W AdvertisingIdClient: 	at android.app.ContextImpl.getSharedPreferences(ContextImpl.java:376)
08-07 20:02:15.508 18829 18925 W AdvertisingIdClient: 	at com.google.android.gms.ads.identifier.AdvertisingIdClient.getAdvertisingIdInfo(Unknown Source:13)
08-07 20:02:15.508 18829 18925 W AdvertisingIdClient: 	at java.lang.reflect.Method.invoke(Native Method)
08-07 20:02:15.508 18829 18925 W AdvertisingIdClient: 	at com.adjust.sdk.Reflection.invokeMethod(SourceFile:193)
08-07 20:02:15.508 18829 18925 W AdvertisingIdClient: 	at com.adjust.sdk.Reflection.invokeStaticMethod(SourceFile:176)
08-07 20:02:15.508 18829 18925 W AdvertisingIdClient: 	at com.adjust.sdk.Reflection.getAdvertisingInfoObject(SourceFile:93)
08-07 20:02:15.508 18829 18925 W AdvertisingIdClient: 	at com.adjust.sdk.Reflection.getPlayAdId(SourceFile:42)
08-07 20:02:15.508 18829 18925 W AdvertisingIdClient: 	at com.adjust.sdk.Util.getPlayAdId(SourceFile:92)
08-07 20:02:15.508 18829 18925 W AdvertisingIdClient: 	at com.adjust.sdk.b.c(SourceFile:234)
08-07 20:02:15.508 18829 18925 W AdvertisingIdClient: 	at com.adjust.sdk.b.b(SourceFile:175)
08-07 20:02:15.508 18829 18925 W AdvertisingIdClient: 	at com.adjust.sdk.b.a(SourceFile:96)
08-07 20:02:15.508 18829 18925 W AdvertisingIdClient: 	at com.adjust.sdk.ActivityHandler.trackEventI(SourceFile:861)
08-07 20:02:15.508 18829 18925 W AdvertisingIdClient: 	at com.adjust.sdk.ActivityHandler.access$1000(SourceFile:31)
08-07 20:02:15.508 18829 18925 W AdvertisingIdClient: 	at com.adjust.sdk.ActivityHandler$24.run(SourceFile:277)
08-07 20:02:15.508 18829 18925 W AdvertisingIdClient: 	at java.util.concurrent.Executors$RunnableAdapter.call(Executors.java:457)
08-07 20:02:15.508 18829 18925 W AdvertisingIdClient: 	at java.util.concurrent.FutureTask.run(FutureTask.java:266)
08-07 20:02:15.508 18829 18925 W AdvertisingIdClient: 	at java.util.concurrent.ScheduledThreadPoolExecutor$ScheduledFutureTask.run(ScheduledThreadPoolExecutor.java:301)
08-07 20:02:15.508 18829 18925 W AdvertisingIdClient: 	at java.util.concurrent.ThreadPoolExecutor.runWorker(ThreadPoolExecutor.java:1162)
08-07 20:02:15.508 18829 18925 W AdvertisingIdClient: 	at java.util.concurrent.ThreadPoolExecutor$Worker.run(ThreadPoolExecutor.java:636)
08-07 20:02:15.508 18829 18925 W AdvertisingIdClient: 	at java.lang.Thread.run(Thread.java:764)
08-07 20:02:15.545 18829 18925 W AdvertisingIdClient: Error while reading from SharedPreferences 
08-07 20:02:15.545 18829 18925 W AdvertisingIdClient: java.lang.SecurityException: MODE_WORLD_READABLE no longer supported
08-07 20:02:15.545 18829 18925 W AdvertisingIdClient: 	at android.app.ContextImpl.checkMode(ContextImpl.java:2453)
08-07 20:02:15.545 18829 18925 W AdvertisingIdClient: 	at android.app.ContextImpl.getSharedPreferences(ContextImpl.java:389)
08-07 20:02:15.545 18829 18925 W AdvertisingIdClient: 	at android.app.ContextImpl.getSharedPreferences(ContextImpl.java:376)
08-07 20:02:15.545 18829 18925 W AdvertisingIdClient: 	at com.google.android.gms.ads.identifier.AdvertisingIdClient.getAdvertisingIdInfo(Unknown Source:13)
08-07 20:02:15.545 18829 18925 W AdvertisingIdClient: 	at java.lang.reflect.Method.invoke(Native Method)
08-07 20:02:15.545 18829 18925 W AdvertisingIdClient: 	at com.adjust.sdk.Reflection.invokeMethod(SourceFile:193)
08-07 20:02:15.545 18829 18925 W AdvertisingIdClient: 	at com.adjust.sdk.Reflection.invokeStaticMethod(SourceFile:176)
08-07 20:02:15.545 18829 18925 W AdvertisingIdClient: 	at com.adjust.sdk.Reflection.getAdvertisingInfoObject(SourceFile:93)
08-07 20:02:15.545 18829 18925 W AdvertisingIdClient: 	at com.adjust.sdk.Reflection.isPlayTrackingEnabled(SourceFile:54)
08-07 20:02:15.545 18829 18925 W AdvertisingIdClient: 	at com.adjust.sdk.Util.isPlayTrackingEnabled(SourceFile:126)
08-07 20:02:15.545 18829 18925 W AdvertisingIdClient: 	at com.adjust.sdk.b.c(SourceFile:236)
08-07 20:02:15.545 18829 18925 W AdvertisingIdClient: 	at com.adjust.sdk.b.b(SourceFile:175)
08-07 20:02:15.545 18829 18925 W AdvertisingIdClient: 	at com.adjust.sdk.b.a(SourceFile:96)
08-07 20:02:15.545 18829 18925 W AdvertisingIdClient: 	at com.adjust.sdk.ActivityHandler.trackEventI(SourceFile:861)
08-07 20:02:15.545 18829 18925 W AdvertisingIdClient: 	at com.adjust.sdk.ActivityHandler.access$1000(SourceFile:31)
08-07 20:02:15.545 18829 18925 W AdvertisingIdClient: 	at com.adjust.sdk.ActivityHandler$24.run(SourceFile:277)
08-07 20:02:15.545 18829 18925 W AdvertisingIdClient: 	at java.util.concurrent.Executors$RunnableAdapter.call(Executors.java:457)
08-07 20:02:15.545 18829 18925 W AdvertisingIdClient: 	at java.util.concurrent.FutureTask.run(FutureTask.java:266)
08-07 20:02:15.545 18829 18925 W AdvertisingIdClient: 	at java.util.concurrent.ScheduledThreadPoolExecutor$ScheduledFutureTask.run(ScheduledThreadPoolExecutor.java:301)
08-07 20:02:15.545 18829 18925 W AdvertisingIdClient: 	at java.util.concurrent.ThreadPoolExecutor.runWorker(ThreadPoolExecutor.java:1162)
08-07 20:02:15.545 18829 18925 W AdvertisingIdClient: 	at java.util.concurrent.ThreadPoolExecutor$Worker.run(ThreadPoolExecutor.java:636)
08-07 20:02:15.545 18829 18925 W AdvertisingIdClient: 	at java.lang.Thread.run(Thread.java:764)
08-07 20:02:15.676 18702 18766 W linker  : "/data/app/com.google.android.gms-nyMoQjAaohi5NlRNZN0G4Q==/base.apk!/lib/arm64-v8a/libconscrypt_gmscore_jni.so" unused DT entry: type 0xf arg 0x8a
08-07 20:02:17.062 18953 18953 E Zygote  : isWhitelistProcess - Process is Whitelisted
08-07 20:02:17.069 18953 18953 W SELinux : SELinux selinux_android_compute_policy_index : Policy Index[2],  Con:u:r:zygote:s0 RAM:SEPF_SM-G935F_8.0.0_0011, [-1 -1 -1 -1 0 1]
08-07 20:02:17.609 18953 18953 W ResourceType: No package identifier when getting value for resource number 0x00000000
08-07 20:02:17.628 18953 18953 W ResourceType: No package identifier when getting value for resource number 0x00000000
08-07 20:02:17.817  5378 15399 W DatabaseProcessor: Exiting Adaptive Discovery. Current NetworkInfo is NULL.
08-07 20:02:18.085  3287  3287 E audit   : type=1400 audit(1533664938.070:136): avc:  denied  { read } for  pid=18791 comm="Bg_Shared2" name="boot_id" dev="proc" ino=84156 scontext=u:r:untrusted_app_25:s0:c512,c768 tcontext=u:object_r:proc:s0 tclass=file permissive=0 SEPF_SM-G935F_8.0.0_0011 audit_filtered
08-07 20:02:18.088 18791 18987 E msgr.BootIdReader: Error reading boot_id from procfs
08-07 20:02:18.088 18791 18987 E msgr.BootIdReader: java.io.FileNotFoundException: /proc/sys/kernel/random/boot_id (Permission denied)
08-07 20:02:18.088 18791 18987 E msgr.BootIdReader: 	at java.io.FileInputStream.open0(Native Method)
08-07 20:02:18.088 18791 18987 E msgr.BootIdReader: 	at java.io.FileInputStream.open(FileInputStream.java:200)
08-07 20:02:18.088 18791 18987 E msgr.BootIdReader: 	at java.io.FileInputStream.<init>(FileInputStream.java:150)
08-07 20:02:18.088 18791 18987 E msgr.BootIdReader: 	at java.io.FileInputStream.<init>(FileInputStream.java:103)
08-07 20:02:18.088 18791 18987 E msgr.BootIdReader: 	at java.io.FileReader.<init>(FileReader.java:58)
08-07 20:02:18.088 18791 18987 E msgr.BootIdReader: 	at X.1Ux.a(:275670)
08-07 20:02:18.088 18791 18987 E msgr.BootIdReader: 	at X.1f3.a(Unknown Source:11795)
08-07 20:02:18.088 18791 18987 E msgr.BootIdReader: 	at X.0J4.A(Unknown Source:21)
08-07 20:02:18.088 18791 18987 E msgr.BootIdReader: 	at X.0Jg.a(:60993)
08-07 20:02:18.088 18791 18987 E msgr.BootIdReader: 	at X.0Jg.b(:61012)
08-07 20:02:18.088 18791 18987 E msgr.BootIdReader: 	at X.1ii.d(:325384)
08-07 20:02:18.088 18791 18987 E msgr.BootIdReader: 	at X.1ii.b(:325375)
08-07 20:02:18.088 18791 18987 E msgr.BootIdReader: 	at X.1ii.a(:325337)
08-07 20:02:18.088 18791 18987 E msgr.BootIdReader: 	at X.2Qx.init(:426856)
08-07 20:02:18.088 18791 18987 E msgr.BootIdReader: 	at X.0Pd.run(:75478)
08-07 20:02:18.088 18791 18987 E msgr.BootIdReader: 	at X.0Ok.run(:72225)
08-07 20:02:18.088 18791 18987 E msgr.BootIdReader: 	at java.util.concurrent.Executors$RunnableAdapter.call(Executors.java:457)
08-07 20:02:18.088 18791 18987 E msgr.BootIdReader: 	at java.util.concurrent.FutureTask.run(FutureTask.java:266)
08-07 20:02:18.088 18791 18987 E msgr.BootIdReader: 	at java.util.concurrent.Executors$RunnableAdapter.call(Executors.java:457)
08-07 20:02:18.088 18791 18987 E msgr.BootIdReader: 	at X.0Pl.run(:75634)
08-07 20:02:18.088 18791 18987 E msgr.BootIdReader: 	at java.util.concurrent.Executors$RunnableAdapter.call(Executors.java:457)
08-07 20:02:18.088 18791 18987 E msgr.BootIdReader: 	at java.util.concurrent.FutureTask.run(FutureTask.java:266)
08-07 20:02:18.088 18791 18987 E msgr.BootIdReader: 	at X.0MT.run(:66509)
08-07 20:02:18.088 18791 18987 E msgr.BootIdReader: 	at java.util.concurrent.ThreadPoolExecutor.runWorker(ThreadPoolExecutor.java:1162)
08-07 20:02:18.088 18791 18987 E msgr.BootIdReader: 	at java.util.concurrent.ThreadPoolExecutor$Worker.run(ThreadPoolExecutor.java:636)
08-07 20:02:18.088 18791 18987 E msgr.BootIdReader: 	at X.0Pn.run(:75655)
08-07 20:02:18.088 18791 18987 E msgr.BootIdReader: 	at java.lang.Thread.run(Thread.java:764)
08-07 20:02:18.183  3662  3774 E memtrack: Couldn't load memtrack module
08-07 20:02:18.183  3662  3774 W android.os.Debug: failed to get memory consumption info: -1
08-07 20:02:18.257  3662  3774 E memtrack: Couldn't load memtrack module
08-07 20:02:18.257  3662  3774 W android.os.Debug: failed to get memory consumption info: -1
08-07 20:02:18.863  4774  5396 W ctxmgr  : [AclManager]No 2 for (accnt=account#-517948760#, com.google.android.gms(10018):IndoorOutdoorProducer, vrsn=12874000, 0, 3pPkg = null ,  3pMdlId = null ,  pid = 4774). Was: 3 for 57, account#-517948760#
08-07 20:02:18.968 18791 18988 W msgr.ServiceInfoParser: X.21e: Service com.facebook.common.errorreporting.memory.MemoryDumpUploadService is missing meta key com.facebook.common.jobscheduler.compat.jobIds
08-07 20:02:18.968 18791 18988 W msgr.ServiceInfoParser: X.21e: Service com.facebook.analytics2.logger.LollipopUploadService is missing meta key com.facebook.common.jobscheduler.compat.jobIds
08-07 20:02:18.969  3104  3104 E audit   : avc:  denied  { find } for interface=android.hardware.memtrack::IMemtrack pid=18791 scontext=u:r:untrusted_app_25:s0:c512,c768 tcontext=u:object_r:hal_memtrack_hwservice:s0 tclass=hwservice_manager
08-07 20:02:18.970 18791 18988 W msgr.ServiceInfoParser: X.21e: Service com.facebook.conditionalworker.ConditionalWorkerService is missing meta key com.facebook.common.jobscheduler.compat.jobIds
08-07 20:02:18.971  3104  3104 E audit   : avc:  denied  { find } for interface=android.hardware.memtrack::IMemtrack pid=18791 scontext=u:r:untrusted_app_25:s0:c512,c768 tcontext=u:object_r:hal_memtrack_hwservice:s0 tclass=hwservice_manager
08-07 20:02:18.971 18791 18988 W msgr.ServiceInfoParser: X.21e: Service com.facebook.delayedworker.DelayedWorkerService is missing meta key com.facebook.common.jobscheduler.compat.jobIds
08-07 20:02:18.971 18791 18988 W msgr.ServiceInfoParser: X.21e: Service com.facebook.fbservice.service.BlueServiceJobIntentService is missing meta key com.facebook.common.jobscheduler.compat.jobIds
08-07 20:02:18.972 18791 19001 E memtrack: Couldn't load memtrack module
08-07 20:02:18.972 18791 19001 W android.os.Debug: failed to get memory consumption info: -1
08-07 20:02:18.972 18791 18988 W msgr.ServiceInfoParser: X.21e: Service com.facebook.messaging.universallinks.receiver.InstallReferrerFetchJobIntentService is missing meta key com.facebook.common.jobscheduler.compat.jobIds
08-07 20:02:18.973 18791 18988 W msgr.ServiceInfoParser: X.21e: Service com.facebook.oxygen.preloads.sdk.firstparty.managedappcache.IsManagedAppCacheJobService is missing meta key com.facebook.common.jobscheduler.compat.jobIds
08-07 20:02:18.975 18791 18988 W msgr.ServiceInfoParser: X.21e: Service com.facebook.push.fbpushdata.FbPushDataHandlerService is missing meta key com.facebook.common.jobscheduler.compat.jobIds
08-07 20:02:18.975 18791 18988 W msgr.ServiceInfoParser: X.21e: Service com.facebook.selfupdate.SelfUpdateFetchService is missing meta key com.facebook.common.jobscheduler.compat.jobIds
08-07 20:02:19.270 18791 19006 E CompactDiskManagerImpl.cpp: Failed to remove new folder structure directories: No such file or directory
08-07 20:02:19.329 18791 19006 E CompactDiskManagerImpl.cpp: Failed to remove new folder structure directories: No such file or directory
08-07 20:02:20.845 19026 19026 E Zygote  : isWhitelistProcess - Process is Whitelisted
08-07 20:02:20.851 19026 19026 W SELinux : SELinux selinux_android_compute_policy_index : Policy Index[2],  Con:u:r:zygote:s0 RAM:SEPF_SM-G935F_8.0.0_0011, [-1 -1 -1 -1 0 1]
08-07 20:02:21.275 19041 19041 E Zygote  : isWhitelistProcess - Process is Whitelisted
08-07 20:02:21.281 19041 19041 W SELinux : SELinux selinux_android_compute_policy_index : Policy Index[2],  Con:u:r:zygote:s0 RAM:SEPF_SM-G935F_8.0.0_0011, [-1 -1 -1 -1 0 1]
08-07 20:02:21.325 19055 19055 E Zygote  : isWhitelistProcess - Process is Whitelisted
08-07 20:02:21.330 19055 19055 W SELinux : SELinux selinux_android_compute_policy_index : Policy Index[2],  Con:u:r:zygote:s0 RAM:SEPF_SM-G935F_8.0.0_0011, [-1 -1 -1 -1 0 1]
08-07 20:02:21.382 19069 19069 E Zygote  : isWhitelistProcess - Process is Whitelisted
08-07 20:02:21.386 19069 19069 W SELinux : SELinux selinux_android_compute_policy_index : Policy Index[2],  Con:u:r:zygote:s0 RAM:SEPF_SM-G935F_8.0.0_0011, [-1 -1 -1 -1 0 1]
08-07 20:02:21.458 18625 18735 E DatabaseUtils: Writing exception to parcel
08-07 20:02:21.458 18625 18735 E DatabaseUtils: java.lang.SecurityException: Permission Denial: reading com.android.providers.media.MediaProvider uri content://media/external/fs_id from pid=19041, uid=10207 requires android.permission.READ_EXTERNAL_STORAGE, or grantUriPermission()
08-07 20:02:21.458 18625 18735 E DatabaseUtils: 	at android.content.ContentProvider.enforceReadPermissionInner(ContentProvider.java:639)
08-07 20:02:21.458 18625 18735 E DatabaseUtils: 	at android.content.ContentProvider$Transport.enforceReadPermission(ContentProvider.java:505)
08-07 20:02:21.458 18625 18735 E DatabaseUtils: 	at android.content.ContentProvider$Transport.query(ContentProvider.java:217)
08-07 20:02:21.458 18625 18735 E DatabaseUtils: 	at android.content.ContentProviderNative.onTransact(ContentProviderNative.java:102)
08-07 20:02:21.458 18625 18735 E DatabaseUtils: 	at android.os.Binder.execTransact(Binder.java:682)
08-07 20:02:21.512 19041 19041 E zygote64: The String#value field is not present on Android versions >= 6.0
08-07 20:02:21.539  5110  5271 E ContactsProvider_EventLog: Flush buffer to file cnt : 1 size : 1Kb duration : 2ms lastUpdatedAfter : 17044 ms mFlush_time_threasold : 2000 mCurrentSize : 863
08-07 20:02:21.792 19069 19069 W Settings: Setting download_manager_max_bytes_over_mobile has moved from android.provider.Settings.Secure to android.provider.Settings.Global.
08-07 20:02:21.794 19069 19069 W Settings: Setting download_manager_recommended_max_bytes_over_mobile has moved from android.provider.Settings.Secure to android.provider.Settings.Global.
08-07 20:02:22.127  3662  3679 E memtrack: Couldn't load memtrack module
08-07 20:02:22.127  3662  3679 W android.os.Debug: failed to get memory consumption info: -1
08-07 20:02:22.184  3662  3679 E memtrack: Couldn't load memtrack module
08-07 20:02:22.184  3662  3679 W android.os.Debug: failed to get memory consumption info: -1
08-07 20:02:24.721 19174 19174 E Zygote  : isWhitelistProcess - Process is Whitelisted
08-07 20:02:24.726 19174 19174 W SELinux : SELinux selinux_android_compute_policy_index : Policy Index[2],  Con:u:r:zygote:s0 RAM:SEPF_SM-G935F_8.0.0_0011, [-1 -1 -1 -1 0 1]
08-07 20:02:24.839  4344  4344 W RegisteredComponentCache: Unable to load component info ResolveInfo{86dbb76 com.greenlionsoft.free.madrid/.app.ui.activities.card.CardActivity m=0x108000}
08-07 20:02:24.839  4344  4344 W RegisteredComponentCache: org.xmlpull.v1.XmlPullParserException: No android.nfc.action.TECH_DISCOVERED meta-data
08-07 20:02:24.839  4344  4344 W RegisteredComponentCache: 	at com.android.nfc.RegisteredComponentCache.parseComponentInfo(RegisteredComponentCache.java:237)
08-07 20:02:24.839  4344  4344 W RegisteredComponentCache: 	at com.android.nfc.RegisteredComponentCache.generateComponentsList(RegisteredComponentCache.java:199)
08-07 20:02:24.839  4344  4344 W RegisteredComponentCache: 	at com.android.nfc.RegisteredComponentCache$1.onReceive(RegisteredComponentCache.java:92)
08-07 20:02:24.839  4344  4344 W RegisteredComponentCache: 	at android.app.LoadedApk$ReceiverDispatcher$Args.lambda$-android_app_LoadedApk$ReceiverDispatcher$Args_52226(LoadedApk.java:1319)
08-07 20:02:24.839  4344  4344 W RegisteredComponentCache: 	at android.app.-$Lambda$FilBqgnXJrN9Mgyks1XHeAxzSTk.$m$0(Unknown Source:4)
08-07 20:02:24.839  4344  4344 W RegisteredComponentCache: 	at android.app.-$Lambda$FilBqgnXJrN9Mgyks1XHeAxzSTk.run(Unknown Source:0)
08-07 20:02:24.839  4344  4344 W RegisteredComponentCache: 	at android.os.Handler.handleCallback(Handler.java:789)
08-07 20:02:24.839  4344  4344 W RegisteredComponentCache: 	at android.os.Handler.dispatchMessage(Handler.java:98)
08-07 20:02:24.839  4344  4344 W RegisteredComponentCache: 	at android.os.Looper.loop(Looper.java:164)
08-07 20:02:24.839  4344  4344 W RegisteredComponentCache: 	at android.app.ActivityThread.main(ActivityThread.java:6944)
08-07 20:02:24.839  4344  4344 W RegisteredComponentCache: 	at java.lang.reflect.Method.invoke(Native Method)
08-07 20:02:24.839  4344  4344 W RegisteredComponentCache: 	at com.android.internal.os.Zygote$MethodAndArgsCaller.run(Zygote.java:327)
08-07 20:02:24.839  4344  4344 W RegisteredComponentCache: 	at com.android.internal.os.ZygoteInit.main(ZygoteInit.java:1374)
08-07 20:02:24.855  4344  4344 W RegisteredComponentCache: Unable to load component info ResolveInfo{84ef5e4 com.greenlionsoft.free.madrid/.app.ui.activities.card.CardActivity m=0x108000}
08-07 20:02:24.855  4344  4344 W RegisteredComponentCache: org.xmlpull.v1.XmlPullParserException: No android.nfc.action.TECH_DISCOVERED meta-data
08-07 20:02:24.855  4344  4344 W RegisteredComponentCache: 	at com.android.nfc.RegisteredComponentCache.parseComponentInfo(RegisteredComponentCache.java:237)
08-07 20:02:24.855  4344  4344 W RegisteredComponentCache: 	at com.android.nfc.RegisteredComponentCache.generateComponentsList(RegisteredComponentCache.java:199)
08-07 20:02:24.855  4344  4344 W RegisteredComponentCache: 	at com.android.nfc.RegisteredComponentCache$1.onReceive(RegisteredComponentCache.java:92)
08-07 20:02:24.855  4344  4344 W RegisteredComponentCache: 	at android.app.LoadedApk$ReceiverDispatcher$Args.lambda$-android_app_LoadedApk$ReceiverDispatcher$Args_52226(LoadedApk.java:1319)
08-07 20:02:24.855  4344  4344 W RegisteredComponentCache: 	at android.app.-$Lambda$FilBqgnXJrN9Mgyks1XHeAxzSTk.$m$0(Unknown Source:4)
08-07 20:02:24.855  4344  4344 W RegisteredComponentCache: 	at android.app.-$Lambda$FilBqgnXJrN9Mgyks1XHeAxzSTk.run(Unknown Source:0)
08-07 20:02:24.855  4344  4344 W RegisteredComponentCache: 	at android.os.Handler.handleCallback(Handler.java:789)
08-07 20:02:24.855  4344  4344 W RegisteredComponentCache: 	at android.os.Handler.dispatchMessage(Handler.java:98)
08-07 20:02:24.855  4344  4344 W RegisteredComponentCache: 	at android.os.Looper.loop(Looper.java:164)
08-07 20:02:24.855  4344  4344 W RegisteredComponentCache: 	at android.app.ActivityThread.main(ActivityThread.java:6944)
08-07 20:02:24.855  4344  4344 W RegisteredComponentCache: 	at java.lang.reflect.Method.invoke(Native Method)
08-07 20:02:24.855  4344  4344 W RegisteredComponentCache: 	at com.android.internal.os.Zygote$MethodAndArgsCaller.run(Zygote.java:327)
08-07 20:02:24.855  4344  4344 W RegisteredComponentCache: 	at com.android.internal.os.ZygoteInit.main(ZygoteInit.java:1374)
08-07 20:02:24.864  4960  7389 W ResourceType: Failure getting entry for 0x7f190da1 (t=24 e=3489) (error -2147483647)
08-07 20:02:24.865  4960  7389 W ResourceType: Failure getting entry for 0x7f190da1 (t=24 e=3489) (error -2147483647)
08-07 20:02:24.865  4960  7389 W ResourceType: Failure getting entry for 0x7f190da2 (t=24 e=3490) (error -2147483647)
08-07 20:02:24.865  4960  7389 W ResourceType: Failure getting entry for 0x7f190da3 (t=24 e=3491) (error -2147483647)
08-07 20:02:24.914  3662  3679 W SearchableInfo: Invalid searchable metadata for com.samsung.android.themestore/.activity.bixby.SearchActivityForBixby: Search label must be a resource reference.
08-07 20:02:24.957  4960  5038 W zygote64: Checksum mismatch for dex SamsungContacts.apk
08-07 20:02:24.957  4960  5038 W zygote64: Checksum mismatch for dex SamsungContacts.apk
08-07 20:02:24.972 19197 19197 E Zygote  : isWhitelistProcess - Process is Whitelisted
08-07 20:02:24.975 19197 19197 W SELinux : SELinux selinux_android_compute_policy_index : Policy Index[2],  Con:u:r:zygote:s0 RAM:SEPF_SM-G935F_8.0.0_0011, [-1 -1 -1 -1 0 1]
08-07 20:02:25.012  5110  5271 E ContactsProvider_EventLog: Flush buffer to file cnt : 1 size : 0Kb duration : 1ms lastUpdatedAfter : 3473 ms mFlush_time_threasold : 2000 mCurrentSize : 229
08-07 20:02:25.157  5017  5084 W Launcher.Model: checkFinderState return, operation is not matched
08-07 20:02:25.164  4960  7389 W ResourceType: Failure getting entry for 0x7f190da1 (t=24 e=3489) (error -2147483647)
08-07 20:02:25.164  4960  7389 W ResourceType: Failure getting entry for 0x7f190da1 (t=24 e=3489) (error -2147483647)
08-07 20:02:25.164  4960  7389 W ResourceType: Failure getting entry for 0x7f190da2 (t=24 e=3490) (error -2147483647)
08-07 20:02:25.164  4960  7389 W ResourceType: Failure getting entry for 0x7f190da3 (t=24 e=3491) (error -2147483647)
08-07 20:02:25.172  3662  3679 W SearchableInfo: Invalid searchable metadata for com.samsung.android.themestore/.activity.bixby.SearchActivityForBixby: Search label must be a resource reference.
08-07 20:02:25.283  5017  5084 W Launcher.Model: checkFinderState return, operation is not matched
08-07 20:02:29.014  5110  5271 E ContactsProvider_EventLog: Flush buffer to file cnt : 2 size : 2Kb duration : 3ms lastUpdatedAfter : 4002 ms mFlush_time_threasold : 2000 mCurrentSize : 1217
08-07 20:02:30.117  3662  3679 E memtrack: Couldn't load memtrack module
08-07 20:02:30.117  3662  3679 W android.os.Debug: failed to get memory consumption info: -1
08-07 20:02:31.755 19069 19118 E Finsky  : [335] com.google.android.finsky.aq.c.a(25): Unable to build selector: /storage/emulated/0/Download/marketenvs.csv (No such file or directory)
08-07 20:02:31.827 19069 19228 E zygote  : The String#value field is not present on Android versions >= 6.0
08-07 20:02:32.104  4774  8442 W WearableService: onGetService: Wear is not available on this device.
08-07 20:02:32.109 19069 19069 E Finsky  : [2] com.google.android.finsky.wear.ad.a(3): onConnectionFailed: ConnectionResult{statusCode=API_UNAVAILABLE, resolution=null, message=null}
08-07 20:02:32.110 19069 19069 W Finsky  : [2] com.google.android.finsky.wear.dx.run(8): Dropping command=send_installed_apps due to Gms not connected
08-07 20:02:37.122  3662  3679 E memtrack: Couldn't load memtrack module
08-07 20:02:37.123  3662  3679 W android.os.Debug: failed to get memory consumption info: -1
08-07 20:02:37.255  3662  3679 E memtrack: Couldn't load memtrack module
08-07 20:02:37.255  3662  3679 W android.os.Debug: failed to get memory consumption info: -1
08-07 20:02:41.366  3662  3679 E memtrack: Couldn't load memtrack module
08-07 20:02:41.366  3662  3679 W android.os.Debug: failed to get memory consumption info: -1
08-07 20:02:41.452  3662  3679 E memtrack: Couldn't load memtrack module
08-07 20:02:41.452  3662  3679 W android.os.Debug: failed to get memory consumption info: -1
08-07 20:02:41.509  3662  3679 E memtrack: Couldn't load memtrack module
08-07 20:02:41.509  3662  3679 W android.os.Debug: failed to get memory consumption info: -1
08-07 20:02:41.555  3662  3679 E memtrack: Couldn't load memtrack module
08-07 20:02:41.555  3662  3679 W android.os.Debug: failed to get memory consumption info: -1
08-07 20:02:41.604  3662  3679 E memtrack: Couldn't load memtrack module
08-07 20:02:41.604  3662  3679 W android.os.Debug: failed to get memory consumption info: -1
08-07 20:02:41.643  3662  3679 E memtrack: Couldn't load memtrack module
08-07 20:02:41.643  3662  3679 W android.os.Debug: failed to get memory consumption info: -1
08-07 20:02:41.678  3662  3679 E memtrack: Couldn't load memtrack module
08-07 20:02:41.678  3662  3679 W android.os.Debug: failed to get memory consumption info: -1
08-07 20:02:41.718  3662  3679 E memtrack: Couldn't load memtrack module
08-07 20:02:41.718  3662  3679 W android.os.Debug: failed to get memory consumption info: -1
08-07 20:02:41.998  3662  3679 E memtrack: Couldn't load memtrack module
08-07 20:02:41.998  3662  3679 W android.os.Debug: failed to get memory consumption info: -1
08-07 20:02:42.071  3662  3679 E memtrack: Couldn't load memtrack module
08-07 20:02:42.071  3662  3679 W android.os.Debug: failed to get memory consumption info: -1
08-07 20:02:42.127  3662  3679 E memtrack: Couldn't load memtrack module
08-07 20:02:42.127  3662  3679 W android.os.Debug: failed to get memory consumption info: -1
08-07 20:02:42.172  3662  3679 E memtrack: Couldn't load memtrack module
08-07 20:02:42.172  3662  3679 W android.os.Debug: failed to get memory consumption info: -1
08-07 20:02:46.168 16741 16842 E memtrack: Couldn't load memtrack module
08-07 20:02:46.169 16741 16842 W android.os.Debug: failed to get memory consumption info: -1
08-07 20:02:51.981  3662  3679 E memtrack: Couldn't load memtrack module
08-07 20:02:51.981  3662  3679 W android.os.Debug: failed to get memory consumption info: -1
08-07 20:02:52.057  3662  3679 E memtrack: Couldn't load memtrack module
08-07 20:02:52.057  3662  3679 W android.os.Debug: failed to get memory consumption info: -1
08-07 20:02:52.114  3662  3679 E memtrack: Couldn't load memtrack module
08-07 20:02:52.114  3662  3679 W android.os.Debug: failed to get memory consumption info: -1
08-07 20:02:52.181  3662  3679 E memtrack: Couldn't load memtrack module
08-07 20:02:52.181  3662  3679 W android.os.Debug: failed to get memory consumption info: -1
08-07 20:02:52.222  3662  3679 E memtrack: Couldn't load memtrack module
08-07 20:02:52.222  3662  3679 W android.os.Debug: failed to get memory consumption info: -1
08-07 20:02:52.268  3662  3679 E memtrack: Couldn't load memtrack module
08-07 20:02:52.268  3662  3679 W android.os.Debug: failed to get memory consumption info: -1
08-07 20:02:57.433 18791 18819 W CrashLoopRemedyLog: unable to delete remedy log
08-07 20:03:00.025  3662  3679 E memtrack: Couldn't load memtrack module
08-07 20:03:00.025  3662  3679 W android.os.Debug: failed to get memory consumption info: -1
08-07 20:03:00.150  3662  3679 E memtrack: Couldn't load memtrack module
08-07 20:03:00.150  3662  3679 W android.os.Debug: failed to get memory consumption info: -1
08-07 20:03:00.194  3662  3679 E memtrack: Couldn't load memtrack module
08-07 20:03:00.194  3662  3679 W android.os.Debug: failed to get memory consumption info: -1
08-07 20:03:00.232  3662  3679 E memtrack: Couldn't load memtrack module
08-07 20:03:00.232  3662  3679 W android.os.Debug: failed to get memory consumption info: -1
08-07 20:03:05.204  3662  3679 E memtrack: Couldn't load memtrack module
08-07 20:03:05.204  3662  3679 W android.os.Debug: failed to get memory consumption info: -1
08-07 20:03:05.301  3662  3679 E memtrack: Couldn't load memtrack module
08-07 20:03:05.301  3662  3679 W android.os.Debug: failed to get memory consumption info: -1
08-07 20:03:11.981  3662  3679 E memtrack: Couldn't load memtrack module
08-07 20:03:11.981  3662  3679 W android.os.Debug: failed to get memory consumption info: -1
08-07 20:03:19.649  3662  4159 E memtrack: Couldn't load memtrack module
08-07 20:03:19.649  3662  4159 W android.os.Debug: failed to get memory consumption info: -1
08-07 20:03:21.679  5110  5271 E ContactsProvider_EventLog: Flush buffer to file cnt : 1 size : 1Kb duration : 2ms lastUpdatedAfter : 52664 ms mFlush_time_threasold : 2000 mCurrentSize : 864
08-07 20:03:56.856  3662  3679 E memtrack: Couldn't load memtrack module
08-07 20:03:56.856  3662  3679 W android.os.Debug: failed to get memory consumption info: -1
08-07 20:03:57.094  3662  3679 E memtrack: Couldn't load memtrack module
08-07 20:03:57.094  3662  3679 W android.os.Debug: failed to get memory consumption info: -1
08-07 20:03:57.136  3662  3679 E memtrack: Couldn't load memtrack module
08-07 20:03:57.136  3662  3679 W android.os.Debug: failed to get memory consumption info: -1
08-07 20:03:57.171  3662  3679 E memtrack: Couldn't load memtrack module
08-07 20:03:57.171  3662  3679 W android.os.Debug: failed to get memory consumption info: -1
08-07 20:03:57.211  3662  3679 E memtrack: Couldn't load memtrack module
08-07 20:03:57.211  3662  3679 W android.os.Debug: failed to get memory consumption info: -1
08-07 20:03:57.239  3662  3679 E memtrack: Couldn't load memtrack module
08-07 20:03:57.239  3662  3679 W android.os.Debug: failed to get memory consumption info: -1
08-07 20:03:57.263  3662  3679 E memtrack: Couldn't load memtrack module
08-07 20:03:57.263  3662  3679 W android.os.Debug: failed to get memory consumption info: -1
08-07 20:03:57.286  3662  3679 E memtrack: Couldn't load memtrack module
08-07 20:03:57.286  3662  3679 W android.os.Debug: failed to get memory consumption info: -1
08-07 20:03:57.308  3662  3679 E memtrack: Couldn't load memtrack module
08-07 20:03:57.308  3662  3679 W android.os.Debug: failed to get memory consumption info: -1
08-07 20:04:03.812  4076  4076 E KeyguardFingerPrint: updateFingerprintListeningState#mFingerprintRunningState=0 shouldListenForFingerprint=false
08-07 20:04:03.905  3662  4044 W CAE     : unregisterCallback(ContextAwareService.java:217) - [unregi 01] Mutex is locked for AUTO_BRIGHTNESS
08-07 20:04:03.914  3199  3757 E Sensors : inject_scontext_data: New ssp_data_injection_fd(27)
08-07 20:04:03.934  3662  4044 W CAE     : unregisterCallback(ContextAwareService.java:252) - [unregi 02] Mutex is unlocked for AUTO_BRIGHTNESS
08-07 20:04:04.318 19266 19266 E Zygote  : isWhitelistProcess - Process is Whitelisted
08-07 20:04:04.324 19266 19266 W SELinux : SELinux selinux_android_compute_policy_index : Policy Index[2],  Con:u:r:zygote:s0 RAM:SEPF_SM-G935F_8.0.0_0011, [-1 -1 -1 -1 0 1]
08-07 20:04:04.355  3199  3757 E Sensors : inject_scontext_data: New ssp_data_injection_fd(27)
08-07 20:04:04.364  3199  3757 E Sensors : inject_scontext_data: New ssp_data_injection_fd(27)
08-07 20:04:04.403  5147  5147 W SearchServiceCore: Abort, client detached.
08-07 20:04:04.607  4076  4076 E KeyguardFingerPrint: updateFingerprintListeningState#mFingerprintRunningState=0 shouldListenForFingerprint=false
08-07 20:04:04.680 19298 19298 E Zygote  : isWhitelistProcess - Process is Whitelisted
08-07 20:04:04.687 19298 19298 W SELinux : SELinux selinux_android_compute_policy_index : Policy Index[2],  Con:u:r:zygote:s0 RAM:SEPF_SM-G935F_8.0.0_0011, [-1 -1 -1 -1 0 1]
08-07 20:04:04.879  9227  9408 W bt_btm  : btm_ble_disable_resolving_list() rl_state = 0x1b, rl_mask = 0x2, to_resume = 1
08-07 20:04:04.907  9227  9306 E BtGatt.GattService: [GSIM LOG]: gsimLogHandler, msg: MESSAGE_SCAN_STOP, appName: android.uid.bcmgr, scannerId: 4, reportDelayMillis=0
08-07 20:04:04.953  3662  3774 E memtrack: Couldn't load memtrack module
08-07 20:04:04.953  3662  3774 W android.os.Debug: failed to get memory consumption info: -1
08-07 20:04:05.009  9227  9306 E BtGatt.GattService: [GSIM LOG]: gsimLogHandler, msg: MESSAGE_SCAN_START, appName: android.uid.bcmgr, scannerId: 4, reportDelayMillis=0
08-07 20:04:05.034  9227  9296 E BtGatt.ScanManager: default value of curScanSetting 0 is choosen
08-07 20:04:05.034  9227  9408 W bt_btm  : btm_ble_enable_resolving_list() rl_state = 0x19, rl_mask = 0x2
08-07 20:04:05.035  9227  9408 W bt_btm  : btm_ble_disable_resolving_list() rl_state = 0x1b, rl_mask = 0x2, to_resume = 1
08-07 20:04:05.036  9227  9408 W bt_btm  : btm_ble_enable_resolving_list() rl_state = 0x19, rl_mask = 0x2
08-07 20:04:05.046  3662  3774 E memtrack: Couldn't load memtrack module
08-07 20:04:05.046  3662  3774 W android.os.Debug: failed to get memory consumption info: -1
08-07 20:04:08.998  4076  4076 W SamsungAnalytics: [SamsungAnalytics] Attempt to invoke virtual method 'int com.samsung.context.sdk.samsunganalytics.a.b.a(java.util.Map)' on a null object reference
08-07 20:04:09.012  4076  4076 E KeyguardFingerPrint: updateFingerprintListeningState#mFingerprintRunningState=0 shouldListenForFingerprint=false
08-07 20:04:09.029  4076  4076 W SemDesktopModeManager: Desktop Mode feature not available or SemDesktopModeManager not instantiated. Please check Configuration.semDesktopModeEnabled instead.
08-07 20:04:09.090  4076  4076 E KeyguardFingerPrint: updateFingerprintListeningState#mFingerprintRunningState=0 shouldListenForFingerprint=false
08-07 20:04:19.643  3662  5563 E memtrack: Couldn't load memtrack module
08-07 20:04:19.643  3662  5563 W android.os.Debug: failed to get memory consumption info: -1
08-07 20:04:21.816  5110  5271 E ContactsProvider_EventLog: Flush buffer to file cnt : 1 size : 1Kb duration : 1ms lastUpdatedAfter : 60137 ms mFlush_time_threasold : 2000 mCurrentSize : 825
08-07 20:04:28.309  3662  3679 E memtrack: Couldn't load memtrack module
08-07 20:04:28.309  3662  3679 W android.os.Debug: failed to get memory consumption info: -1
08-07 20:04:28.443  3662  3679 E memtrack: Couldn't load memtrack module
08-07 20:04:28.443  3662  3679 W android.os.Debug: failed to get memory consumption info: -1
08-07 20:04:28.527  3662  3679 E memtrack: Couldn't load memtrack module
08-07 20:04:28.527  3662  3679 W android.os.Debug: failed to get memory consumption info: -1
08-07 20:04:38.301  3662  3679 E memtrack: Couldn't load memtrack module
08-07 20:04:38.301  3662  3679 W android.os.Debug: failed to get memory consumption info: -1
08-07 20:04:52.488  4076  4076 E KeyguardUpdateMonitor: handleStartedWakingUp start 1
08-07 20:04:52.488  4076  4076 E KeyguardFingerPrint: updateFingerprintListeningState#mFingerprintRunningState=0 shouldListenForFingerprint=false
08-07 20:04:52.493  3662  4044 W CAE     : setCAProperty(ContextAwareService.java:589) - [setProperty 01] Mutex is locked for AUTO_BRIGHTNESS
08-07 20:04:52.503  3199  3757 E Sensors : inject_scontext_data: New ssp_data_injection_fd(27)
08-07 20:04:52.514  3199  3757 E Sensors : inject_scontext_data: New ssp_data_injection_fd(27)
08-07 20:04:52.516  4076  4076 E KeyguardUpdateMonitor: handleStartedWakingUp end
08-07 20:04:52.522  3662  4044 W CAE     : setCAProperty(ContextAwareService.java:595) - [setProperty 02] Mutex is unlocked for AUTO_BRIGHTNESS
08-07 20:04:52.522  3662  4044 W CAE     : registerCallback(ContextAwareService.java:155) - [regi 01] Mutex is locked for AUTO_BRIGHTNESS
08-07 20:04:52.526  4378  4620 E ImsAdaptorImpl: setSSACInfo : ImsAdaptorImpl.
08-07 20:04:52.548  3199  3757 E Sensors : inject_scontext_data: New ssp_data_injection_fd(27)
08-07 20:04:52.567  3662  4044 W CAE     : registerCallback(ContextAwareService.java:191) - [regi 02] Mutex is unlocked for AUTO_BRIGHTNESS
08-07 20:04:52.633  9227  9408 W bt_btm  : btm_ble_disable_resolving_list() rl_state = 0x1b, rl_mask = 0x2, to_resume = 1
08-07 20:04:52.650  9227  9306 E BtGatt.GattService: [GSIM LOG]: gsimLogHandler, msg: MESSAGE_SCAN_STOP, appName: android.uid.bcmgr, scannerId: 4, reportDelayMillis=0
08-07 20:04:52.691  5378 17996 W NetworkManagementSocketTagger: untagSocket(85) failed with errno -22
08-07 20:04:52.691  5378 17996 W NetworkManagementSocketTagger: untagSocket(85) failed with errno -22
08-07 20:04:52.691  5378 17996 W NetworkManagementSocketTagger: untagSocket(85) failed with errno -22
08-07 20:04:52.691  3662  3774 E memtrack: Couldn't load memtrack module
08-07 20:04:52.691  3662  3774 W android.os.Debug: failed to get memory consumption info: -1
08-07 20:04:52.691  5378 17996 W NetworkManagementSocketTagger: untagSocket(85) failed with errno -22
08-07 20:04:52.692  5378 17996 W NetworkManagementSocketTagger: untagSocket(85) failed with errno -22
08-07 20:04:52.692  5378 17996 W NetworkManagementSocketTagger: untagSocket(85) failed with errno -22
08-07 20:04:52.692  5378 17996 W NetworkManagementSocketTagger: untagSocket(85) failed with errno -22
08-07 20:04:52.692  5378 17996 W NetworkManagementSocketTagger: untagSocket(85) failed with errno -22
08-07 20:04:52.693  5378 17996 W NetworkManagementSocketTagger: untagSocket(85) failed with errno -22
08-07 20:04:52.693  5378 17996 W NetworkManagementSocketTagger: untagSocket(85) failed with errno -22
08-07 20:04:52.693  5378 17996 W NetworkManagementSocketTagger: untagSocket(85) failed with errno -22
08-07 20:04:52.693  5378 17996 W NetworkManagementSocketTagger: untagSocket(85) failed with errno -22
08-07 20:04:52.693  5378 17996 W NetworkManagementSocketTagger: untagSocket(85) failed with errno -22
08-07 20:04:52.694  5378 17996 W NetworkManagementSocketTagger: untagSocket(85) failed with errno -22
08-07 20:04:52.694  5378 17996 W NetworkManagementSocketTagger: untagSocket(85) failed with errno -22
08-07 20:04:52.694  5378 17996 W NetworkManagementSocketTagger: untagSocket(85) failed with errno -22
08-07 20:04:52.694  5378 17996 W NetworkManagementSocketTagger: untagSocket(85) failed with errno -22
08-07 20:04:52.694  5378 17996 W NetworkManagementSocketTagger: untagSocket(85) failed with errno -22
08-07 20:04:52.695  5378 17996 W NetworkManagementSocketTagger: untagSocket(85) failed with errno -22
08-07 20:04:52.695  5378 17996 W NetworkManagementSocketTagger: untagSocket(85) failed with errno -22
08-07 20:04:52.695  5378 17996 W NetworkManagementSocketTagger: untagSocket(85) failed with errno -22
08-07 20:04:52.695  5378 17996 W NetworkManagementSocketTagger: untagSocket(85) failed with errno -22
08-07 20:04:52.695  5378 17996 W NetworkManagementSocketTagger: untagSocket(85) failed with errno -22
08-07 20:04:52.696  5378 17996 W NetworkManagementSocketTagger: untagSocket(85) failed with errno -22
08-07 20:04:52.696  5378 17996 W NetworkManagementSocketTagger: untagSocket(85) failed with errno -22
08-07 20:04:52.696  5378 17996 W NetworkManagementSocketTagger: untagSocket(85) failed with errno -22
08-07 20:04:52.696  5378 17996 W NetworkManagementSocketTagger: untagSocket(85) failed with errno -22
08-07 20:04:52.696  5378 17996 W NetworkManagementSocketTagger: untagSocket(85) failed with errno -22
08-07 20:04:52.697  5378 17996 W NetworkManagementSocketTagger: untagSocket(85) failed with errno -22
08-07 20:04:52.697  5378 17996 W NetworkManagementSocketTagger: untagSocket(85) failed with errno -22
08-07 20:04:52.697  5378 17996 W NetworkManagementSocketTagger: untagSocket(85) failed with errno -22
08-07 20:04:52.697  5378 17996 W NetworkManagementSocketTagger: untagSocket(85) failed with errno -22
08-07 20:04:52.697  5378 17996 W NetworkManagementSocketTagger: untagSocket(85) failed with errno -22
08-07 20:04:52.697  5378 17996 W NetworkManagementSocketTagger: untagSocket(85) failed with errno -22
08-07 20:04:52.698  5378 17996 W NetworkManagementSocketTagger: untagSocket(85) failed with errno -22
08-07 20:04:52.698  5378 17996 W NetworkManagementSocketTagger: untagSocket(85) failed with errno -22
08-07 20:04:52.698  5378 17996 W NetworkManagementSocketTagger: untagSocket(85) failed with errno -22
08-07 20:04:52.698  5378 17996 W NetworkManagementSocketTagger: untagSocket(85) failed with errno -22
08-07 20:04:52.698  5378 17996 W NetworkManagementSocketTagger: untagSocket(85) failed with errno -22
08-07 20:04:52.698  5378 17996 W NetworkManagementSocketTagger: untagSocket(85) failed with errno -22
08-07 20:04:52.699  5378 17996 W NetworkManagementSocketTagger: untagSocket(85) failed with errno -22
08-07 20:04:52.699  5378 17996 W NetworkManagementSocketTagger: untagSocket(85) failed with errno -22
08-07 20:04:52.699  5378 17996 W NetworkManagementSocketTagger: untagSocket(85) failed with errno -22
08-07 20:04:52.749  3662  3774 E memtrack: Couldn't load memtrack module
08-07 20:04:52.749  3662  3774 W android.os.Debug: failed to get memory consumption info: -1
08-07 20:04:52.758  9227  9306 E BtGatt.GattService: [GSIM LOG]: gsimLogHandler, msg: MESSAGE_SCAN_START, appName: android.uid.bcmgr, scannerId: 4, reportDelayMillis=0
08-07 20:04:52.803  9227  9296 E BtGatt.ScanManager: default value of curScanSetting 0 is choosen
08-07 20:04:52.803  9227  9408 W bt_btm  : btm_ble_enable_resolving_list() rl_state = 0x19, rl_mask = 0x2
08-07 20:04:52.804  9227  9408 W bt_btm  : btm_ble_disable_resolving_list() rl_state = 0x1b, rl_mask = 0x2, to_resume = 1
08-07 20:04:52.804  9227  9408 W bt_btm  : btm_ble_enable_resolving_list() rl_state = 0x19, rl_mask = 0x2
08-07 20:04:52.915  3662  3697 W mali_winsys: native_window_api_disconnect failed: -19
08-07 20:04:53.337  4076  4076 W SamsungAnalytics: [SamsungAnalytics] Attempt to invoke virtual method 'int com.samsung.context.sdk.samsunganalytics.a.b.a(java.util.Map)' on a null object reference
08-07 20:04:53.343  4076  4076 E KeyguardFingerPrint: updateFingerprintListeningState#mFingerprintRunningState=0 shouldListenForFingerprint=false
08-07 20:04:53.349  5147  5147 W SearchServiceClient: Starting with NO_SESSION handoverId is deprecated. Just don't. You will break.
08-07 20:04:53.352  5147  5147 W SessionLifecycleManager: Handover failed. Creating new session controller.
08-07 20:04:53.381  5147  5147 E PBSessionCacheImpl: sessionId[22638279056029062] not persisted.
08-07 20:04:53.411  4076  4076 W SemDesktopModeManager: Desktop Mode feature not available or SemDesktopModeManager not instantiated. Please check Configuration.semDesktopModeEnabled instead.
08-07 20:04:53.413  4076  4076 W SemDesktopModeManager: Desktop Mode feature not available or SemDesktopModeManager not instantiated. Please check Configuration.semDesktopModeEnabled instead.
08-07 20:04:53.447  4076  4076 E KeyguardFingerPrint: updateFingerprintListeningState#mFingerprintRunningState=0 shouldListenForFingerprint=false
08-07 20:04:53.452  3662  3662 E MotionRecognitionService:   mReceiver.onReceive : ACTION_USER_PRESENT  :: UNLOCK SCREEN
