08-07 19:39:54.619 15231 15677 W fb4a.ServiceInfoParser: X.3eD: Service com.facebook.push.fbpushdata.FbPushDataHandlerService is missing meta key com.facebook.common.jobscheduler.compat.jobIds
08-07 19:39:54.620 15231 15677 W fb4a.ServiceInfoParser: X.3eD: Service com.facebook.registration.notification.RegistrationNotificationService is missing meta key com.facebook.common.jobscheduler.compat.jobIds
08-07 19:39:54.620 15231 15677 W fb4a.ServiceInfoParser: X.3eD: Service com.facebook.registration.service.NewAccountStateLoggingService is missing meta key com.facebook.common.jobscheduler.compat.jobIds
08-07 19:39:54.620 15231 15677 W fb4a.ServiceInfoParser: X.3eD: Service com.facebook.selfupdate.SelfUpdateFetchService is missing meta key com.facebook.common.jobscheduler.compat.jobIds
08-07 19:39:54.963 15780 15780 E Zygote  : isWhitelistProcess - Process is Whitelisted
08-07 19:39:54.969 15780 15780 W SELinux : SELinux selinux_android_compute_policy_index : Policy Index[2],  Con:u:r:zygote:s0 RAM:SEPF_SM-G935F_8.0.0_0011, [-1 -1 -1 -1 0 1]
08-07 19:39:55.207  3287  3287 E audit   : type=1400 audit(1533663595.190:102): avc:  denied  { read } for  pid=15591 comm="Bg_Shared1" name="boot_id" dev="proc" ino=84156 scontext=u:r:untrusted_app_25:s0:c512,c768 tcontext=u:object_r:proc:s0 tclass=file permissive=0 SEPF_SM-G935F_8.0.0_0011 audit_filtered
08-07 19:39:55.208 15591 15794 E msgr.BootIdReader: Error reading boot_id from procfs
08-07 19:39:55.208 15591 15794 E msgr.BootIdReader: java.io.FileNotFoundException: /proc/sys/kernel/random/boot_id (Permission denied)
08-07 19:39:55.208 15591 15794 E msgr.BootIdReader: 	at java.io.FileInputStream.open0(Native Method)
08-07 19:39:55.208 15591 15794 E msgr.BootIdReader: 	at java.io.FileInputStream.open(FileInputStream.java:200)
08-07 19:39:55.208 15591 15794 E msgr.BootIdReader: 	at java.io.FileInputStream.<init>(FileInputStream.java:150)
08-07 19:39:55.208 15591 15794 E msgr.BootIdReader: 	at java.io.FileInputStream.<init>(FileInputStream.java:103)
08-07 19:39:55.208 15591 15794 E msgr.BootIdReader: 	at java.io.FileReader.<init>(FileReader.java:58)
08-07 19:39:55.208 15591 15794 E msgr.BootIdReader: 	at X.1Ux.a(:275670)
08-07 19:39:55.208 15591 15794 E msgr.BootIdReader: 	at X.1f3.a(Unknown Source:11795)
08-07 19:39:55.208 15591 15794 E msgr.BootIdReader: 	at X.0J4.A(Unknown Source:21)
08-07 19:39:55.208 15591 15794 E msgr.BootIdReader: 	at X.0Jg.a(:60993)
08-07 19:39:55.208 15591 15794 E msgr.BootIdReader: 	at X.0Jg.b(:61012)
08-07 19:39:55.208 15591 15794 E msgr.BootIdReader: 	at X.1ii.d(:325384)
08-07 19:39:55.208 15591 15794 E msgr.BootIdReader: 	at X.1ii.b(:325375)
08-07 19:39:55.208 15591 15794 E msgr.BootIdReader: 	at X.1ii.a(:325337)
08-07 19:39:55.208 15591 15794 E msgr.BootIdReader: 	at X.2Qx.init(:426856)
08-07 19:39:55.208 15591 15794 E msgr.BootIdReader: 	at X.0Pd.run(:75478)
08-07 19:39:55.208 15591 15794 E msgr.BootIdReader: 	at X.0Ok.run(:72225)
08-07 19:39:55.208 15591 15794 E msgr.BootIdReader: 	at java.util.concurrent.Executors$RunnableAdapter.call(Executors.java:457)
08-07 19:39:55.208 15591 15794 E msgr.BootIdReader: 	at java.util.concurrent.FutureTask.run(FutureTask.java:266)
08-07 19:39:55.208 15591 15794 E msgr.BootIdReader: 	at java.util.concurrent.Executors$RunnableAdapter.call(Executors.java:457)
08-07 19:39:55.208 15591 15794 E msgr.BootIdReader: 	at X.0Pl.run(:75634)
08-07 19:39:55.208 15591 15794 E msgr.BootIdReader: 	at java.util.concurrent.Executors$RunnableAdapter.call(Executors.java:457)
08-07 19:39:55.208 15591 15794 E msgr.BootIdReader: 	at java.util.concurrent.FutureTask.run(FutureTask.java:266)
08-07 19:39:55.208 15591 15794 E msgr.BootIdReader: 	at X.0MT.run(:66509)
08-07 19:39:55.208 15591 15794 E msgr.BootIdReader: 	at java.util.concurrent.ThreadPoolExecutor.runWorker(ThreadPoolExecutor.java:1162)
08-07 19:39:55.208 15591 15794 E msgr.BootIdReader: 	at java.util.concurrent.ThreadPoolExecutor$Worker.run(ThreadPoolExecutor.java:636)
08-07 19:39:55.208 15591 15794 E msgr.BootIdReader: 	at X.0Pn.run(:75655)
08-07 19:39:55.208 15591 15794 E msgr.BootIdReader: 	at java.lang.Thread.run(Thread.java:764)
08-07 19:39:55.939  4055  4055 E SKBD    : AbstractKeyboardView Dismiss keyPreviewView is null
08-07 19:39:56.090  4055  4055 E SKBD    : AbstractKeyboardView Dismiss keyPreviewView is null
08-07 19:39:56.127  3662  3679 E memtrack: Couldn't load memtrack module
08-07 19:39:56.127  3662  3679 W android.os.Debug: failed to get memory consumption info: -1
08-07 19:39:56.246  3104  3104 E audit   : avc:  denied  { find } for interface=android.hardware.memtrack::IMemtrack pid=15591 scontext=u:r:untrusted_app_25:s0:c512,c768 tcontext=u:object_r:hal_memtrack_hwservice:s0 tclass=hwservice_manager
08-07 19:39:56.250  3104  3104 E audit   : avc:  denied  { find } for interface=android.hardware.memtrack::IMemtrack pid=15591 scontext=u:r:untrusted_app_25:s0:c512,c768 tcontext=u:object_r:hal_memtrack_hwservice:s0 tclass=hwservice_manager
08-07 19:39:56.251 15591 15823 E memtrack: Couldn't load memtrack module
08-07 19:39:56.251 15591 15823 W android.os.Debug: failed to get memory consumption info: -1
08-07 19:39:56.258 15591 15810 W msgr.ServiceInfoParser: X.21e: Service com.facebook.common.errorreporting.memory.MemoryDumpUploadService is missing meta key com.facebook.common.jobscheduler.compat.jobIds
08-07 19:39:56.258 15591 15810 W msgr.ServiceInfoParser: X.21e: Service com.facebook.analytics2.logger.LollipopUploadService is missing meta key com.facebook.common.jobscheduler.compat.jobIds
08-07 19:39:56.260 15591 15810 W msgr.ServiceInfoParser: X.21e: Service com.facebook.conditionalworker.ConditionalWorkerService is missing meta key com.facebook.common.jobscheduler.compat.jobIds
08-07 19:39:56.261 15591 15810 W msgr.ServiceInfoParser: X.21e: Service com.facebook.delayedworker.DelayedWorkerService is missing meta key com.facebook.common.jobscheduler.compat.jobIds
08-07 19:39:56.261 15591 15810 W msgr.ServiceInfoParser: X.21e: Service com.facebook.fbservice.service.BlueServiceJobIntentService is missing meta key com.facebook.common.jobscheduler.compat.jobIds
08-07 19:39:56.262 15591 15810 W msgr.ServiceInfoParser: X.21e: Service com.facebook.messaging.universallinks.receiver.InstallReferrerFetchJobIntentService is missing meta key com.facebook.common.jobscheduler.compat.jobIds
08-07 19:39:56.262 15591 15810 W msgr.ServiceInfoParser: X.21e: Service com.facebook.oxygen.preloads.sdk.firstparty.managedappcache.IsManagedAppCacheJobService is missing meta key com.facebook.common.jobscheduler.compat.jobIds
08-07 19:39:56.265 15591 15810 W msgr.ServiceInfoParser: X.21e: Service com.facebook.push.fbpushdata.FbPushDataHandlerService is missing meta key com.facebook.common.jobscheduler.compat.jobIds
08-07 19:39:56.265 15591 15810 W msgr.ServiceInfoParser: X.21e: Service com.facebook.selfupdate.SelfUpdateFetchService is missing meta key com.facebook.common.jobscheduler.compat.jobIds
08-07 19:39:56.574 15591 15830 E CompactDiskManagerImpl.cpp: Failed to remove new folder structure directories: No such file or directory
08-07 19:39:56.629 15591 15830 E CompactDiskManagerImpl.cpp: Failed to remove new folder structure directories: No such file or directory
08-07 19:39:58.499  4055  4055 E SKBD    : ayn getInstance start
08-07 19:39:58.499  4055  4055 E SKBD    : ayn sendSIPInformation state: 6   isAbstractKeyboardView :  true
08-07 19:39:58.501  4055 15861 E SKBD    : ayn sending null keyboardInfo as SIP is closed
08-07 19:39:58.514  4055  4055 W Settings: Setting device_provisioned has moved from android.provider.Settings.Secure to android.provider.Settings.Global.
08-07 19:39:58.539  4055  4055 W SemDesktopModeManager: Desktop Mode feature not available or SemDesktopModeManager not instantiated. Please check Configuration.semDesktopModeEnabled instead.
08-07 19:39:58.539 15260 15260 W IInputConnectionWrapper: getCursorCapsMode on inactive InputConnection
08-07 19:39:58.543  4055  4055 W SemDesktopModeManager: Desktop Mode feature not available or SemDesktopModeManager not instantiated. Please check Configuration.semDesktopModeEnabled instead.
08-07 19:39:58.543  4055  4055 W SemDesktopModeManager: Desktop Mode feature not available or SemDesktopModeManager not instantiated. Please check Configuration.semDesktopModeEnabled instead.
08-07 19:39:58.543  4055  4055 W SemDesktopModeManager: Desktop Mode feature not available or SemDesktopModeManager not instantiated. Please check Configuration.semDesktopModeEnabled instead.
08-07 19:39:58.543  4055  4055 W SemDesktopModeManager: Desktop Mode feature not available or SemDesktopModeManager not instantiated. Please check Configuration.semDesktopModeEnabled instead.
08-07 19:39:58.543  4055  4055 W SemDesktopModeManager: Desktop Mode feature not available or SemDesktopModeManager not instantiated. Please check Configuration.semDesktopModeEnabled instead.
08-07 19:39:58.544  4055  4055 W SemDesktopModeManager: Desktop Mode feature not available or SemDesktopModeManager not instantiated. Please check Configuration.semDesktopModeEnabled instead.
08-07 19:39:58.548  4055  4055 W SemDesktopModeManager: Desktop Mode feature not available or SemDesktopModeManager not instantiated. Please check Configuration.semDesktopModeEnabled instead.
08-07 19:39:58.570  4055  4055 W Settings: Setting device_provisioned has moved from android.provider.Settings.Secure to android.provider.Settings.Global.
08-07 19:39:58.602  4055  4055 W SemDesktopModeManager: Desktop Mode feature not available or SemDesktopModeManager not instantiated. Please check Configuration.semDesktopModeEnabled instead.
08-07 19:39:58.604  4055  4055 E SKBD    : bmv get previous
08-07 19:39:58.606  4055  4055 W SemDesktopModeManager: Desktop Mode feature not available or SemDesktopModeManager not instantiated. Please check Configuration.semDesktopModeEnabled instead.
08-07 19:39:58.663  4055  4055 W SemDesktopModeManager: Desktop Mode feature not available or SemDesktopModeManager not instantiated. Please check Configuration.semDesktopModeEnabled instead.
08-07 19:39:58.663  4055  4055 W SemDesktopModeManager: Desktop Mode feature not available or SemDesktopModeManager not instantiated. Please check Configuration.semDesktopModeEnabled instead.
08-07 19:39:58.663  4055  4055 W SemDesktopModeManager: Desktop Mode feature not available or SemDesktopModeManager not instantiated. Please check Configuration.semDesktopModeEnabled instead.
08-07 19:39:58.666  4055  4055 W SemDesktopModeManager: Desktop Mode feature not available or SemDesktopModeManager not instantiated. Please check Configuration.semDesktopModeEnabled instead.
08-07 19:39:59.257 15875 15875 E Zygote  : isWhitelistProcess - Process is Whitelisted
08-07 19:39:59.261 15875 15875 W SELinux : SELinux selinux_android_compute_policy_index : Policy Index[2],  Con:u:r:zygote:s0 RAM:SEPF_SM-G935F_8.0.0_0011, [-1 -1 -1 -1 0 1]
08-07 19:40:00.021  3662  3679 E memtrack: Couldn't load memtrack module
08-07 19:40:00.022  3662  3679 W android.os.Debug: failed to get memory consumption info: -1
08-07 19:40:01.083  4055  4055 E SKBD    : ayn getInstance start
08-07 19:40:01.084  4055  4055 E SKBD    : ayn sendSIPInformation state: 6   isAbstractKeyboardView :  true
08-07 19:40:01.085  4055 15891 E SKBD    : ayn sending null keyboardInfo as SIP is closed
08-07 19:40:05.727  4344  4344 W RegisteredComponentCache: Unable to load component info ResolveInfo{93ef308 com.greenlionsoft.free.madrid/.app.ui.activities.card.CardActivity m=0x108000}
08-07 19:40:05.727  4344  4344 W RegisteredComponentCache: org.xmlpull.v1.XmlPullParserException: No android.nfc.action.TECH_DISCOVERED meta-data
08-07 19:40:05.727  4344  4344 W RegisteredComponentCache: 	at com.android.nfc.RegisteredComponentCache.parseComponentInfo(RegisteredComponentCache.java:237)
08-07 19:40:05.727  4344  4344 W RegisteredComponentCache: 	at com.android.nfc.RegisteredComponentCache.generateComponentsList(RegisteredComponentCache.java:199)
08-07 19:40:05.727  4344  4344 W RegisteredComponentCache: 	at com.android.nfc.RegisteredComponentCache$1.onReceive(RegisteredComponentCache.java:92)
08-07 19:40:05.727  4344  4344 W RegisteredComponentCache: 	at android.app.LoadedApk$ReceiverDispatcher$Args.lambda$-android_app_LoadedApk$ReceiverDispatcher$Args_52226(LoadedApk.java:1319)
08-07 19:40:05.727  4344  4344 W RegisteredComponentCache: 	at android.app.-$Lambda$FilBqgnXJrN9Mgyks1XHeAxzSTk.$m$0(Unknown Source:4)
08-07 19:40:05.727  4344  4344 W RegisteredComponentCache: 	at android.app.-$Lambda$FilBqgnXJrN9Mgyks1XHeAxzSTk.run(Unknown Source:0)
08-07 19:40:05.727  4344  4344 W RegisteredComponentCache: 	at android.os.Handler.handleCallback(Handler.java:789)
08-07 19:40:05.727  4344  4344 W RegisteredComponentCache: 	at android.os.Handler.dispatchMessage(Handler.java:98)
08-07 19:40:05.727  4344  4344 W RegisteredComponentCache: 	at android.os.Looper.loop(Looper.java:164)
08-07 19:40:05.727  4344  4344 W RegisteredComponentCache: 	at android.app.ActivityThread.main(ActivityThread.java:6944)
08-07 19:40:05.727  4344  4344 W RegisteredComponentCache: 	at java.lang.reflect.Method.invoke(Native Method)
08-07 19:40:05.727  4344  4344 W RegisteredComponentCache: 	at com.android.internal.os.Zygote$MethodAndArgsCaller.run(Zygote.java:327)
08-07 19:40:05.727  4344  4344 W RegisteredComponentCache: 	at com.android.internal.os.ZygoteInit.main(ZygoteInit.java:1374)
08-07 19:40:05.778  4344  4344 W RegisteredComponentCache: Unable to load component info ResolveInfo{7f094c6 com.greenlionsoft.free.madrid/.app.ui.activities.card.CardActivity m=0x108000}
08-07 19:40:05.778  4344  4344 W RegisteredComponentCache: org.xmlpull.v1.XmlPullParserException: No android.nfc.action.TECH_DISCOVERED meta-data
08-07 19:40:05.778  4344  4344 W RegisteredComponentCache: 	at com.android.nfc.RegisteredComponentCache.parseComponentInfo(RegisteredComponentCache.java:237)
08-07 19:40:05.778  4344  4344 W RegisteredComponentCache: 	at com.android.nfc.RegisteredComponentCache.generateComponentsList(RegisteredComponentCache.java:199)
08-07 19:40:05.778  4344  4344 W RegisteredComponentCache: 	at com.android.nfc.RegisteredComponentCache$1.onReceive(RegisteredComponentCache.java:92)
08-07 19:40:05.778  4344  4344 W RegisteredComponentCache: 	at android.app.LoadedApk$ReceiverDispatcher$Args.lambda$-android_app_LoadedApk$ReceiverDispatcher$Args_52226(LoadedApk.java:1319)
08-07 19:40:05.778  4344  4344 W RegisteredComponentCache: 	at android.app.-$Lambda$FilBqgnXJrN9Mgyks1XHeAxzSTk.$m$0(Unknown Source:4)
08-07 19:40:05.778  4344  4344 W RegisteredComponentCache: 	at android.app.-$Lambda$FilBqgnXJrN9Mgyks1XHeAxzSTk.run(Unknown Source:0)
08-07 19:40:05.778  4344  4344 W RegisteredComponentCache: 	at android.os.Handler.handleCallback(Handler.java:789)
08-07 19:40:05.778  4344  4344 W RegisteredComponentCache: 	at android.os.Handler.dispatchMessage(Handler.java:98)
08-07 19:40:05.778  4344  4344 W RegisteredComponentCache: 	at android.os.Looper.loop(Looper.java:164)
08-07 19:40:05.778  4344  4344 W RegisteredComponentCache: 	at android.app.ActivityThread.main(ActivityThread.java:6944)
08-07 19:40:05.778  4344  4344 W RegisteredComponentCache: 	at java.lang.reflect.Method.invoke(Native Method)
08-07 19:40:05.778  4344  4344 W RegisteredComponentCache: 	at com.android.internal.os.Zygote$MethodAndArgsCaller.run(Zygote.java:327)
08-07 19:40:05.778  4344  4344 W RegisteredComponentCache: 	at com.android.internal.os.ZygoteInit.main(ZygoteInit.java:1374)
08-07 19:40:05.870  3662  3679 W SearchableInfo: Invalid searchable metadata for com.samsung.android.themestore/.activity.bixby.SearchActivityForBixby: Search label must be a resource reference.
08-07 19:40:05.874  4960  7389 W ResourceType: Failure getting entry for 0x7f190da1 (t=24 e=3489) (error -2147483647)
08-07 19:40:05.874  4960  7389 W ResourceType: Failure getting entry for 0x7f190da1 (t=24 e=3489) (error -2147483647)
08-07 19:40:05.874  4960  7389 W ResourceType: Failure getting entry for 0x7f190da2 (t=24 e=3490) (error -2147483647)
08-07 19:40:05.874  4960  7389 W ResourceType: Failure getting entry for 0x7f190da3 (t=24 e=3491) (error -2147483647)
08-07 19:40:05.930 15906 15906 E Zygote  : isWhitelistProcess - Process is Whitelisted
08-07 19:40:05.932 15906 15906 W SELinux : SELinux selinux_android_compute_policy_index : Policy Index[2],  Con:u:r:zygote:s0 RAM:SEPF_SM-G935F_8.0.0_0011, [-1 -1 -1 -1 0 1]
08-07 19:40:05.957  5110  5271 E ContactsProvider_EventLog: Flush buffer to file cnt : 1 size : 0Kb duration : 1ms lastUpdatedAfter : 17313 ms mFlush_time_threasold : 2000 mCurrentSize : 229
08-07 19:40:06.001  4960  5038 W zygote64: Checksum mismatch for dex SamsungContacts.apk
08-07 19:40:06.002  4960  5038 W zygote64: Checksum mismatch for dex SamsungContacts.apk
08-07 19:40:06.106  4960  7389 W ResourceType: Failure getting entry for 0x7f190da1 (t=24 e=3489) (error -2147483647)
08-07 19:40:06.107  4960  7389 W ResourceType: Failure getting entry for 0x7f190da1 (t=24 e=3489) (error -2147483647)
08-07 19:40:06.107  4960  7389 W ResourceType: Failure getting entry for 0x7f190da2 (t=24 e=3490) (error -2147483647)
08-07 19:40:06.107  4960  7389 W ResourceType: Failure getting entry for 0x7f190da3 (t=24 e=3491) (error -2147483647)
08-07 19:40:06.112  5017  5084 W Launcher.Model: checkFinderState return, operation is not matched
08-07 19:40:06.131  3662  3679 W SearchableInfo: Invalid searchable metadata for com.samsung.android.themestore/.activity.bixby.SearchActivityForBixby: Search label must be a resource reference.
08-07 19:40:06.235  5017  5084 W Launcher.Model: checkFinderState return, operation is not matched
08-07 19:40:09.237 15930 15930 E Zygote  : isWhitelistProcess - Process is Whitelisted
08-07 19:40:09.240 15930 15930 W SELinux : SELinux selinux_android_compute_policy_index : Policy Index[2],  Con:u:r:zygote:s0 RAM:SEPF_SM-G935F_8.0.0_0011, [-1 -1 -1 -1 0 1]
08-07 19:40:09.333 15930 15930 W DCMTask : [#CMH#] No calendar permission  calendar events not supported
08-07 19:40:09.984  5110  5271 E ContactsProvider_EventLog: Flush buffer to file cnt : 2 size : 2Kb duration : 8ms lastUpdatedAfter : 4026 ms mFlush_time_threasold : 2000 mCurrentSize : 1217
08-07 19:40:10.110 15950 15950 E Zygote  : isWhitelistProcess - Process is Whitelisted
08-07 19:40:10.114 15950 15950 W SELinux : SELinux selinux_android_compute_policy_index : Policy Index[2],  Con:u:r:zygote:s0 RAM:SEPF_SM-G935F_8.0.0_0011, [-1 -1 -1 -1 0 1]
08-07 19:40:10.148 15963 15963 E Zygote  : isWhitelistProcess - Process is Whitelisted
08-07 19:40:10.153 15963 15963 W SELinux : SELinux selinux_android_compute_policy_index : Policy Index[2],  Con:u:r:zygote:s0 RAM:SEPF_SM-G935F_8.0.0_0011, [-1 -1 -1 -1 0 1]
08-07 19:40:10.222 15963 15963 W YT      : Last known version:13.29.53
08-07 19:40:10.241 15963 15995 W YouTube : Fetching the Gservices key 'failsafe_clear_cache_release_13_02' before the end of the bulk initialization
08-07 19:40:10.249 15963 15997 E zygote64: The String#value field is not present on Android versions >= 6.0
08-07 19:40:10.357  4774  4774 W ChimeraUtils: Non Chimera context
08-07 19:40:10.358  4774  4774 W ChimeraUtils: Non Chimera context
08-07 19:40:10.404 15963 15994 E YouTube : Failed delayed event dispatch, no dispatchers.
08-07 19:40:10.423 15950 15950 W Settings: Setting download_manager_max_bytes_over_mobile has moved from android.provider.Settings.Secure to android.provider.Settings.Global.
08-07 19:40:10.424 15950 15950 W Settings: Setting download_manager_recommended_max_bytes_over_mobile has moved from android.provider.Settings.Secure to android.provider.Settings.Global.
08-07 19:40:10.618 15963 15991 W zygote64: Skipping duplicate class check due to unrecognized classloader
08-07 19:40:10.736  3662  3679 E memtrack: Couldn't load memtrack module
08-07 19:40:10.737  3662  3679 W android.os.Debug: failed to get memory consumption info: -1
08-07 19:40:10.983 15963 15991 W zygote64: Skipping duplicate class check due to unrecognized classloader
08-07 19:40:11.114  4076  4076 E BufferItemConsumer: [unnamed-4076-0] Failed to release buffer: Unknown error -1 (1)
08-07 19:40:11.242  4076  4076 W SamsungAnalytics: [SamsungAnalytics] Attempt to invoke virtual method 'int com.samsung.context.sdk.samsunganalytics.a.b.a(java.util.Map)' on a null object reference
08-07 19:40:11.425  4076  4076 W SemDesktopModeManager: Desktop Mode feature not available or SemDesktopModeManager not instantiated. Please check Configuration.semDesktopModeEnabled instead.
08-07 19:40:11.453  4076  4076 W SemDesktopModeManager: Desktop Mode feature not available or SemDesktopModeManager not instantiated. Please check Configuration.semDesktopModeEnabled instead.
08-07 19:40:11.775  4774  4774 W NetworkScheduler.TED: Error while unbinding: java.lang.IllegalArgumentException: Service not registered: wsk@13dd314
08-07 19:40:12.190  4076  4076 W SamsungAnalytics: [SamsungAnalytics] Attempt to invoke virtual method 'int com.samsung.context.sdk.samsunganalytics.a.b.a(java.util.Map)' on a null object reference
08-07 19:40:12.551  3662  5015 W InputMethodManagerService: hideSoftInput : Ignoring, uid 10080: com.android.internal.view.IInputMethodClient$Stub$Proxy@209cf07
08-07 19:40:12.583  5147  5147 W SearchServiceClient: Starting with NO_SESSION handoverId is deprecated. Just don't. You will break.
08-07 19:40:12.592  5147  5147 W SessionLifecycleManager: Handover failed. Creating new session controller.
08-07 19:40:12.621 16151 16151 E Zygote  : isWhitelistProcess - Process is Whitelisted
08-07 19:40:12.625 16151 16151 W SELinux : SELinux selinux_android_compute_policy_index : Policy Index[2],  Con:u:r:zygote:s0 RAM:SEPF_SM-G935F_8.0.0_0011, [-1 -1 -1 -1 0 1]
08-07 19:40:12.653  5147  5147 E PBSessionCacheImpl: sessionId[22638279056029062] not persisted.
08-07 19:40:12.718  4076  4076 W SemDesktopModeManager: Desktop Mode feature not available or SemDesktopModeManager not instantiated. Please check Configuration.semDesktopModeEnabled instead.
08-07 19:40:12.764 16167 16167 E Zygote  : isWhitelistProcess - Process is Whitelisted
08-07 19:40:12.766 16167 16167 W SELinux : SELinux selinux_android_compute_policy_index : Policy Index[2],  Con:u:r:zygote:s0 RAM:SEPF_SM-G935F_8.0.0_0011, [-1 -1 -1 -1 0 1]
08-07 19:40:12.858  5017  5017 E VRLauncherManager: android.provider.Settings$SettingNotFoundException: vr_launcher_hidden_apps
08-07 19:40:13.099 16151 16151 W ResourceType: No package identifier when getting value for resource number 0x00000000
08-07 19:40:13.114 16151 16151 W ResourceType: No package identifier when getting value for resource number 0x00000000
08-07 19:40:13.273  5017  5319 W OpenGLRenderer: Incorrectly called buildLayer on View: WorkspaceCellLayoutChildren, destroying layer...
08-07 19:40:13.273  5017  5319 W OpenGLRenderer: Incorrectly called buildLayer on View: WorkspaceCellLayoutChildren, destroying layer...
08-07 19:40:14.564  4076  4076 W SemDesktopModeManager: Desktop Mode feature not available or SemDesktopModeManager not instantiated. Please check Configuration.semDesktopModeEnabled instead.
08-07 19:40:14.616  5017  5017 W StaticLayout: maxLineHeight should not be -1.  maxLines:1 lineCount:1
08-07 19:40:14.617  5017  5017 W StaticLayout: maxLineHeight should not be -1.  maxLines:1 lineCount:1
08-07 19:40:14.715 16205 16205 E Zygote  : isWhitelistProcess - Process is Whitelisted
08-07 19:40:14.718 16205 16205 W SELinux : SELinux selinux_android_compute_policy_index : Policy Index[2],  Con:u:r:zygote:s0 RAM:SEPF_SM-G935F_8.0.0_0011, [-1 -1 -1 -1 0 1]
08-07 19:40:14.736 16218 16218 E Zygote  : isWhitelistProcess - Process is Whitelisted
08-07 19:40:14.738 16218 16218 W SELinux : SELinux selinux_android_compute_policy_index : Policy Index[2],  Con:u:r:zygote:s0 RAM:SEPF_SM-G935F_8.0.0_0011, [-1 -1 -1 -1 0 1]
08-07 19:40:14.821  5017  5017 W StaticLayout: maxLineHeight should not be -1.  maxLines:1 lineCount:1
08-07 19:40:14.826  5017  5017 W StaticLayout: maxLineHeight should not be -1.  maxLines:1 lineCount:1
08-07 19:40:14.865  5017  5017 W StaticLayout: maxLineHeight should not be -1.  maxLines:1 lineCount:1
08-07 19:40:14.869  5017  5017 W StaticLayout: maxLineHeight should not be -1.  maxLines:1 lineCount:1
08-07 19:40:14.955 16218 16218 W linker  : "/data/app/com.google.android.gms-nyMoQjAaohi5NlRNZN0G4Q==/base.apk!/lib/arm64-v8a/libconscrypt_gmscore_jni.so" unused DT entry: type 0xf arg 0x8a
08-07 19:40:15.278 16205 16246 W [WeatherWidget(157517@7)] : {[D649FEFC84D9836056986248672CF7AF5F88A786E255C2299291923CD543EAE98C499CE73B3080746D1828C63E0742C29FB2B5494FDA3F4D8B3C440AC917252A704C09DBE3F5C31DE0E734603991AE19]}
08-07 19:40:15.369 16205 16205 W [WeatherWidget(157517@7)] : {[D649FEFC84D9836056986248672CF7AF5F88A786E255C2299291923CD543EAE98C499CE73B3080746D1828C63E0742C29FB2B5494FDA3F4D8B3C440AC917252A704C09DBE3F5C31DE0E734603991AE19]}
08-07 19:40:15.379 16205 16246 E [WeatherWidget(157517@7)] : {[BFF8C07F5E98849D0F8286A9BD433BEC5F7E7B0E4EFA4F7B66F69E42C25B27FC403C5BE252CCE6B004E73B08611868A674F6113CFEEE2A8E08C231EA7F01E4F4728846292B02E6B6D1E4E56BF74F5BC6]}
08-07 19:40:15.420 16218 16236 W AdvertisingIdClient: Error while reading from SharedPreferences 
08-07 19:40:15.420 16218 16236 W AdvertisingIdClient: java.lang.SecurityException: MODE_WORLD_READABLE no longer supported
08-07 19:40:15.420 16218 16236 W AdvertisingIdClient: 	at android.app.ContextImpl.checkMode(ContextImpl.java:2453)
08-07 19:40:15.420 16218 16236 W AdvertisingIdClient: 	at android.app.ContextImpl.getSharedPreferences(ContextImpl.java:389)
08-07 19:40:15.420 16218 16236 W AdvertisingIdClient: 	at android.app.ContextImpl.getSharedPreferences(ContextImpl.java:376)
08-07 19:40:15.420 16218 16236 W AdvertisingIdClient: 	at com.google.android.gms.ads.identifier.AdvertisingIdClient.getAdvertisingIdInfo(Unknown Source:12)
08-07 19:40:15.420 16218 16236 W AdvertisingIdClient: 	at com.google.android.music.preferences.MusicPreferences.getAdvertisingIdInfo(MusicPreferences.java:2476)
08-07 19:40:15.420 16218 16236 W AdvertisingIdClient: 	at com.google.android.music.preferences.MusicPreferences.access$1000(MusicPreferences.java:83)
08-07 19:40:15.420 16218 16236 W AdvertisingIdClient: 	at com.google.android.music.preferences.MusicPreferences$7.run(MusicPreferences.java:2457)
08-07 19:40:15.420 16218 16236 W AdvertisingIdClient: 	at com.google.android.music.utils.async.TraceableRunnable.runLogged(TraceableRunnable.java:21)
08-07 19:40:15.420 16218 16236 W AdvertisingIdClient: 	at com.google.android.music.utils.async.LoggedRunnable.run(LoggedRunnable.java:30)
08-07 19:40:15.420 16218 16236 W AdvertisingIdClient: 	at android.os.Handler.handleCallback(Handler.java:789)
08-07 19:40:15.420 16218 16236 W AdvertisingIdClient: 	at android.os.Handler.dispatchMessage(Handler.java:98)
08-07 19:40:15.420 16218 16236 W AdvertisingIdClient: 	at com.google.android.music.utils.LoggableHandler.dispatchMessage(LoggableHandler.java:74)
08-07 19:40:15.420 16218 16236 W AdvertisingIdClient: 	at android.os.Looper.loop(Looper.java:164)
08-07 19:40:15.420 16218 16236 W AdvertisingIdClient: 	at android.os.HandlerThread.run(HandlerThread.java:65)
08-07 19:40:15.442 16205 16205 E [WeatherWidget(157517@7)] : {[30B055765757A91C118A3DE711976767E72D3DD06BA5E0415446BD4617FE79CB732D0FDB7199E5E9A7570116D3070AC3399D75DBD61280FADB921FA4A093AF8F]}
08-07 19:40:15.567 16205 16205 E [WeatherWidget(157517@7)] : {[30B055765757A91C118A3DE711976767E72D3DD06BA5E0415446BD4617FE79CB732D0FDB7199E5E9A7570116D3070AC3399D75DBD61280FADB921FA4A093AF8F]}
08-07 19:40:15.891  5017  5017 E ProActivieLaunch: Sending Broadcast
08-07 19:40:16.577  5017  5017 E ProActivieLaunch: Sending Broadcast
08-07 19:40:17.526  5017  5017 E ProActivieLaunch: Sending Broadcast
08-07 19:40:17.559 16299 16299 E Zygote  : isWhitelistProcess - Process is Whitelisted
08-07 19:40:17.565 16299 16299 W SELinux : SELinux selinux_android_compute_policy_index : Policy Index[2],  Con:u:r:zygote:s0 RAM:SEPF_SM-G935F_8.0.0_0011, [-1 -1 -1 -1 0 1]
08-07 19:40:17.623  3662  3679 E memtrack: Couldn't load memtrack module
08-07 19:40:17.623  3662  3679 W android.os.Debug: failed to get memory consumption info: -1
08-07 19:40:17.643  4076  4076 W SemDesktopModeManager: Desktop Mode feature not available or SemDesktopModeManager not instantiated. Please check Configuration.semDesktopModeEnabled instead.
08-07 19:40:17.707 16299 16299 W ResourceType: No package identifier when getting value for resource number 0x00000000
08-07 19:40:17.739 16299 16318 W ResourceType: No package identifier when getting value for resource number 0x00000000
08-07 19:40:17.746 16299 16318 W linker  : /data/app/org.testmyinv.myinv-VxbZ3TyFYC40_0hadram6w==/lib/arm/libpython2.7.so: is missing DT_SONAME will use basename as a replacement: "libpython2.7.so"
08-07 19:40:17.751 16299 16318 W linker  : /data/data/org.testmyinv.myinv/files/lib/python2.7/lib-dynload/_io.so: is missing DT_SONAME will use basename as a replacement: "_io.so"
08-07 19:40:17.753 16299 16318 W linker  : /data/data/org.testmyinv.myinv/files/lib/python2.7/lib-dynload/unicodedata.so: is missing DT_SONAME will use basename as a replacement: "unicodedata.so"
08-07 19:40:17.773  5147  5147 W SearchServiceCore: Abort, client detached.
08-07 19:40:17.802 16299 16332 W SDLSurface: Create egl surface
08-07 19:40:17.853  3662  3679 E memtrack: Couldn't load memtrack module
08-07 19:40:17.853  3662  3679 W android.os.Debug: failed to get memory consumption info: -1
08-07 19:40:18.023 16299 16332 W linker  : /data/data/org.testmyinv.myinv/files/libpymodules.so: is missing DT_SONAME will use basename as a replacement: "libpymodules.so"
08-07 19:40:18.030 16299 16332 W linker  : /data/data/org.testmyinv.myinv/files/lib/python2.7/lib-dynload/_ctypes.so: is missing DT_SONAME will use basename as a replacement: "_ctypes.so"
08-07 19:40:18.986  3662  3679 E memtrack: Couldn't load memtrack module
08-07 19:40:18.986  3662  3679 W android.os.Debug: failed to get memory consumption info: -1
08-07 19:40:19.040  5110  5271 E ContactsProvider_EventLog: Flush buffer to file cnt : 1 size : 1Kb duration : 3ms lastUpdatedAfter : 9056 ms mFlush_time_threasold : 2000 mCurrentSize : 864
08-07 19:40:19.060  3662  3679 E memtrack: Couldn't load memtrack module
08-07 19:40:19.060  3662  3679 W android.os.Debug: failed to get memory consumption info: -1
08-07 19:40:19.083  3662  3679 E memtrack: Couldn't load memtrack module
08-07 19:40:19.084  3662  3679 W android.os.Debug: failed to get memory consumption info: -1
08-07 19:40:19.109  3662  3679 E memtrack: Couldn't load memtrack module
08-07 19:40:19.109  3662  3679 W android.os.Debug: failed to get memory consumption info: -1
08-07 19:40:19.253 16338 16338 E Zygote  : isWhitelistProcess - Process is Whitelisted
08-07 19:40:19.256 16338 16338 W SELinux : SELinux selinux_android_compute_policy_index : Policy Index[2],  Con:u:r:zygote:s0 RAM:SEPF_SM-G935F_8.0.0_0011, [-1 -1 -1 -1 0 1]
08-07 19:40:19.950  3662  3679 E memtrack: Couldn't load memtrack module
08-07 19:40:19.950  3662  3679 W android.os.Debug: failed to get memory consumption info: -1
08-07 19:40:20.042  3662  3679 E memtrack: Couldn't load memtrack module
08-07 19:40:20.042  3662  3679 W android.os.Debug: failed to get memory consumption info: -1
08-07 19:40:20.393 15950 16015 E Finsky  : [255] com.google.android.finsky.aq.c.a(25): Unable to build selector: /storage/emulated/0/Download/marketenvs.csv (No such file or directory)
08-07 19:40:20.446 15950 16362 E zygote  : The String#value field is not present on Android versions >= 6.0
08-07 19:40:20.615  4774  4786 W WearableService: onGetService: Wear is not available on this device.
08-07 19:40:20.627 15950 15950 E Finsky  : [2] com.google.android.finsky.wear.ad.a(3): onConnectionFailed: ConnectionResult{statusCode=API_UNAVAILABLE, resolution=null, message=null}
08-07 19:40:20.628 15950 15950 W Finsky  : [2] com.google.android.finsky.wear.dx.run(8): Dropping command=send_installed_apps due to Gms not connected
08-07 19:40:21.165  3662  3679 E memtrack: Couldn't load memtrack module
08-07 19:40:21.165  3662  3679 W android.os.Debug: failed to get memory consumption info: -1
08-07 19:40:22.317  4055  4055 W Settings: Setting device_provisioned has moved from android.provider.Settings.Secure to android.provider.Settings.Global.
08-07 19:40:22.424  4055  4055 W SemDesktopModeManager: Desktop Mode feature not available or SemDesktopModeManager not instantiated. Please check Configuration.semDesktopModeEnabled instead.
08-07 19:40:22.446  4055  4055 W SemDesktopModeManager: Desktop Mode feature not available or SemDesktopModeManager not instantiated. Please check Configuration.semDesktopModeEnabled instead.
08-07 19:40:22.446  4055  4055 W SemDesktopModeManager: Desktop Mode feature not available or SemDesktopModeManager not instantiated. Please check Configuration.semDesktopModeEnabled instead.
08-07 19:40:22.446  4055  4055 W SemDesktopModeManager: Desktop Mode feature not available or SemDesktopModeManager not instantiated. Please check Configuration.semDesktopModeEnabled instead.
08-07 19:40:22.447  4055  4055 W SemDesktopModeManager: Desktop Mode feature not available or SemDesktopModeManager not instantiated. Please check Configuration.semDesktopModeEnabled instead.
08-07 19:40:22.450  4055  4055 W SemDesktopModeManager: Desktop Mode feature not available or SemDesktopModeManager not instantiated. Please check Configuration.semDesktopModeEnabled instead.
08-07 19:40:22.474  4055  4055 W SemDesktopModeManager: Desktop Mode feature not available or SemDesktopModeManager not instantiated. Please check Configuration.semDesktopModeEnabled instead.
08-07 19:40:22.475  4055  4055 W SemDesktopModeManager: Desktop Mode feature not available or SemDesktopModeManager not instantiated. Please check Configuration.semDesktopModeEnabled instead.
08-07 19:40:22.475  4055  4055 W SemDesktopModeManager: Desktop Mode feature not available or SemDesktopModeManager not instantiated. Please check Configuration.semDesktopModeEnabled instead.
08-07 19:40:22.475  4055  4055 W SemDesktopModeManager: Desktop Mode feature not available or SemDesktopModeManager not instantiated. Please check Configuration.semDesktopModeEnabled instead.
08-07 19:40:22.542 16377 16377 E Zygote  : isWhitelistProcess - Process is Whitelisted
08-07 19:40:22.545 16377 16377 W SELinux : SELinux selinux_android_compute_policy_index : Policy Index[2],  Con:u:r:zygote:s0 RAM:SEPF_SM-G935F_8.0.0_0011, [-1 -1 -1 -1 0 1]
08-07 19:40:22.587  4055  4055 E SKBD    : XT9Engine ET9AWFillContextBuffer : -26256
08-07 19:40:22.645 16377 16377 E SALog   : true
08-07 19:40:22.732 16409 16409 E Zygote  : isWhitelistProcess - Process is Whitelisted
08-07 19:40:22.736 16409 16409 W SELinux : SELinux selinux_android_compute_policy_index : Policy Index[2],  Con:u:r:zygote:s0 RAM:SEPF_SM-G935F_8.0.0_0011, [-1 -1 -1 -1 0 1]
08-07 19:40:23.717  4055  4055 E SKBD    : ayn getInstance start
08-07 19:40:23.717  4055  4055 E SKBD    : ayn sendSIPInformation state: 6   isAbstractKeyboardView :  true
08-07 19:40:23.719  4055 16443 E SKBD    : ayn sending null keyboardInfo as SIP is closed
08-07 19:40:23.751  4055  4055 W Settings: Setting device_provisioned has moved from android.provider.Settings.Secure to android.provider.Settings.Global.
08-07 19:40:23.779  4055  4055 W SemDesktopModeManager: Desktop Mode feature not available or SemDesktopModeManager not instantiated. Please check Configuration.semDesktopModeEnabled instead.
08-07 19:40:23.779 16299 16299 W IInputConnectionWrapper: getCursorCapsMode on inactive InputConnection
08-07 19:40:23.783  4055  4055 W SemDesktopModeManager: Desktop Mode feature not available or SemDesktopModeManager not instantiated. Please check Configuration.semDesktopModeEnabled instead.
08-07 19:40:23.783  4055  4055 W SemDesktopModeManager: Desktop Mode feature not available or SemDesktopModeManager not instantiated. Please check Configuration.semDesktopModeEnabled instead.
08-07 19:40:23.783  4055  4055 W SemDesktopModeManager: Desktop Mode feature not available or SemDesktopModeManager not instantiated. Please check Configuration.semDesktopModeEnabled instead.
08-07 19:40:23.783  4055  4055 W SemDesktopModeManager: Desktop Mode feature not available or SemDesktopModeManager not instantiated. Please check Configuration.semDesktopModeEnabled instead.
08-07 19:40:23.784  4055  4055 W SemDesktopModeManager: Desktop Mode feature not available or SemDesktopModeManager not instantiated. Please check Configuration.semDesktopModeEnabled instead.
08-07 19:40:23.784  4055  4055 W SemDesktopModeManager: Desktop Mode feature not available or SemDesktopModeManager not instantiated. Please check Configuration.semDesktopModeEnabled instead.
08-07 19:40:23.786  4055  4055 W SemDesktopModeManager: Desktop Mode feature not available or SemDesktopModeManager not instantiated. Please check Configuration.semDesktopModeEnabled instead.
08-07 19:40:23.791  4055  4055 W Settings: Setting device_provisioned has moved from android.provider.Settings.Secure to android.provider.Settings.Global.
08-07 19:40:23.808  4055  4055 W SemDesktopModeManager: Desktop Mode feature not available or SemDesktopModeManager not instantiated. Please check Configuration.semDesktopModeEnabled instead.
08-07 19:40:23.809  4055  4055 E SKBD    : bmv get previous
08-07 19:40:23.812  4055  4055 W SemDesktopModeManager: Desktop Mode feature not available or SemDesktopModeManager not instantiated. Please check Configuration.semDesktopModeEnabled instead.
08-07 19:40:23.891  4055  4055 W SemDesktopModeManager: Desktop Mode feature not available or SemDesktopModeManager not instantiated. Please check Configuration.semDesktopModeEnabled instead.
08-07 19:40:23.891  4055  4055 W SemDesktopModeManager: Desktop Mode feature not available or SemDesktopModeManager not instantiated. Please check Configuration.semDesktopModeEnabled instead.
08-07 19:40:23.891  4055  4055 W SemDesktopModeManager: Desktop Mode feature not available or SemDesktopModeManager not instantiated. Please check Configuration.semDesktopModeEnabled instead.
08-07 19:40:23.892  4055  4055 W SemDesktopModeManager: Desktop Mode feature not available or SemDesktopModeManager not instantiated. Please check Configuration.semDesktopModeEnabled instead.
08-07 19:40:24.635  4055  4055 E SKBD    : XT9Engine ET9KDB_ProcessKeyBySymbol : 19
08-07 19:40:29.261 16455 16455 E Zygote  : isWhitelistProcess - Process is Whitelisted
08-07 19:40:29.266 16455 16455 W SELinux : SELinux selinux_android_compute_policy_index : Policy Index[2],  Con:u:r:zygote:s0 RAM:SEPF_SM-G935F_8.0.0_0011, [-1 -1 -1 -1 0 1]
08-07 19:40:29.309  3662  3679 E memtrack: Couldn't load memtrack module
08-07 19:40:29.309  3662  3679 W android.os.Debug: failed to get memory consumption info: -1
08-07 19:40:29.360  3662  3679 E memtrack: Couldn't load memtrack module
08-07 19:40:29.360  3662  3679 W android.os.Debug: failed to get memory consumption info: -1
08-07 19:40:29.397  3662  3679 E memtrack: Couldn't load memtrack module
08-07 19:40:29.397  3662  3679 W android.os.Debug: failed to get memory consumption info: -1
08-07 19:40:29.437  3662  3679 E memtrack: Couldn't load memtrack module
08-07 19:40:29.437  3662  3679 W android.os.Debug: failed to get memory consumption info: -1
08-07 19:40:29.583  3662  3679 E memtrack: Couldn't load memtrack module
08-07 19:40:29.584  3662  3679 W android.os.Debug: failed to get memory consumption info: -1
08-07 19:40:29.589  4055  4055 E SKBD    : ayn getInstance start
08-07 19:40:29.589  4055  4055 E SKBD    : ayn sendSIPInformation state: 6   isAbstractKeyboardView :  true
08-07 19:40:29.596  4055 16475 E SKBD    : ayn sending null keyboardInfo as SIP is closed
08-07 19:40:30.639  3662  4383 W MultiScreenManagerService: moveTaskBackToDisplayIfNeeded(): root activity or app is null, task=TaskRecord{95d7e88d0 #7 A=org.testmyinv.myinv U=0 StackId=1 sz=0}, rootActivity=null
08-07 19:40:30.692  5147  5147 W SearchServiceClient: Starting with NO_SESSION handoverId is deprecated. Just don't. You will break.
08-07 19:40:30.735  5147  5147 W SessionLifecycleManager: Handover failed. Creating new session controller.
08-07 19:40:30.743  4076  4076 W SemDesktopModeManager: Desktop Mode feature not available or SemDesktopModeManager not instantiated. Please check Configuration.semDesktopModeEnabled instead.
08-07 19:40:30.755  5147  5147 E PBSessionCacheImpl: sessionId[22638279056029062] not persisted.
08-07 19:40:30.762  4076  4076 W SemDesktopModeManager: Desktop Mode feature not available or SemDesktopModeManager not instantiated. Please check Configuration.semDesktopModeEnabled instead.
08-07 19:40:31.276  5017  5319 W OpenGLRenderer: Incorrectly called buildLayer on View: WorkspaceCellLayoutChildren, destroying layer...
08-07 19:40:31.276  5017  5319 W OpenGLRenderer: Incorrectly called buildLayer on View: WorkspaceCellLayoutChildren, destroying layer...
08-07 19:40:31.561  3662  3685 W zygote64: kill(15610, 9) failed: No such process
08-07 19:40:31.964  4076  4076 W SamsungAnalytics: [SamsungAnalytics] Attempt to invoke virtual method 'int com.samsung.context.sdk.samsunganalytics.a.b.a(java.util.Map)' on a null object reference
08-07 19:40:31.978  4076  4076 W SemDesktopModeManager: Desktop Mode feature not available or SemDesktopModeManager not instantiated. Please check Configuration.semDesktopModeEnabled instead.
08-07 19:40:32.031  4076  4076 W SemDesktopModeManager: Desktop Mode feature not available or SemDesktopModeManager not instantiated. Please check Configuration.semDesktopModeEnabled instead.
08-07 19:40:32.127  5147  5147 W SearchServiceCore: Abort, client detached.
08-07 19:40:32.600  4076  4076 W SamsungAnalytics: [SamsungAnalytics] Attempt to invoke virtual method 'int com.samsung.context.sdk.samsunganalytics.a.b.a(java.util.Map)' on a null object reference
08-07 19:40:32.870  3662  4383 W InputMethodManagerService: hideSoftInput : Ignoring, uid 10080: com.android.internal.view.IInputMethodClient$Stub$Proxy@6a6ff83
08-07 19:40:32.878  5147  5147 W SearchServiceClient: Starting with NO_SESSION handoverId is deprecated. Just don't. You will break.
08-07 19:40:32.879  5147  5147 W SessionLifecycleManager: Handover failed. Creating new session controller.
08-07 19:40:32.885  5147  5147 E PBSessionCacheImpl: sessionId[22638279056029062] not persisted.
08-07 19:40:33.447  5017  5319 W OpenGLRenderer: Incorrectly called buildLayer on View: WorkspaceCellLayoutChildren, destroying layer...
08-07 19:40:33.447  5017  5319 W OpenGLRenderer: Incorrectly called buildLayer on View: WorkspaceCellLayoutChildren, destroying layer...
08-07 19:40:34.129  5017  5017 W StaticLayout: maxLineHeight should not be -1.  maxLines:1 lineCount:1
08-07 19:40:34.135  5017  5017 W StaticLayout: maxLineHeight should not be -1.  maxLines:1 lineCount:1
08-07 19:40:34.213  5017  5017 W StaticLayout: maxLineHeight should not be -1.  maxLines:1 lineCount:1
08-07 19:40:34.231  5017  5017 W StaticLayout: maxLineHeight should not be -1.  maxLines:1 lineCount:1
08-07 19:40:34.395 15591 15634 W CrashLoopRemedyLog: unable to delete remedy log
08-07 19:40:34.755  5017  5017 E ProActivieLaunch: Sending Broadcast
08-07 19:40:34.788 16499 16499 E Zygote  : isWhitelistProcess - Process is Whitelisted
08-07 19:40:34.795 16499 16499 W SELinux : SELinux selinux_android_compute_policy_index : Policy Index[2],  Con:u:r:zygote:s0 RAM:SEPF_SM-G935F_8.0.0_0011, [-1 -1 -1 -1 0 1]
08-07 19:40:34.985 16499 16499 W DynamiteModule: Failed to load module via fast routecom.google.android.gms.dynamite.DynamiteModule$zza: V2 version check failed
08-07 19:40:35.081 16499 16499 W zygote64: Skipping duplicate class check due to unrecognized classloader
08-07 19:40:35.115 16499 16499 W DynamiteModule: Local module descriptor class for com.google.android.gms.crash not found.
08-07 19:40:35.120 16499 16499 W DynamiteModule: Failed to load module via fast routecom.google.android.gms.dynamite.DynamiteModule$zza: V2 version check failed
08-07 19:40:35.121 16499 16499 W DynamiteModule: Local module descriptor class for com.google.android.gms.crash not found.
08-07 19:40:35.156 16499 16499 W zygote64: Skipping duplicate class check due to unrecognized classloader
08-07 19:40:35.188 16499 16499 W zygote64: Skipping duplicate class check due to unrecognized classloader
08-07 19:40:35.235 16499 16499 W DynamiteModule: Local module descriptor class for com.google.android.gms.crash not found.
08-07 19:40:35.392 16499 16499 W GAv4    : String xml configuration name not recognized: ga_trackingId
08-07 19:40:35.398 16499 16499 W GAv4    : Bool xml configuration name not recognized: ga_autoActivityTracking
08-07 19:40:35.399 16499 16499 W GAv4    : Bool xml configuration name not recognized: ga_reportUncaughtExceptions
08-07 19:40:35.400 16499 16499 W GAv4    : Bool xml configuration name not recognized: ga_autoActivityTracking
08-07 19:40:35.401 16499 16499 W GAv4    : Bool xml configuration name not recognized: ga_reportUncaughtExceptions
08-07 19:40:35.403 16499 16499 W GAv4    : Bool xml configuration name not recognized: ga_anonymizeIp
08-07 19:40:35.417 16499 16525 W GAv4    : AnalyticsReceiver is not registered or is disabled. Register the receiver for reliable dispatching on non-Google Play devices. See http://goo.gl/8Rd3yj for instructions.
08-07 19:40:35.419 16499 16525 W GAv4    : CampaignTrackingReceiver is not registered, not exported or is disabled. Installation campaign tracking is not possible. See http://goo.gl/8Rd3yj for instructions.
08-07 19:40:35.423 16499 16525 W GAv4    : AnalyticsService not registered in the app manifest. Hits might not be delivered reliably. See http://goo.gl/8Rd3yj for instructions.
08-07 19:40:35.954  3662  3679 E memtrack: Couldn't load memtrack module
08-07 19:40:35.954  3662  3679 W android.os.Debug: failed to get memory consumption info: -1
08-07 19:40:40.197  4076  4076 E KeyguardFingerPrint: updateFingerprintListeningState#mFingerprintRunningState=0 shouldListenForFingerprint=false
08-07 19:40:40.298  3662  4044 W CAE     : unregisterCallback(ContextAwareService.java:217) - [unregi 01] Mutex is locked for AUTO_BRIGHTNESS
08-07 19:40:40.303  3199  3757 E Sensors : inject_scontext_data: New ssp_data_injection_fd(27)
08-07 19:40:40.323  3662  4044 W CAE     : unregisterCallback(ContextAwareService.java:252) - [unregi 02] Mutex is unlocked for AUTO_BRIGHTNESS
08-07 19:40:40.623 16543 16543 E Zygote  : isWhitelistProcess - Process is Whitelisted
08-07 19:40:40.628 16543 16543 W SELinux : SELinux selinux_android_compute_policy_index : Policy Index[2],  Con:u:r:zygote:s0 RAM:SEPF_SM-G935F_8.0.0_0011, [-1 -1 -1 -1 0 1]
08-07 19:40:40.744  3662  3679 E memtrack: Couldn't load memtrack module
08-07 19:40:40.744  3662  3679 W android.os.Debug: failed to get memory consumption info: -1
08-07 19:40:40.814  3662  3679 E memtrack: Couldn't load memtrack module
08-07 19:40:40.814  3662  3679 W android.os.Debug: failed to get memory consumption info: -1
08-07 19:40:40.821  3199  3757 E Sensors : inject_scontext_data: New ssp_data_injection_fd(27)
08-07 19:40:40.825  3324 16534 W DnsProxyListener: Error writing DNS result to client
08-07 19:40:40.832  3199  3757 E Sensors : inject_scontext_data: New ssp_data_injection_fd(27)
08-07 19:40:40.924  5147  5147 W SearchServiceCore: Abort, client detached.
08-07 19:40:41.081  3662  3679 E memtrack: Couldn't load memtrack module
08-07 19:40:41.081  3662  3679 W android.os.Debug: failed to get memory consumption info: -1
08-07 19:40:41.221  5017  5017 W IInputConnectionWrapper: getCursorCapsMode on inactive InputConnection
08-07 19:40:41.253  4076  4076 W SamsungAnalytics: [SamsungAnalytics] Attempt to invoke virtual method 'int com.samsung.context.sdk.samsunganalytics.a.b.a(java.util.Map)' on a null object reference
08-07 19:40:41.274  4076  4076 E KeyguardFingerPrint: updateFingerprintListeningState#mFingerprintRunningState=0 shouldListenForFingerprint=false
08-07 19:40:41.286  4076  4076 E KeyguardFingerPrint: updateFingerprintListeningState#mFingerprintRunningState=0 shouldListenForFingerprint=false
08-07 19:40:41.309  3662  3679 E memtrack: Couldn't load memtrack module
08-07 19:40:41.310  3662  3679 W android.os.Debug: failed to get memory consumption info: -1
08-07 19:40:41.360  4076  4076 W SemDesktopModeManager: Desktop Mode feature not available or SemDesktopModeManager not instantiated. Please check Configuration.semDesktopModeEnabled instead.
08-07 19:40:41.382  9227  9408 W bt_btm  : btm_ble_disable_resolving_list() rl_state = 0x1b, rl_mask = 0x2, to_resume = 1
08-07 19:40:41.390  4076  4076 E KeyguardFingerPrint: updateFingerprintListeningState#mFingerprintRunningState=0 shouldListenForFingerprint=false
08-07 19:40:41.430  9227  9306 E BtGatt.GattService: [GSIM LOG]: gsimLogHandler, msg: MESSAGE_SCAN_STOP, appName: android.uid.bcmgr, scannerId: 4, reportDelayMillis=0
08-07 19:40:41.442  3662  3774 E memtrack: Couldn't load memtrack module
08-07 19:40:41.442  3662  3774 W android.os.Debug: failed to get memory consumption info: -1
08-07 19:40:41.445 16585 16585 E Zygote  : isWhitelistProcess - Process is Whitelisted
08-07 19:40:41.448 16585 16585 W SELinux : SELinux selinux_android_compute_policy_index : Policy Index[2],  Con:u:r:zygote:s0 RAM:SEPF_SM-G935F_8.0.0_0011, [-1 -1 -1 -1 0 1]
08-07 19:40:41.459  9227  9306 E LeAppInfo: updateScanStopInfo(), There is NO scan process with :                                  android.uid.bcmgr|    Normal|    Custom|    Filter|      true|
08-07 19:40:41.547  9227  9306 E BtGatt.GattService: [GSIM LOG]: gsimLogHandler, msg: MESSAGE_SCAN_START, appName: android.uid.bcmgr, scannerId: 4, reportDelayMillis=0
08-07 19:40:41.617  9227  9296 E BtGatt.ScanManager: default value of curScanSetting 0 is choosen
