--------- beginning of main
08-07 19:38:23.160  3104  3104 E audit   : avc:  denied  { find } for interface=android.hardware.memtrack::IMemtrack pid=13935 scontext=u:r:untrusted_app:s0:c512,c768 tcontext=u:object_r:hal_memtrack_hwservice:s0 tclass=hwservice_manager
08-07 19:38:23.162  3104  3104 E audit   : avc:  denied  { find } for interface=android.hardware.memtrack::IMemtrack pid=13935 scontext=u:r:untrusted_app:s0:c512,c768 tcontext=u:object_r:hal_memtrack_hwservice:s0 tclass=hwservice_manager
08-07 19:38:23.168 13935 14095 E memtrack: Couldn't load memtrack module
08-07 19:38:23.168 13935 14095 W android.os.Debug: failed to get memory consumption info: -1
08-07 19:38:23.280  3662  4958 E memtrack: Couldn't load memtrack module
08-07 19:38:23.280  3662  4958 W android.os.Debug: failed to get memory consumption info: -1
08-07 19:38:23.503 14250 14250 W GAV2    : Thread[main,5,main]: Need to call initialize() and be in fallback mode to start dispatch.
08-07 19:38:23.582  4684  4684 E MTPPlaObsrvr: playlist path before updatePlaylistPath
08-07 19:38:23.585  4684  4684 E MTPPlaObsrvr: playlist is not renamed [exception case : m3u, pls]
08-07 19:38:23.653 14250 14250 E zygote64: The String#value field is not present on Android versions >= 6.0
08-07 19:38:23.779  3662  4958 E ActivityManager: getPackageFromAppProcesses, return null :12958
08-07 19:38:23.812  3662  6914 E ActivityManager: getPackageFromAppProcesses, return null :12958
08-07 19:38:23.875 13218 14301 E myFiles : [0036/InsertMtpFilesThread] InsertMtpFilesThread run Paths.length :1
08-07 19:38:23.919 13218 14232 E myFiles : [0037/InternalFileObserver] OnEvent :  32768 is ignored ()
08-07 19:38:24.028  4684  4684 E MTPPlaObsrvr: playlist path before updatePlaylistPath
08-07 19:38:24.029  4684  4684 E MTPPlaObsrvr: playlist is not renamed [exception case : m3u, pls]
08-07 19:38:24.033 13218 13218 W StaticLayout: maxLineHeight should not be -1.  maxLines:1 lineCount:1
08-07 19:38:24.035 13218 13218 W StaticLayout: maxLineHeight should not be -1.  maxLines:1 lineCount:1
08-07 19:38:24.081 13218 13218 E myFiles : [0048/RefreshTask         ] reload finish
08-07 19:38:24.137  3662  4208 E ActivityManager: getPackageFromAppProcesses, return null :12654
08-07 19:38:24.210  3662  6914 E ActivityManager: getPackageFromAppProcesses, return null :13421
08-07 19:38:24.224  3662  6914 E ActivityManager: getPackageFromAppProcesses, return null :13421
08-07 19:38:24.232 14123 14123 E Controller: [#CMH#] FINISHED  EVENT_MEDIA_SCAN_FINISHED
08-07 19:38:24.264  5147  5147 W SearchServiceCore: Abort, client detached.
08-07 19:38:24.318 14313 14313 E Zygote  : isWhitelistProcess - Process is Whitelisted
08-07 19:38:24.326 14313 14313 W SELinux : SELinux selinux_android_compute_policy_index : Policy Index[2],  Con:u:r:zygote:s0 RAM:SEPF_SM-G935F_8.0.0_0011, [-1 -1 -1 -1 0 1]
08-07 19:38:24.569  5147  5147 W SearchServiceCore: Abort, client detached.
08-07 19:38:24.576 14313 14313 W YT      : Last known version:13.29.53
08-07 19:38:24.657 14313 14336 W YouTube : Fetching the Gservices key 'failsafe_clear_cache_release_13_02' before the end of the bulk initialization
08-07 19:38:24.672 14313 14340 E zygote64: The String#value field is not present on Android versions >= 6.0
08-07 19:38:24.797 14313 14337 W YouTube : Fetching the Gservices key 'disable_binder_callback_flush' before the end of the bulk initialization
08-07 19:38:24.838 14123 14123 E Controller: [#CMH#] FINISHED  EVENT_MEDIA_SCAN_FINISHED
08-07 19:38:24.847  3662  6914 E ActivityManager: getPackageFromAppProcesses, return null :13398
08-07 19:38:24.953 14313 14345 W YouTube : Fetching the Gservices key 'disable_native_cronet' before the end of the bulk initialization
08-07 19:38:24.976  4774  4774 W ChimeraUtils: Non Chimera context
08-07 19:38:24.976  4774  4774 W ChimeraUtils: Non Chimera context
08-07 19:38:25.121 14313 14380 E YouTube : Failed delayed event dispatch, no dispatchers.
08-07 19:38:25.143 14313 14339 W zygote64: Skipping duplicate class check due to unrecognized classloader
08-07 19:38:25.197  4684  4684 E MTPPlaObsrvr: playlist path before updatePlaylistPath
08-07 19:38:25.199  4684  4684 E MTPPlaObsrvr: playlist is not renamed [exception case : m3u, pls]
08-07 19:38:25.528 10065 14300 W MediaScanner: Error opening directory '7klwibgf7CC(/6,F++75budiwrd_kfcnif7', skipping: Permission denied.
08-07 19:38:25.730 14313 14339 W zygote64: Skipping duplicate class check due to unrecognized classloader
08-07 19:38:26.188  4684  4684 E MTPPlaObsrvr: playlist path before updatePlaylistPath
08-07 19:38:26.191  4684  4684 E MTPPlaObsrvr: playlist is not renamed [exception case : m3u, pls]
08-07 19:38:26.386 14313 14313 W YT.MDX.abab: CastAppId for type 0 not found. Defaulting to mainCastAppId.
08-07 19:38:26.608 14313 14313 W YT.MDX.abab: CastAppId for type 0 not found. Defaulting to mainCastAppId.
08-07 19:38:26.818  3662  3679 E memtrack: Couldn't load memtrack module
08-07 19:38:26.818  3662  3679 W android.os.Debug: failed to get memory consumption info: -1
08-07 19:38:26.819 14123 14123 E Controller: [#CMH#] FINISHED  EVENT_MEDIA_SCAN_FINISHED
08-07 19:38:26.823  4684  4684 E MTPJNIInterface: In MTPJNIINterface onReceive:android.intent.action.MEDIA_SCANNER_FINISHED
08-07 19:38:27.105 14452 14452 E Zygote  : isWhitelistProcess - Process is Whitelisted
08-07 19:38:27.109 14452 14452 W SELinux : SELinux selinux_android_compute_policy_index : Policy Index[2],  Con:u:r:zygote:s0 RAM:SEPF_SM-G935F_8.0.0_0011, [-1 -1 -1 -1 0 1]
08-07 19:38:27.223  4684  4684 E MTPPlaObsrvr: playlist path before updatePlaylistPath
08-07 19:38:27.225  4684  4684 E MTPPlaObsrvr: playlist is not renamed [exception case : m3u, pls]
08-07 19:38:27.287 14452 14452 W linker  : "/data/app/com.google.android.gms-nyMoQjAaohi5NlRNZN0G4Q==/base.apk!/lib/arm64-v8a/libconscrypt_gmscore_jni.so" unused DT entry: type 0xf arg 0x8a
08-07 19:38:27.384 14452 14452 E zygote64: The String#value field is not present on Android versions >= 6.0
08-07 19:38:27.393 14452 14452 W Primes  : Primes not initialized, returning default (no-op) Primes instance which will ignore all calls. Please call Primes.initialize(...) before using any Primes API.
08-07 19:38:27.470  3104  3104 W /system/bin/hwservicemanager: getTransportFromManifest: Cannot find entry android.hardware.drm@1.0::IDrmFactory in either framework or device manifest, using default transport.
08-07 19:38:27.476  3104  3104 W /system/bin/hwservicemanager: getTransportFromManifest: Cannot find entry android.hardware.drm@1.0::IDrmFactory in either framework or device manifest, using default transport.
08-07 19:38:27.512  3195  8134 E wv_dash : No saved usage table. Creating new table.
08-07 19:38:27.548 14452 14466 W zygote64: Skipping duplicate class check due to unrecognized classloader
08-07 19:38:27.967  3318  3367 E DrmHal  : not docomo model
08-07 19:38:27.979  3104  3104 W /system/bin/hwservicemanager: getTransportFromManifest: Cannot find entry android.hardware.drm@1.0::IDrmFactory in either framework or device manifest, using default transport.
08-07 19:38:27.981  3104  3104 W /system/bin/hwservicemanager: getTransportFromManifest: Cannot find entry android.hardware.drm@1.0::IDrmFactory in either framework or device manifest, using default transport.
08-07 19:38:27.993  3195  8134 E wv_dash : No saved usage table. Creating new table.
08-07 19:38:28.384  3318  3367 E DrmHal  : not docomo model
08-07 19:38:28.465  5378  7853 W Conscrypt: Could not set socket write timeout: java.lang.reflect.InvocationTargetException
08-07 19:38:28.466  5378  7853 W Conscrypt: 	at java.lang.reflect.Method.invoke(Native Method)
08-07 19:38:28.466  5378  7853 W Conscrypt: 	at com.google.android.gms.org.conscrypt.Platform.setSocketWriteTimeout(:com.google.android.gms@12874025@12.8.74 (040408-204998136):13)
08-07 19:38:28.466  5378  7853 W Conscrypt: Caused by: android.system.ErrnoException: setsockopt failed: EBADF (Bad file descriptor)
08-07 19:38:28.466  5378  7853 W Conscrypt: 	at libcore.io.Linux.setsockoptTimeval(Native Method)
08-07 19:38:28.466  5378  7853 W Conscrypt: 	at libcore.io.ForwardingOs.setsockoptTimeval(ForwardingOs.java:173)
08-07 19:38:28.544  5378  7853 W Conscrypt: Could not set socket write timeout: java.lang.reflect.InvocationTargetException
08-07 19:38:28.545  5378  7853 W Conscrypt: 	at java.lang.reflect.Method.invoke(Native Method)
08-07 19:38:28.545  5378  7853 W Conscrypt: 	at com.google.android.gms.org.conscrypt.Platform.setSocketWriteTimeout(:com.google.android.gms@12874025@12.8.74 (040408-204998136):13)
08-07 19:38:28.545  5378  7853 W Conscrypt: Caused by: android.system.ErrnoException: setsockopt failed: EBADF (Bad file descriptor)
08-07 19:38:28.545  5378  7853 W Conscrypt: 	at libcore.io.Linux.setsockoptTimeval(Native Method)
08-07 19:38:28.545  5378  7853 W Conscrypt: 	at libcore.io.ForwardingOs.setsockoptTimeval(ForwardingOs.java:173)
08-07 19:38:29.973 13218 13218 W StaticLayout: maxLineHeight should not be -1.  maxLines:1 lineCount:1
08-07 19:38:29.974 13218 13218 W StaticLayout: maxLineHeight should not be -1.  maxLines:1 lineCount:1
08-07 19:38:31.065 14063 14103 E Finsky  : [227] com.google.android.finsky.aq.c.a(25): Unable to build selector: /storage/emulated/0/Download/marketenvs.csv (No such file or directory)
08-07 19:38:31.096  3662  3679 E memtrack: Couldn't load memtrack module
08-07 19:38:31.096  3662  3679 W android.os.Debug: failed to get memory consumption info: -1
08-07 19:38:31.153 14063 14167 E zygote  : The String#value field is not present on Android versions >= 6.0
08-07 19:38:31.410  4774 13725 W WearableService: onGetService: Wear is not available on this device.
08-07 19:38:31.417 14063 14063 E Finsky  : [2] com.google.android.finsky.wear.ad.a(3): onConnectionFailed: ConnectionResult{statusCode=API_UNAVAILABLE, resolution=null, message=null}
08-07 19:38:31.418 14063 14063 W Finsky  : [2] com.google.android.finsky.wear.dx.run(8): Dropping command=send_installed_apps due to Gms not connected
08-07 19:38:32.007 13218 14232 E myFiles : [0056/InternalFileObserver] OnEvent :  32768 is ignored ()
08-07 19:38:32.118 13218 13218 W StaticLayout: maxLineHeight should not be -1.  maxLines:1 lineCount:1
08-07 19:38:32.118 13218 13218 W StaticLayout: maxLineHeight should not be -1.  maxLines:1 lineCount:1
08-07 19:38:32.119 13218 13218 W StaticLayout: maxLineHeight should not be -1.  maxLines:1 lineCount:1
08-07 19:38:32.119 13218 13218 W StaticLayout: maxLineHeight should not be -1.  maxLines:1 lineCount:1
08-07 19:38:32.168 13218 13218 E myFiles : [0067/RefreshTask         ] reload finish
08-07 19:38:35.476  4684  4684 W MTPRx   : notification from stack 10
08-07 19:38:35.479  4684  4684 W MTPRx   : Inside Syncronising10
08-07 19:38:35.529  4684  4684 W MTPRx   : notification from stack 3
08-07 19:38:35.530  4684  4684 W MTPRx   : notification from stack 10
08-07 19:38:35.530  4684  4684 W MTPRx   : notification from stack 3
08-07 19:38:35.530  4684  4684 W MTPRx   : notification from stack 10
08-07 19:38:35.531  4684  4684 W MTPRx   : notification from stack 3
08-07 19:38:35.532  4684  4684 W MTPRx   : notification from stack 10
08-07 19:38:35.533  4684  4684 W MTPRx   : notification from stack 3
08-07 19:38:35.533  4684  4684 W MTPRx   : notification from stack 10
08-07 19:38:35.534  4684  4684 W MTPRx   : notification from stack 3
08-07 19:38:35.537  4684  4684 W MTPRx   : notification from stack 10
08-07 19:38:35.538  4684  4684 W MTPRx   : notification from stack 3
08-07 19:38:35.538  4684  4684 W MTPRx   : notification from stack 10
08-07 19:38:35.538  4684  4684 W MTPRx   : notification from stack 3
08-07 19:38:37.131  3662  3679 E memtrack: Couldn't load memtrack module
08-07 19:38:37.131  3662  3679 W android.os.Debug: failed to get memory consumption info: -1
08-07 19:38:37.155 14544 14544 E Zygote  : isWhitelistProcess - Process is Whitelisted
08-07 19:38:37.158 14544 14544 W SELinux : SELinux selinux_android_compute_policy_index : Policy Index[2],  Con:u:r:zygote:s0 RAM:SEPF_SM-G935F_8.0.0_0011, [-1 -1 -1 -1 0 1]
08-07 19:38:37.187  3662  3679 E memtrack: Couldn't load memtrack module
08-07 19:38:37.187  3662  3679 W android.os.Debug: failed to get memory consumption info: -1
08-07 19:38:37.221  3662  3679 E memtrack: Couldn't load memtrack module
08-07 19:38:37.221  3662  3679 W android.os.Debug: failed to get memory consumption info: -1
08-07 19:38:37.223 14563 14563 E Zygote  : isWhitelistProcess - Process is Whitelisted
08-07 19:38:37.226 14563 14563 W SELinux : SELinux selinux_android_compute_policy_index : Policy Index[2],  Con:u:r:zygote:s0 RAM:SEPF_SM-G935F_8.0.0_0011, [-1 -1 -1 -1 0 1]
08-07 19:38:37.250 14576 14576 E Zygote  : isWhitelistProcess - Process is Whitelisted
08-07 19:38:37.253 14576 14576 W SELinux : SELinux selinux_android_compute_policy_index : Policy Index[2],  Con:u:r:zygote:s0 RAM:SEPF_SM-G935F_8.0.0_0011, [-1 -1 -1 -1 0 1]
08-07 19:38:37.277  3662  3679 E memtrack: Couldn't load memtrack module
08-07 19:38:37.277  3662  3679 W android.os.Debug: failed to get memory consumption info: -1
08-07 19:38:37.307 10065 10113 E DatabaseUtils: Writing exception to parcel
08-07 19:38:37.307 10065 10113 E DatabaseUtils: java.lang.SecurityException: Permission Denial: reading com.android.providers.media.MediaProvider uri content://media/external/fs_id from pid=14563, uid=10207 requires android.permission.READ_EXTERNAL_STORAGE, or grantUriPermission()
08-07 19:38:37.307 10065 10113 E DatabaseUtils: 	at android.content.ContentProvider.enforceReadPermissionInner(ContentProvider.java:639)
08-07 19:38:37.307 10065 10113 E DatabaseUtils: 	at android.content.ContentProvider$Transport.enforceReadPermission(ContentProvider.java:505)
08-07 19:38:37.307 10065 10113 E DatabaseUtils: 	at android.content.ContentProvider$Transport.query(ContentProvider.java:217)
08-07 19:38:37.307 10065 10113 E DatabaseUtils: 	at android.content.ContentProviderNative.onTransact(ContentProviderNative.java:102)
08-07 19:38:37.307 10065 10113 E DatabaseUtils: 	at android.os.Binder.execTransact(Binder.java:682)
08-07 19:38:37.335 14563 14563 E zygote64: The String#value field is not present on Android versions >= 6.0
08-07 19:38:37.342 14544 14544 W Firestore: (0.6.6-dev) [Firestore]: The behavior for java.util.Date objects stored in Firestore is going to change AND YOUR APP MAY BREAK.
08-07 19:38:37.342 14544 14544 W Firestore: To hide this warning and ensure your app does not break, you need to add the following code to your app before calling any other Cloud Firestore methods:
08-07 19:38:37.342 14544 14544 W Firestore: 
08-07 19:38:37.342 14544 14544 W Firestore: FirebaseFirestore firestore = FirebaseFirestore.getInstance();
08-07 19:38:37.342 14544 14544 W Firestore: FirebaseFirestoreSettings settings = new FirebaseFirestoreSettings.Builder()
08-07 19:38:37.342 14544 14544 W Firestore:     .setTimestampsInSnapshotsEnabled(true)
08-07 19:38:37.342 14544 14544 W Firestore:     .build();
08-07 19:38:37.342 14544 14544 W Firestore: firestore.setFirestoreSettings(settings);
08-07 19:38:37.342 14544 14544 W Firestore: 
08-07 19:38:37.342 14544 14544 W Firestore: With this change, timestamps stored in Cloud Firestore will be read back as com.google.firebase.Timestamp objects instead of as system java.util.Date objects. So you will also need to update code expecting a java.util.Date to instead expect a Timestamp. For example:
08-07 19:38:37.342 14544 14544 W Firestore: 
08-07 19:38:37.342 14544 14544 W Firestore: // Old:
08-07 19:38:37.342 14544 14544 W Firestore: java.util.Date date = snapshot.getDate("created_at");
08-07 19:38:37.342 14544 14544 W Firestore: // New:
08-07 19:38:37.342 14544 14544 W Firestore: Timestamp timestamp = snapshot.getTimestamp("created_at");
08-07 19:38:37.342 14544 14544 W Firestore: java.util.Date date = timestamp.toDate();
08-07 19:38:37.342 14544 14544 W Firestore: 
08-07 19:38:37.342 14544 14544 W Firestore: Please audit all existing usages of java.util.Date when you enable the new behavior. In a future release, the behavior will be changed to the new behavior, so if you do not follow these steps, YOUR APP MAY BREAK.
08-07 19:38:37.375 13935 14109 E memtrack: Couldn't load memtrack module
08-07 19:38:37.375 13935 14109 W android.os.Debug: failed to get memory consumption info: -1
08-07 19:38:37.441  3662  4369 E memtrack: Couldn't load memtrack module
08-07 19:38:37.441  3662  4369 W android.os.Debug: failed to get memory consumption info: -1
08-07 19:38:37.451 14544 14607 W linker  : "/data/app/com.google.android.gms-nyMoQjAaohi5NlRNZN0G4Q==/base.apk!/lib/arm64-v8a/libconscrypt_gmscore_jni.so" unused DT entry: type 0xf arg 0x8a
08-07 19:38:37.541  3662  3679 E memtrack: Couldn't load memtrack module
08-07 19:38:37.541  3662  3679 W android.os.Debug: failed to get memory consumption info: -1
08-07 19:38:37.542 14544 14650 W zygote64: Skipping duplicate class check due to unrecognized classloader
08-07 19:38:37.574 14544 14650 W zygote64: Skipping duplicate class check due to unrecognized classloader
08-07 19:38:37.617 14544 14657 W DynamiteModule: Local module descriptor class for com.google.firebase.auth not found.
08-07 19:38:37.618 14544 14657 W BiChannelGoogleApi: [FirebaseAuth: ] getGoogleApiForMethod() returned Gms: com.google.firebase.auth.api.internal.zzal@ffd06ad
08-07 19:38:37.720 14544 14605 W DynamiteModule: Local module descriptor class for com.google.firebase.auth not found.
08-07 19:38:37.758  4684  4684 W MTPRx   : notification from stack 10
08-07 19:38:37.888  4684  4684 W MTPRx   : notification from stack 3
08-07 19:38:37.889  4684  4684 W MTPRx   : notification from stack 10
08-07 19:38:37.889  4684  4684 W MTPRx   : notification from stack 3
08-07 19:38:38.013 14544 14665 W Settings: Setting install_non_market_apps has moved from android.provider.Settings.Global to android.provider.Settings.Secure, returning read-only value.
08-07 19:38:38.162 14682 14682 E Zygote  : isWhitelistProcess - Process is Whitelisted
08-07 19:38:38.165 14682 14682 W SELinux : SELinux selinux_android_compute_policy_index : Policy Index[2],  Con:u:r:zygote:s0 RAM:SEPF_SM-G935F_8.0.0_0011, [-1 -1 -1 -1 0 1]
08-07 19:38:38.180 14544 14680 W Settings: Setting install_non_market_apps has moved from android.provider.Settings.Global to android.provider.Settings.Secure, returning read-only value.
08-07 19:38:38.793 14682 14682 W ResourceType: No package identifier when getting value for resource number 0x00000000
08-07 19:38:38.797 14682 14682 W ResourceType: No package identifier when getting value for resource number 0x00000000
08-07 19:38:38.798 14682 14682 W ResourceType: No package identifier when getting value for resource number 0x00000000
08-07 19:38:38.821 14682 14682 W ResourceType: No package identifier when getting value for resource number 0x00000000
08-07 19:38:38.857  5378 11240 W Conscrypt: Could not set socket write timeout: java.lang.reflect.InvocationTargetException
08-07 19:38:38.857  5378 11240 W Conscrypt: 	at java.lang.reflect.Method.invoke(Native Method)
08-07 19:38:38.857  5378 11240 W Conscrypt: 	at com.google.android.gms.org.conscrypt.Platform.setSocketWriteTimeout(:com.google.android.gms@12874025@12.8.74 (040408-204998136):13)
08-07 19:38:38.858  5378 11240 W Conscrypt: Caused by: android.system.ErrnoException: setsockopt failed: EBADF (Bad file descriptor)
08-07 19:38:38.858  5378 11240 W Conscrypt: 	at libcore.io.Linux.setsockoptTimeval(Native Method)
08-07 19:38:38.858  5378 11240 W Conscrypt: 	at libcore.io.ForwardingOs.setsockoptTimeval(ForwardingOs.java:173)
08-07 19:38:38.869  5378 11240 W Conscrypt: Could not set socket write timeout: java.lang.reflect.InvocationTargetException
08-07 19:38:38.869  5378 11240 W Conscrypt: 	at java.lang.reflect.Method.invoke(Native Method)
08-07 19:38:38.869  5378 11240 W Conscrypt: 	at com.google.android.gms.org.conscrypt.Platform.setSocketWriteTimeout(:com.google.android.gms@12874025@12.8.74 (040408-204998136):13)
08-07 19:38:38.869  5378 11240 W Conscrypt: Caused by: android.system.ErrnoException: setsockopt failed: EBADF (Bad file descriptor)
08-07 19:38:38.869  5378 11240 W Conscrypt: 	at libcore.io.Linux.setsockoptTimeval(Native Method)
08-07 19:38:38.869  5378 11240 W Conscrypt: 	at libcore.io.ForwardingOs.setsockoptTimeval(ForwardingOs.java:173)
08-07 19:38:39.110  4774  4774 W ChimeraUtils: Non Chimera context
08-07 19:38:39.110  4774  4774 W ChimeraUtils: Non Chimera context
08-07 19:38:39.141  5378  6435 W FirebaseAuth: [PhoneNumberAuthPostProcessor] postProcess starts
08-07 19:38:39.141  5378  6435 W FirebaseAuth: [PhoneNumberAuthPostProcessor] postProcess ends
08-07 19:38:40.246  5378  6435 W Icing   : generic::invalid_argument: Empty URI
08-07 19:38:40.246  5378  6435 W Icing   : WordsMap was not properly initialized
08-07 19:38:41.215  4774  7502 W Conscrypt: Could not set socket write timeout: java.lang.reflect.InvocationTargetException
08-07 19:38:41.215  4774  7502 W Conscrypt: 	at java.lang.reflect.Method.invoke(Native Method)
08-07 19:38:41.215  4774  7502 W Conscrypt: 	at com.google.android.gms.org.conscrypt.Platform.setSocketWriteTimeout(:com.google.android.gms@12874025@12.8.74 (040408-204998136):13)
08-07 19:38:41.215  4774  7502 W Conscrypt: Caused by: android.system.ErrnoException: setsockopt failed: EBADF (Bad file descriptor)
08-07 19:38:41.215  4774  7502 W Conscrypt: 	at libcore.io.Linux.setsockoptTimeval(Native Method)
08-07 19:38:41.215  4774  7502 W Conscrypt: 	at libcore.io.ForwardingOs.setsockoptTimeval(ForwardingOs.java:173)
08-07 19:38:41.222  4774  7502 W Conscrypt: Could not set socket write timeout: java.lang.reflect.InvocationTargetException
08-07 19:38:41.222  4774  7502 W Conscrypt: 	at java.lang.reflect.Method.invoke(Native Method)
08-07 19:38:41.222  4774  7502 W Conscrypt: 	at com.google.android.gms.org.conscrypt.Platform.setSocketWriteTimeout(:com.google.android.gms@12874025@12.8.74 (040408-204998136):13)
08-07 19:38:41.222  4774  7502 W Conscrypt: Caused by: android.system.ErrnoException: setsockopt failed: EBADF (Bad file descriptor)
08-07 19:38:41.222  4774  7502 W Conscrypt: 	at libcore.io.Linux.setsockoptTimeval(Native Method)
08-07 19:38:41.222  4774  7502 W Conscrypt: 	at libcore.io.ForwardingOs.setsockoptTimeval(ForwardingOs.java:173)
08-07 19:38:41.684 13218 13218 W StaticLayout: maxLineHeight should not be -1.  maxLines:1 lineCount:1
08-07 19:38:41.685 13218 13218 W StaticLayout: maxLineHeight should not be -1.  maxLines:1 lineCount:1
08-07 19:38:41.890  4684  4684 W MTPRx   : notification from stack 204
08-07 19:38:41.896  4684  4684 E MtpMediaDBManager: updateMyfilesDB Count :0
08-07 19:38:41.954 13218 14747 E myFiles : [0075/InsertMtpFilesThread] InsertMtpFilesThread run Paths.length :0
08-07 19:38:42.084 10065 14006 E DatabaseUtils: Writing exception to parcel
08-07 19:38:42.084 10065 14006 E DatabaseUtils: java.lang.SecurityException: Permission Denial: reading com.android.providers.media.MediaProvider uri content://media/external/fs_id from pid=14563, uid=10207 requires android.permission.READ_EXTERNAL_STORAGE, or grantUriPermission()
08-07 19:38:42.084 10065 14006 E DatabaseUtils: 	at android.content.ContentProvider.enforceReadPermissionInner(ContentProvider.java:639)
08-07 19:38:42.084 10065 14006 E DatabaseUtils: 	at android.content.ContentProvider$Transport.enforceReadPermission(ContentProvider.java:505)
08-07 19:38:42.084 10065 14006 E DatabaseUtils: 	at android.content.ContentProvider$Transport.query(ContentProvider.java:217)
08-07 19:38:42.084 10065 14006 E DatabaseUtils: 	at android.content.ContentProviderNative.onTransact(ContentProviderNative.java:102)
08-07 19:38:42.084 10065 14006 E DatabaseUtils: 	at android.os.Binder.execTransact(Binder.java:682)
08-07 19:38:42.097  4684  4684 E MTPPlaObsrvr: playlist path before updatePlaylistPath
08-07 19:38:42.100  4684  4684 E MTPPlaObsrvr: playlist is not renamed [exception case : m3u, pls]
08-07 19:38:42.102 10065 14305 E DatabaseUtils: Writing exception to parcel
08-07 19:38:42.102 10065 14305 E DatabaseUtils: java.lang.SecurityException: Permission Denial: reading com.android.providers.media.MediaProvider uri content://media/external/fs_id from pid=14563, uid=10207 requires android.permission.READ_EXTERNAL_STORAGE, or grantUriPermission()
08-07 19:38:42.102 10065 14305 E DatabaseUtils: 	at android.content.ContentProvider.enforceReadPermissionInner(ContentProvider.java:639)
08-07 19:38:42.102 10065 14305 E DatabaseUtils: 	at android.content.ContentProvider$Transport.enforceReadPermission(ContentProvider.java:505)
08-07 19:38:42.102 10065 14305 E DatabaseUtils: 	at android.content.ContentProvider$Transport.query(ContentProvider.java:217)
08-07 19:38:42.102 10065 14305 E DatabaseUtils: 	at android.content.ContentProviderNative.onTransact(ContentProviderNative.java:102)
08-07 19:38:42.102 10065 14305 E DatabaseUtils: 	at android.os.Binder.execTransact(Binder.java:682)
08-07 19:38:42.698 10065 14746 W MediaScanner: Error opening directory '7klwibgf7CC(/6,F++75budiwrd_kfcnif7', skipping: Permission denied.
08-07 19:38:43.111  4684  4684 E MTPJNIInterface: In MTPJNIINterface onReceive:com.android.MTP.OBJECT_ADDED
08-07 19:38:43.111  4684  4684 E MTPJNIInterface: ***** file path of  sendObjectAdded 
08-07 19:38:43.137  4684  4684 E MTPJNIInterface: In MTPJNIINterface onReceive:android.intent.action.MEDIA_SCANNER_FINISHED
08-07 19:38:43.138  4684  4684 E MTPJNIInterface: noti = 26
08-07 19:38:43.138  4684  4684 E MTPJNIInterface: storageinfo changed event sent to stack
08-07 19:38:43.150 14123 14123 E Controller: [#CMH#] FINISHED  EVENT_MEDIA_SCAN_FINISHED
08-07 19:38:43.308 13218 13218 W StaticLayout: maxLineHeight should not be -1.  maxLines:1 lineCount:1
08-07 19:38:43.309 13218 13218 W StaticLayout: maxLineHeight should not be -1.  maxLines:1 lineCount:1
08-07 19:38:43.351 13218 13218 W StaticLayout: maxLineHeight should not be -1.  maxLines:1 lineCount:1
08-07 19:38:43.352 13218 13218 W StaticLayout: maxLineHeight should not be -1.  maxLines:1 lineCount:1
08-07 19:38:43.423 10065 14006 E DatabaseUtils: Writing exception to parcel
08-07 19:38:43.423 10065 14006 E DatabaseUtils: java.lang.SecurityException: Permission Denial: reading com.android.providers.media.MediaProvider uri content://media/external/fs_id from pid=14563, uid=10207 requires android.permission.READ_EXTERNAL_STORAGE, or grantUriPermission()
08-07 19:38:43.423 10065 14006 E DatabaseUtils: 	at android.content.ContentProvider.enforceReadPermissionInner(ContentProvider.java:639)
08-07 19:38:43.423 10065 14006 E DatabaseUtils: 	at android.content.ContentProvider$Transport.enforceReadPermission(ContentProvider.java:505)
08-07 19:38:43.423 10065 14006 E DatabaseUtils: 	at android.content.ContentProvider$Transport.query(ContentProvider.java:217)
08-07 19:38:43.423 10065 14006 E DatabaseUtils: 	at android.content.ContentProviderNative.onTransact(ContentProviderNative.java:102)
08-07 19:38:43.423 10065 14006 E DatabaseUtils: 	at android.os.Binder.execTransact(Binder.java:682)
08-07 19:38:43.426  4684  4684 E MTPPlaObsrvr: playlist path before updatePlaylistPath
08-07 19:38:43.428  4684  4684 E MTPPlaObsrvr: playlist is not renamed [exception case : m3u, pls]
08-07 19:38:44.126  3662  3679 E memtrack: Couldn't load memtrack module
08-07 19:38:44.126  3662  3679 W android.os.Debug: failed to get memory consumption info: -1
08-07 19:38:45.367  3662  3679 E memtrack: Couldn't load memtrack module
08-07 19:38:45.367  3662  3679 W android.os.Debug: failed to get memory consumption info: -1
08-07 19:38:45.435  3662  3679 E memtrack: Couldn't load memtrack module
08-07 19:38:45.435  3662  3679 W android.os.Debug: failed to get memory consumption info: -1
08-07 19:38:45.436  3662  3679 E memtrack: Couldn't load memtrack module
08-07 19:38:45.436  3662  3679 W android.os.Debug: failed to get memory consumption info: -1
08-07 19:38:47.644  3662  3679 E memtrack: Couldn't load memtrack module
08-07 19:38:47.644  3662  3679 W android.os.Debug: failed to get memory consumption info: -1
08-07 19:38:47.719  3662  3679 E memtrack: Couldn't load memtrack module
08-07 19:38:47.719  3662  3679 W android.os.Debug: failed to get memory consumption info: -1
08-07 19:38:47.783  3662  3679 E memtrack: Couldn't load memtrack module
08-07 19:38:47.783  3662  3679 W android.os.Debug: failed to get memory consumption info: -1
08-07 19:38:47.833  3662  3679 E memtrack: Couldn't load memtrack module
08-07 19:38:47.833  3662  3679 W android.os.Debug: failed to get memory consumption info: -1
08-07 19:38:50.933 13218 14232 E myFiles : [0079/InternalFileObserver] OnEvent :  32768 is ignored ()
08-07 19:38:51.029 13218 13218 W StaticLayout: maxLineHeight should not be -1.  maxLines:1 lineCount:1
08-07 19:38:51.032 13218 13218 W StaticLayout: maxLineHeight should not be -1.  maxLines:1 lineCount:1
08-07 19:38:51.062  3662  3679 E memtrack: Couldn't load memtrack module
08-07 19:38:51.062  3662  3679 W android.os.Debug: failed to get memory consumption info: -1
08-07 19:38:51.076 13218 13218 E myFiles : [0090/RefreshTask         ] reload finish
08-07 19:38:51.107  3662  3679 E memtrack: Couldn't load memtrack module
08-07 19:38:51.107  3662  3679 W android.os.Debug: failed to get memory consumption info: -1
08-07 19:38:51.147  3662  3679 E memtrack: Couldn't load memtrack module
08-07 19:38:51.147  3662  3679 W android.os.Debug: failed to get memory consumption info: -1
08-07 19:38:52.405  3662  3679 E memtrack: Couldn't load memtrack module
08-07 19:38:52.405  3662  3679 W android.os.Debug: failed to get memory consumption info: -1
08-07 19:38:55.776  3662  3679 E memtrack: Couldn't load memtrack module
08-07 19:38:55.778  3662  3679 W android.os.Debug: failed to get memory consumption info: -1
08-07 19:38:55.789 13218 14232 E myFiles : [0098/InternalFileObserver] OnEvent :  32768 is ignored ()
08-07 19:38:55.833  3662  3679 E memtrack: Couldn't load memtrack module
08-07 19:38:55.833  3662  3679 W android.os.Debug: failed to get memory consumption info: -1
08-07 19:38:55.879  3662  3679 E memtrack: Couldn't load memtrack module
08-07 19:38:55.879  3662  3679 W android.os.Debug: failed to get memory consumption info: -1
08-07 19:38:55.923  3662  3679 E memtrack: Couldn't load memtrack module
08-07 19:38:55.923  3662  3679 W android.os.Debug: failed to get memory consumption info: -1
08-07 19:38:55.964  3662  3679 E memtrack: Couldn't load memtrack module
08-07 19:38:55.964  3662  3679 W android.os.Debug: failed to get memory consumption info: -1
08-07 19:38:57.042  3662  3679 E memtrack: Couldn't load memtrack module
08-07 19:38:57.042  3662  3679 W android.os.Debug: failed to get memory consumption info: -1
08-07 19:39:02.952  3662  3679 E memtrack: Couldn't load memtrack module
08-07 19:39:02.952  3662  3679 W android.os.Debug: failed to get memory consumption info: -1
08-07 19:39:08.314  3662  3679 E memtrack: Couldn't load memtrack module
08-07 19:39:08.314  3662  3679 W android.os.Debug: failed to get memory consumption info: -1
08-07 19:39:08.404  3662  3679 E memtrack: Couldn't load memtrack module
08-07 19:39:08.404  3662  3679 W android.os.Debug: failed to get memory consumption info: -1
08-07 19:39:10.438 14792 14792 E Zygote  : isWhitelistProcess - Process is Whitelisted
08-07 19:39:10.445 14792 14792 W SELinux : SELinux selinux_android_compute_policy_index : Policy Index[2],  Con:u:r:zygote:s0 RAM:SEPF_SM-G935F_8.0.0_0011, [-1 -1 -1 -1 0 1]
08-07 19:39:10.501  3662  3679 E memtrack: Couldn't load memtrack module
08-07 19:39:10.501  3662  3679 W android.os.Debug: failed to get memory consumption info: -1
08-07 19:39:10.765  3662  3679 E memtrack: Couldn't load memtrack module
08-07 19:39:10.766  3662  3679 W android.os.Debug: failed to get memory consumption info: -1
08-07 19:39:11.490 14792 14809 E SAIV_FACE: Let's process : [LMD13pt] Fail to find landmark points
08-07 19:39:11.715 14792 14809 E SAIV_FACE: Let's process : [LMD13pt] Fail to find LMD13pt points!
08-07 19:39:11.808  3662  3679 E memtrack: Couldn't load memtrack module
08-07 19:39:11.808  3662  3679 W android.os.Debug: failed to get memory consumption info: -1
08-07 19:39:11.875  4684  4684 W MTPRx   : notification from stack 10
08-07 19:39:11.876  4684  4684 W MTPRx   : Inside Syncronising10
08-07 19:39:11.998  4684  4684 W MTPRx   : notification from stack 3
08-07 19:39:12.001  4684  4684 W MTPRx   : notification from stack 10
08-07 19:39:12.002  4684  4684 W MTPRx   : notification from stack 3
08-07 19:39:12.002  4684  4684 W MTPRx   : notification from stack 10
08-07 19:39:12.003  4684  4684 W MTPRx   : notification from stack 3
08-07 19:39:12.010  4684  4684 W MTPRx   : notification from stack 10
08-07 19:39:12.010  4684  4684 W MTPRx   : notification from stack 3
08-07 19:39:12.011  4684  4684 W MTPRx   : notification from stack 10
08-07 19:39:12.011  4684  4684 W MTPRx   : notification from stack 3
08-07 19:39:12.020  4684  4684 W MTPRx   : notification from stack 10
08-07 19:39:12.020  4684  4684 W MTPRx   : notification from stack 3
08-07 19:39:12.021  4684  4684 W MTPRx   : notification from stack 10
08-07 19:39:12.021  4684  4684 W MTPRx   : notification from stack 3
08-07 19:39:12.030  4684  4684 W MTPRx   : notification from stack 10
08-07 19:39:12.031  4684  4684 W MTPRx   : notification from stack 3
08-07 19:39:12.031  4684  4684 W MTPRx   : notification from stack 10
08-07 19:39:12.032  4684  4684 W MTPRx   : notification from stack 3
08-07 19:39:12.047  4684  4684 W MTPRx   : notification from stack 10
08-07 19:39:12.048  4684  4684 W MTPRx   : notification from stack 3
08-07 19:39:12.048  4684  4684 W MTPRx   : notification from stack 10
08-07 19:39:12.049  4684  4684 W MTPRx   : notification from stack 3
08-07 19:39:12.053  4684  4684 W MTPRx   : notification from stack 10
08-07 19:39:12.054  4684  4684 W MTPRx   : notification from stack 3
08-07 19:39:12.055  4684  4684 W MTPRx   : notification from stack 10
08-07 19:39:12.056  4684  4684 W MTPRx   : notification from stack 3
08-07 19:39:12.060  4684  4684 W MTPRx   : notification from stack 10
08-07 19:39:12.062  4684  4684 W MTPRx   : notification from stack 3
08-07 19:39:12.062  4684  4684 W MTPRx   : notification from stack 10
08-07 19:39:12.063  4684  4684 W MTPRx   : notification from stack 3
08-07 19:39:12.068  4684  4684 W MTPRx   : notification from stack 10
08-07 19:39:12.068  4684  4684 W MTPRx   : notification from stack 3
08-07 19:39:12.069  4684  4684 W MTPRx   : notification from stack 10
08-07 19:39:12.070  4684  4684 W MTPRx   : notification from stack 3
08-07 19:39:12.075  4684  4684 W MTPRx   : notification from stack 10
08-07 19:39:12.076  4684  4684 W MTPRx   : notification from stack 3
08-07 19:39:12.076  4684  4684 W MTPRx   : notification from stack 10
08-07 19:39:12.076  4684  4684 W MTPRx   : notification from stack 3
08-07 19:39:12.081  4684  4684 W MTPRx   : notification from stack 10
08-07 19:39:12.082  4684  4684 W MTPRx   : notification from stack 3
08-07 19:39:12.082  4684  4684 W MTPRx   : notification from stack 10
08-07 19:39:12.083  4684  4684 W MTPRx   : notification from stack 3
08-07 19:39:12.087  4684  4684 W MTPRx   : notification from stack 10
08-07 19:39:12.087  4684  4684 W MTPRx   : notification from stack 3
08-07 19:39:12.087  4684  4684 W MTPRx   : notification from stack 10
08-07 19:39:12.088  4684  4684 W MTPRx   : notification from stack 3
08-07 19:39:12.093  4684  4684 W MTPRx   : notification from stack 10
08-07 19:39:12.093  4684  4684 W MTPRx   : notification from stack 3
08-07 19:39:12.094  4684  4684 W MTPRx   : notification from stack 10
08-07 19:39:12.095  4684  4684 W MTPRx   : notification from stack 3
08-07 19:39:12.099  4684  4684 W MTPRx   : notification from stack 10
08-07 19:39:12.101  4684  4684 W MTPRx   : notification from stack 3
08-07 19:39:12.101  4684  4684 W MTPRx   : notification from stack 10
08-07 19:39:12.102  4684  4684 W MTPRx   : notification from stack 3
08-07 19:39:12.105  4684  4684 W MTPRx   : notification from stack 10
08-07 19:39:12.106  4684  4684 W MTPRx   : notification from stack 3
08-07 19:39:12.106  4684  4684 W MTPRx   : notification from stack 10
08-07 19:39:12.107  4684  4684 W MTPRx   : notification from stack 3
08-07 19:39:12.111  4684  4684 W MTPRx   : notification from stack 10
08-07 19:39:12.113  4684  4684 W MTPRx   : notification from stack 3
08-07 19:39:12.113  4684  4684 W MTPRx   : notification from stack 10
08-07 19:39:12.113  4684  4684 W MTPRx   : notification from stack 3
08-07 19:39:12.117  4684  4684 W MTPRx   : notification from stack 10
08-07 19:39:12.118  4684  4684 W MTPRx   : notification from stack 3
08-07 19:39:12.119  4684  4684 W MTPRx   : notification from stack 10
08-07 19:39:12.119  4684  4684 W MTPRx   : notification from stack 3
08-07 19:39:12.123  4684  4684 W MTPRx   : notification from stack 10
08-07 19:39:12.124  4684  4684 W MTPRx   : notification from stack 3
08-07 19:39:12.124  4684  4684 W MTPRx   : notification from stack 10
08-07 19:39:12.125  4684  4684 W MTPRx   : notification from stack 3
08-07 19:39:12.129  4684  4684 W MTPRx   : notification from stack 10
08-07 19:39:12.129  4684  4684 W MTPRx   : notification from stack 3
08-07 19:39:12.130  4684  4684 W MTPRx   : notification from stack 10
08-07 19:39:12.130  4684  4684 W MTPRx   : notification from stack 3
08-07 19:39:13.205  4684  4684 W MTPRx   : notification from stack 10
08-07 19:39:13.206  4684  4860 E SQLiteLog: (21) API call with NULL database connection pointer
08-07 19:39:13.206  4684  4860 E SQLiteLog: (21) misuse at line 118687 of [8201f4e1c5]
08-07 19:39:13.206  4684  4860 E SQLiteLog: (21) API call with NULL database connection pointer
08-07 19:39:13.206  4684  4860 E SQLiteLog: (21) misuse at line 118687 of [8201f4e1c5]
08-07 19:39:13.206  4684  4684 W MTPRx   : notification from stack 3
08-07 19:39:13.207  4684  4684 W MTPRx   : notification from stack 10
08-07 19:39:13.208  4684  4684 W MTPRx   : notification from stack 3
08-07 19:39:13.208  4684  4684 W MTPRx   : notification from stack 10
08-07 19:39:13.208  4684  4684 W MTPRx   : notification from stack 3
08-07 19:39:13.858 14821 14821 E Zygote  : isWhitelistProcess - Process is Whitelisted
08-07 19:39:13.860 14821 14821 W SELinux : SELinux selinux_android_compute_policy_index : Policy Index[2],  Con:u:r:zygote:s0 RAM:SEPF_SM-G935F_8.0.0_0011, [-1 -1 -1 -1 0 1]
08-07 19:39:13.875 14834 14834 E Zygote  : isWhitelistProcess - Process is Whitelisted
08-07 19:39:13.878 14834 14834 W SELinux : SELinux selinux_android_compute_policy_index : Policy Index[2],  Con:u:r:zygote:s0 RAM:SEPF_SM-G935F_8.0.0_0011, [-1 -1 -1 -1 0 1]
08-07 19:39:14.180 14821 14869 W EventChannelGenerator: [StoryService] No Medias available to process 
08-07 19:39:14.923  5378  6429 E SQLiteCastStore: Skip saving CastDeviceInfo: "Gerät in der Nähe" (__cast_nearby___V_ab826e4c-f1b2-4d1c-ab87-c717cebf929c)
08-07 19:39:15.635  3662  3679 E memtrack: Couldn't load memtrack module
08-07 19:39:15.635  3662  3679 W android.os.Debug: failed to get memory consumption info: -1
08-07 19:39:15.944 14834 14875 E SQLPreferenceManager: [#MLP#] No Values to update  
08-07 19:39:17.212  4684  4684 W MTPRx   : notification from stack 204
08-07 19:39:17.216  4684  4684 E MtpMediaDBManager: updateMyfilesDB Count :0
08-07 19:39:17.254 13218 14877 E myFiles : [0102/InsertMtpFilesThread] InsertMtpFilesThread run Paths.length :0
08-07 19:39:17.441 10065 10076 E DatabaseUtils: Writing exception to parcel
08-07 19:39:17.441 10065 10076 E DatabaseUtils: java.lang.SecurityException: Permission Denial: reading com.android.providers.media.MediaProvider uri content://media/external/fs_id from pid=14563, uid=10207 requires android.permission.READ_EXTERNAL_STORAGE, or grantUriPermission()
08-07 19:39:17.441 10065 10076 E DatabaseUtils: 	at android.content.ContentProvider.enforceReadPermissionInner(ContentProvider.java:639)
08-07 19:39:17.441 10065 10076 E DatabaseUtils: 	at android.content.ContentProvider$Transport.enforceReadPermission(ContentProvider.java:505)
08-07 19:39:17.441 10065 10076 E DatabaseUtils: 	at android.content.ContentProvider$Transport.query(ContentProvider.java:217)
08-07 19:39:17.441 10065 10076 E DatabaseUtils: 	at android.content.ContentProviderNative.onTransact(ContentProviderNative.java:102)
08-07 19:39:17.441 10065 10076 E DatabaseUtils: 	at android.os.Binder.execTransact(Binder.java:682)
08-07 19:39:17.452  4684  4684 E MTPPlaObsrvr: playlist path before updatePlaylistPath
08-07 19:39:17.455  4684  4684 E MTPPlaObsrvr: playlist is not renamed [exception case : m3u, pls]
08-07 19:39:17.456 10065 10076 E DatabaseUtils: Writing exception to parcel
08-07 19:39:17.456 10065 10076 E DatabaseUtils: java.lang.SecurityException: Permission Denial: reading com.android.providers.media.MediaProvider uri content://media/external/fs_id from pid=14563, uid=10207 requires android.permission.READ_EXTERNAL_STORAGE, or grantUriPermission()
08-07 19:39:17.456 10065 10076 E DatabaseUtils: 	at android.content.ContentProvider.enforceReadPermissionInner(ContentProvider.java:639)
08-07 19:39:17.456 10065 10076 E DatabaseUtils: 	at android.content.ContentProvider$Transport.enforceReadPermission(ContentProvider.java:505)
08-07 19:39:17.456 10065 10076 E DatabaseUtils: 	at android.content.ContentProvider$Transport.query(ContentProvider.java:217)
08-07 19:39:17.456 10065 10076 E DatabaseUtils: 	at android.content.ContentProviderNative.onTransact(ContentProviderNative.java:102)
08-07 19:39:17.456 10065 10076 E DatabaseUtils: 	at android.os.Binder.execTransact(Binder.java:682)
08-07 19:39:17.769  4684  4684 E MTPJNIInterface: In MTPJNIINterface onReceive:com.android.MTP.OBJECT_REMOVED
08-07 19:39:17.769  4684  4684 E MTPJNIInterface: ***** file path of  sendObjectRemoved 
08-07 19:39:17.790 10065 10076 E DatabaseUtils: Writing exception to parcel
08-07 19:39:17.790 10065 10076 E DatabaseUtils: java.lang.SecurityException: Permission Denial: reading com.android.providers.media.MediaProvider uri content://media/external/fs_id from pid=14563, uid=10207 requires android.permission.READ_EXTERNAL_STORAGE, or grantUriPermission()
08-07 19:39:17.790 10065 10076 E DatabaseUtils: 	at android.content.ContentProvider.enforceReadPermissionInner(ContentProvider.java:639)
08-07 19:39:17.790 10065 10076 E DatabaseUtils: 	at android.content.ContentProvider$Transport.enforceReadPermission(ContentProvider.java:505)
08-07 19:39:17.790 10065 10076 E DatabaseUtils: 	at android.content.ContentProvider$Transport.query(ContentProvider.java:217)
08-07 19:39:17.790 10065 10076 E DatabaseUtils: 	at android.content.ContentProviderNative.onTransact(ContentProviderNative.java:102)
08-07 19:39:17.790 10065 10076 E DatabaseUtils: 	at android.os.Binder.execTransact(Binder.java:682)
08-07 19:39:17.796  4684  4684 E MTPPlaObsrvr: playlist path before updatePlaylistPath
08-07 19:39:17.798  4684  4684 E MTPPlaObsrvr: playlist is not renamed [exception case : m3u, pls]
08-07 19:39:18.009 10065 14876 W MediaScanner: Error opening directory '7klwibgf7CC(/6,F++75budiwrd_kfcnif7', skipping: Permission denied.
08-07 19:39:18.332  4684  4684 E MTPJNIInterface: In MTPJNIINterface onReceive:com.android.MTP.OBJECT_ADDED
08-07 19:39:18.333  4684  4684 E MTPJNIInterface: ***** file path of  sendObjectAdded 
08-07 19:39:18.365  4684  4684 E MTPJNIInterface: In MTPJNIINterface onReceive:android.intent.action.MEDIA_SCANNER_FINISHED
08-07 19:39:18.365  4684  4684 E MTPJNIInterface: noti = 26
08-07 19:39:18.365  4684  4684 E MTPJNIInterface: storageinfo changed event sent to stack
08-07 19:39:18.371 14123 14123 E Controller: [#CMH#] FINISHED  EVENT_MEDIA_SCAN_FINISHED
08-07 19:39:18.770 10065 11810 E DatabaseUtils: Writing exception to parcel
08-07 19:39:18.770 10065 11810 E DatabaseUtils: java.lang.SecurityException: Permission Denial: reading com.android.providers.media.MediaProvider uri content://media/external/fs_id from pid=14563, uid=10207 requires android.permission.READ_EXTERNAL_STORAGE, or grantUriPermission()
08-07 19:39:18.770 10065 11810 E DatabaseUtils: 	at android.content.ContentProvider.enforceReadPermissionInner(ContentProvider.java:639)
08-07 19:39:18.770 10065 11810 E DatabaseUtils: 	at android.content.ContentProvider$Transport.enforceReadPermission(ContentProvider.java:505)
08-07 19:39:18.770 10065 11810 E DatabaseUtils: 	at android.content.ContentProvider$Transport.query(ContentProvider.java:217)
08-07 19:39:18.770 10065 11810 E DatabaseUtils: 	at android.content.ContentProviderNative.onTransact(ContentProviderNative.java:102)
08-07 19:39:18.770 10065 11810 E DatabaseUtils: 	at android.os.Binder.execTransact(Binder.java:682)
08-07 19:39:18.772  4684  4684 E MTPPlaObsrvr: playlist path before updatePlaylistPath
08-07 19:39:18.775  4684  4684 E MTPPlaObsrvr: playlist is not renamed [exception case : m3u, pls]
08-07 19:39:18.946  5110  5271 E ContactsProvider_EventLog: Flush buffer to file cnt : 1 size : 1Kb duration : 2ms lastUpdatedAfter : 56725 ms mFlush_time_threasold : 2000 mCurrentSize : 886
08-07 19:39:20.873  4684  4684 W MTPRx   : notification from stack 4
08-07 19:39:20.873  4684  4684 W MTPRx   : Inside Syncronising4
08-07 19:39:20.900  4684  4684 W MTPRx   : notification from stack 3
08-07 19:39:20.900  4684  4684 W MTPRx   : notification from stack 10
08-07 19:39:20.901  4684  4684 W MTPRx   : notification from stack 3
08-07 19:39:20.901  4684  4684 W MTPRx   : notification from stack 10
08-07 19:39:20.901  4684  4684 W MTPRx   : notification from stack 3
08-07 19:39:21.642  3662  3679 E memtrack: Couldn't load memtrack module
08-07 19:39:21.642  3662  3679 W android.os.Debug: failed to get memory consumption info: -1
08-07 19:39:23.782  3662  3679 E memtrack: Couldn't load memtrack module
08-07 19:39:23.782  3662  3679 W android.os.Debug: failed to get memory consumption info: -1
08-07 19:39:23.812  3662  3679 E memtrack: Couldn't load memtrack module
08-07 19:39:23.812  3662  3679 W android.os.Debug: failed to get memory consumption info: -1
08-07 19:39:24.742 13218 14232 E myFiles : [0104/InternalFileObserver] OnEvent :  32768 is ignored ()
08-07 19:39:24.905  4684  4684 W MTPRx   : notification from stack 204
08-07 19:39:24.908  4684  4684 E MtpMediaDBManager: updateMyfilesDB Count :0
08-07 19:39:24.942 13218 14907 E myFiles : [0106/InsertMtpFilesThread] InsertMtpFilesThread run Paths.length :0
08-07 19:39:25.114 10065 14819 E DatabaseUtils: Writing exception to parcel
08-07 19:39:25.114 10065 14819 E DatabaseUtils: java.lang.SecurityException: Permission Denial: reading com.android.providers.media.MediaProvider uri content://media/external/fs_id from pid=14563, uid=10207 requires android.permission.READ_EXTERNAL_STORAGE, or grantUriPermission()
08-07 19:39:25.114 10065 14819 E DatabaseUtils: 	at android.content.ContentProvider.enforceReadPermissionInner(ContentProvider.java:639)
08-07 19:39:25.114 10065 14819 E DatabaseUtils: 	at android.content.ContentProvider$Transport.enforceReadPermission(ContentProvider.java:505)
08-07 19:39:25.114 10065 14819 E DatabaseUtils: 	at android.content.ContentProvider$Transport.query(ContentProvider.java:217)
08-07 19:39:25.114 10065 14819 E DatabaseUtils: 	at android.content.ContentProviderNative.onTransact(ContentProviderNative.java:102)
08-07 19:39:25.114 10065 14819 E DatabaseUtils: 	at android.os.Binder.execTransact(Binder.java:682)
08-07 19:39:25.138  4684  4684 E MTPPlaObsrvr: playlist path before updatePlaylistPath
08-07 19:39:25.141  4684  4684 E MTPPlaObsrvr: playlist is not renamed [exception case : m3u, pls]
08-07 19:39:25.161 10065 14819 E DatabaseUtils: Writing exception to parcel
08-07 19:39:25.161 10065 14819 E DatabaseUtils: java.lang.SecurityException: Permission Denial: reading com.android.providers.media.MediaProvider uri content://media/external/fs_id from pid=14563, uid=10207 requires android.permission.READ_EXTERNAL_STORAGE, or grantUriPermission()
08-07 19:39:25.161 10065 14819 E DatabaseUtils: 	at android.content.ContentProvider.enforceReadPermissionInner(ContentProvider.java:639)
08-07 19:39:25.161 10065 14819 E DatabaseUtils: 	at android.content.ContentProvider$Transport.enforceReadPermission(ContentProvider.java:505)
08-07 19:39:25.161 10065 14819 E DatabaseUtils: 	at android.content.ContentProvider$Transport.query(ContentProvider.java:217)
08-07 19:39:25.161 10065 14819 E DatabaseUtils: 	at android.content.ContentProviderNative.onTransact(ContentProviderNative.java:102)
08-07 19:39:25.161 10065 14819 E DatabaseUtils: 	at android.os.Binder.execTransact(Binder.java:682)
08-07 19:39:25.459  4684  4684 E MTPJNIInterface: In MTPJNIINterface onReceive:com.android.MTP.OBJECT_REMOVED
08-07 19:39:25.459  4684  4684 E MTPJNIInterface: ***** file path of  sendObjectRemoved 
08-07 19:39:25.479 10065 10076 E DatabaseUtils: Writing exception to parcel
08-07 19:39:25.479 10065 10076 E DatabaseUtils: java.lang.SecurityException: Permission Denial: reading com.android.providers.media.MediaProvider uri content://media/external/fs_id from pid=14563, uid=10207 requires android.permission.READ_EXTERNAL_STORAGE, or grantUriPermission()
08-07 19:39:25.479 10065 10076 E DatabaseUtils: 	at android.content.ContentProvider.enforceReadPermissionInner(ContentProvider.java:639)
08-07 19:39:25.479 10065 10076 E DatabaseUtils: 	at android.content.ContentProvider$Transport.enforceReadPermission(ContentProvider.java:505)
08-07 19:39:25.479 10065 10076 E DatabaseUtils: 	at android.content.ContentProvider$Transport.query(ContentProvider.java:217)
08-07 19:39:25.479 10065 10076 E DatabaseUtils: 	at android.content.ContentProviderNative.onTransact(ContentProviderNative.java:102)
08-07 19:39:25.479 10065 10076 E DatabaseUtils: 	at android.os.Binder.execTransact(Binder.java:682)
08-07 19:39:25.486  4684  4684 E MTPPlaObsrvr: playlist path before updatePlaylistPath
