08-07 20:04:53.474  4076  4076 W SemDesktopModeManager: Desktop Mode feature not available or SemDesktopModeManager not instantiated. Please check Configuration.semDesktopModeEnabled instead.
08-07 20:04:53.495 19364 19364 E Zygote  : isWhitelistProcess - Process is Whitelisted
08-07 20:04:53.501 19364 19364 W SELinux : SELinux selinux_android_compute_policy_index : Policy Index[2],  Con:u:r:zygote:s0 RAM:SEPF_SM-G935F_8.0.0_0011, [-1 -1 -1 -1 0 1]
08-07 20:04:53.504  3662  4383 W InputMethodManagerService: Window already focused, ignoring focus gain of: com.android.internal.view.IInputMethodClient$Stub$Proxy@ff7f97 attribute=android.view.inputmethod.EditorInfo@b738584, token = android.os.BinderProxy@8360cde
08-07 20:04:53.537  3662  3679 E memtrack: Couldn't load memtrack module
08-07 20:04:53.537  3662  3679 W android.os.Debug: failed to get memory consumption info: -1
08-07 20:04:53.565  3662  3774 E memtrack: Couldn't load memtrack module
08-07 20:04:53.565  3662  3774 W android.os.Debug: failed to get memory consumption info: -1
08-07 20:04:53.611  3662  3774 E memtrack: Couldn't load memtrack module
08-07 20:04:53.612  3662  3774 W android.os.Debug: failed to get memory consumption info: -1
08-07 20:04:53.628  4076  4076 W SamsungAnalytics: [SamsungAnalytics] Attempt to invoke virtual method 'int com.samsung.context.sdk.samsunganalytics.a.b.a(java.util.Map)' on a null object reference
08-07 20:04:53.633 19364 19364 W Process : Unable to open /proc/vmstat
08-07 20:04:53.633  3287  3287 E audit   : type=1400 audit(1533665093.620:137): avc:  denied  { read } for  pid=19364 comm="na:notification" name="vmstat" dev="proc" ino=4026534965 scontext=u:r:untrusted_app_25:s0:c512,c768 tcontext=u:object_r:proc:s0 tclass=file permissive=0 SEPF_SM-G935F_8.0.0_0011 audit_filtered
08-07 20:04:53.635  4076  4298 W Tile.CustomTile: handleUpdateState : hasPendingBind Energie
08-07 20:04:53.635  4076  4298 W Tile.CustomTile: sparen
08-07 20:04:53.635  4076  4298 W Tile.CustomTile: handleUpdateState : hasPendingBind Leistungs-
08-07 20:04:53.635  4076  4298 W Tile.CustomTile: modus
08-07 20:04:53.636  4076  4298 W Tile.CustomTile: handleUpdateState : hasPendingBind Privater Modus
08-07 20:04:53.636  4076  4298 W Tile.CustomTile: handleUpdateState : hasPendingBind NFC
08-07 20:04:53.637  4076  4298 W Tile.CustomTile: handleUpdateState : hasPendingBind Always On
08-07 20:04:53.637  4076  4298 W Tile.CustomTile: Display
08-07 20:04:53.637  4076  4298 W Tile.CustomTile: handleUpdateState : hasPendingBind Smart View
08-07 20:04:53.638  4076  4298 W Tile.CustomTile: handleUpdateState : hasPendingBind Telefon-
08-07 20:04:53.638  4076  4298 W Tile.CustomTile: sichtb.
08-07 20:04:53.639  4076  4298 W Tile.CustomTile: handleUpdateState : hasPendingBind Sync
08-07 20:04:53.640  4076  4298 W Tile.CustomTile: handleUpdateState : hasPendingBind Seitenlicht
08-07 20:04:53.653  3287  3287 E audit   : type=1400 audit(1533665093.640:138): avc:  denied  { read } for  pid=19364 comm="AppStateLoggerT" name="zoneinfo" dev="proc" ino=4026534966 scontext=u:r:untrusted_app_25:s0:c512,c768 tcontext=u:object_r:proc_zoneinfo:s0 tclass=file permissive=0 SEPF_SM-G935F_8.0.0_0011 audit_filtered
08-07 20:04:53.653 19364 19379 E MemProcWatermarkReader: java.io.FileNotFoundException: /proc/zoneinfo
08-07 20:04:53.663  4076  4076 W View    : requestLayout() improperly called by android.widget.TextView{dbfe064 V.ED..... ......ID 0,2440-1440,2560 #7f0a03a2 app:id/notification_panel_carrier_label} during layout: running second layout pass
08-07 20:04:53.688 19364 19364 E ACRA    : Skipping ANR Detector for process: com.facebook.katana:notification
08-07 20:04:53.722 19364 19364 W SoLoader: context.getApplicationContext returned null, holding reference to original context.
08-07 20:04:53.727 19364 19364 W SoLoader: context.getApplicationContext returned null, holding reference to original context.
08-07 20:04:53.900  3104  3104 E audit   : avc:  denied  { find } for interface=android.hardware.memtrack::IMemtrack pid=19364 scontext=u:r:untrusted_app_25:s0:c512,c768 tcontext=u:object_r:hal_memtrack_hwservice:s0 tclass=hwservice_manager
08-07 20:04:53.902  3104  3104 E audit   : avc:  denied  { find } for interface=android.hardware.memtrack::IMemtrack pid=19364 scontext=u:r:untrusted_app_25:s0:c512,c768 tcontext=u:object_r:hal_memtrack_hwservice:s0 tclass=hwservice_manager
08-07 20:04:53.903 19364 19383 E memtrack: Couldn't load memtrack module
08-07 20:04:53.903 19364 19383 W android.os.Debug: failed to get memory consumption info: -1
08-07 20:04:53.907  5017  5319 W OpenGLRenderer: Incorrectly called buildLayer on View: WorkspaceCellLayoutChildren, destroying layer...
08-07 20:04:53.907  5017  5319 W OpenGLRenderer: Incorrectly called buildLayer on View: WorkspaceCellLayoutChildren, destroying layer...
08-07 20:04:54.004 19364 19364 W dalvik-internals: ignoring failure to find _ZN3art12FaultManager35EnsureArtActionInFrontOfSignalChainEv: could not hook _ZN3art12FaultManager35EnsureArtActionInFrontOfSignalChainEv
08-07 20:04:54.060 19390 19390 E Zygote  : isWhitelistProcess - Process is Whitelisted
08-07 20:04:54.065 19390 19390 W SELinux : SELinux selinux_android_compute_policy_index : Policy Index[2],  Con:u:r:zygote:s0 RAM:SEPF_SM-G935F_8.0.0_0011, [-1 -1 -1 -1 0 1]
08-07 20:04:54.187 19390 19390 W Process : Unable to open /proc/vmstat
08-07 20:04:54.187  3287  3287 E audit   : type=1400 audit(1533665094.170:139): avc:  denied  { read } for  pid=19390 comm="ca:notification" name="vmstat" dev="proc" ino=4026534965 scontext=u:r:untrusted_app_25:s0:c512,c768 tcontext=u:object_r:proc:s0 tclass=file permissive=0 SEPF_SM-G935F_8.0.0_0011 audit_filtered
08-07 20:04:54.199 19390 19390 W Process : Unable to open /proc/vmstat
08-07 20:04:54.199  3287  3287 E audit   : type=1400 audit(1533665094.180:140): avc:  denied  { read } for  pid=19390 comm="ca:notification" name="vmstat" dev="proc" ino=4026534965 scontext=u:r:untrusted_app_25:s0:c512,c768 tcontext=u:object_r:proc:s0 tclass=file permissive=0 SEPF_SM-G935F_8.0.0_0011 audit_filtered
08-07 20:04:54.221  3287  3287 E audit   : type=1400 audit(1533665094.210:141): avc:  denied  { read } for  pid=19390 comm="AppStateLoggerT" name="zoneinfo" dev="proc" ino=4026534966 scontext=u:r:untrusted_app_25:s0:c512,c768 tcontext=u:object_r:proc_zoneinfo:s0 tclass=file permissive=0 SEPF_SM-G935F_8.0.0_0011 audit_filtered
08-07 20:04:54.222 19390 19405 E MemProcWatermarkReader: java.io.FileNotFoundException: /proc/zoneinfo
08-07 20:04:54.243 19390 19390 E ACRA    : Skipping ANR Detector for process: com.facebook.orca:notification
08-07 20:04:54.250 19390 19390 W SoLoader: context.getApplicationContext returned null, holding reference to original context.
08-07 20:04:54.475 19390 19390 W dalvik-internals: ignoring failure to find _ZN3art12FaultManager35EnsureArtActionInFrontOfSignalChainEv: could not hook _ZN3art12FaultManager35EnsureArtActionInFrontOfSignalChainEv
08-07 20:04:54.480 19390 19390 W Process : Unable to open /proc/vmstat
08-07 20:04:54.480  3287  3287 E audit   : type=1400 audit(1533665094.460:142): avc:  denied  { read } for  pid=19390 comm="ca:notification" name="vmstat" dev="proc" ino=4026534965 scontext=u:r:untrusted_app_25:s0:c512,c768 tcontext=u:object_r:proc:s0 tclass=file permissive=0 SEPF_SM-G935F_8.0.0_0011 audit_filtered
08-07 20:04:54.575  5378 19415 W MDM     : [571] abya.c: enableNfc
08-07 20:04:54.575  5378 19415 W MDM     : [571] abya.c: EnableNfc flag is true
08-07 20:04:54.615 19421 19421 E Zygote  : isWhitelistProcess - Process is Whitelisted
08-07 20:04:54.623 19421 19421 W SELinux : SELinux selinux_android_compute_policy_index : Policy Index[2],  Con:u:r:zygote:s0 RAM:SEPF_SM-G935F_8.0.0_0011, [-1 -1 -1 -1 0 1]
08-07 20:04:54.708  3287  3287 E audit   : type=1400 audit(1533665094.690:143): avc:  denied  { write } for  pid=19421 comm="ng.android.lool" name="com.samsung.android.lool-1" dev="dm-1" ino=652941 scontext=u:r:system_app:s0 tcontext=u:object_r:apk_data_file:s0 tclass=dir permissive=0 SEPF_SM-G935F_8.0.0_0011 audit_filtered
08-07 20:04:54.709  3287  3287 E audit   : type=1400 audit(1533665094.690:144): avc:  denied  { write } for  pid=19421 comm="ng.android.lool" name="com.samsung.android.lool-1" dev="dm-1" ino=652941 scontext=u:r:system_app:s0 tcontext=u:object_r:apk_data_file:s0 tclass=dir permissive=0 SEPF_SM-G935F_8.0.0_0011 audit_filtered
08-07 20:04:54.748  4076  4076 W SamsungAnalytics: [SamsungAnalytics] Attempt to invoke virtual method 'int com.samsung.context.sdk.samsunganalytics.a.b.a(java.util.Map)' on a null object reference
08-07 20:04:54.759  4076  4076 W SemDesktopModeManager: Desktop Mode feature not available or SemDesktopModeManager not instantiated. Please check Configuration.semDesktopModeEnabled instead.
08-07 20:04:54.814  4076  4076 W SemDesktopModeManager: Desktop Mode feature not available or SemDesktopModeManager not instantiated. Please check Configuration.semDesktopModeEnabled instead.
08-07 20:04:54.833 19447 19447 E Zygote  : isWhitelistProcess - Process is Whitelisted
08-07 20:04:54.835 19447 19447 W SELinux : SELinux selinux_android_compute_policy_index : Policy Index[2],  Con:u:r:zygote:s0 RAM:SEPF_SM-G935F_8.0.0_0011, [-1 -1 -1 -1 0 1]
08-07 20:04:54.863 19459 19459 E Zygote  : isWhitelistProcess - Process is Whitelisted
08-07 20:04:54.866 19459 19459 W SELinux : SELinux selinux_android_compute_policy_index : Policy Index[2],  Con:u:r:zygote:s0 RAM:SEPF_SM-G935F_8.0.0_0011, [-1 -1 -1 -1 0 1]
08-07 20:04:54.886  5147  5147 W SearchServiceCore: Abort, client detached.
08-07 20:04:54.935  3287  3287 E audit   : type=1400 audit(1533665094.920:145): avc:  denied  { write } for  pid=19459 comm="oid.sm.provider" name="com.samsung.android.lool-1" dev="dm-1" ino=652941 scontext=u:r:system_app:s0 tcontext=u:object_r:apk_data_file:s0 tclass=dir permissive=0 SEPF_SM-G935F_8.0.0_0011 audit_filtered
08-07 20:04:54.936  3287  3287 E audit   : type=1400 audit(1533665094.920:146): avc:  denied  { write } for  pid=19459 comm="oid.sm.provider" name="com.samsung.android.lool-1" dev="dm-1" ino=652941 scontext=u:r:system_app:s0 tcontext=u:object_r:apk_data_file:s0 tclass=dir permissive=0 SEPF_SM-G935F_8.0.0_0011 audit_filtered
08-07 20:04:55.646  5378  6435 W DatabaseProcessor: Exiting Adaptive Discovery. Current NetworkInfo is NULL.
08-07 20:04:55.763  5147  5147 W SearchServiceCore: Abort, client detached.
08-07 20:04:55.863  3662  4870 W InputMethodManagerService: hideSoftInput : Ignoring, uid 10080: com.android.internal.view.IInputMethodClient$Stub$Proxy@48e3d7c
08-07 20:04:55.869  5147  5147 W SearchServiceClient: Starting with NO_SESSION handoverId is deprecated. Just don't. You will break.
08-07 20:04:55.870  5147  5147 W SessionLifecycleManager: Handover failed. Creating new session controller.
08-07 20:04:55.875  5147  5147 E PBSessionCacheImpl: sessionId[22638279056029062] not persisted.
08-07 20:04:56.207  5017  5319 W OpenGLRenderer: Incorrectly called buildLayer on View: HomeContainer, destroying layer...
08-07 20:04:56.241 19491 19491 E Zygote  : isWhitelistProcess - Process is Whitelisted
08-07 20:04:56.244 19491 19491 W SELinux : SELinux selinux_android_compute_policy_index : Policy Index[2],  Con:u:r:zygote:s0 RAM:SEPF_SM-G935F_8.0.0_0011, [-1 -1 -1 -1 0 1]
08-07 20:04:56.257 19503 19503 E Zygote  : isWhitelistProcess - Process is Whitelisted
08-07 20:04:56.260 19503 19503 W SELinux : SELinux selinux_android_compute_policy_index : Policy Index[2],  Con:u:r:zygote:s0 RAM:SEPF_SM-G935F_8.0.0_0011, [-1 -1 -1 -1 0 1]
08-07 20:04:56.463 19503 19503 W linker  : "/data/app/com.google.android.gms-nyMoQjAaohi5NlRNZN0G4Q==/base.apk!/lib/arm64-v8a/libconscrypt_gmscore_jni.so" unused DT entry: type 0xf arg 0x8a
08-07 20:04:56.481  5017  5017 W StaticLayout: maxLineHeight should not be -1.  maxLines:1 lineCount:1
08-07 20:04:56.483  5017  5017 W StaticLayout: maxLineHeight should not be -1.  maxLines:1 lineCount:1
08-07 20:04:56.484  5017  5017 W StaticLayout: maxLineHeight should not be -1.  maxLines:1 lineCount:1
08-07 20:04:56.487  5017  5017 W StaticLayout: maxLineHeight should not be -1.  maxLines:1 lineCount:1
08-07 20:04:56.488  5017  5017 W StaticLayout: maxLineHeight should not be -1.  maxLines:1 lineCount:1
08-07 20:04:56.496  5017  5017 W StaticLayout: maxLineHeight should not be -1.  maxLines:1 lineCount:1
08-07 20:04:56.758  4774 17153 W ctxmgr  : [AclManager]No 2 for (accnt=account#-517948760#, com.google.android.gms(10018):IndoorOutdoorProducer, vrsn=12874000, 0, 3pPkg = null ,  3pMdlId = null ,  pid = 4774). Was: 3 for 57, account#-517948760#
08-07 20:04:56.983 19491 19537 W [WeatherWidget(157517@7)] : {[D649FEFC84D9836056986248672CF7AF5F88A786E255C2299291923CD543EAE98C499CE73B3080746D1828C63E0742C29FB2B5494FDA3F4D8B3C440AC917252A704C09DBE3F5C31DE0E734603991AE19]}
08-07 20:04:57.190 19503 19521 W AdvertisingIdClient: Error while reading from SharedPreferences 
08-07 20:04:57.190 19503 19521 W AdvertisingIdClient: java.lang.SecurityException: MODE_WORLD_READABLE no longer supported
08-07 20:04:57.190 19503 19521 W AdvertisingIdClient: 	at android.app.ContextImpl.checkMode(ContextImpl.java:2453)
08-07 20:04:57.190 19503 19521 W AdvertisingIdClient: 	at android.app.ContextImpl.getSharedPreferences(ContextImpl.java:389)
08-07 20:04:57.190 19503 19521 W AdvertisingIdClient: 	at android.app.ContextImpl.getSharedPreferences(ContextImpl.java:376)
08-07 20:04:57.190 19503 19521 W AdvertisingIdClient: 	at com.google.android.gms.ads.identifier.AdvertisingIdClient.getAdvertisingIdInfo(Unknown Source:12)
08-07 20:04:57.190 19503 19521 W AdvertisingIdClient: 	at com.google.android.music.preferences.MusicPreferences.getAdvertisingIdInfo(MusicPreferences.java:2476)
08-07 20:04:57.190 19503 19521 W AdvertisingIdClient: 	at com.google.android.music.preferences.MusicPreferences.access$1000(MusicPreferences.java:83)
08-07 20:04:57.190 19503 19521 W AdvertisingIdClient: 	at com.google.android.music.preferences.MusicPreferences$7.run(MusicPreferences.java:2457)
08-07 20:04:57.190 19503 19521 W AdvertisingIdClient: 	at com.google.android.music.utils.async.TraceableRunnable.runLogged(TraceableRunnable.java:21)
08-07 20:04:57.190 19503 19521 W AdvertisingIdClient: 	at com.google.android.music.utils.async.LoggedRunnable.run(LoggedRunnable.java:30)
08-07 20:04:57.190 19503 19521 W AdvertisingIdClient: 	at android.os.Handler.handleCallback(Handler.java:789)
08-07 20:04:57.190 19503 19521 W AdvertisingIdClient: 	at android.os.Handler.dispatchMessage(Handler.java:98)
08-07 20:04:57.190 19503 19521 W AdvertisingIdClient: 	at com.google.android.music.utils.LoggableHandler.dispatchMessage(LoggableHandler.java:74)
08-07 20:04:57.190 19503 19521 W AdvertisingIdClient: 	at android.os.Looper.loop(Looper.java:164)
08-07 20:04:57.190 19503 19521 W AdvertisingIdClient: 	at android.os.HandlerThread.run(HandlerThread.java:65)
08-07 20:04:57.248 19491 19537 E [WeatherWidget(157517@7)] : {[BFF8C07F5E98849D0F8286A9BD433BEC5F7E7B0E4EFA4F7B66F69E42C25B27FC403C5BE252CCE6B004E73B08611868A674F6113CFEEE2A8E08C231EA7F01E4F4728846292B02E6B6D1E4E56BF74F5BC6]}
08-07 20:04:57.433 19491 19491 E [WeatherWidget(157517@7)] : {[30B055765757A91C118A3DE711976767E72D3DD06BA5E0415446BD4617FE79CB732D0FDB7199E5E9A7570116D3070AC3399D75DBD61280FADB921FA4A093AF8F]}
08-07 20:04:57.530 19491 19491 E [WeatherWidget(157517@7)] : {[30B055765757A91C118A3DE711976767E72D3DD06BA5E0415446BD4617FE79CB732D0FDB7199E5E9A7570116D3070AC3399D75DBD61280FADB921FA4A093AF8F]}
08-07 20:05:00.019  5017  5017 E ProActivieLaunch: Sending Broadcast
08-07 20:05:00.051 19582 19582 E Zygote  : isWhitelistProcess - Process is Whitelisted
08-07 20:05:00.057 19582 19582 W SELinux : SELinux selinux_android_compute_policy_index : Policy Index[2],  Con:u:r:zygote:s0 RAM:SEPF_SM-G935F_8.0.0_0011, [-1 -1 -1 -1 0 1]
08-07 20:05:00.173  4076  4076 W SemDesktopModeManager: Desktop Mode feature not available or SemDesktopModeManager not instantiated. Please check Configuration.semDesktopModeEnabled instead.
08-07 20:05:00.276  5147  5147 W SearchServiceCore: Abort, client detached.
08-07 20:05:00.527  3662 12118 W InputMethodManagerService: Focus gain on non-focused client com.android.internal.view.IInputMethodClient$Stub$Proxy@9b6138 (uid=10168 pid=19582)
08-07 20:05:00.527  3662 12118 W InputMethodManagerService: calledFromValidUser : true, (mCurFocusedWindow == windowToken) : false, (attribute != null) : true
08-07 20:05:00.527  3662 12118 W InputMethodManagerService: (mCurClient != cs) : true, mCurFocusedWindow : android.os.BinderProxy@8360cde, windowToken : android.os.BinderProxy@9c73fab
08-07 20:05:00.609 19582 19582 E NFC     : isAndroidBeamAllowed - Begin
08-07 20:05:00.854 19582 19582 W StaticLayout: maxLineHeight should not be -1.  maxLines:1 lineCount:1
08-07 20:05:00.904 19582 19582 W StaticLayout: maxLineHeight should not be -1.  maxLines:1 lineCount:1
08-07 20:05:00.909 19582 19582 E RecyclerView: No adapter attached; skipping layout
08-07 20:05:01.040  5110  5271 E ContactsProvider_EventLog: Flush buffer to file cnt : 1 size : 0Kb duration : 2ms lastUpdatedAfter : 39222 ms mFlush_time_threasold : 2000 mCurrentSize : 199
08-07 20:05:01.126 19582 19582 W View    : requestLayout() improperly called by com.whatsapp.ContactStatusThumbnail{e09159c V.ED..... ......ID 56,32-296,272 #7f090175 app:id/contact_photo} during layout: running second layout pass
08-07 20:05:01.148  5147  5147 W SearchServiceCore: Abort, client detached.
08-07 20:05:01.195 19582 19582 W StaticLayout: maxLineHeight should not be -1.  maxLines:1 lineCount:1
08-07 20:05:01.201 19582 19582 W StaticLayout: maxLineHeight should not be -1.  maxLines:1 lineCount:1
08-07 20:05:02.435 19582 19582 W View    : requestLayout() improperly called by com.whatsapp.conversationrow.ConversationRowImage$RowImageView{9e038e5 VFED..CL. ......ID 16,16-1020,769 #7f090316 app:id/image} during layout: running second layout pass
08-07 20:05:02.562 19582 19582 W View    : dispatchProvideAutofillStructure(): not laid out, ignoring
08-07 20:05:02.563 19582 19582 W View    : dispatchProvideAutofillStructure(): not laid out, ignoring
08-07 20:05:02.571  3662 12118 W Binder  : Outgoing transactions from this process must be FLAG_ONEWAY
08-07 20:05:02.571  3662 12118 W Binder  : java.lang.Throwable
08-07 20:05:02.571  3662 12118 W Binder  : 	at android.os.BinderProxy.transact(Binder.java:744)
08-07 20:05:02.571  3662 12118 W Binder  : 	at android.app.assist.AssistStructure$ParcelTransferReader.fetchData(AssistStructure.java:407)
08-07 20:05:02.571  3662 12118 W Binder  : 	at android.app.assist.AssistStructure$ParcelTransferReader.go(AssistStructure.java:343)
08-07 20:05:02.571  3662 12118 W Binder  : 	at android.app.assist.AssistStructure.ensureData(AssistStructure.java:2110)
08-07 20:05:02.571  3662 12118 W Binder  : 	at com.android.server.autofill.Session$1.send(Session.java:200)
08-07 20:05:02.571  3662 12118 W Binder  : 	at com.android.server.am.ActivityManagerService.reportAssistContextExtras(ActivityManagerService.java:16704)
08-07 20:05:02.571  3662 12118 W Binder  : 	at android.app.IActivityManager$Stub.onTransact(IActivityManager.java:2559)
08-07 20:05:02.571  3662 12118 W Binder  : 	at com.android.server.am.ActivityManagerService.onTransact(ActivityManagerService.java:3862)
08-07 20:05:02.571  3662 12118 W Binder  : 	at android.os.Binder.execTransact(Binder.java:682)
08-07 20:05:02.594 19700 19700 E Zygote  : isWhitelistProcess - Process is Whitelisted
08-07 20:05:02.597 19700 19700 W SELinux : SELinux selinux_android_compute_policy_index : Policy Index[2],  Con:u:r:zygote:s0 RAM:SEPF_SM-G935F_8.0.0_0011, [-1 -1 -1 -1 0 1]
08-07 20:05:02.615 19582 19582 W StaticLayout: maxLineHeight should not be -1.  maxLines:1 lineCount:1
08-07 20:05:02.622 19582 19582 W StaticLayout: maxLineHeight should not be -1.  maxLines:1 lineCount:1
08-07 20:05:02.674 19700 19700 E [SPAF]AutofillService: No valid parsed autofill fields
08-07 20:05:02.849 19582 19582 W StaticLayout: maxLineHeight should not be -1.  maxLines:1 lineCount:1
08-07 20:05:02.855 19582 19582 W StaticLayout: maxLineHeight should not be -1.  maxLines:1 lineCount:1
08-07 20:05:03.543  3662  4369 E Parcel  : Class not found when unmarshalling: com.whatsapp.pu
08-07 20:05:03.543  3662  4369 E Parcel  : java.lang.ClassNotFoundException: com.whatsapp.pu
08-07 20:05:03.543  3662  4369 E Parcel  : 	at java.lang.Class.classForName(Native Method)
08-07 20:05:03.543  3662  4369 E Parcel  : 	at java.lang.Class.forName(Class.java:453)
08-07 20:05:03.543  3662  4369 E Parcel  : 	at android.os.Parcel.readParcelableCreator(Parcel.java:2835)
08-07 20:05:03.543  3662  4369 E Parcel  : 	at android.os.Parcel.readParcelable(Parcel.java:2789)
08-07 20:05:03.543  3662  4369 E Parcel  : 	at android.os.Parcel.readValue(Parcel.java:2692)
08-07 20:05:03.543  3662  4369 E Parcel  : 	at android.os.Parcel.readArrayMapInternal(Parcel.java:3059)
08-07 20:05:03.543  3662  4369 E Parcel  : 	at android.os.BaseBundle.unparcel(BaseBundle.java:257)
08-07 20:05:03.543  3662  4369 E Parcel  : 	at android.os.BaseBundle.getString(BaseBundle.java:1086)
08-07 20:05:03.543  3662  4369 E Parcel  : 	at android.content.Intent.getStringExtra(Intent.java:7706)
08-07 20:05:03.543  3662  4369 E Parcel  : 	at com.android.server.am.ActivityStarter.startActivity(ActivityStarter.java:468)
08-07 20:05:03.543  3662  4369 E Parcel  : 	at com.android.server.am.ActivityStarter.startActivityLocked(ActivityStarter.java:419)
08-07 20:05:03.543  3662  4369 E Parcel  : 	at com.android.server.am.ActivityStarter.startActivityMayWait(ActivityStarter.java:1308)
08-07 20:05:03.543  3662  4369 E Parcel  : 	at com.android.server.am.ActivityManagerService.startActivityAsUser(ActivityManagerService.java:6034)
08-07 20:05:03.543  3662  4369 E Parcel  : 	at com.android.server.am.ActivityManagerService.startActivity(ActivityManagerService.java:5886)
08-07 20:05:03.543  3662  4369 E Parcel  : 	at android.app.IActivityManager$Stub.onTransact(IActivityManager.java:121)
08-07 20:05:03.543  3662  4369 E Parcel  : 	at com.android.server.am.ActivityManagerService.onTransact(ActivityManagerService.java:3862)
08-07 20:05:03.543  3662  4369 E Parcel  : 	at android.os.Binder.execTransact(Binder.java:682)
08-07 20:05:03.543  3662  4369 E Parcel  : Caused by: java.lang.ClassNotFoundException: com.whatsapp.pu
08-07 20:05:03.543  3662  4369 E Parcel  : 	at java.lang.Class.classForName(Native Method)
08-07 20:05:03.543  3662  4369 E Parcel  : 	at java.lang.BootClassLoader.findClass(ClassLoader.java:1355)
08-07 20:05:03.543  3662  4369 E Parcel  : 	at java.lang.BootClassLoader.loadClass(ClassLoader.java:1415)
08-07 20:05:03.543  3662  4369 E Parcel  : 	at java.lang.ClassLoader.loadClass(ClassLoader.java:312)
08-07 20:05:03.543  3662  4369 E Parcel  : 	... 17 more
08-07 20:05:03.543  3662  4369 E Parcel  : Caused by: java.lang.NoClassDefFoundError: Class not found using the boot class loader; no stack trace available
08-07 20:05:03.544  3662  4369 W Bundle  : Failed to parse Bundle, but defusing quietly
08-07 20:05:03.544  3662  4369 W Bundle  : android.os.BadParcelableException: ClassNotFoundException when unmarshalling: com.whatsapp.pu
08-07 20:05:03.544  3662  4369 W Bundle  : 	at android.os.Parcel.readParcelableCreator(Parcel.java:2863)
08-07 20:05:03.544  3662  4369 W Bundle  : 	at android.os.Parcel.readParcelable(Parcel.java:2789)
08-07 20:05:03.544  3662  4369 W Bundle  : 	at android.os.Parcel.readValue(Parcel.java:2692)
08-07 20:05:03.544  3662  4369 W Bundle  : 	at android.os.Parcel.readArrayMapInternal(Parcel.java:3059)
08-07 20:05:03.544  3662  4369 W Bundle  : 	at android.os.BaseBundle.unparcel(BaseBundle.java:257)
08-07 20:05:03.544  3662  4369 W Bundle  : 	at android.os.BaseBundle.getString(BaseBundle.java:1086)
08-07 20:05:03.544  3662  4369 W Bundle  : 	at android.content.Intent.getStringExtra(Intent.java:7706)
08-07 20:05:03.544  3662  4369 W Bundle  : 	at com.android.server.am.ActivityStarter.startActivity(ActivityStarter.java:468)
08-07 20:05:03.544  3662  4369 W Bundle  : 	at com.android.server.am.ActivityStarter.startActivityLocked(ActivityStarter.java:419)
08-07 20:05:03.544  3662  4369 W Bundle  : 	at com.android.server.am.ActivityStarter.startActivityMayWait(ActivityStarter.java:1308)
08-07 20:05:03.544  3662  4369 W Bundle  : 	at com.android.server.am.ActivityManagerService.startActivityAsUser(ActivityManagerService.java:6034)
08-07 20:05:03.544  3662  4369 W Bundle  : 	at com.android.server.am.ActivityManagerService.startActivity(ActivityManagerService.java:5886)
08-07 20:05:03.544  3662  4369 W Bundle  : 	at android.app.IActivityManager$Stub.onTransact(IActivityManager.java:121)
08-07 20:05:03.544  3662  4369 W Bundle  : 	at com.android.server.am.ActivityManagerService.onTransact(ActivityManagerService.java:3862)
08-07 20:05:03.544  3662  4369 W Bundle  : 	at android.os.Binder.execTransact(Binder.java:682)
08-07 20:05:03.785  3314  3314 E SEC_DRM_PLUGIN_Omafl: OmaPlugin::onOpenDecryptSession(fd)::Drm2IsDrmFileByExtFd::file is NOT DRM by extension
08-07 20:05:07.146  4055  4055 W Settings: Setting device_provisioned has moved from android.provider.Settings.Secure to android.provider.Settings.Global.
08-07 20:05:07.155  4055  4055 W SKBD    : ath undefined Enter action code : 1073741828
08-07 20:05:07.222  4055 19731 E SKBD    : XT9Engine updateShiftState() : 2
08-07 20:05:07.233  4055  4055 W SemDesktopModeManager: Desktop Mode feature not available or SemDesktopModeManager not instantiated. Please check Configuration.semDesktopModeEnabled instead.
08-07 20:05:07.255  4055  4055 W SemDesktopModeManager: Desktop Mode feature not available or SemDesktopModeManager not instantiated. Please check Configuration.semDesktopModeEnabled instead.
08-07 20:05:07.255  4055  4055 W SemDesktopModeManager: Desktop Mode feature not available or SemDesktopModeManager not instantiated. Please check Configuration.semDesktopModeEnabled instead.
08-07 20:05:07.256  4055  4055 W SemDesktopModeManager: Desktop Mode feature not available or SemDesktopModeManager not instantiated. Please check Configuration.semDesktopModeEnabled instead.
08-07 20:05:07.256  4055  4055 W SemDesktopModeManager: Desktop Mode feature not available or SemDesktopModeManager not instantiated. Please check Configuration.semDesktopModeEnabled instead.
08-07 20:05:07.259  4055  4055 W SemDesktopModeManager: Desktop Mode feature not available or SemDesktopModeManager not instantiated. Please check Configuration.semDesktopModeEnabled instead.
08-07 20:05:07.275  4055  4055 W SemDesktopModeManager: Desktop Mode feature not available or SemDesktopModeManager not instantiated. Please check Configuration.semDesktopModeEnabled instead.
08-07 20:05:07.275  4055  4055 W SemDesktopModeManager: Desktop Mode feature not available or SemDesktopModeManager not instantiated. Please check Configuration.semDesktopModeEnabled instead.
08-07 20:05:07.275  4055  4055 W SemDesktopModeManager: Desktop Mode feature not available or SemDesktopModeManager not instantiated. Please check Configuration.semDesktopModeEnabled instead.
08-07 20:05:07.276  4055  4055 W SemDesktopModeManager: Desktop Mode feature not available or SemDesktopModeManager not instantiated. Please check Configuration.semDesktopModeEnabled instead.
08-07 20:05:07.403  4055  4055 E SKBD    : XT9Engine ET9AWFillContextBuffer : -26256
08-07 20:05:09.800  3104  3104 E audit   : avc:  denied  { find } for interface=android.hardware.memtrack::IMemtrack pid=19582 scontext=u:r:untrusted_app:s0:c512,c768 tcontext=u:object_r:hal_memtrack_hwservice:s0 tclass=hwservice_manager
08-07 20:05:09.801  3104  3104 E audit   : avc:  denied  { find } for interface=android.hardware.memtrack::IMemtrack pid=19582 scontext=u:r:untrusted_app:s0:c512,c768 tcontext=u:object_r:hal_memtrack_hwservice:s0 tclass=hwservice_manager
08-07 20:05:09.820 19582 19693 E memtrack: Couldn't load memtrack module
08-07 20:05:09.821 19582 19693 W android.os.Debug: failed to get memory consumption info: -1
08-07 20:05:09.938  3662 12118 E memtrack: Couldn't load memtrack module
08-07 20:05:09.938  3662 12118 W android.os.Debug: failed to get memory consumption info: -1
08-07 20:05:10.084  4055  4055 E SKBD    : AbstractKeyboardView Dismiss keyPreviewView is null
08-07 20:05:11.714  4055  4055 E SKBD    : AbstractKeyboardView Dismiss keyPreviewView is null
08-07 20:05:13.474  3662  3679 E memtrack: Couldn't load memtrack module
08-07 20:05:13.474  3662  3679 W android.os.Debug: failed to get memory consumption info: -1
08-07 20:05:13.995  4055  4055 E SKBD    : AbstractKeyboardView Dismiss keyPreviewView is null
08-07 20:05:15.195  4055  4055 W Settings: Setting device_provisioned has moved from android.provider.Settings.Secure to android.provider.Settings.Global.
08-07 20:05:15.201  4055  4055 W SKBD    : ath undefined Enter action code : 1073741828
08-07 20:05:15.210  4055  4055 W SemDesktopModeManager: Desktop Mode feature not available or SemDesktopModeManager not instantiated. Please check Configuration.semDesktopModeEnabled instead.
08-07 20:05:15.212  4055  4055 E SKBD    : bmv get previous
08-07 20:05:15.275  4055  4055 W SemDesktopModeManager: Desktop Mode feature not available or SemDesktopModeManager not instantiated. Please check Configuration.semDesktopModeEnabled instead.
08-07 20:05:15.434  4055  4055 W SemDesktopModeManager: Desktop Mode feature not available or SemDesktopModeManager not instantiated. Please check Configuration.semDesktopModeEnabled instead.
08-07 20:05:15.434  4055  4055 W SemDesktopModeManager: Desktop Mode feature not available or SemDesktopModeManager not instantiated. Please check Configuration.semDesktopModeEnabled instead.
08-07 20:05:15.434  4055  4055 W SemDesktopModeManager: Desktop Mode feature not available or SemDesktopModeManager not instantiated. Please check Configuration.semDesktopModeEnabled instead.
08-07 20:05:15.435  4055  4055 W SemDesktopModeManager: Desktop Mode feature not available or SemDesktopModeManager not instantiated. Please check Configuration.semDesktopModeEnabled instead.
08-07 20:05:15.670 19582 19662 W MediaPlayer: Use of stream types is deprecated for operations other than volume control
08-07 20:05:15.670 19582 19662 W MediaPlayer: See the documentation of setAudioStreamType() for what to use instead with android.media.AudioAttributes to qualify your playback use case
08-07 20:05:15.696  3314  3314 E SEC_DRM_PLUGIN_Omafl: OmaPlugin::onOpenDecryptSession(fd)::Drm2IsDrmFileByExtFd::file is NOT DRM by extension
08-07 20:05:15.736 19582 19687 W MediaPlayerNative: info/warning (10973, 0)
08-07 20:05:15.842  3331  3414 E OMXNodeInstance: getConfig(0xe7624500:SEC.aac.dec, ConfigAndroidVendorExtension(0x6f100004)) ERROR: UnsupportedIndex(0x8000101a)
08-07 20:05:15.858  3188  3188 W /system/bin/hw/android.hidl.allocator@1.0-service: ashmem_create_region(1572864) returning hidl_memory(0x741d02c520, 1572864)
08-07 20:05:15.914  3188  3188 W /system/bin/hw/android.hidl.allocator@1.0-service: ashmem_create_region(1572864) returning hidl_memory(0x741d02c520, 1572864)
08-07 20:05:15.919  3188  3188 W /system/bin/hw/android.hidl.allocator@1.0-service: ashmem_create_region(24576) returning hidl_memory(0x741d02c520, 24576)
08-07 20:05:15.933  3188  3188 W /system/bin/hw/android.hidl.allocator@1.0-service: ashmem_create_region(24576) returning hidl_memory(0x741d02c520, 24576)
08-07 20:05:15.989  3312  7745 W AudioPolicyIntefaceImpl: Skipped to add effects on session 97
08-07 20:05:18.559  3662  3774 E memtrack: Couldn't load memtrack module
08-07 20:05:18.560  3662  3774 W android.os.Debug: failed to get memory consumption info: -1
08-07 20:05:18.641  3662  3774 E memtrack: Couldn't load memtrack module
08-07 20:05:18.641  3662  3774 W android.os.Debug: failed to get memory consumption info: -1
08-07 20:05:19.606  3662 12118 E memtrack: Couldn't load memtrack module
08-07 20:05:19.606  3662 12118 W android.os.Debug: failed to get memory consumption info: -1
08-07 20:05:19.708  3662 12118 E memtrack: Couldn't load memtrack module
08-07 20:05:19.708  3662 12118 W android.os.Debug: failed to get memory consumption info: -1
08-07 20:05:21.172  3312 19838 W libutils.threads: Thread (this=0xedc34730): don't call waitForExit() from this Thread object's thread. It's a guaranteed deadlock!
08-07 20:05:21.889  5110  5271 E ContactsProvider_EventLog: Flush buffer to file cnt : 1 size : 1Kb duration : 2ms lastUpdatedAfter : 20849 ms mFlush_time_threasold : 2000 mCurrentSize : 848
08-07 20:05:23.204  3662  3679 E memtrack: Couldn't load memtrack module
08-07 20:05:23.204  3662  3679 W android.os.Debug: failed to get memory consumption info: -1
08-07 20:05:23.290  4774  8171 W WearableService: onGetService: Wear is not available on this device.
08-07 20:05:23.291  3662  3679 E memtrack: Couldn't load memtrack module
08-07 20:05:23.291  3662  3679 W android.os.Debug: failed to get memory consumption info: -1
08-07 20:05:23.344  3662  3679 E memtrack: Couldn't load memtrack module
08-07 20:05:23.344  3662  3679 W android.os.Debug: failed to get memory consumption info: -1
08-07 20:05:23.388  3662  3679 E memtrack: Couldn't load memtrack module
08-07 20:05:23.388  3662  3679 W android.os.Debug: failed to get memory consumption info: -1
08-07 20:05:23.579  3662  3679 E memtrack: Couldn't load memtrack module
08-07 20:05:23.579  3662  3679 W android.os.Debug: failed to get memory consumption info: -1
08-07 20:05:25.904  5110  5271 E ContactsProvider_EventLog: Flush buffer to file cnt : 1 size : 0Kb duration : 3ms lastUpdatedAfter : 4015 ms mFlush_time_threasold : 2000 mCurrentSize : 204
08-07 20:05:28.297  3662  3679 E memtrack: Couldn't load memtrack module
08-07 20:05:28.297  3662  3679 W android.os.Debug: failed to get memory consumption info: -1
08-07 20:05:28.354  3662  3679 E memtrack: Couldn't load memtrack module
08-07 20:05:28.354  3662  3679 W android.os.Debug: failed to get memory consumption info: -1
08-07 20:05:28.420  3662  3679 E memtrack: Couldn't load memtrack module
08-07 20:05:28.420  3662  3679 W android.os.Debug: failed to get memory consumption info: -1
08-07 20:05:28.469  3662  3679 E memtrack: Couldn't load memtrack module
08-07 20:05:28.469  3662  3679 W android.os.Debug: failed to get memory consumption info: -1
08-07 20:05:28.512  3662  3679 E memtrack: Couldn't load memtrack module
08-07 20:05:28.512  3662  3679 W android.os.Debug: failed to get memory consumption info: -1
08-07 20:05:28.550  3662  3679 E memtrack: Couldn't load memtrack module
08-07 20:05:28.550  3662  3679 W android.os.Debug: failed to get memory consumption info: -1
08-07 20:05:28.585  3662  3679 E memtrack: Couldn't load memtrack module
08-07 20:05:28.585  3662  3679 W android.os.Debug: failed to get memory consumption info: -1
08-07 20:05:37.609  5110  5271 E ContactsProvider_EventLog: Flush buffer to file cnt : 1 size : 0Kb duration : 1ms lastUpdatedAfter : 11705 ms mFlush_time_threasold : 2000 mCurrentSize : 203
08-07 20:05:37.617  3662  3679 E memtrack: Couldn't load memtrack module
08-07 20:05:37.617  3662  3679 W android.os.Debug: failed to get memory consumption info: -1
08-07 20:05:37.705  3662  3679 E memtrack: Couldn't load memtrack module
08-07 20:05:37.705  3662  3679 W android.os.Debug: failed to get memory consumption info: -1
08-07 20:05:54.385  5110  5271 E ContactsProvider_EventLog: Flush buffer to file cnt : 1 size : 0Kb duration : 2ms lastUpdatedAfter : 16776 ms mFlush_time_threasold : 2000 mCurrentSize : 203
08-07 20:06:09.362  3662  3795 E TLC_TIMA_PKM_initialize: tima_pkm : /system/etc/tima/kern_sec_info1
08-07 20:06:09.370  3662  3795 E TLC_TIMA_PKM_initialize: tima_pkm : /system/etc/tima/kern_sec_info2
08-07 20:06:09.377  3662  3795 E TLC_TIMA_PKM_initialize: tima_pkm : /system/etc/tima/kern_sec_info3
08-07 20:06:09.383  3662  3795 E TLC_TIMA_PKM_initialize: tima_pkm : /system/etc/tima/kern_sec_info4
08-07 20:06:09.408  3662  3795 E TLC_TIMA_PKM_initialize: tima_pkm : /system/etc/tima/kern_sec_info5
08-07 20:06:09.414  3662  3795 E TLC_TIMA_PKM_initialize: tima_pkm : /system/etc/tima/kern_sec_info6
08-07 20:06:09.420  3662  3795 E TLC_TIMA_PKM_initialize: tima_pkm : /system/etc/tima/kern_sec_info7
08-07 20:06:09.426  3662  3795 E TLC_TIMA_PKM_initialize: tima_pkm : /system/etc/tima/kern_sec_info8
08-07 20:06:16.103 19582 19662 W MediaPlayer: Use of stream types is deprecated for operations other than volume control
08-07 20:06:16.103 19582 19662 W MediaPlayer: See the documentation of setAudioStreamType() for what to use instead with android.media.AudioAttributes to qualify your playback use case
08-07 20:06:16.141  3314  3314 E SEC_DRM_PLUGIN_Omafl: OmaPlugin::onOpenDecryptSession(fd)::Drm2IsDrmFileByExtFd::file is NOT DRM by extension
08-07 20:06:16.171 19582 19759 W MediaPlayerNative: info/warning (10973, 0)
08-07 20:06:16.208  3331  3413 E OMXNodeInstance: getConfig(0xe7624500:SEC.aac.dec, ConfigAndroidVendorExtension(0x6f100004)) ERROR: UnsupportedIndex(0x8000101a)
08-07 20:06:16.214  3188  3188 W /system/bin/hw/android.hidl.allocator@1.0-service: ashmem_create_region(1572864) returning hidl_memory(0x741d02c520, 1572864)
08-07 20:06:16.220  3188  3188 W /system/bin/hw/android.hidl.allocator@1.0-service: ashmem_create_region(1572864) returning hidl_memory(0x741d02c520, 1572864)
08-07 20:06:16.225  3188  3188 W /system/bin/hw/android.hidl.allocator@1.0-service: ashmem_create_region(24576) returning hidl_memory(0x741d02c520, 24576)
08-07 20:06:16.234  3188  3188 W /system/bin/hw/android.hidl.allocator@1.0-service: ashmem_create_region(24576) returning hidl_memory(0x741d02c520, 24576)
08-07 20:06:16.253  3312  3312 W AudioPolicyIntefaceImpl: Skipped to add effects on session 105
08-07 20:06:19.607  3662  4383 E memtrack: Couldn't load memtrack module
08-07 20:06:19.607  3662  4383 W android.os.Debug: failed to get memory consumption info: -1
08-07 20:06:19.703  3662  4383 E memtrack: Couldn't load memtrack module
08-07 20:06:19.703  3662  4383 W android.os.Debug: failed to get memory consumption info: -1
08-07 20:06:21.255  3312 19875 W libutils.threads: Thread (this=0xedc34730): don't call waitForExit() from this Thread object's thread. It's a guaranteed deadlock!
08-07 20:06:21.997  5110  5271 E ContactsProvider_EventLog: Flush buffer to file cnt : 1 size : 1Kb duration : 1ms lastUpdatedAfter : 27612 ms mFlush_time_threasold : 2000 mCurrentSize : 848
08-07 20:06:26.934 19582 19662 W MediaPlayer: Use of stream types is deprecated for operations other than volume control
08-07 20:06:26.934 19582 19662 W MediaPlayer: See the documentation of setAudioStreamType() for what to use instead with android.media.AudioAttributes to qualify your playback use case
08-07 20:06:26.965  3314  3314 E SEC_DRM_PLUGIN_Omafl: OmaPlugin::onOpenDecryptSession(fd)::Drm2IsDrmFileByExtFd::file is NOT DRM by extension
08-07 20:06:26.989 19582 19687 W MediaPlayerNative: info/warning (10973, 0)
08-07 20:06:27.026  3331  3413 E OMXNodeInstance: getConfig(0xe7624500:SEC.aac.dec, ConfigAndroidVendorExtension(0x6f100004)) ERROR: UnsupportedIndex(0x8000101a)
08-07 20:06:27.030  3188  3188 W /system/bin/hw/android.hidl.allocator@1.0-service: ashmem_create_region(1572864) returning hidl_memory(0x741d02c520, 1572864)
08-07 20:06:27.035  3188  3188 W /system/bin/hw/android.hidl.allocator@1.0-service: ashmem_create_region(1572864) returning hidl_memory(0x741d02c520, 1572864)
08-07 20:06:27.037  3188  3188 W /system/bin/hw/android.hidl.allocator@1.0-service: ashmem_create_region(24576) returning hidl_memory(0x741d02c520, 24576)
08-07 20:06:27.048  3188  3188 W /system/bin/hw/android.hidl.allocator@1.0-service: ashmem_create_region(24576) returning hidl_memory(0x741d02c520, 24576)
08-07 20:06:27.071  3312 19889 W AudioPolicyIntefaceImpl: Skipped to add effects on session 113
08-07 20:06:32.073  3312 19899 W libutils.threads: Thread (this=0xedc34730): don't call waitForExit() from this Thread object's thread. It's a guaranteed deadlock!
08-07 20:06:50.904 19911 19911 E Zygote  : isWhitelistProcess - Process is Whitelisted
08-07 20:06:50.910 19911 19911 W SELinux : SELinux selinux_android_compute_policy_index : Policy Index[2],  Con:u:r:zygote:s0 RAM:SEPF_SM-G935F_8.0.0_0011, [-1 -1 -1 -1 0 1]
08-07 20:06:51.057 19911 19911 E TlcTui  : TUI_IO_DISPLAY_NOTIFY ioctl failed with errno Not a typewriter.
08-07 20:06:51.057 19911 19911 E TlcTuiJni: tlcNotifyEvent: failed to notify an event!
08-07 20:06:51.057 19911 19911 E TuiService: display, notifyEvent failed!
08-07 20:06:52.055  4774  4774 W ChimeraUtils: Non Chimera context
08-07 20:06:52.055  4774  4774 W ChimeraUtils: Non Chimera context
08-07 20:07:14.724  5378 15399 E SQLiteCastStore: Skip saving CastDeviceInfo: "Gerät in der Nähe" (__cast_nearby___V_435f9d2b-1136-44bb-bd31-76e9a6cb0bb1)
08-07 20:07:15.117  4076  4076 E KeyguardFingerPrint: updateFingerprintListeningState#mFingerprintRunningState=0 shouldListenForFingerprint=false
08-07 20:07:15.123  4055  4055 E SKBD    : ayn getInstance start
08-07 20:07:15.124  4055  4055 E SKBD    : ayn sendSIPInformation state: 6   isAbstractKeyboardView :  true
08-07 20:07:15.127  4055 19940 E SKBD    : ayn sending null keyboardInfo as SIP is closed
08-07 20:07:15.136  4055  4055 W Settings: Setting device_provisioned has moved from android.provider.Settings.Secure to android.provider.Settings.Global.
08-07 20:07:15.153  4055  4055 W SKBD    : ath undefined Enter action code : 1073741828
08-07 20:07:15.210 19582 19582 W IInputConnectionWrapper: getCursorCapsMode on inactive InputConnection
08-07 20:07:15.212  4055 19941 E SKBD    : XT9Engine updateShiftState() : 2
08-07 20:07:15.213  3662  4044 W CAE     : unregisterCallback(ContextAwareService.java:217) - [unregi 01] Mutex is locked for AUTO_BRIGHTNESS
08-07 20:07:15.218  3199  3199 E Sensors : inject_scontext_data: New ssp_data_injection_fd(27)
08-07 20:07:15.236  3662  4044 W CAE     : unregisterCallback(ContextAwareService.java:252) - [unregi 02] Mutex is unlocked for AUTO_BRIGHTNESS
08-07 20:07:15.241  4055  4055 W SemDesktopModeManager: Desktop Mode feature not available or SemDesktopModeManager not instantiated. Please check Configuration.semDesktopModeEnabled instead.
08-07 20:07:15.271 19582 19582 W IInputConnectionWrapper: getCursorCapsMode on inactive InputConnection
08-07 20:07:15.276  4055  4055 W SemDesktopModeManager: Desktop Mode feature not available or SemDesktopModeManager not instantiated. Please check Configuration.semDesktopModeEnabled instead.
08-07 20:07:15.276  4055  4055 W SemDesktopModeManager: Desktop Mode feature not available or SemDesktopModeManager not instantiated. Please check Configuration.semDesktopModeEnabled instead.
08-07 20:07:15.276  4055  4055 W SemDesktopModeManager: Desktop Mode feature not available or SemDesktopModeManager not instantiated. Please check Configuration.semDesktopModeEnabled instead.
08-07 20:07:15.277  4055  4055 W SemDesktopModeManager: Desktop Mode feature not available or SemDesktopModeManager not instantiated. Please check Configuration.semDesktopModeEnabled instead.
08-07 20:07:15.278  4055  4055 W SemDesktopModeManager: Desktop Mode feature not available or SemDesktopModeManager not instantiated. Please check Configuration.semDesktopModeEnabled instead.
08-07 20:07:15.349  4055  4055 W SemDesktopModeManager: Desktop Mode feature not available or SemDesktopModeManager not instantiated. Please check Configuration.semDesktopModeEnabled instead.
08-07 20:07:15.349  4055  4055 W SemDesktopModeManager: Desktop Mode feature not available or SemDesktopModeManager not instantiated. Please check Configuration.semDesktopModeEnabled instead.
08-07 20:07:15.349  4055  4055 W SemDesktopModeManager: Desktop Mode feature not available or SemDesktopModeManager not instantiated. Please check Configuration.semDesktopModeEnabled instead.
08-07 20:07:15.351  4055  4055 W SemDesktopModeManager: Desktop Mode feature not available or SemDesktopModeManager not instantiated. Please check Configuration.semDesktopModeEnabled instead.
08-07 20:07:15.354 19582 19582 W IInputConnectionWrapper: getSelectedText on inactive InputConnection
08-07 20:07:15.355 19582 19582 W IInputConnectionWrapper: getTextBeforeCursor on inactive InputConnection
08-07 20:07:15.357 19582 19582 W IInputConnectionWrapper: getTextAfterCursor on inactive InputConnection
08-07 20:07:15.632  3662  3679 E memtrack: Couldn't load memtrack module
08-07 20:07:15.632  3662  3679 W android.os.Debug: failed to get memory consumption info: -1
08-07 20:07:15.676  3199  3199 E Sensors : inject_scontext_data: New ssp_data_injection_fd(27)
08-07 20:07:15.681  3199  3199 E Sensors : inject_scontext_data: New ssp_data_injection_fd(27)
08-07 20:07:15.798  3662  4383 E memtrack: Couldn't load memtrack module
08-07 20:07:15.798  3662  4383 W android.os.Debug: failed to get memory consumption info: -1
08-07 20:07:15.861  4076  4076 E KeyguardFingerPrint: updateFingerprintListeningState#mFingerprintRunningState=0 shouldListenForFingerprint=false
08-07 20:07:16.050  9227  9408 W bt_btm  : btm_ble_disable_resolving_list() rl_state = 0x1b, rl_mask = 0x2, to_resume = 1
08-07 20:07:16.076  9227  9306 E BtGatt.GattService: [GSIM LOG]: gsimLogHandler, msg: MESSAGE_SCAN_STOP, appName: android.uid.bcmgr, scannerId: 4, reportDelayMillis=0
08-07 20:07:16.093  3662  3774 E memtrack: Couldn't load memtrack module
08-07 20:07:16.093  3662  3774 W android.os.Debug: failed to get memory consumption info: -1
08-07 20:07:16.134  3662  3774 E memtrack: Couldn't load memtrack module
08-07 20:07:16.134  3662  3774 W android.os.Debug: failed to get memory consumption info: -1
08-07 20:07:16.175  9227  9306 E BtGatt.GattService: [GSIM LOG]: gsimLogHandler, msg: MESSAGE_SCAN_START, appName: android.uid.bcmgr, scannerId: 4, reportDelayMillis=0
08-07 20:07:16.195  9227  9296 E BtGatt.ScanManager: default value of curScanSetting 0 is choosen
08-07 20:07:16.195  9227  9408 W bt_btm  : btm_ble_enable_resolving_list() rl_state = 0x19, rl_mask = 0x2
08-07 20:07:16.196  9227  9408 W bt_btm  : btm_ble_disable_resolving_list() rl_state = 0x1b, rl_mask = 0x2, to_resume = 1
08-07 20:07:16.196  9227  9408 W bt_btm  : btm_ble_enable_resolving_list() rl_state = 0x19, rl_mask = 0x2
08-07 20:07:19.607  3662  4383 E memtrack: Couldn't load memtrack module
08-07 20:07:19.608  3662  4383 W android.os.Debug: failed to get memory consumption info: -1
08-07 20:07:19.749  3662  4383 E memtrack: Couldn't load memtrack module
08-07 20:07:19.749  3662  4383 W android.os.Debug: failed to get memory consumption info: -1
08-07 20:07:20.316  4076  4076 W SamsungAnalytics: [SamsungAnalytics] Attempt to invoke virtual method 'int com.samsung.context.sdk.samsunganalytics.a.b.a(java.util.Map)' on a null object reference
08-07 20:07:20.333  4076  4076 E KeyguardFingerPrint: updateFingerprintListeningState#mFingerprintRunningState=0 shouldListenForFingerprint=false
08-07 20:07:20.422  4076  4076 E KeyguardFingerPrint: updateFingerprintListeningState#mFingerprintRunningState=0 shouldListenForFingerprint=false
08-07 20:07:22.140  5110  5271 E ContactsProvider_EventLog: Flush buffer to file cnt : 1 size : 1Kb duration : 2ms lastUpdatedAfter : 60142 ms mFlush_time_threasold : 2000 mCurrentSize : 825
08-07 20:07:29.818  3662  3679 E memtrack: Couldn't load memtrack module
08-07 20:07:29.818  3662  3679 W android.os.Debug: failed to get memory consumption info: -1
08-07 20:07:40.604  3662  3679 E memtrack: Couldn't load memtrack module
08-07 20:07:40.605  3662  3679 W android.os.Debug: failed to get memory consumption info: -1
08-07 20:07:40.734  3662  3679 E memtrack: Couldn't load memtrack module
08-07 20:07:40.734  3662  3679 W android.os.Debug: failed to get memory consumption info: -1
08-07 20:08:17.227 10682 10682 E SPPClientService: [[PushClientService]] reqType : 0
08-07 20:08:17.244 10682 10682 E SPPClientService: [[PushClientService]] F:false, D:false, E:false, T:false, S:true, R:false
08-07 20:08:17.349 10682 10713 E SPPClientService: [b] __PingReply__
08-07 20:08:17.467 11361 11361 E LLog    : For input string: "4C7"
08-07 20:08:17.472 11361 11361 E LLog    : For input string: "4C7"
08-07 20:08:19.607  3662  4870 E memtrack: Couldn't load memtrack module
08-07 20:08:19.608  3662  4870 W android.os.Debug: failed to get memory consumption info: -1
08-07 20:08:19.750  3662  4870 E memtrack: Couldn't load memtrack module
08-07 20:08:19.750  3662  4870 W android.os.Debug: failed to get memory consumption info: -1
08-07 20:08:22.235  5110  5271 E ContactsProvider_EventLog: Flush buffer to file cnt : 1 size : 1Kb duration : 2ms lastUpdatedAfter : 60095 ms mFlush_time_threasold : 2000 mCurrentSize : 825
08-07 20:08:30.835  5378  6435 E SQLiteCastStore: Skip saving CastDeviceInfo: "Gerät in der Nähe" (__cast_nearby___V_435f9d2b-1136-44bb-bd31-76e9a6cb0bb1)
08-07 20:09:00.813  3662  3679 E memtrack: Couldn't load memtrack module
08-07 20:09:00.814  3662  3679 W android.os.Debug: failed to get memory consumption info: -1
08-07 20:09:19.610  3662  4958 E memtrack: Couldn't load memtrack module
08-07 20:09:19.610  3662  4958 W android.os.Debug: failed to get memory consumption info: -1
08-07 20:09:19.753  3662  4958 E memtrack: Couldn't load memtrack module
08-07 20:09:19.753  3662  4958 W android.os.Debug: failed to get memory consumption info: -1
08-07 20:09:22.375  5110  5271 E ContactsProvider_EventLog: Flush buffer to file cnt : 1 size : 1Kb duration : 2ms lastUpdatedAfter : 60140 ms mFlush_time_threasold : 2000 mCurrentSize : 825
08-07 20:10:00.091 20006 20006 E Zygote  : isWhitelistProcess - Process is Whitelisted
08-07 20:10:00.098 20006 20006 W SELinux : SELinux selinux_android_compute_policy_index : Policy Index[2],  Con:u:r:zygote:s0 RAM:SEPF_SM-G935F_8.0.0_0011, [-1 -1 -1 -1 0 1]
08-07 20:10:19.610  3662  4958 E memtrack: Couldn't load memtrack module
