08-07 16:19:41.036  3665  3684 E memtrack: Couldn't load memtrack module
08-07 16:19:41.036  3665  3684 W android.os.Debug: failed to get memory consumption info: -1
08-07 16:19:41.040  4073  4073 W View    : requestLayout() improperly called by android.widget.TextView{9d3e88 V.ED..... ......ID 0,2440-1440,2560 #7f0a03a2 app:id/notification_panel_carrier_label} during layout: running second layout pass
08-07 16:19:41.043  3665  3684 E memtrack: Couldn't load memtrack module
08-07 16:19:41.043  3665  3684 W android.os.Debug: failed to get memory consumption info: -1
08-07 16:19:41.048  3665  3684 E memtrack: Couldn't load memtrack module
08-07 16:19:41.048  3665  3684 W android.os.Debug: failed to get memory consumption info: -1
08-07 16:19:41.051  3665  3684 E memtrack: Couldn't load memtrack module
08-07 16:19:41.051  3665  3684 W android.os.Debug: failed to get memory consumption info: -1
08-07 16:19:41.053  3665  3684 E memtrack: Couldn't load memtrack module
08-07 16:19:41.053  3665  3684 W android.os.Debug: failed to get memory consumption info: -1
08-07 16:19:41.055  3665  3684 E memtrack: Couldn't load memtrack module
08-07 16:19:41.055  3665  3684 W android.os.Debug: failed to get memory consumption info: -1
08-07 16:19:41.058  3665  3684 E memtrack: Couldn't load memtrack module
08-07 16:19:41.058  3665  3684 W android.os.Debug: failed to get memory consumption info: -1
08-07 16:19:41.060  3665  3684 E memtrack: Couldn't load memtrack module
08-07 16:19:41.061  3665  3684 W android.os.Debug: failed to get memory consumption info: -1
08-07 16:19:41.062  4073  4442 W Tile.CustomTile: handleUpdateState : hasPendingBind Smart View
08-07 16:19:41.063  3665  3684 E memtrack: Couldn't load memtrack module
08-07 16:19:41.063  3665  3684 W android.os.Debug: failed to get memory consumption info: -1
08-07 16:19:41.065  3665  3684 E memtrack: Couldn't load memtrack module
08-07 16:19:41.065  3665  3684 W android.os.Debug: failed to get memory consumption info: -1
08-07 16:19:41.067  3665  3684 E memtrack: Couldn't load memtrack module
08-07 16:19:41.067  3665  3684 W android.os.Debug: failed to get memory consumption info: -1
08-07 16:19:41.068  3665  3684 E memtrack: Couldn't load memtrack module
08-07 16:19:41.069  3665  3684 W android.os.Debug: failed to get memory consumption info: -1
08-07 16:19:41.071  4073  4442 W Tile.CustomTile: handleUpdateState : hasPendingBind Telefon-
08-07 16:19:41.071  4073  4442 W Tile.CustomTile: sichtb.
08-07 16:19:41.072  3665  3684 E memtrack: Couldn't load memtrack module
08-07 16:19:41.072  3288  3288 E audit   : type=1400 audit(1533651581.057:928): avc:  denied  { read } for  pid=20379 comm="na:notification" name="vmstat" dev="proc" ino=4026534965 scontext=u:r:untrusted_app_25:s0:c512,c768 tcontext=u:object_r:proc:s0 tclass=file permissive=0 SEPF_SM-G935F_8.0.0_0011 audit_filtered
08-07 16:19:41.072  3665  3684 W android.os.Debug: failed to get memory consumption info: -1
08-07 16:19:41.073  3665  3684 E memtrack: Couldn't load memtrack module
08-07 16:19:41.073  3665  3684 W android.os.Debug: failed to get memory consumption info: -1
08-07 16:19:41.076  3665  3684 E memtrack: Couldn't load memtrack module
08-07 16:19:41.076  3665  3684 W android.os.Debug: failed to get memory consumption info: -1
08-07 16:19:41.078  3665  3684 E memtrack: Couldn't load memtrack module
08-07 16:19:41.078  3665  3684 W android.os.Debug: failed to get memory consumption info: -1
08-07 16:19:41.079  4073  4442 W Tile.CustomTile: handleUpdateState : hasPendingBind Sync
08-07 16:19:41.080  3665  3684 E memtrack: Couldn't load memtrack module
08-07 16:19:41.080  3665  3684 W android.os.Debug: failed to get memory consumption info: -1
08-07 16:19:41.081  4073  4442 W Tile.CustomTile: handleUpdateState : hasPendingBind Seitenlicht
08-07 16:19:41.085 20379 20379 W Process : Unable to open /proc/vmstat
08-07 16:19:41.098  3665  3684 E memtrack: Couldn't load memtrack module
08-07 16:19:41.098  3665  3684 W android.os.Debug: failed to get memory consumption info: -1
08-07 16:19:41.100  3665  3684 E memtrack: Couldn't load memtrack module
08-07 16:19:41.100  3665  3684 W android.os.Debug: failed to get memory consumption info: -1
08-07 16:19:41.101  3665  3684 E memtrack: Couldn't load memtrack module
08-07 16:19:41.101  3665  3684 W android.os.Debug: failed to get memory consumption info: -1
08-07 16:19:41.103  3665  3684 E memtrack: Couldn't load memtrack module
08-07 16:19:41.103  3665  3684 W android.os.Debug: failed to get memory consumption info: -1
08-07 16:19:41.104  3665  3684 E memtrack: Couldn't load memtrack module
08-07 16:19:41.104  3665  3684 W android.os.Debug: failed to get memory consumption info: -1
08-07 16:19:41.112  3665  3684 E memtrack: Couldn't load memtrack module
08-07 16:19:41.112  3665  3684 W android.os.Debug: failed to get memory consumption info: -1
08-07 16:19:41.132  3288  3288 E audit   : type=1400 audit(1533651581.117:929): avc:  denied  { read } for  pid=20379 comm="AppStateLoggerT" name="zoneinfo" dev="proc" ino=4026534966 scontext=u:r:untrusted_app_25:s0:c512,c768 tcontext=u:object_r:proc_zoneinfo:s0 tclass=file permissive=0 SEPF_SM-G935F_8.0.0_0011 audit_filtered
08-07 16:19:41.133 20379 20411 E MemProcWatermarkReader: java.io.FileNotFoundException: /proc/zoneinfo
08-07 16:19:41.140  3665  3684 E memtrack: Couldn't load memtrack module
08-07 16:19:41.140  3665  3684 W android.os.Debug: failed to get memory consumption info: -1
08-07 16:19:41.160 20379 20379 E ACRA    : Skipping ANR Detector for process: com.facebook.katana:notification
08-07 16:19:41.174  3665  3684 E memtrack: Couldn't load memtrack module
08-07 16:19:41.174  3665  3684 W android.os.Debug: failed to get memory consumption info: -1
08-07 16:19:41.187 20379 20379 W SoLoader: context.getApplicationContext returned null, holding reference to original context.
08-07 16:19:41.191 20379 20379 W SoLoader: context.getApplicationContext returned null, holding reference to original context.
08-07 16:19:41.195 20393 20393 E [WeatherWidget(157517@7)] : {[725A0A516BCE31C13197AE64939B179F83C1D0E44AEFE6F4891068C20ADB01362D4F2962A63AF3DA3D441E9BC4D7A727DB55876CCB27697F8391B803632963D58A2C38650618A7D20C97C696F4016FEB]}
08-07 16:19:41.195 20393 20393 E [WeatherWidget(157517@7)] : {[725A0A516BCE31C13197AE64939B179F83C1D0E44AEFE6F4891068C20ADB01362D4F2962A63AF3DA3D441E9BC4D7A727ACAF9EC0B11452B87ED39ECF6EEFCF07F9ECD3B95D475F1CA62802963F52F6AF]}
08-07 16:19:41.196 20393 20393 E [WeatherWidget(157517@7)] : {[725A0A516BCE31C13197AE64939B179F83C1D0E44AEFE6F4891068C20ADB01362D4F2962A63AF3DA3D441E9BC4D7A727F14F341F02F6FA5CA275E91BAC70CD0EF578B0754C6AAA1E553E6252AE3DAD88]}
08-07 16:19:41.204  5000  5000 W StaticLayout: maxLineHeight should not be -1.  maxLines:1 lineCount:1
08-07 16:19:41.205  5000  5000 W StaticLayout: maxLineHeight should not be -1.  maxLines:1 lineCount:1
08-07 16:19:41.205  3665  3684 E memtrack: Couldn't load memtrack module
08-07 16:19:41.205  3665  3684 W android.os.Debug: failed to get memory consumption info: -1
08-07 16:19:41.205  5000  5000 W StaticLayout: maxLineHeight should not be -1.  maxLines:1 lineCount:1
08-07 16:19:41.206  5000  5000 W StaticLayout: maxLineHeight should not be -1.  maxLines:1 lineCount:1
08-07 16:19:41.206  5000  5000 W StaticLayout: maxLineHeight should not be -1.  maxLines:1 lineCount:1
08-07 16:19:41.207  5000  5000 W StaticLayout: maxLineHeight should not be -1.  maxLines:1 lineCount:1
08-07 16:19:41.208  5000  5000 W StaticLayout: maxLineHeight should not be -1.  maxLines:1 lineCount:1
08-07 16:19:41.208  5000  5000 W StaticLayout: maxLineHeight should not be -1.  maxLines:1 lineCount:1
08-07 16:19:41.229 20393 20393 E [WeatherWidget(157517@7)] : {[725A0A516BCE31C13197AE64939B179F83C1D0E44AEFE6F4891068C20ADB01362D4F2962A63AF3DA3D441E9BC4D7A727DB55876CCB27697F8391B803632963D58A2C38650618A7D20C97C696F4016FEB]}
08-07 16:19:41.229 20393 20393 E [WeatherWidget(157517@7)] : {[725A0A516BCE31C13197AE64939B179F83C1D0E44AEFE6F4891068C20ADB01362D4F2962A63AF3DA3D441E9BC4D7A727ACAF9EC0B11452B87ED39ECF6EEFCF07F9ECD3B95D475F1CA62802963F52F6AF]}
08-07 16:19:41.229 20393 20393 E [WeatherWidget(157517@7)] : {[725A0A516BCE31C13197AE64939B179F83C1D0E44AEFE6F4891068C20ADB01362D4F2962A63AF3DA3D441E9BC4D7A727F14F341F02F6FA5CA275E91BAC70CD0EF578B0754C6AAA1E553E6252AE3DAD88]}
08-07 16:19:41.243  3665  3684 E memtrack: Couldn't load memtrack module
08-07 16:19:41.243  3665  3684 W android.os.Debug: failed to get memory consumption info: -1
08-07 16:19:41.250 20393 20393 W [WeatherWidget(157517@7)] : {[D649FEFC84D9836056986248672CF7AF5F88A786E255C2299291923CD543EAE98C499CE73B3080746D1828C63E0742C29FB2B5494FDA3F4D8B3C440AC917252A704C09DBE3F5C31DE0E734603991AE19]}
08-07 16:19:41.251 20393 20418 W [WeatherWidget(157517@7)] : {[D649FEFC84D9836056986248672CF7AF5F88A786E255C2299291923CD543EAE98C499CE73B3080746D1828C63E0742C29FB2B5494FDA3F4D8B3C440AC917252A704C09DBE3F5C31DE0E734603991AE19]}
08-07 16:19:41.265 20393 20393 E [WeatherWidget(157517@7)] : {[30B055765757A91C118A3DE711976767E72D3DD06BA5E0415446BD4617FE79CB732D0FDB7199E5E9A7570116D3070AC3399D75DBD61280FADB921FA4A093AF8F]}
08-07 16:19:41.272  3665  3684 E memtrack: Couldn't load memtrack module
08-07 16:19:41.272  3665  3684 W android.os.Debug: failed to get memory consumption info: -1
08-07 16:19:41.299  3665  3684 E memtrack: Couldn't load memtrack module
08-07 16:19:41.299  3665  3684 W android.os.Debug: failed to get memory consumption info: -1
08-07 16:19:41.299  5000  5257 W OpenGLRenderer: Incorrectly called buildLayer on View: WorkspaceCellLayoutChildren, destroying layer...
08-07 16:19:41.299  5000  5257 W OpenGLRenderer: Incorrectly called buildLayer on View: WorkspaceCellLayoutChildren, destroying layer...
08-07 16:19:41.307  3100  3100 E audit   : avc:  denied  { find } for interface=android.hardware.memtrack::IMemtrack pid=20379 scontext=u:r:untrusted_app_25:s0:c512,c768 tcontext=u:object_r:hal_memtrack_hwservice:s0 tclass=hwservice_manager
08-07 16:19:41.308  3100  3100 E audit   : avc:  denied  { find } for interface=android.hardware.memtrack::IMemtrack pid=20379 scontext=u:r:untrusted_app_25:s0:c512,c768 tcontext=u:object_r:hal_memtrack_hwservice:s0 tclass=hwservice_manager
08-07 16:19:41.309 20379 20416 E memtrack: Couldn't load memtrack module
08-07 16:19:41.309 20379 20416 W android.os.Debug: failed to get memory consumption info: -1
08-07 16:19:41.326  3665  3684 E memtrack: Couldn't load memtrack module
08-07 16:19:41.326  3665  3684 W android.os.Debug: failed to get memory consumption info: -1
08-07 16:19:41.353  3665  3684 E memtrack: Couldn't load memtrack module
08-07 16:19:41.353  3665  3684 W android.os.Debug: failed to get memory consumption info: -1
08-07 16:19:41.377  3665  3684 E memtrack: Couldn't load memtrack module
08-07 16:19:41.377  3665  3684 W android.os.Debug: failed to get memory consumption info: -1
08-07 16:19:41.386 20393 20418 E [WeatherWidget(157517@7)] : {[BFF8C07F5E98849D0F8286A9BD433BEC5F7E7B0E4EFA4F7B66F69E42C25B27FC403C5BE252CCE6B004E73B08611868A674F6113CFEEE2A8E08C231EA7F01E4F4728846292B02E6B6D1E4E56BF74F5BC6]}
08-07 16:19:41.404  3665  3684 E memtrack: Couldn't load memtrack module
08-07 16:19:41.404  3665  3684 W android.os.Debug: failed to get memory consumption info: -1
08-07 16:19:41.429  3665  3684 E memtrack: Couldn't load memtrack module
08-07 16:19:41.429  3665  3684 W android.os.Debug: failed to get memory consumption info: -1
08-07 16:19:41.447 20379 20379 W dalvik-internals: ignoring failure to find _ZN3art12FaultManager35EnsureArtActionInFrontOfSignalChainEv: could not hook _ZN3art12FaultManager35EnsureArtActionInFrontOfSignalChainEv
08-07 16:19:41.462  3665  3684 E memtrack: Couldn't load memtrack module
08-07 16:19:41.462  3665  3684 W android.os.Debug: failed to get memory consumption info: -1
08-07 16:19:41.465 20393 20393 E [WeatherWidget(157517@7)] : {[30B055765757A91C118A3DE711976767E72D3DD06BA5E0415446BD4617FE79CB732D0FDB7199E5E9A7570116D3070AC3399D75DBD61280FADB921FA4A093AF8F]}
08-07 16:19:41.489  3665  3684 E memtrack: Couldn't load memtrack module
08-07 16:19:41.489  3665  3684 W android.os.Debug: failed to get memory consumption info: -1
08-07 16:19:41.489 20446 20446 E Zygote  : isWhitelistProcess - Process is Whitelisted
08-07 16:19:41.492 20446 20446 W SELinux : SELinux selinux_android_compute_policy_index : Policy Index[2],  Con:u:r:zygote:s0 RAM:SEPF_SM-G935F_8.0.0_0011, [-1 -1 -1 -1 0 1]
08-07 16:19:41.514  3665  3684 E memtrack: Couldn't load memtrack module
08-07 16:19:41.514  3665  3684 W android.os.Debug: failed to get memory consumption info: -1
08-07 16:19:41.539  3665  3684 E memtrack: Couldn't load memtrack module
08-07 16:19:41.539  3665  3684 W android.os.Debug: failed to get memory consumption info: -1
08-07 16:19:41.564  3665  3684 E memtrack: Couldn't load memtrack module
08-07 16:19:41.564  3665  3684 W android.os.Debug: failed to get memory consumption info: -1
08-07 16:19:41.594  3665  3684 E memtrack: Couldn't load memtrack module
08-07 16:19:41.594  3665  3684 W android.os.Debug: failed to get memory consumption info: -1
08-07 16:19:41.605 20446 20446 W Process : Unable to open /proc/vmstat
08-07 16:19:41.605  3288  3288 E audit   : type=1400 audit(1533651581.587:930): avc:  denied  { read } for  pid=20446 comm="ca:notification" name="vmstat" dev="proc" ino=4026534965 scontext=u:r:untrusted_app_25:s0:c512,c768 tcontext=u:object_r:proc:s0 tclass=file permissive=0 SEPF_SM-G935F_8.0.0_0011 audit_filtered
08-07 16:19:41.618 20446 20446 W Process : Unable to open /proc/vmstat
08-07 16:19:41.618  3288  3288 E audit   : type=1400 audit(1533651581.607:931): avc:  denied  { read } for  pid=20446 comm="ca:notification" name="vmstat" dev="proc" ino=4026534965 scontext=u:r:untrusted_app_25:s0:c512,c768 tcontext=u:object_r:proc:s0 tclass=file permissive=0 SEPF_SM-G935F_8.0.0_0011 audit_filtered
08-07 16:19:41.619  3665  3684 E memtrack: Couldn't load memtrack module
08-07 16:19:41.619  3665  3684 W android.os.Debug: failed to get memory consumption info: -1
08-07 16:19:41.638  3288  3288 E audit   : type=1400 audit(1533651581.627:932): avc:  denied  { read } for  pid=20446 comm="AppStateLoggerT" name="zoneinfo" dev="proc" ino=4026534966 scontext=u:r:untrusted_app_25:s0:c512,c768 tcontext=u:object_r:proc_zoneinfo:s0 tclass=file permissive=0 SEPF_SM-G935F_8.0.0_0011 audit_filtered
08-07 16:19:41.638 20446 20461 E MemProcWatermarkReader: java.io.FileNotFoundException: /proc/zoneinfo
08-07 16:19:41.647  3665  3684 E memtrack: Couldn't load memtrack module
08-07 16:19:41.647  3665  3684 W android.os.Debug: failed to get memory consumption info: -1
08-07 16:19:41.658 20446 20446 E ACRA    : Skipping ANR Detector for process: com.facebook.orca:notification
08-07 16:19:41.666 20446 20446 W SoLoader: context.getApplicationContext returned null, holding reference to original context.
08-07 16:19:41.672  3665  3684 E memtrack: Couldn't load memtrack module
08-07 16:19:41.672  3665  3684 W android.os.Debug: failed to get memory consumption info: -1
08-07 16:19:41.707  3665  3684 E memtrack: Couldn't load memtrack module
08-07 16:19:41.707  3665  3684 W android.os.Debug: failed to get memory consumption info: -1
08-07 16:19:41.737  3665  3684 E memtrack: Couldn't load memtrack module
08-07 16:19:41.737  3665  3684 W android.os.Debug: failed to get memory consumption info: -1
08-07 16:19:41.764  3665  3684 E memtrack: Couldn't load memtrack module
08-07 16:19:41.764  3665  3684 W android.os.Debug: failed to get memory consumption info: -1
08-07 16:19:41.789  3665  3684 E memtrack: Couldn't load memtrack module
08-07 16:19:41.789  3665  3684 W android.os.Debug: failed to get memory consumption info: -1
08-07 16:19:41.814  3665  3684 E memtrack: Couldn't load memtrack module
08-07 16:19:41.814  3665  3684 W android.os.Debug: failed to get memory consumption info: -1
08-07 16:19:41.838  3665  3684 E memtrack: Couldn't load memtrack module
08-07 16:19:41.838  3665  3684 W android.os.Debug: failed to get memory consumption info: -1
08-07 16:19:41.894 20446 20446 W dalvik-internals: ignoring failure to find _ZN3art12FaultManager35EnsureArtActionInFrontOfSignalChainEv: could not hook _ZN3art12FaultManager35EnsureArtActionInFrontOfSignalChainEv
08-07 16:19:41.899 20446 20446 W Process : Unable to open /proc/vmstat
08-07 16:19:41.899  3288  3288 E audit   : type=1400 audit(1533651581.887:933): avc:  denied  { read } for  pid=20446 comm="ca:notification" name="vmstat" dev="proc" ino=4026534965 scontext=u:r:untrusted_app_25:s0:c512,c768 tcontext=u:object_r:proc:s0 tclass=file permissive=0 SEPF_SM-G935F_8.0.0_0011 audit_filtered
08-07 16:19:41.940  7304 20475 W MDM     : [1793] abya.c: enableNfc
08-07 16:19:41.941  7304 20475 W MDM     : [1793] abya.c: EnableNfc flag is true
08-07 16:19:41.962 20479 20479 E Zygote  : isWhitelistProcess - Process is Whitelisted
08-07 16:19:41.965 20479 20479 W SELinux : SELinux selinux_android_compute_policy_index : Policy Index[2],  Con:u:r:zygote:s0 RAM:SEPF_SM-G935F_8.0.0_0011, [-1 -1 -1 -1 0 1]
08-07 16:19:42.004  3288  3288 E audit   : type=1400 audit(1533651581.987:934): avc:  denied  { write } for  pid=20479 comm="ng.android.lool" name="com.samsung.android.lool-1" dev="dm-1" ino=652941 scontext=u:r:system_app:s0 tcontext=u:object_r:apk_data_file:s0 tclass=dir permissive=0 SEPF_SM-G935F_8.0.0_0011 audit_filtered
08-07 16:19:42.004  3288  3288 E audit   : type=1400 audit(1533651581.987:935): avc:  denied  { write } for  pid=20479 comm="ng.android.lool" name="com.samsung.android.lool-1" dev="dm-1" ino=652941 scontext=u:r:system_app:s0 tcontext=u:object_r:apk_data_file:s0 tclass=dir permissive=0 SEPF_SM-G935F_8.0.0_0011 audit_filtered
08-07 16:19:42.113 20503 20503 E Zygote  : isWhitelistProcess - Process is Whitelisted
08-07 16:19:42.115 20503 20503 W SELinux : SELinux selinux_android_compute_policy_index : Policy Index[2],  Con:u:r:zygote:s0 RAM:SEPF_SM-G935F_8.0.0_0011, [-1 -1 -1 -1 0 1]
08-07 16:19:42.948  7304  7576 W DatabaseProcessor: Exiting Adaptive Discovery. Current NetworkInfo is NULL.
08-07 16:19:43.476  3665  7191 E NotificationService: notification pkg : com.devuni.flashlight has too high data size(323180) above 100000
08-07 16:19:43.506  3665  3777 E memtrack: Couldn't load memtrack module
08-07 16:19:43.506  3665  3777 W android.os.Debug: failed to get memory consumption info: -1
08-07 16:19:43.573  3665  3777 E memtrack: Couldn't load memtrack module
08-07 16:19:43.573  3665  3777 W android.os.Debug: failed to get memory consumption info: -1
08-07 16:19:43.696  5000  5000 E ProActivieLaunch: Sending Broadcast
08-07 16:19:43.725 20529 20529 E Zygote  : isWhitelistProcess - Process is Whitelisted
08-07 16:19:43.730 20529 20529 W SELinux : SELinux selinux_android_compute_policy_index : Policy Index[2],  Con:u:r:zygote:s0 RAM:SEPF_SM-G935F_8.0.0_0011, [-1 -1 -1 -1 0 1]
08-07 16:19:44.099  4777  5651 W ctxmgr  : [AclManager]No 2 for (accnt=account#-517948760#, com.google.android.gms(10018):IndoorOutdoorProducer, vrsn=12874000, 0, 3pPkg = null ,  3pMdlId = null ,  pid = 4777). Was: 3 for 57, account#-517948760#
08-07 16:19:44.339  5000  5000 E ProActivieLaunch: Sending Broadcast
08-07 16:19:44.466 15353 15353 W Process : Unable to open /proc/vmstat
08-07 16:19:44.466  3288  3288 E audit   : type=1400 audit(1533651584.447:936): avc:  denied  { read } for  pid=15353 comm="facebook.katana" name="vmstat" dev="proc" ino=4026534965 scontext=u:r:untrusted_app_25:s0:c512,c768 tcontext=u:object_r:proc:s0 tclass=file permissive=0 SEPF_SM-G935F_8.0.0_0011 audit_filtered
08-07 16:19:44.469  4073  4073 W SemDesktopModeManager: Desktop Mode feature not available or SemDesktopModeManager not instantiated. Please check Configuration.semDesktopModeEnabled instead.
08-07 16:19:44.500 15353 15353 W Process : Unable to open /proc/vmstat
08-07 16:19:44.500  3288  3288 E audit   : type=1400 audit(1533651584.487:937): avc:  denied  { read } for  pid=15353 comm="facebook.katana" name="vmstat" dev="proc" ino=4026534965 scontext=u:r:untrusted_app_25:s0:c512,c768 tcontext=u:object_r:proc:s0 tclass=file permissive=0 SEPF_SM-G935F_8.0.0_0011 audit_filtered
08-07 16:19:44.500 15353 15353 W Process : Unable to open /proc/vmstat
08-07 16:19:44.501  3288  3288 E audit   : type=1400 audit(1533651584.487:938): avc:  denied  { read } for  pid=15353 comm="facebook.katana" name="vmstat" dev="proc" ino=4026534965 scontext=u:r:untrusted_app_25:s0:c512,c768 tcontext=u:object_r:proc:s0 tclass=file permissive=0 SEPF_SM-G935F_8.0.0_0011 audit_filtered
08-07 16:19:44.519 15353 15353 W Process : Unable to open /proc/vmstat
08-07 16:19:44.519  3288  3288 E audit   : type=1400 audit(1533651584.507:939): avc:  denied  { read } for  pid=15353 comm="facebook.katana" name="vmstat" dev="proc" ino=4026534965 scontext=u:r:untrusted_app_25:s0:c512,c768 tcontext=u:object_r:proc:s0 tclass=file permissive=0 SEPF_SM-G935F_8.0.0_0011 audit_filtered
08-07 16:19:44.519 15353 15353 W Process : Unable to open /proc/vmstat
08-07 16:19:44.520  3288  3288 E audit   : type=1400 audit(1533651584.507:940): avc:  denied  { read } for  pid=15353 comm="facebook.katana" name="vmstat" dev="proc" ino=4026534965 scontext=u:r:untrusted_app_25:s0:c512,c768 tcontext=u:object_r:proc:s0 tclass=file permissive=0 SEPF_SM-G935F_8.0.0_0011 audit_filtered
08-07 16:19:44.566 24572 24572 W SearchServiceCore: Abort, client detached.
08-07 16:19:44.570 15353 15353 W Process : Unable to open /proc/vmstat
08-07 16:19:44.570  3288  3288 E audit   : type=1400 audit(1533651584.557:941): avc:  denied  { read } for  pid=15353 comm="facebook.katana" name="vmstat" dev="proc" ino=4026534965 scontext=u:r:untrusted_app_25:s0:c512,c768 tcontext=u:object_r:proc:s0 tclass=file permissive=0 SEPF_SM-G935F_8.0.0_0011 audit_filtered
08-07 16:19:44.578 15353 20555 E CompactDiskManagerImpl.cpp: Failed to remove new folder structure directories: No such file or directory
08-07 16:19:44.622 15353 15353 W ResourceType: For resource 0x7f114090, entry index(16528) is beyond type entryCount(119)
08-07 16:19:44.622 15353 15353 W ResourceType: Failure getting entry for 0x7f114090 (t=16 e=16528) (error -75)
08-07 16:19:44.622 15353 15353 W ResourceType: For resource 0x7f114090, entry index(16528) is beyond type entryCount(119)
08-07 16:19:44.622 15353 15353 W ResourceType: Failure getting entry for 0x7f114090 (t=16 e=16528) (error -75)
08-07 16:19:44.652 15353 15353 E OpenGLRenderer: Bitmap::isPIO mIsPIO=0 
08-07 16:19:44.652 15353 15353 E OpenGLRenderer: Bitmap::isPIO mIsPIO=0 
08-07 16:19:44.696 15353 15353 W ResourceType: For resource 0x7f111fd4, entry index(8148) is beyond type entryCount(119)
08-07 16:19:44.696 15353 15353 W ResourceType: Failure getting entry for 0x7f111fd4 (t=16 e=8148) (error -75)
08-07 16:19:44.697 15353 15353 W ResourceType: For resource 0x7f111fd4, entry index(8148) is beyond type entryCount(119)
08-07 16:19:44.697 15353 15353 W ResourceType: Failure getting entry for 0x7f111fd4 (t=16 e=8148) (error -75)
08-07 16:19:44.778 20565 20565 E Zygote  : isWhitelistProcess - Process is Whitelisted
08-07 16:19:44.781 20565 20565 W SELinux : SELinux selinux_android_compute_policy_index : Policy Index[2],  Con:u:r:zygote:s0 RAM:SEPF_SM-G935F_8.0.0_0011, [-1 -1 -1 -1 0 1]
08-07 16:19:44.846 20565 20565 W Process : Unable to open /proc/vmstat
08-07 16:19:44.847  3288  3288 E audit   : type=1400 audit(1533651584.827:942): avc:  denied  { read } for  pid=20565 comm="ana:videoplayer" name="vmstat" dev="proc" ino=4026534965 scontext=u:r:untrusted_app_25:s0:c512,c768 tcontext=u:object_r:proc:s0 tclass=file permissive=0 SEPF_SM-G935F_8.0.0_0011 audit_filtered
08-07 16:19:44.855 20565 20593 E MemProcWatermarkReader: java.io.FileNotFoundException: /proc/zoneinfo
08-07 16:19:44.856  3288  3288 E audit   : type=1400 audit(1533651584.837:943): avc:  denied  { read } for  pid=20565 comm="AppStateLoggerT" name="zoneinfo" dev="proc" ino=4026534966 scontext=u:r:untrusted_app_25:s0:c512,c768 tcontext=u:object_r:proc_zoneinfo:s0 tclass=file permissive=0 SEPF_SM-G935F_8.0.0_0011 audit_filtered
08-07 16:19:44.865 20565 20565 E ACRA    : Skipping ANR Detector for process: com.facebook.katana:videoplayer
08-07 16:19:44.874 20565 20565 W SoLoader: context.getApplicationContext returned null, holding reference to original context.
08-07 16:19:44.875 20565 20565 W SoLoader: context.getApplicationContext returned null, holding reference to original context.
08-07 16:19:44.922  3100  3100 E audit   : avc:  denied  { find } for interface=android.hardware.memtrack::IMemtrack pid=20565 scontext=u:r:untrusted_app_25:s0:c512,c768 tcontext=u:object_r:hal_memtrack_hwservice:s0 tclass=hwservice_manager
08-07 16:19:44.923  3100  3100 E audit   : avc:  denied  { find } for interface=android.hardware.memtrack::IMemtrack pid=20565 scontext=u:r:untrusted_app_25:s0:c512,c768 tcontext=u:object_r:hal_memtrack_hwservice:s0 tclass=hwservice_manager
08-07 16:19:44.924 20565 20598 E memtrack: Couldn't load memtrack module
08-07 16:19:44.924 20565 20598 W android.os.Debug: failed to get memory consumption info: -1
08-07 16:19:44.987 15353 15353 E CACHE_HINT: onResume
08-07 16:19:44.990 20565 20565 W dalvik-internals: ignoring failure to find _ZN3art12FaultManager35EnsureArtActionInFrontOfSignalChainEv: could not hook _ZN3art12FaultManager35EnsureArtActionInFrontOfSignalChainEv
08-07 16:19:45.007 20565 20565 W DexLibLoader: disabling background optimization
08-07 16:19:45.020 20565 20565 W MemoryReductionHack: Couldn't update the Loader (NoSuchFieldException)
08-07 16:19:45.090 20565 20610 W TigonVideoService: TigonVideoService initHybrid
08-07 16:19:45.090 20565 20610 W TigonVideoService: TigonVideoService calling initHybrid
08-07 16:19:45.092 20565 20610 W TigonVideoService: LigerVid TigonVideoService init
08-07 16:19:45.131 15353 15353 W ResourceType: For resource 0x7f1100f2, entry index(242) is beyond type entryCount(119)
08-07 16:19:45.131 15353 15353 W ResourceType: Failure getting entry for 0x7f1100f2 (t=16 e=242) (error -75)
08-07 16:19:45.135 15353 15353 W ResourceType: For resource 0x7f1100f7, entry index(247) is beyond type entryCount(119)
08-07 16:19:45.135 15353 15353 W ResourceType: Failure getting entry for 0x7f1100f7 (t=16 e=247) (error -75)
08-07 16:19:45.135 15353 15353 W ResourceType: For resource 0x7f113df6, entry index(15862) is beyond type entryCount(119)
08-07 16:19:45.135 15353 15353 W ResourceType: Failure getting entry for 0x7f113df6 (t=16 e=15862) (error -75)
08-07 16:19:45.135 15353 15353 W ResourceType: For resource 0x7f1100f7, entry index(247) is beyond type entryCount(119)
08-07 16:19:45.135 15353 15353 W ResourceType: Failure getting entry for 0x7f1100f7 (t=16 e=247) (error -75)
08-07 16:19:45.135 15353 15353 W ResourceType: For resource 0x7f113df6, entry index(15862) is beyond type entryCount(119)
08-07 16:19:45.135 15353 15353 W ResourceType: Failure getting entry for 0x7f113df6 (t=16 e=15862) (error -75)
08-07 16:19:45.135 15353 15353 W ResourceType: For resource 0x7f1100f7, entry index(247) is beyond type entryCount(119)
08-07 16:19:45.135 15353 15353 W ResourceType: Failure getting entry for 0x7f1100f7 (t=16 e=247) (error -75)
08-07 16:19:45.138 15353 15353 W ResourceType: For resource 0x7f1100f6, entry index(246) is beyond type entryCount(119)
08-07 16:19:45.138 15353 15353 W ResourceType: Failure getting entry for 0x7f1100f6 (t=16 e=246) (error -75)
08-07 16:19:45.138 15353 15353 W ResourceType: For resource 0x7f113df5, entry index(15861) is beyond type entryCount(119)
08-07 16:19:45.138 15353 15353 W ResourceType: Failure getting entry for 0x7f113df5 (t=16 e=15861) (error -75)
08-07 16:19:45.138 15353 15353 W ResourceType: For resource 0x7f1100f6, entry index(246) is beyond type entryCount(119)
08-07 16:19:45.138 15353 15353 W ResourceType: Failure getting entry for 0x7f1100f6 (t=16 e=246) (error -75)
08-07 16:19:45.138 15353 15353 W ResourceType: For resource 0x7f113df5, entry index(15861) is beyond type entryCount(119)
08-07 16:19:45.138 15353 15353 W ResourceType: Failure getting entry for 0x7f113df5 (t=16 e=15861) (error -75)
08-07 16:19:45.138 15353 15353 W ResourceType: For resource 0x7f1100f6, entry index(246) is beyond type entryCount(119)
08-07 16:19:45.138 15353 15353 W ResourceType: Failure getting entry for 0x7f1100f6 (t=16 e=246) (error -75)
08-07 16:19:45.202 15353 20577 E OpenGLRenderer: Bitmap::isPIO mIsPIO=0 
08-07 16:19:45.203 15353 20577 E OpenGLRenderer: Bitmap::isPIO mIsPIO=0 
08-07 16:19:45.347  5192  5318 E ContactsProvider_EventLog: Flush buffer to file cnt : 1 size : 1Kb duration : 1ms lastUpdatedAfter : 60111 ms mFlush_time_threasold : 2000 mCurrentSize : 825
08-07 16:19:45.471 15353 20579 W ResourceType: For resource 0x7f111b63, entry index(7011) is beyond type entryCount(119)
08-07 16:19:45.471 15353 20579 W ResourceType: Failure getting entry for 0x7f111b63 (t=16 e=7011) (error -75)
08-07 16:19:45.471 15353 20579 W ResourceType: For resource 0x7f111b63, entry index(7011) is beyond type entryCount(119)
08-07 16:19:45.471 15353 20579 W ResourceType: Failure getting entry for 0x7f111b63 (t=16 e=7011) (error -75)
08-07 16:19:45.471 15353 20579 W ResourceType: For resource 0x7f111b63, entry index(7011) is beyond type entryCount(119)
08-07 16:19:45.471 15353 20579 W ResourceType: Failure getting entry for 0x7f111b63 (t=16 e=7011) (error -75)
08-07 16:19:45.473 15353 20579 W ResourceType: For resource 0x7f111b74, entry index(7028) is beyond type entryCount(119)
08-07 16:19:45.473 15353 20579 W ResourceType: Failure getting entry for 0x7f111b74 (t=16 e=7028) (error -75)
08-07 16:19:45.473 15353 20579 W ResourceType: For resource 0x7f111b74, entry index(7028) is beyond type entryCount(119)
08-07 16:19:45.473 15353 20579 W ResourceType: Failure getting entry for 0x7f111b74 (t=16 e=7028) (error -75)
08-07 16:19:45.473 15353 20579 W ResourceType: For resource 0x7f111b74, entry index(7028) is beyond type entryCount(119)
08-07 16:19:45.473 15353 20579 W ResourceType: Failure getting entry for 0x7f111b74 (t=16 e=7028) (error -75)
08-07 16:19:45.473 15353 20579 W ResourceType: For resource 0x7f111b71, entry index(7025) is beyond type entryCount(119)
08-07 16:19:45.473 15353 20579 W ResourceType: Failure getting entry for 0x7f111b71 (t=16 e=7025) (error -75)
08-07 16:19:45.474 15353 20579 W ResourceType: For resource 0x7f111b71, entry index(7025) is beyond type entryCount(119)
08-07 16:19:45.474 15353 20579 W ResourceType: Failure getting entry for 0x7f111b71 (t=16 e=7025) (error -75)
08-07 16:19:45.474 15353 20579 W ResourceType: For resource 0x7f111b71, entry index(7025) is beyond type entryCount(119)
08-07 16:19:45.474 15353 20579 W ResourceType: Failure getting entry for 0x7f111b71 (t=16 e=7025) (error -75)
08-07 16:19:45.474 15353 20579 W ResourceType: For resource 0x7f111b70, entry index(7024) is beyond type entryCount(119)
08-07 16:19:45.474 15353 20579 W ResourceType: Failure getting entry for 0x7f111b70 (t=16 e=7024) (error -75)
08-07 16:19:45.474 15353 20579 W ResourceType: For resource 0x7f111b70, entry index(7024) is beyond type entryCount(119)
08-07 16:19:45.474 15353 20579 W ResourceType: Failure getting entry for 0x7f111b70 (t=16 e=7024) (error -75)
08-07 16:19:45.474 15353 20579 W ResourceType: For resource 0x7f111b70, entry index(7024) is beyond type entryCount(119)
08-07 16:19:45.474 15353 20579 W ResourceType: Failure getting entry for 0x7f111b70 (t=16 e=7024) (error -75)
08-07 16:19:45.475 15353 20579 W ResourceType: For resource 0x7f111b6c, entry index(7020) is beyond type entryCount(119)
08-07 16:19:45.475 15353 20579 W ResourceType: Failure getting entry for 0x7f111b6c (t=16 e=7020) (error -75)
08-07 16:19:45.475 15353 20579 W ResourceType: For resource 0x7f111b6c, entry index(7020) is beyond type entryCount(119)
08-07 16:19:45.475 15353 20579 W ResourceType: Failure getting entry for 0x7f111b6c (t=16 e=7020) (error -75)
08-07 16:19:45.475 15353 20579 W ResourceType: For resource 0x7f111b6c, entry index(7020) is beyond type entryCount(119)
08-07 16:19:45.475 15353 20579 W ResourceType: Failure getting entry for 0x7f111b6c (t=16 e=7020) (error -75)
08-07 16:19:45.476 15353 20579 W ResourceType: For resource 0x7f111b6a, entry index(7018) is beyond type entryCount(119)
08-07 16:19:45.476 15353 20579 W ResourceType: Failure getting entry for 0x7f111b6a (t=16 e=7018) (error -75)
08-07 16:19:45.476 15353 20579 W ResourceType: For resource 0x7f111b6a, entry index(7018) is beyond type entryCount(119)
08-07 16:19:45.476 15353 20579 W ResourceType: Failure getting entry for 0x7f111b6a (t=16 e=7018) (error -75)
08-07 16:19:45.476 15353 20579 W ResourceType: For resource 0x7f111b6a, entry index(7018) is beyond type entryCount(119)
08-07 16:19:45.476 15353 20579 W ResourceType: Failure getting entry for 0x7f111b6a (t=16 e=7018) (error -75)
08-07 16:19:45.476 15353 20579 W ResourceType: For resource 0x7f111b6d, entry index(7021) is beyond type entryCount(119)
08-07 16:19:45.476 15353 20579 W ResourceType: Failure getting entry for 0x7f111b6d (t=16 e=7021) (error -75)
08-07 16:19:45.477 15353 20579 W ResourceType: For resource 0x7f111b6d, entry index(7021) is beyond type entryCount(119)
08-07 16:19:45.477 15353 20579 W ResourceType: Failure getting entry for 0x7f111b6d (t=16 e=7021) (error -75)
08-07 16:19:45.477 15353 20579 W ResourceType: For resource 0x7f111b6d, entry index(7021) is beyond type entryCount(119)
08-07 16:19:45.477 15353 20579 W ResourceType: Failure getting entry for 0x7f111b6d (t=16 e=7021) (error -75)
08-07 16:19:45.477 15353 20579 W ResourceType: For resource 0x7f111b6b, entry index(7019) is beyond type entryCount(119)
08-07 16:19:45.477 15353 20579 W ResourceType: Failure getting entry for 0x7f111b6b (t=16 e=7019) (error -75)
08-07 16:19:45.477 15353 20579 W ResourceType: For resource 0x7f111b6b, entry index(7019) is beyond type entryCount(119)
08-07 16:19:45.477 15353 20579 W ResourceType: Failure getting entry for 0x7f111b6b (t=16 e=7019) (error -75)
08-07 16:19:45.477 15353 20579 W ResourceType: For resource 0x7f111b6b, entry index(7019) is beyond type entryCount(119)
08-07 16:19:45.477 15353 20579 W ResourceType: Failure getting entry for 0x7f111b6b (t=16 e=7019) (error -75)
08-07 16:19:45.479 15353 20579 W ResourceType: For resource 0x7f111b71, entry index(7025) is beyond type entryCount(119)
08-07 16:19:45.479 15353 20579 W ResourceType: Failure getting entry for 0x7f111b71 (t=16 e=7025) (error -75)
08-07 16:19:45.479 15353 20579 W ResourceType: For resource 0x7f111b71, entry index(7025) is beyond type entryCount(119)
08-07 16:19:45.479 15353 20579 W ResourceType: Failure getting entry for 0x7f111b71 (t=16 e=7025) (error -75)
08-07 16:19:45.479 15353 20579 W ResourceType: For resource 0x7f111b71, entry index(7025) is beyond type entryCount(119)
08-07 16:19:45.479 15353 20579 W ResourceType: Failure getting entry for 0x7f111b71 (t=16 e=7025) (error -75)
08-07 16:19:45.480 15353 20579 W ResourceType: For resource 0x7f111b66, entry index(7014) is beyond type entryCount(119)
08-07 16:19:45.480 15353 20579 W ResourceType: Failure getting entry for 0x7f111b66 (t=16 e=7014) (error -75)
08-07 16:19:45.481 15353 20579 W ResourceType: For resource 0x7f111b66, entry index(7014) is beyond type entryCount(119)
08-07 16:19:45.481 15353 20579 W ResourceType: Failure getting entry for 0x7f111b66 (t=16 e=7014) (error -75)
08-07 16:19:45.481 15353 20579 W ResourceType: For resource 0x7f111b66, entry index(7014) is beyond type entryCount(119)
08-07 16:19:45.481 15353 20579 W ResourceType: Failure getting entry for 0x7f111b66 (t=16 e=7014) (error -75)
08-07 16:19:45.499 15353 20579 W fb4a.1vi: View is null, can't set tracking node to view
08-07 16:19:45.501 15353 20579 W ResourceType: For resource 0x7f111bec, entry index(7148) is beyond type entryCount(119)
08-07 16:19:45.501 15353 20579 W ResourceType: Failure getting entry for 0x7f111bec (t=16 e=7148) (error -75)
08-07 16:19:45.502 15353 20579 W ResourceType: For resource 0x7f111bec, entry index(7148) is beyond type entryCount(119)
08-07 16:19:45.502 15353 20579 W ResourceType: Failure getting entry for 0x7f111bec (t=16 e=7148) (error -75)
08-07 16:19:45.621 15353 15353 E fb4a.GRAPHQL_QUERY_STRING: Trying to set unknown parameter 'node_id' on query 'ImportantFeedStorySubV2'
08-07 16:19:45.621 15353 15353 E fb4a.GRAPHQL_QUERY_STRING: Trying to set unknown parameter 'include_comments_disabled_fields' on query 'ImportantFeedStorySubV2'
08-07 16:19:45.622 15353 15353 E fb4a.GRAPHQL_QUERY_STRING: Trying to set unknown parameter 'should_fetch_share_count' on query 'ImportantFeedStorySubV2'
08-07 16:19:45.622 15353 15353 E fb4a.GRAPHQL_QUERY_STRING: Trying to set unknown parameter 'should_fetch_relevant_comments' on query 'ImportantFeedStorySubV2'
08-07 16:19:45.623 15353 15353 E fb4a.GRAPHQL_QUERY_STRING: Trying to set unknown parameter 'enable_comment_reactions' on query 'ImportantFeedStorySubV2'
08-07 16:19:45.624 15353 15353 E fb4a.GRAPHQL_QUERY_STRING: Trying to set unknown parameter 'enable_comment_reactions_icons' on query 'ImportantFeedStorySubV2'
08-07 16:19:45.627 15353 15353 E fb4a.GRAPHQL_QUERY_STRING: Trying to set unknown parameter 'enable_ranked_replies' on query 'ImportantFeedStorySubV2'
08-07 16:19:45.627 15353 15353 E fb4a.GRAPHQL_QUERY_STRING: Trying to set unknown parameter 'enable_private_reply' on query 'ImportantFeedStorySubV2'
08-07 16:19:45.627 15353 15353 E fb4a.GRAPHQL_QUERY_STRING: Trying to set unknown parameter 'enable_comment_replies_most_recent' on query 'ImportantFeedStorySubV2'
08-07 16:19:45.627 15353 15353 E fb4a.GRAPHQL_QUERY_STRING: Trying to set unknown parameter 'max_comment_replies' on query 'ImportantFeedStorySubV2'
08-07 16:19:45.627 15353 15353 E fb4a.GRAPHQL_QUERY_STRING: Trying to set unknown parameter 'enable_comment_shares' on query 'ImportantFeedStorySubV2'
08-07 16:19:45.627 15353 15353 E fb4a.GRAPHQL_QUERY_STRING: Trying to set unknown parameter 'enable_comment_reactions' on query 'ImportantFeedStorySubV2'
08-07 16:19:45.627 15353 15353 E fb4a.GRAPHQL_QUERY_STRING: Trying to set unknown parameter 'enable_comment_reactions_icons' on query 'ImportantFeedStorySubV2'
08-07 16:19:45.644  3665  7191 W ContentService: Ignoring content changes for content://com.android.contacts/contacts from 10116: Permission Denial: opening provider com.android.providers.contacts.ContactsProvider2 from ProcessRecord{7f5ebb0 15353:com.facebook.katana/u0a116} (pid=15353, uid=10116) requires android.permission.READ_CONTACTS or android.permission.WRITE_CONTACTS
08-07 16:19:45.646  3665  3676 W ContentService: Ignoring content changes for content://call_log/calls from 10116: Permission Denial: opening provider com.android.providers.contacts.CallLogProvider from ProcessRecord{7f5ebb0 15353:com.facebook.katana/u0a116} (pid=15353, uid=10116) requires android.permission.READ_CALL_LOG or android.permission.WRITE_CALL_LOG
08-07 16:19:45.738 15353 15405 E memtrack: Couldn't load memtrack module
08-07 16:19:45.738 15353 15405 W android.os.Debug: failed to get memory consumption info: -1
08-07 16:19:45.761 15353 20338 E CompactDiskManagerImpl.cpp: Failed to remove new folder structure directories: No such file or directory
08-07 16:19:45.901  7304  7304 W DiscoveryManager: BroadcastReceiver is already registered
08-07 16:19:46.003 15353 15360 W fb4a.CloseableReference: Finalized without closing: 3de1cd 6b3ca82 (type = android.graphics.Bitmap)
08-07 16:19:46.465 15353 20649 W fb4a.RequestLoggingListener: time 48228428: onRequestFailure: {requestId: 57, elapsedTime: -1 ms, throwable: X.1sa: Encoded image is not valid.}
08-07 16:19:46.471 15353 15353 W Process : Unable to open /proc/vmstat
08-07 16:19:46.472  3288  3288 E audit   : type=1400 audit(1533651586.457:944): avc:  denied  { read } for  pid=15353 comm="facebook.katana" name="vmstat" dev="proc" ino=4026534965 scontext=u:r:untrusted_app_25:s0:c512,c768 tcontext=u:object_r:proc:s0 tclass=file permissive=0 SEPF_SM-G935F_8.0.0_0011 audit_filtered
08-07 16:19:46.472 15353 20647 W fb4a.RequestLoggingListener: time 48228435: onRequestFailure: {requestId: 59, elapsedTime: -1 ms, throwable: X.1sa: Encoded image is not valid.}
08-07 16:19:46.795 15353 15353 W Process : Unable to open /proc/vmstat
08-07 16:19:46.796  3288  3288 E audit   : type=1400 audit(1533651586.777:945): avc:  denied  { read } for  pid=15353 comm="facebook.katana" name="vmstat" dev="proc" ino=4026534965 scontext=u:r:untrusted_app_25:s0:c512,c768 tcontext=u:object_r:proc:s0 tclass=file permissive=0 SEPF_SM-G935F_8.0.0_0011 audit_filtered
08-07 16:19:46.899 15353 20562 W fb4a.1i6: FeedUnit is not GraphQLStory so can't extract actors.FeedUnitType:ProfileFramePromptFeedUnit
08-07 16:19:46.967 15353 20635 W fb4a.1i6: FeedUnit is not GraphQLStory so can't extract actors.FeedUnitType:ProfileFramePromptFeedUnit
08-07 16:19:47.205 15353 20643 W fb4a.2cg: creating VideoPerformanceTracking with event bus
08-07 16:19:47.238 20565 20634 W AudioCapabilities: Unsupported mime audio/mpeg-L1
08-07 16:19:47.238 20565 20634 W AudioCapabilities: Unsupported mime audio/mpeg-L2
08-07 16:19:47.240 20565 20634 W AudioCapabilities: Unsupported mime audio/x-ms-wma
08-07 16:19:47.241 20565 20634 W AudioCapabilities: Unsupported mime audio/x-ima
08-07 16:19:47.244 20565 20634 W VideoCapabilities: Unrecognized profile 2130706433 for video/avc
08-07 16:19:47.244 20565 20634 W VideoCapabilities: Unrecognized profile 2130706434 for video/avc
08-07 16:19:47.245 20565 20634 W VideoCapabilities: Unrecognized profile 2130706433 for video/avc
08-07 16:19:47.245 20565 20634 W VideoCapabilities: Unrecognized profile 2130706434 for video/avc
08-07 16:19:47.252 20565 20634 W VideoCapabilities: Unsupported mime video/wvc1
08-07 16:19:47.253 20565 20634 W VideoCapabilities: Unsupported mime video/x-ms-wmv
08-07 16:19:47.254 20565 20634 W VideoCapabilities: Unrecognized profile 2130706433 for video/avc
08-07 16:19:47.254 20565 20634 W VideoCapabilities: Unrecognized profile 2130706434 for video/avc
08-07 16:19:47.284 20565 20634 W VideoCapabilities: Unrecognized profile/level 1/32 for video/mp4v-es
08-07 16:19:47.284 20565 20634 W VideoCapabilities: Unrecognized profile/level 32768/2 for video/mp4v-es
08-07 16:19:47.284 20565 20634 W VideoCapabilities: Unrecognized profile/level 32768/64 for video/mp4v-es
08-07 16:19:47.285 20565 20634 W VideoCapabilities: Unsupported mime video/wvc1
08-07 16:19:47.286 20565 20634 W VideoCapabilities: Unsupported mime video/x-ms-wmv
08-07 16:19:47.287 20565 20634 W VideoCapabilities: Unsupported mime video/x-ms-wmv7
08-07 16:19:47.288 20565 20634 W VideoCapabilities: Unsupported mime video/x-ms-wmv8
08-07 16:19:47.289 20565 20634 W VideoCapabilities: Unsupported mime video/mp43
08-07 16:19:47.294 20565 20634 W VideoCapabilities: Unsupported mime video/sorenson
08-07 16:19:47.295 20565 20634 W VideoCapabilities: Unrecognized profile 2130706433 for video/avc
08-07 16:19:47.295 20565 20634 W VideoCapabilities: Unrecognized profile 2130706434 for video/avc
08-07 16:19:47.348 15353 15360 W fb4a.CloseableReference: Finalized without closing: cabbf42 872bb53 (type = android.graphics.Bitmap)
08-07 16:19:48.920  7304 23729 W DatabaseProcessor: Exiting Adaptive Discovery. Current NetworkInfo is NULL.
08-07 16:19:52.588 15353 20649 W fb4a.RequestLoggingListener: time 48234551: onRequestFailure: {requestId: 94, elapsedTime: -1 ms, throwable: X.1sa: Encoded image is not valid.}
08-07 16:19:53.765 15353 20579 W ResourceType: For resource 0x7f111b63, entry index(7011) is beyond type entryCount(119)
08-07 16:19:53.765 15353 20579 W ResourceType: Failure getting entry for 0x7f111b63 (t=16 e=7011) (error -75)
08-07 16:19:53.766 15353 20579 W ResourceType: For resource 0x7f111b63, entry index(7011) is beyond type entryCount(119)
08-07 16:19:53.766 15353 20579 W ResourceType: Failure getting entry for 0x7f111b63 (t=16 e=7011) (error -75)
08-07 16:19:53.766 15353 20579 W ResourceType: For resource 0x7f111b63, entry index(7011) is beyond type entryCount(119)
08-07 16:19:53.766 15353 20579 W ResourceType: Failure getting entry for 0x7f111b63 (t=16 e=7011) (error -75)
08-07 16:19:53.770 15353 20579 W ResourceType: For resource 0x7f111b74, entry index(7028) is beyond type entryCount(119)
08-07 16:19:53.770 15353 20579 W ResourceType: Failure getting entry for 0x7f111b74 (t=16 e=7028) (error -75)
08-07 16:19:53.771 15353 20579 W ResourceType: For resource 0x7f111b74, entry index(7028) is beyond type entryCount(119)
08-07 16:19:53.771 15353 20579 W ResourceType: Failure getting entry for 0x7f111b74 (t=16 e=7028) (error -75)
08-07 16:19:53.771 15353 20579 W ResourceType: For resource 0x7f111b74, entry index(7028) is beyond type entryCount(119)
08-07 16:19:53.771 15353 20579 W ResourceType: Failure getting entry for 0x7f111b74 (t=16 e=7028) (error -75)
08-07 16:19:53.774 15353 20579 W ResourceType: For resource 0x7f111b71, entry index(7025) is beyond type entryCount(119)
08-07 16:19:53.774 15353 20579 W ResourceType: Failure getting entry for 0x7f111b71 (t=16 e=7025) (error -75)
08-07 16:19:53.775 15353 20579 W ResourceType: For resource 0x7f111b71, entry index(7025) is beyond type entryCount(119)
08-07 16:19:53.775 15353 20579 W ResourceType: Failure getting entry for 0x7f111b71 (t=16 e=7025) (error -75)
08-07 16:19:53.775 15353 20579 W ResourceType: For resource 0x7f111b71, entry index(7025) is beyond type entryCount(119)
08-07 16:19:53.775 15353 20579 W ResourceType: Failure getting entry for 0x7f111b71 (t=16 e=7025) (error -75)
08-07 16:19:53.780 15353 20579 W ResourceType: For resource 0x7f111b70, entry index(7024) is beyond type entryCount(119)
08-07 16:19:53.780 15353 20579 W ResourceType: Failure getting entry for 0x7f111b70 (t=16 e=7024) (error -75)
08-07 16:19:53.781 15353 20579 W ResourceType: For resource 0x7f111b70, entry index(7024) is beyond type entryCount(119)
08-07 16:19:53.781 15353 20579 W ResourceType: Failure getting entry for 0x7f111b70 (t=16 e=7024) (error -75)
08-07 16:19:53.781 15353 20579 W ResourceType: For resource 0x7f111b70, entry index(7024) is beyond type entryCount(119)
08-07 16:19:53.781 15353 20579 W ResourceType: Failure getting entry for 0x7f111b70 (t=16 e=7024) (error -75)
08-07 16:19:53.783 15353 20579 W ResourceType: For resource 0x7f111b6c, entry index(7020) is beyond type entryCount(119)
08-07 16:19:53.784 15353 20579 W ResourceType: Failure getting entry for 0x7f111b6c (t=16 e=7020) (error -75)
08-07 16:19:53.784 15353 20579 W ResourceType: For resource 0x7f111b6c, entry index(7020) is beyond type entryCount(119)
08-07 16:19:53.785 15353 20579 W ResourceType: Failure getting entry for 0x7f111b6c (t=16 e=7020) (error -75)
08-07 16:19:53.785 15353 20579 W ResourceType: For resource 0x7f111b6c, entry index(7020) is beyond type entryCount(119)
08-07 16:19:53.785 15353 20579 W ResourceType: Failure getting entry for 0x7f111b6c (t=16 e=7020) (error -75)
08-07 16:19:53.787 15353 20579 W ResourceType: For resource 0x7f111b6a, entry index(7018) is beyond type entryCount(119)
08-07 16:19:53.787 15353 20579 W ResourceType: Failure getting entry for 0x7f111b6a (t=16 e=7018) (error -75)
08-07 16:19:53.799 15353 20579 W ResourceType: For resource 0x7f111b6a, entry index(7018) is beyond type entryCount(119)
08-07 16:19:53.799 15353 20579 W ResourceType: Failure getting entry for 0x7f111b6a (t=16 e=7018) (error -75)
08-07 16:19:53.799 15353 20579 W ResourceType: For resource 0x7f111b6a, entry index(7018) is beyond type entryCount(119)
08-07 16:19:53.799 15353 20579 W ResourceType: Failure getting entry for 0x7f111b6a (t=16 e=7018) (error -75)
08-07 16:19:53.804 15353 20579 W ResourceType: For resource 0x7f111b6d, entry index(7021) is beyond type entryCount(119)
08-07 16:19:53.804 15353 20579 W ResourceType: Failure getting entry for 0x7f111b6d (t=16 e=7021) (error -75)
08-07 16:19:53.806 15353 20579 W ResourceType: For resource 0x7f111b6d, entry index(7021) is beyond type entryCount(119)
08-07 16:19:53.806 15353 20579 W ResourceType: Failure getting entry for 0x7f111b6d (t=16 e=7021) (error -75)
08-07 16:19:53.806 15353 20579 W ResourceType: For resource 0x7f111b6d, entry index(7021) is beyond type entryCount(119)
08-07 16:19:53.806 15353 20579 W ResourceType: Failure getting entry for 0x7f111b6d (t=16 e=7021) (error -75)
08-07 16:19:53.808 15353 20579 W ResourceType: For resource 0x7f111b6b, entry index(7019) is beyond type entryCount(119)
08-07 16:19:53.808 15353 20579 W ResourceType: Failure getting entry for 0x7f111b6b (t=16 e=7019) (error -75)
08-07 16:19:53.809 15353 20579 W ResourceType: For resource 0x7f111b6b, entry index(7019) is beyond type entryCount(119)
08-07 16:19:53.809 15353 20579 W ResourceType: Failure getting entry for 0x7f111b6b (t=16 e=7019) (error -75)
08-07 16:19:53.809 15353 20579 W ResourceType: For resource 0x7f111b6b, entry index(7019) is beyond type entryCount(119)
08-07 16:19:53.809 15353 20579 W ResourceType: Failure getting entry for 0x7f111b6b (t=16 e=7019) (error -75)
08-07 16:19:53.810 15353 20579 W ResourceType: For resource 0x7f111b71, entry index(7025) is beyond type entryCount(119)
08-07 16:19:53.811 15353 20579 W ResourceType: Failure getting entry for 0x7f111b71 (t=16 e=7025) (error -75)
08-07 16:19:53.811 15353 20579 W ResourceType: For resource 0x7f111b71, entry index(7025) is beyond type entryCount(119)
08-07 16:19:53.811 15353 20579 W ResourceType: Failure getting entry for 0x7f111b71 (t=16 e=7025) (error -75)
08-07 16:19:53.812 15353 20579 W ResourceType: For resource 0x7f111b71, entry index(7025) is beyond type entryCount(119)
08-07 16:19:53.812 15353 20579 W ResourceType: Failure getting entry for 0x7f111b71 (t=16 e=7025) (error -75)
08-07 16:19:53.815 15353 20579 W ResourceType: For resource 0x7f111b66, entry index(7014) is beyond type entryCount(119)
08-07 16:19:53.815 15353 20579 W ResourceType: Failure getting entry for 0x7f111b66 (t=16 e=7014) (error -75)
