08-07 16:21:01.329 15353 15353 W ResourceType: Failure getting entry for 0x7f114373 (t=16 e=17267) (error -75)
08-07 16:21:01.335 15353 15353 W ResourceType: For resource 0x7f114345, entry index(17221) is beyond type entryCount(119)
08-07 16:21:01.335 15353 15353 W ResourceType: Failure getting entry for 0x7f114345 (t=16 e=17221) (error -75)
08-07 16:21:01.336 15353 15353 W ResourceType: For resource 0x7f114345, entry index(17221) is beyond type entryCount(119)
08-07 16:21:01.336 15353 15353 W ResourceType: Failure getting entry for 0x7f114345 (t=16 e=17221) (error -75)
08-07 16:21:01.355 15353 15353 W ResourceType: For resource 0x7f114345, entry index(17221) is beyond type entryCount(119)
08-07 16:21:01.355 15353 15353 W ResourceType: Failure getting entry for 0x7f114345 (t=16 e=17221) (error -75)
08-07 16:21:01.355 15353 15353 W ResourceType: For resource 0x7f114345, entry index(17221) is beyond type entryCount(119)
08-07 16:21:01.355 15353 15353 W ResourceType: Failure getting entry for 0x7f114345 (t=16 e=17221) (error -75)
08-07 16:21:01.356 15353 15353 W ResourceType: For resource 0x7f114343, entry index(17219) is beyond type entryCount(119)
08-07 16:21:01.356 15353 15353 W ResourceType: Failure getting entry for 0x7f114343 (t=16 e=17219) (error -75)
08-07 16:21:01.360 15353 15353 W ResourceType: For resource 0x7f114343, entry index(17219) is beyond type entryCount(119)
08-07 16:21:01.360 15353 15353 W ResourceType: Failure getting entry for 0x7f114343 (t=16 e=17219) (error -75)
08-07 16:21:01.365 15353 15353 W ResourceType: For resource 0x7f11337a, entry index(13178) is beyond type entryCount(119)
08-07 16:21:01.365 15353 15353 W ResourceType: Failure getting entry for 0x7f11337a (t=16 e=13178) (error -75)
08-07 16:21:01.365 15353 15353 W ResourceType: For resource 0x7f11337a, entry index(13178) is beyond type entryCount(119)
08-07 16:21:01.365 15353 15353 W ResourceType: Failure getting entry for 0x7f11337a (t=16 e=13178) (error -75)
08-07 16:21:01.369 15353 15353 W ResourceType: For resource 0x7f114348, entry index(17224) is beyond type entryCount(119)
08-07 16:21:01.369 15353 15353 W ResourceType: Failure getting entry for 0x7f114348 (t=16 e=17224) (error -75)
08-07 16:21:01.376 15353 15353 W ResourceType: For resource 0x7f11434a, entry index(17226) is beyond type entryCount(119)
08-07 16:21:01.376 15353 15353 W ResourceType: Failure getting entry for 0x7f11434a (t=16 e=17226) (error -75)
08-07 16:21:01.381 15353 15353 W ResourceType: For resource 0x7f11434a, entry index(17226) is beyond type entryCount(119)
08-07 16:21:01.381 15353 15353 W ResourceType: Failure getting entry for 0x7f11434a (t=16 e=17226) (error -75)
08-07 16:21:01.403 15353 15353 W ResourceType: For resource 0x7f111dd9, entry index(7641) is beyond type entryCount(119)
08-07 16:21:01.403 15353 15353 W ResourceType: Failure getting entry for 0x7f111dd9 (t=16 e=7641) (error -75)
08-07 16:21:01.403 15353 15353 W ResourceType: For resource 0x7f111dd9, entry index(7641) is beyond type entryCount(119)
08-07 16:21:01.403 15353 15353 W ResourceType: Failure getting entry for 0x7f111dd9 (t=16 e=7641) (error -75)
08-07 16:21:01.407 15353 15353 W ResourceType: For resource 0x7f113a8c, entry index(14988) is beyond type entryCount(119)
08-07 16:21:01.407 15353 15353 W ResourceType: Failure getting entry for 0x7f113a8c (t=16 e=14988) (error -75)
08-07 16:21:01.408 15353 15353 W ResourceType: For resource 0x7f113a8c, entry index(14988) is beyond type entryCount(119)
08-07 16:21:01.408 15353 15353 W ResourceType: Failure getting entry for 0x7f113a8c (t=16 e=14988) (error -75)
08-07 16:21:01.454 15353 15353 W ResourceType: For resource 0x7f1119a9, entry index(6569) is beyond type entryCount(119)
08-07 16:21:01.454 15353 15353 W ResourceType: Failure getting entry for 0x7f1119a9 (t=16 e=6569) (error -75)
08-07 16:21:01.454 15353 15353 W ResourceType: For resource 0x7f1119a9, entry index(6569) is beyond type entryCount(119)
08-07 16:21:01.454 15353 15353 W ResourceType: Failure getting entry for 0x7f1119a9 (t=16 e=6569) (error -75)
08-07 16:21:01.455 15353 15353 W ResourceType: For resource 0x7f1119aa, entry index(6570) is beyond type entryCount(119)
08-07 16:21:01.455 15353 15353 W ResourceType: Failure getting entry for 0x7f1119aa (t=16 e=6570) (error -75)
08-07 16:21:01.456 15353 15353 W ResourceType: For resource 0x7f1119aa, entry index(6570) is beyond type entryCount(119)
08-07 16:21:01.456 15353 15353 W ResourceType: Failure getting entry for 0x7f1119aa (t=16 e=6570) (error -75)
08-07 16:21:01.461 15353 15353 W ResourceType: For resource 0x7f1107f3, entry index(2035) is beyond type entryCount(119)
08-07 16:21:01.461 15353 15353 W ResourceType: Failure getting entry for 0x7f1107f3 (t=16 e=2035) (error -75)
08-07 16:21:01.461 15353 15353 W ResourceType: For resource 0x7f1107f3, entry index(2035) is beyond type entryCount(119)
08-07 16:21:01.461 15353 15353 W ResourceType: Failure getting entry for 0x7f1107f3 (t=16 e=2035) (error -75)
08-07 16:21:01.494 15353 15353 W ResourceType: For resource 0x7f114345, entry index(17221) is beyond type entryCount(119)
08-07 16:21:01.494 15353 15353 W ResourceType: Failure getting entry for 0x7f114345 (t=16 e=17221) (error -75)
08-07 16:21:01.494 15353 15353 W ResourceType: For resource 0x7f114345, entry index(17221) is beyond type entryCount(119)
08-07 16:21:01.494 15353 15353 W ResourceType: Failure getting entry for 0x7f114345 (t=16 e=17221) (error -75)
08-07 16:21:01.495 15353 15353 W ResourceType: For resource 0x7f114343, entry index(17219) is beyond type entryCount(119)
08-07 16:21:01.495 15353 15353 W ResourceType: Failure getting entry for 0x7f114343 (t=16 e=17219) (error -75)
08-07 16:21:01.495 15353 15353 W ResourceType: For resource 0x7f114343, entry index(17219) is beyond type entryCount(119)
08-07 16:21:01.495 15353 15353 W ResourceType: Failure getting entry for 0x7f114343 (t=16 e=17219) (error -75)
08-07 16:21:01.497 15353 15353 W ResourceType: For resource 0x7f11337a, entry index(13178) is beyond type entryCount(119)
08-07 16:21:01.497 15353 15353 W ResourceType: Failure getting entry for 0x7f11337a (t=16 e=13178) (error -75)
08-07 16:21:01.497 15353 15353 W ResourceType: For resource 0x7f11337a, entry index(13178) is beyond type entryCount(119)
08-07 16:21:01.497 15353 15353 W ResourceType: Failure getting entry for 0x7f11337a (t=16 e=13178) (error -75)
08-07 16:21:01.499 15353 15353 W ResourceType: For resource 0x7f114348, entry index(17224) is beyond type entryCount(119)
08-07 16:21:01.499 15353 15353 W ResourceType: Failure getting entry for 0x7f114348 (t=16 e=17224) (error -75)
08-07 16:21:01.500 15353 15353 W ResourceType: For resource 0x7f11434a, entry index(17226) is beyond type entryCount(119)
08-07 16:21:01.500 15353 15353 W ResourceType: Failure getting entry for 0x7f11434a (t=16 e=17226) (error -75)
08-07 16:21:01.500 15353 15353 W ResourceType: For resource 0x7f11434a, entry index(17226) is beyond type entryCount(119)
08-07 16:21:01.500 15353 15353 W ResourceType: Failure getting entry for 0x7f11434a (t=16 e=17226) (error -75)
08-07 16:21:01.508 15353 15353 W ResourceType: For resource 0x7f111dd9, entry index(7641) is beyond type entryCount(119)
08-07 16:21:01.508 15353 15353 W ResourceType: Failure getting entry for 0x7f111dd9 (t=16 e=7641) (error -75)
08-07 16:21:01.508 15353 15353 W ResourceType: For resource 0x7f111dd9, entry index(7641) is beyond type entryCount(119)
08-07 16:21:01.508 15353 15353 W ResourceType: Failure getting entry for 0x7f111dd9 (t=16 e=7641) (error -75)
08-07 16:21:01.509 15353 15353 W ResourceType: For resource 0x7f113a8c, entry index(14988) is beyond type entryCount(119)
08-07 16:21:01.509 15353 15353 W ResourceType: Failure getting entry for 0x7f113a8c (t=16 e=14988) (error -75)
08-07 16:21:01.510 15353 15353 W ResourceType: For resource 0x7f113a8c, entry index(14988) is beyond type entryCount(119)
08-07 16:21:01.510 15353 15353 W ResourceType: Failure getting entry for 0x7f113a8c (t=16 e=14988) (error -75)
08-07 16:21:01.518 15353 15353 W ResourceType: For resource 0x7f1142a2, entry index(17058) is beyond type entryCount(119)
08-07 16:21:01.518 15353 15353 W ResourceType: Failure getting entry for 0x7f1142a2 (t=16 e=17058) (error -75)
08-07 16:21:01.521 15353 15353 W ResourceType: For resource 0x7f1142a2, entry index(17058) is beyond type entryCount(119)
08-07 16:21:01.521 15353 15353 W ResourceType: Failure getting entry for 0x7f1142a2 (t=16 e=17058) (error -75)
08-07 16:21:01.540 15353 15353 W ResourceType: For resource 0x7f1123b9, entry index(9145) is beyond type entryCount(119)
08-07 16:21:01.540 15353 15353 W ResourceType: Failure getting entry for 0x7f1123b9 (t=16 e=9145) (error -75)
08-07 16:21:01.540 15353 15353 W ResourceType: For resource 0x7f1123b9, entry index(9145) is beyond type entryCount(119)
08-07 16:21:01.540 15353 15353 W ResourceType: Failure getting entry for 0x7f1123b9 (t=16 e=9145) (error -75)
08-07 16:21:01.610 15353 15353 W fb4a.PlaybackControllerImpl: PlayedForNSeconds status shouldn't be unknown when attempting to send event
08-07 16:21:01.673 15353 15353 W ResourceType: For resource 0x7f111b63, entry index(7011) is beyond type entryCount(119)
08-07 16:21:01.673 15353 15353 W ResourceType: Failure getting entry for 0x7f111b63 (t=16 e=7011) (error -75)
08-07 16:21:01.674 15353 15353 W ResourceType: For resource 0x7f111b63, entry index(7011) is beyond type entryCount(119)
08-07 16:21:01.674 15353 15353 W ResourceType: Failure getting entry for 0x7f111b63 (t=16 e=7011) (error -75)
08-07 16:21:01.674 15353 15353 W ResourceType: For resource 0x7f111b63, entry index(7011) is beyond type entryCount(119)
08-07 16:21:01.674 15353 15353 W ResourceType: Failure getting entry for 0x7f111b63 (t=16 e=7011) (error -75)
08-07 16:21:01.674 15353 15353 W ResourceType: For resource 0x7f111b74, entry index(7028) is beyond type entryCount(119)
08-07 16:21:01.675 15353 15353 W ResourceType: Failure getting entry for 0x7f111b74 (t=16 e=7028) (error -75)
08-07 16:21:01.675 15353 15353 W ResourceType: For resource 0x7f111b74, entry index(7028) is beyond type entryCount(119)
08-07 16:21:01.675 15353 15353 W ResourceType: Failure getting entry for 0x7f111b74 (t=16 e=7028) (error -75)
08-07 16:21:01.675 15353 15353 W ResourceType: For resource 0x7f111b74, entry index(7028) is beyond type entryCount(119)
08-07 16:21:01.675 15353 15353 W ResourceType: Failure getting entry for 0x7f111b74 (t=16 e=7028) (error -75)
08-07 16:21:01.675 15353 15353 W ResourceType: For resource 0x7f111b71, entry index(7025) is beyond type entryCount(119)
08-07 16:21:01.675 15353 15353 W ResourceType: Failure getting entry for 0x7f111b71 (t=16 e=7025) (error -75)
08-07 16:21:01.676 15353 15353 W ResourceType: For resource 0x7f111b71, entry index(7025) is beyond type entryCount(119)
08-07 16:21:01.676 15353 15353 W ResourceType: Failure getting entry for 0x7f111b71 (t=16 e=7025) (error -75)
08-07 16:21:01.676 15353 15353 W ResourceType: For resource 0x7f111b71, entry index(7025) is beyond type entryCount(119)
08-07 16:21:01.676 15353 15353 W ResourceType: Failure getting entry for 0x7f111b71 (t=16 e=7025) (error -75)
08-07 16:21:01.676 15353 15353 W ResourceType: For resource 0x7f111b70, entry index(7024) is beyond type entryCount(119)
08-07 16:21:01.676 15353 15353 W ResourceType: Failure getting entry for 0x7f111b70 (t=16 e=7024) (error -75)
08-07 16:21:01.677 15353 15353 W ResourceType: For resource 0x7f111b70, entry index(7024) is beyond type entryCount(119)
08-07 16:21:01.677 15353 15353 W ResourceType: Failure getting entry for 0x7f111b70 (t=16 e=7024) (error -75)
08-07 16:21:01.677 15353 15353 W ResourceType: For resource 0x7f111b70, entry index(7024) is beyond type entryCount(119)
08-07 16:21:01.677 15353 15353 W ResourceType: Failure getting entry for 0x7f111b70 (t=16 e=7024) (error -75)
08-07 16:21:01.677 15353 15353 W ResourceType: For resource 0x7f111b6c, entry index(7020) is beyond type entryCount(119)
08-07 16:21:01.677 15353 15353 W ResourceType: Failure getting entry for 0x7f111b6c (t=16 e=7020) (error -75)
08-07 16:21:01.678 15353 15353 W ResourceType: For resource 0x7f111b6c, entry index(7020) is beyond type entryCount(119)
08-07 16:21:01.678 15353 15353 W ResourceType: Failure getting entry for 0x7f111b6c (t=16 e=7020) (error -75)
08-07 16:21:01.678 15353 15353 W ResourceType: For resource 0x7f111b6c, entry index(7020) is beyond type entryCount(119)
08-07 16:21:01.678 15353 15353 W ResourceType: Failure getting entry for 0x7f111b6c (t=16 e=7020) (error -75)
08-07 16:21:01.678 15353 15353 W ResourceType: For resource 0x7f111b6a, entry index(7018) is beyond type entryCount(119)
08-07 16:21:01.678 15353 15353 W ResourceType: Failure getting entry for 0x7f111b6a (t=16 e=7018) (error -75)
08-07 16:21:01.679 15353 15353 W ResourceType: For resource 0x7f111b6a, entry index(7018) is beyond type entryCount(119)
08-07 16:21:01.679 15353 15353 W ResourceType: Failure getting entry for 0x7f111b6a (t=16 e=7018) (error -75)
08-07 16:21:01.679 15353 15353 W ResourceType: For resource 0x7f111b6a, entry index(7018) is beyond type entryCount(119)
08-07 16:21:01.679 15353 15353 W ResourceType: Failure getting entry for 0x7f111b6a (t=16 e=7018) (error -75)
08-07 16:21:01.679 15353 15353 W ResourceType: For resource 0x7f111b6d, entry index(7021) is beyond type entryCount(119)
08-07 16:21:01.679 15353 15353 W ResourceType: Failure getting entry for 0x7f111b6d (t=16 e=7021) (error -75)
08-07 16:21:01.679 15353 15353 W ResourceType: For resource 0x7f111b6d, entry index(7021) is beyond type entryCount(119)
08-07 16:21:01.680 15353 15353 W ResourceType: Failure getting entry for 0x7f111b6d (t=16 e=7021) (error -75)
08-07 16:21:01.680 15353 15353 W ResourceType: For resource 0x7f111b6d, entry index(7021) is beyond type entryCount(119)
08-07 16:21:01.680 15353 15353 W ResourceType: Failure getting entry for 0x7f111b6d (t=16 e=7021) (error -75)
08-07 16:21:01.680 15353 15353 W ResourceType: For resource 0x7f111b6b, entry index(7019) is beyond type entryCount(119)
08-07 16:21:01.680 15353 15353 W ResourceType: Failure getting entry for 0x7f111b6b (t=16 e=7019) (error -75)
08-07 16:21:01.680 15353 15353 W ResourceType: For resource 0x7f111b6b, entry index(7019) is beyond type entryCount(119)
08-07 16:21:01.680 15353 15353 W ResourceType: Failure getting entry for 0x7f111b6b (t=16 e=7019) (error -75)
08-07 16:21:01.680 15353 15353 W ResourceType: For resource 0x7f111b6b, entry index(7019) is beyond type entryCount(119)
08-07 16:21:01.680 15353 15353 W ResourceType: Failure getting entry for 0x7f111b6b (t=16 e=7019) (error -75)
08-07 16:21:01.681 15353 15353 W ResourceType: For resource 0x7f111b71, entry index(7025) is beyond type entryCount(119)
08-07 16:21:01.681 15353 15353 W ResourceType: Failure getting entry for 0x7f111b71 (t=16 e=7025) (error -75)
08-07 16:21:01.681 15353 15353 W ResourceType: For resource 0x7f111b71, entry index(7025) is beyond type entryCount(119)
08-07 16:21:01.681 15353 15353 W ResourceType: Failure getting entry for 0x7f111b71 (t=16 e=7025) (error -75)
08-07 16:21:01.681 15353 15353 W ResourceType: For resource 0x7f111b71, entry index(7025) is beyond type entryCount(119)
08-07 16:21:01.681 15353 15353 W ResourceType: Failure getting entry for 0x7f111b71 (t=16 e=7025) (error -75)
08-07 16:21:01.682 15353 15353 W ResourceType: For resource 0x7f111b66, entry index(7014) is beyond type entryCount(119)
08-07 16:21:01.682 15353 15353 W ResourceType: Failure getting entry for 0x7f111b66 (t=16 e=7014) (error -75)
08-07 16:21:01.683 15353 15353 W ResourceType: For resource 0x7f111b66, entry index(7014) is beyond type entryCount(119)
08-07 16:21:01.683 15353 15353 W ResourceType: Failure getting entry for 0x7f111b66 (t=16 e=7014) (error -75)
08-07 16:21:01.683 15353 15353 W ResourceType: For resource 0x7f111b66, entry index(7014) is beyond type entryCount(119)
08-07 16:21:01.683 15353 15353 W ResourceType: Failure getting entry for 0x7f111b66 (t=16 e=7014) (error -75)
08-07 16:21:01.694 15353 15353 W fb4a.1vi: View is null, can't set tracking node to view
08-07 16:21:01.695 15353 15353 W ResourceType: For resource 0x7f111bec, entry index(7148) is beyond type entryCount(119)
08-07 16:21:01.695 15353 15353 W ResourceType: Failure getting entry for 0x7f111bec (t=16 e=7148) (error -75)
08-07 16:21:01.696 15353 15353 W ResourceType: For resource 0x7f111bec, entry index(7148) is beyond type entryCount(119)
08-07 16:21:01.696 15353 15353 W ResourceType: Failure getting entry for 0x7f111bec (t=16 e=7148) (error -75)
08-07 16:21:01.758 15353 15353 W AudioManager: Use of stream types is deprecated for operations other than volume control
08-07 16:21:01.758 15353 15353 W AudioManager: See the documentation of requestAudioFocus() for what to use instead with android.media.AudioAttributes to qualify your playback use case
08-07 16:21:01.940  3331  2991 E OMXNodeInstance: getConfig(0xf4aa4620:Exynos.avc.dec, ConfigCommonOutputCrop(0x700000f)) ERROR: NotReady(0x80001010)
08-07 16:21:01.948  3185  3185 W /system/bin/hw/android.hidl.allocator@1.0-service: ashmem_create_region(1572864) returning hidl_memory(0x75da62c520, 1572864)
08-07 16:21:01.964  3185  3185 W /system/bin/hw/android.hidl.allocator@1.0-service: ashmem_create_region(1572864) returning hidl_memory(0x75da62c520, 1572864)
08-07 16:21:01.970  3185  3185 W /system/bin/hw/android.hidl.allocator@1.0-service: ashmem_create_region(1572864) returning hidl_memory(0x75da62c520, 1572864)
08-07 16:21:05.037 15353 15353 W ResourceType: For resource 0x7f1100d4, entry index(212) is beyond type entryCount(119)
08-07 16:21:05.037 15353 15353 W ResourceType: Failure getting entry for 0x7f1100d4 (t=16 e=212) (error -75)
08-07 16:21:05.038 15353 15353 W ResourceType: For resource 0x7f1100d4, entry index(212) is beyond type entryCount(119)
08-07 16:21:05.038 15353 15353 W ResourceType: Failure getting entry for 0x7f1100d4 (t=16 e=212) (error -75)
08-07 16:21:09.073 15353 15353 W ResourceType: For resource 0x7f114344, entry index(17220) is beyond type entryCount(119)
08-07 16:21:09.073 15353 15353 W ResourceType: Failure getting entry for 0x7f114344 (t=16 e=17220) (error -75)
08-07 16:21:09.074 15353 15353 W ResourceType: For resource 0x7f114344, entry index(17220) is beyond type entryCount(119)
08-07 16:21:09.074 15353 15353 W ResourceType: Failure getting entry for 0x7f114344 (t=16 e=17220) (error -75)
08-07 16:21:10.000  3665  3797 E TLC_TIMA_PKM_initialize: tima_pkm : /system/etc/tima/kern_sec_info1
08-07 16:21:10.005  3665  3797 E TLC_TIMA_PKM_initialize: tima_pkm : /system/etc/tima/kern_sec_info2
08-07 16:21:10.012  3665  3797 E TLC_TIMA_PKM_initialize: tima_pkm : /system/etc/tima/kern_sec_info3
08-07 16:21:10.018  3665  3797 E TLC_TIMA_PKM_initialize: tima_pkm : /system/etc/tima/kern_sec_info4
08-07 16:21:10.042  3665  3797 E TLC_TIMA_PKM_initialize: tima_pkm : /system/etc/tima/kern_sec_info5
08-07 16:21:10.050  3665  3797 E TLC_TIMA_PKM_initialize: tima_pkm : /system/etc/tima/kern_sec_info6
08-07 16:21:10.055  3665  3797 E TLC_TIMA_PKM_initialize: tima_pkm : /system/etc/tima/kern_sec_info7
08-07 16:21:10.061  3665  3797 E TLC_TIMA_PKM_initialize: tima_pkm : /system/etc/tima/kern_sec_info8
08-07 16:21:12.017 15353 15363 W fb4a.ServicePlayerState: position=9937 bigger than duration=9934
08-07 16:21:12.040 15353 15353 W fb4a.ServicePlayerState: position=9937 bigger than duration=9934
08-07 16:21:12.090  3331 20895 W libexynosv4l2: failed to ioctl: VIDIOC_DQBUF (22 - Invalid argument)
08-07 16:21:12.091  3331 20894 W libexynosv4l2: failed to ioctl: VIDIOC_DQBUF (22 - Invalid argument)
08-07 16:21:13.107  4073  4073 E BufferItemConsumer: [unnamed-4073-45] Failed to release buffer: Unknown error -1 (1)
08-07 16:21:13.139  4073  4073 W SamsungAnalytics: [SamsungAnalytics] Attempt to invoke virtual method 'int com.samsung.context.sdk.samsunganalytics.a.b.a(java.util.Map)' on a null object reference
08-07 16:21:13.139 15353 15353 E CACHE_HINT: onPause
08-07 16:21:13.163  3324  3631 W /system/bin/netd: dnssd_clientstub DNSServiceProcessResult called with invalid DNSServiceRef 0x7602622480 FFFFFFFF DDDDDDDD
08-07 16:21:13.204  4073  4073 W SemDesktopModeManager: Desktop Mode feature not available or SemDesktopModeManager not instantiated. Please check Configuration.semDesktopModeEnabled instead.
08-07 16:21:13.205  4073  4073 W SemDesktopModeManager: Desktop Mode feature not available or SemDesktopModeManager not instantiated. Please check Configuration.semDesktopModeEnabled instead.
08-07 16:21:13.215  3331 20895 W libexynosv4l2: failed to ioctl: VIDIOC_DQBUF (22 - Invalid argument)
08-07 16:21:13.216  3331 20894 W libexynosv4l2: failed to ioctl: VIDIOC_DQBUF (22 - Invalid argument)
08-07 16:21:13.217  3331 20895 W libexynosv4l2: failed to ioctl: VIDIOC_DQBUF (22 - Invalid argument)
08-07 16:21:13.257  4073  4073 W SemDesktopModeManager: Desktop Mode feature not available or SemDesktopModeManager not instantiated. Please check Configuration.semDesktopModeEnabled instead.
08-07 16:21:13.409  3665  4079 E memtrack: Couldn't load memtrack module
08-07 16:21:13.409  3665  4079 W android.os.Debug: failed to get memory consumption info: -1
08-07 16:21:13.455  3665  4079 E memtrack: Couldn't load memtrack module
08-07 16:21:13.455  3665  4079 W android.os.Debug: failed to get memory consumption info: -1
08-07 16:21:13.495  3665  4079 E memtrack: Couldn't load memtrack module
08-07 16:21:13.495  3665  4079 W android.os.Debug: failed to get memory consumption info: -1
08-07 16:21:13.538  3665  4079 E memtrack: Couldn't load memtrack module
08-07 16:21:13.539  3665  4079 W android.os.Debug: failed to get memory consumption info: -1
08-07 16:21:13.600  3665  8632 E NotificationService: notification pkg : com.devuni.flashlight has too high data size(323876) above 100000
08-07 16:21:13.633  4073  4073 W SamsungAnalytics: [SamsungAnalytics] Attempt to invoke virtual method 'int com.samsung.context.sdk.samsunganalytics.a.b.a(java.util.Map)' on a null object reference
08-07 16:21:13.891 15353 20844 E memtrack: Couldn't load memtrack module
08-07 16:21:13.891 15353 20844 W android.os.Debug: failed to get memory consumption info: -1
08-07 16:21:13.922  3665  7869 W InputMethodManagerService: hideSoftInput : Ignoring, uid 10080: com.android.internal.view.IInputMethodClient$Stub$Proxy@c0cb064
08-07 16:21:13.957 24572 24572 W SearchServiceClient: Starting with NO_SESSION handoverId is deprecated. Just don't. You will break.
08-07 16:21:14.025 24572 24572 W SessionLifecycleManager: Handover failed. Creating new session controller.
08-07 16:21:14.041 24572 24572 E PBSessionCacheImpl: sessionId[108070332503396600] not persisted.
08-07 16:21:14.083  3665  8632 W InputMethodManagerService: hideSoftInput : Ignoring, uid 10116: com.android.internal.view.IInputMethodClient$Stub$Proxy@530e88a
08-07 16:21:14.091 15353 15353 E ViewRootImpl: sendUserActionEvent() returned.
08-07 16:21:14.192  7304  7304 W DiscoveryManager: BroadcastReceiver is already registered
08-07 16:21:14.576  5000  5257 W OpenGLRenderer: Incorrectly called buildLayer on View: WorkspaceCellLayoutChildren, destroying layer...
08-07 16:21:14.576  5000  5257 W OpenGLRenderer: Incorrectly called buildLayer on View: WorkspaceCellLayoutChildren, destroying layer...
08-07 16:21:14.765  4073  4073 E KeyguardFingerPrint: updateFingerprintListeningState#mFingerprintRunningState=0 shouldListenForFingerprint=false
08-07 16:21:14.863  3665  4046 W CAE     : unregisterCallback(ContextAwareService.java:217) - [unregi 01] Mutex is locked for AUTO_BRIGHTNESS
08-07 16:21:14.868  3195  3759 E Sensors : inject_scontext_data: New ssp_data_injection_fd(27)
08-07 16:21:14.894  3665  4046 W CAE     : unregisterCallback(ContextAwareService.java:252) - [unregi 02] Mutex is unlocked for AUTO_BRIGHTNESS
08-07 16:21:15.225 20918 20918 E Zygote  : isWhitelistProcess - Process is Whitelisted
08-07 16:21:15.231 20918 20918 W SELinux : SELinux selinux_android_compute_policy_index : Policy Index[2],  Con:u:r:zygote:s0 RAM:SEPF_SM-G935F_8.0.0_0011, [-1 -1 -1 -1 0 1]
08-07 16:21:15.292  3195  3759 E Sensors : inject_scontext_data: New ssp_data_injection_fd(27)
08-07 16:21:15.301  3195  3759 E Sensors : inject_scontext_data: New ssp_data_injection_fd(27)
08-07 16:21:15.340 24572 24572 W SearchServiceCore: Abort, client detached.
08-07 16:21:15.602 20933 20933 E Zygote  : isWhitelistProcess - Process is Whitelisted
08-07 16:21:15.610 20933 20933 W SELinux : SELinux selinux_android_compute_policy_index : Policy Index[2],  Con:u:r:zygote:s0 RAM:SEPF_SM-G935F_8.0.0_0011, [-1 -1 -1 -1 0 1]
08-07 16:21:15.630  4073  4073 W SamsungAnalytics: [SamsungAnalytics] Attempt to invoke virtual method 'int com.samsung.context.sdk.samsunganalytics.a.b.a(java.util.Map)' on a null object reference
08-07 16:21:15.653  4073  4073 E KeyguardFingerPrint: updateFingerprintListeningState#mFingerprintRunningState=0 shouldListenForFingerprint=false
08-07 16:21:15.680  4073  4073 E KeyguardFingerPrint: updateFingerprintListeningState#mFingerprintRunningState=0 shouldListenForFingerprint=false
08-07 16:21:15.716 20918 20918 W SoLoader: context.getApplicationContext returned null, holding reference to original context.
08-07 16:21:15.722 20918 20918 W SoLoader: context.getApplicationContext returned null, holding reference to original context.
08-07 16:21:15.745  4073  4073 W SemDesktopModeManager: Desktop Mode feature not available or SemDesktopModeManager not instantiated. Please check Configuration.semDesktopModeEnabled instead.
08-07 16:21:15.748  4073  4073 E KeyguardFingerPrint: updateFingerprintListeningState#mFingerprintRunningState=0 shouldListenForFingerprint=false
08-07 16:21:15.892 20918 20918 W dalvik-internals: ignoring failure to find _ZN3art12FaultManager35EnsureArtActionInFrontOfSignalChainEv: could not hook _ZN3art12FaultManager35EnsureArtActionInFrontOfSignalChainEv
08-07 16:21:15.924 20918 20918 W Process : Unable to open /proc/vmstat
08-07 16:21:15.924  3288  3288 E audit   : type=1400 audit(1533651675.907:948): avc:  denied  { read } for  pid=20918 comm="facebook.katana" name="vmstat" dev="proc" ino=4026534965 scontext=u:r:untrusted_app_25:s0:c512,c768 tcontext=u:object_r:proc:s0 tclass=file permissive=0 SEPF_SM-G935F_8.0.0_0011 audit_filtered
08-07 16:21:15.937 20918 20918 W CrashLoopRemedyLog: unable to delete remedy log
08-07 16:21:15.964  3288  3288 E audit   : type=1400 audit(1533651675.947:949): avc:  denied  { read } for  pid=20918 comm="AppStateLoggerT" name="zoneinfo" dev="proc" ino=4026534966 scontext=u:r:untrusted_app_25:s0:c512,c768 tcontext=u:object_r:proc_zoneinfo:s0 tclass=file permissive=0 SEPF_SM-G935F_8.0.0_0011 audit_filtered
08-07 16:21:15.965 20918 20953 E MemProcWatermarkReader: java.io.FileNotFoundException: /proc/zoneinfo
08-07 16:21:15.978  9443  9619 W bt_btm  : btm_ble_disable_resolving_list() rl_state = 0x1b, rl_mask = 0x2, to_resume = 1
08-07 16:21:15.992 20918 20918 E ACRA    : Initializing ANR detector for process: com.facebook.katana
08-07 16:21:16.011  9443  9538 E BtGatt.GattService: [GSIM LOG]: gsimLogHandler, msg: MESSAGE_SCAN_STOP, appName: android.uid.bcmgr, scannerId: 4, reportDelayMillis=0
08-07 16:21:16.025  3665  4950 E NotificationService: notification pkg : com.devuni.flashlight has too high data size(324108) above 100000
08-07 16:21:16.054  3665  3777 E memtrack: Couldn't load memtrack module
08-07 16:21:16.054  3665  3777 W android.os.Debug: failed to get memory consumption info: -1
08-07 16:21:16.126  9443  9538 E BtGatt.GattService: [GSIM LOG]: gsimLogHandler, msg: MESSAGE_SCAN_START, appName: android.uid.bcmgr, scannerId: 4, reportDelayMillis=0
08-07 16:21:16.149  9443  9530 E BtGatt.ScanManager: default value of curScanSetting 0 is choosen
08-07 16:21:16.149  9443  9619 W bt_btm  : btm_ble_enable_resolving_list() rl_state = 0x19, rl_mask = 0x2
08-07 16:21:16.150  9443  9619 W bt_btm  : btm_ble_disable_resolving_list() rl_state = 0x1b, rl_mask = 0x2, to_resume = 1
08-07 16:21:16.150  9443  9619 W bt_btm  : btm_ble_enable_resolving_list() rl_state = 0x19, rl_mask = 0x2
08-07 16:21:16.157  3665  3777 E memtrack: Couldn't load memtrack module
08-07 16:21:16.157  3665  3777 W android.os.Debug: failed to get memory consumption info: -1
08-07 16:21:16.208 20918 20959 W DexLibLoader: disabling background optimization
08-07 16:21:16.245 20918 20959 W MemoryReductionHack: Couldn't update the Loader (NoSuchFieldException)
08-07 16:21:16.331 20918 20967 W Process : Unable to open /proc/vmstat
08-07 16:21:16.331  3288  3288 E audit   : type=1400 audit(1533651676.317:950): avc:  denied  { read } for  pid=20918 comm="CallOnCreateImp" name="vmstat" dev="proc" ino=4026534965 scontext=u:r:untrusted_app_25:s0:c512,c768 tcontext=u:object_r:proc:s0 tclass=file permissive=0 SEPF_SM-G935F_8.0.0_0011 audit_filtered
08-07 16:21:16.366 20918 20967 W Process : Unable to open /proc/vmstat
08-07 16:21:16.366  3288  3288 E audit   : type=1400 audit(1533651676.347:951): avc:  denied  { read } for  pid=20918 comm="CallOnCreateImp" name="vmstat" dev="proc" ino=4026534965 scontext=u:r:untrusted_app_25:s0:c512,c768 tcontext=u:object_r:proc:s0 tclass=file permissive=0 SEPF_SM-G935F_8.0.0_0011 audit_filtered
08-07 16:21:16.531 24572 24572 W SearchServiceCore: Abort, client detached.
08-07 16:21:16.738 20918 20967 W Process : Unable to open /proc/vmstat
08-07 16:21:16.738  3288  3288 E audit   : type=1400 audit(1533651676.727:952): avc:  denied  { read } for  pid=20918 comm="CallOnCreateImp" name="vmstat" dev="proc" ino=4026534965 scontext=u:r:untrusted_app_25:s0:c512,c768 tcontext=u:object_r:proc:s0 tclass=file permissive=0 SEPF_SM-G935F_8.0.0_0011 audit_filtered
08-07 16:21:16.743 20918 20967 W Process : Unable to open /proc/vmstat
08-07 16:21:16.744  3288  3288 E audit   : type=1400 audit(1533651676.727:953): avc:  denied  { read } for  pid=20918 comm="CallOnCreateImp" name="vmstat" dev="proc" ino=4026534965 scontext=u:r:untrusted_app_25:s0:c512,c768 tcontext=u:object_r:proc:s0 tclass=file permissive=0 SEPF_SM-G935F_8.0.0_0011 audit_filtered
08-07 16:21:17.015 20918 20978 E fb4a.JS_LOADER: Unpacking js bundle 'Fb4aBundle.js.hbc' Use hermes on. Perftest info: prepack gk off prepack build constant off
08-07 16:21:17.022 20918 20978 E fb4a.JS_LOADER: Unpacking js bundle 'Fb4aBundle.js.hbc' Use hermes on. Perftest info: prepack gk off prepack build constant off
08-07 16:21:21.278  3288  3288 E audit   : type=1400 audit(1533651681.267:954): avc:  denied  { read } for  pid=20918 comm="Bg_Shared3" name="boot_id" dev="proc" ino=556478 scontext=u:r:untrusted_app_25:s0:c512,c768 tcontext=u:object_r:proc:s0 tclass=file permissive=0 SEPF_SM-G935F_8.0.0_0011 audit_filtered
08-07 16:21:21.281 20918 21028 E fb4a.BootIdReader: Error reading boot_id from procfs
08-07 16:21:21.281 20918 21028 E fb4a.BootIdReader: java.io.FileNotFoundException: /proc/sys/kernel/random/boot_id (Permission denied)
08-07 16:21:21.281 20918 21028 E fb4a.BootIdReader: 	at java.io.FileInputStream.open0(Native Method)
08-07 16:21:21.281 20918 21028 E fb4a.BootIdReader: 	at java.io.FileInputStream.open(FileInputStream.java:200)
08-07 16:21:21.281 20918 21028 E fb4a.BootIdReader: 	at java.io.FileInputStream.<init>(FileInputStream.java:150)
08-07 16:21:21.281 20918 21028 E fb4a.BootIdReader: 	at java.io.FileInputStream.<init>(FileInputStream.java:103)
08-07 16:21:21.281 20918 21028 E fb4a.BootIdReader: 	at java.io.FileReader.<init>(FileReader.java:58)
08-07 16:21:21.281 20918 21028 E fb4a.BootIdReader: 	at X.2NH.D(:579359)
08-07 16:21:21.281 20918 21028 E fb4a.BootIdReader: 	at X.2tz.B(Unknown Source:1505)
08-07 16:21:21.281 20918 21028 E fb4a.BootIdReader: 	at X.0I5.B(Unknown Source:31)
08-07 16:21:21.281 20918 21028 E fb4a.BootIdReader: 	at X.0In.F(:49239)
08-07 16:21:21.281 20918 21028 E fb4a.BootIdReader: 	at X.0In.D(:49227)
08-07 16:21:21.281 20918 21028 E fb4a.BootIdReader: 	at X.4X5.D(:1002731)
08-07 16:21:21.281 20918 21028 E fb4a.BootIdReader: 	at X.4X5.E(:1002735)
08-07 16:21:21.281 20918 21028 E fb4a.BootIdReader: 	at X.4X5.A(:1002706)
08-07 16:21:21.281 20918 21028 E fb4a.BootIdReader: 	at X.4X3.init(:1002671)
08-07 16:21:21.281 20918 21028 E fb4a.BootIdReader: 	at X.0OA.run(:60344)
08-07 16:21:21.281 20918 21028 E fb4a.BootIdReader: 	at X.0Nu.run(:60154)
08-07 16:21:21.281 20918 21028 E fb4a.BootIdReader: 	at java.util.concurrent.Executors$RunnableAdapter.call(Executors.java:457)
08-07 16:21:21.281 20918 21028 E fb4a.BootIdReader: 	at java.util.concurrent.FutureTask.run(FutureTask.java:266)
08-07 16:21:21.281 20918 21028 E fb4a.BootIdReader: 	at java.util.concurrent.Executors$RunnableAdapter.call(Executors.java:457)
08-07 16:21:21.281 20918 21028 E fb4a.BootIdReader: 	at X.0Oy.run(:62993)
08-07 16:21:21.281 20918 21028 E fb4a.BootIdReader: 	at java.util.concurrent.Executors$RunnableAdapter.call(Executors.java:457)
08-07 16:21:21.281 20918 21028 E fb4a.BootIdReader: 	at java.util.concurrent.FutureTask.run(FutureTask.java:266)
08-07 16:21:21.281 20918 21028 E fb4a.BootIdReader: 	at X.0La.run(:54839)
08-07 16:21:21.281 20918 21028 E fb4a.BootIdReader: 	at java.util.concurrent.ThreadPoolExecutor.runWorker(ThreadPoolExecutor.java:1162)
08-07 16:21:21.281 20918 21028 E fb4a.BootIdReader: 	at java.util.concurrent.ThreadPoolExecutor$Worker.run(ThreadPoolExecutor.java:636)
08-07 16:21:21.281 20918 21028 E fb4a.BootIdReader: 	at X.0PI.run(:63515)
08-07 16:21:21.281 20918 21028 E fb4a.BootIdReader: 	at java.lang.Thread.run(Thread.java:764)
08-07 16:21:21.436 20918 20918 W zygote  : JNI RegisterNativeMethods: attempt to register 0 native methods for com.facebook.omnistore.OmnistoreCollectionFrontendHolder
08-07 16:21:21.610 20918 21002 W zygote  : JNI RegisterNativeMethods: attempt to register 0 native methods for com.facebook.omnistore.OmnistoreFuzzerHolder
08-07 16:21:21.715 20918 21002 W fb4a.PartiesOmnistoreComponent: Parties tried to start syncing with invalid domain.
08-07 16:21:22.134  4230  4274 E RequestManager_FLP: [FusedLocationApi] Location remove ba98dab from com.facebook.katana
08-07 16:21:22.139  4230  4274 E RequestManager_FLP: [FusedLocationApi] Location remove d9d9c08 from com.facebook.katana
08-07 16:21:22.142  4230  4274 E RequestManager_FLP: [LocationManagerService] Location remove e3fc7b9 from com.facebook.katana
08-07 16:21:22.155  4230  4274 E RequestManager_FLP: [LocationManagerService] Location remove 61d39ac from com.facebook.katana
08-07 16:21:22.157  4230  4274 E RequestManager_FLP: [LocationManagerService] Location remove 162360a from com.facebook.katana
08-07 16:21:22.194  3100  3100 E audit   : avc:  denied  { find } for interface=android.hardware.memtrack::IMemtrack pid=20918 scontext=u:r:untrusted_app_25:s0:c512,c768 tcontext=u:object_r:hal_memtrack_hwservice:s0 tclass=hwservice_manager
08-07 16:21:22.196  3100  3100 E audit   : avc:  denied  { find } for interface=android.hardware.memtrack::IMemtrack pid=20918 scontext=u:r:untrusted_app_25:s0:c512,c768 tcontext=u:object_r:hal_memtrack_hwservice:s0 tclass=hwservice_manager
08-07 16:21:22.197 20918 21055 E memtrack: Couldn't load memtrack module
08-07 16:21:22.198 20918 21055 W android.os.Debug: failed to get memory consumption info: -1
08-07 16:21:22.253 20918 21006 E SingleFileAttributeStore.cpp: Could not read data from the disk
08-07 16:21:22.306  4777  4777 W Nearby  : Bind call too late - someone already tried to get: interface biol [CONTEXT service_id=49 ]
08-07 16:21:22.346 20918 21028 W fb4a.ServiceInfoParser: X.3eD: Service com.facebook.common.errorreporting.memory.MemoryDumpUploadService is missing meta key com.facebook.common.jobscheduler.compat.jobIds
08-07 16:21:22.347 20918 21028 W fb4a.ServiceInfoParser: X.3eD: Service com.facebook.account.login.notification.LoginNotificationService is missing meta key com.facebook.common.jobscheduler.compat.jobIds
08-07 16:21:22.347 20918 21028 W fb4a.ServiceInfoParser: X.3eD: Service com.facebook.analytics2.logger.LollipopUploadService is missing meta key com.facebook.common.jobscheduler.compat.jobIds
08-07 16:21:22.348 20918 21028 W fb4a.ServiceInfoParser: X.3eD: Service com.facebook.backgroundlocation.process.BackgroundLocationGatheringService is missing meta key com.facebook.common.jobscheduler.compat.jobIds
08-07 16:21:22.348 20918 21028 W fb4a.ServiceInfoParser: X.3eD: Service com.facebook.backgroundlocation.reporting.periodic.PeriodicSignalCollectorJobService is missing meta key com.facebook.common.jobscheduler.compat.jobIds
08-07 16:21:22.350 20918 21028 W fb4a.ServiceInfoParser: X.3eD: Service com.facebook.compost.service.CompostNotificationService is missing meta key com.facebook.common.jobscheduler.compat.jobIds
08-07 16:21:22.350 20918 21028 W fb4a.ServiceInfoParser: X.3eD: Service com.facebook.conditionalworker.ConditionalWorkerService is missing meta key com.facebook.common.jobscheduler.compat.jobIds
08-07 16:21:22.351 20918 21028 W fb4a.ServiceInfoParser: X.3eD: Service com.facebook.confirmation.notification.ConfirmationNotificationService is missing meta key com.facebook.common.jobscheduler.compat.jobIds
08-07 16:21:22.351 20918 21028 W fb4a.ServiceInfoParser: X.3eD: Service com.facebook.delayedworker.DelayedWorkerService is missing meta key com.facebook.common.jobscheduler.compat.jobIds
08-07 16:21:22.351 20918 21028 W fb4a.ServiceInfoParser: X.3eD: Service com.facebook.displaytimeinvalidation.service.DisplayTimeBlockIntentService is missing meta key com.facebook.common.jobscheduler.compat.jobIds
08-07 16:21:22.351 20918 21028 W fb4a.ServiceInfoParser: X.3eD: Service com.facebook.fbservice.service.BlueServiceJobIntentService is missing meta key com.facebook.common.jobscheduler.compat.jobIds
08-07 16:21:22.359 20918 21028 W fb4a.ServiceInfoParser: X.3eD: Service com.facebook.oxygen.preloads.sdk.firstparty.managedappcache.IsManagedAppCacheJobService is missing meta key com.facebook.common.jobscheduler.compat.jobIds
08-07 16:21:22.365 20918 21028 W fb4a.ServiceInfoParser: X.3eD: Service com.facebook.push.fbpushdata.FbPushDataHandlerService is missing meta key com.facebook.common.jobscheduler.compat.jobIds
08-07 16:21:22.365 20918 21028 W fb4a.ServiceInfoParser: X.3eD: Service com.facebook.registration.notification.RegistrationNotificationService is missing meta key com.facebook.common.jobscheduler.compat.jobIds
08-07 16:21:22.365 20918 21028 W fb4a.ServiceInfoParser: X.3eD: Service com.facebook.registration.service.NewAccountStateLoggingService is missing meta key com.facebook.common.jobscheduler.compat.jobIds
08-07 16:21:22.366 20918 21028 W fb4a.ServiceInfoParser: X.3eD: Service com.facebook.selfupdate.SelfUpdateFetchService is missing meta key com.facebook.common.jobscheduler.compat.jobIds
08-07 16:21:22.565 21069 21069 E Zygote  : isWhitelistProcess - Process is Whitelisted
08-07 16:21:22.573 21069 21069 W SELinux : SELinux selinux_android_compute_policy_index : Policy Index[2],  Con:u:r:zygote:s0 RAM:SEPF_SM-G935F_8.0.0_0011, [-1 -1 -1 -1 0 1]
08-07 16:21:22.711 21069 21069 W Process : Unable to open /proc/vmstat
08-07 16:21:22.712  3288  3288 E audit   : type=1400 audit(1533651682.697:955): avc:  denied  { read } for  pid=21069 comm="m.facebook.orca" name="vmstat" dev="proc" ino=4026534965 scontext=u:r:untrusted_app_25:s0:c512,c768 tcontext=u:object_r:proc:s0 tclass=file permissive=0 SEPF_SM-G935F_8.0.0_0011 audit_filtered
08-07 16:21:22.727 21069 21085 W Process : Unable to open /proc/vmstat
08-07 16:21:22.727  3288  3288 E audit   : type=1400 audit(1533651682.717:956): avc:  denied  { read } for  pid=21069 comm="EnsureDelegate" name="vmstat" dev="proc" ino=4026534965 scontext=u:r:untrusted_app_25:s0:c512,c768 tcontext=u:object_r:proc:s0 tclass=file permissive=0 SEPF_SM-G935F_8.0.0_0011 audit_filtered
08-07 16:21:22.751 21069 21086 E MemProcWatermarkReader: java.io.FileNotFoundException: /proc/zoneinfo
08-07 16:21:22.751  3288  3288 E audit   : type=1400 audit(1533651682.737:957): avc:  denied  { read } for  pid=21069 comm="AppStateLoggerT" name="zoneinfo" dev="proc" ino=4026534966 scontext=u:r:untrusted_app_25:s0:c512,c768 tcontext=u:object_r:proc_zoneinfo:s0 tclass=file permissive=0 SEPF_SM-G935F_8.0.0_0011 audit_filtered
08-07 16:21:22.776 21069 21085 E ACRA    : Initializing ANR detector for process: com.facebook.orca
08-07 16:21:22.791 21069 21085 W CrashLoopRemedyLog: unable to delete remedy log
08-07 16:21:23.095 21069 21085 W dalvik-internals: ignoring failure to find _ZN3art12FaultManager35EnsureArtActionInFrontOfSignalChainEv: could not hook _ZN3art12FaultManager35EnsureArtActionInFrontOfSignalChainEv
08-07 16:21:23.102 21069 21085 W Process : Unable to open /proc/vmstat
08-07 16:21:23.102  3288  3288 E audit   : type=1400 audit(1533651683.087:958): avc:  denied  { read } for  pid=21069 comm="EnsureDelegate" name="vmstat" dev="proc" ino=4026534965 scontext=u:r:untrusted_app_25:s0:c512,c768 tcontext=u:object_r:proc:s0 tclass=file permissive=0 SEPF_SM-G935F_8.0.0_0011 audit_filtered
08-07 16:21:23.120 21069 21085 W DexLibLoader: disabling background optimization
08-07 16:21:23.165 21069 21085 W MemoryReductionHack: Couldn't update the Loader (NoSuchFieldException)
08-07 16:21:23.286 21069 21099 W Process : Unable to open /proc/vmstat
08-07 16:21:23.286  3288  3288 E audit   : type=1400 audit(1533651683.267:959): avc:  denied  { read } for  pid=21069 comm="CallOnCreateImp" name="vmstat" dev="proc" ino=4026534965 scontext=u:r:untrusted_app_25:s0:c512,c768 tcontext=u:object_r:proc:s0 tclass=file permissive=0 SEPF_SM-G935F_8.0.0_0011 audit_filtered
08-07 16:21:23.297  3665  3684 E memtrack: Couldn't load memtrack module
08-07 16:21:23.297  3665  3684 W android.os.Debug: failed to get memory consumption info: -1
08-07 16:21:23.315 21069 21099 W Process : Unable to open /proc/vmstat
08-07 16:21:23.315  3288  3288 E audit   : type=1400 audit(1533651683.297:960): avc:  denied  { read } for  pid=21069 comm="CallOnCreateImp" name="vmstat" dev="proc" ino=4026534965 scontext=u:r:untrusted_app_25:s0:c512,c768 tcontext=u:object_r:proc:s0 tclass=file permissive=0 SEPF_SM-G935F_8.0.0_0011 audit_filtered
08-07 16:21:23.439 21069 21099 W Process : Unable to open /proc/vmstat
08-07 16:21:23.439  3288  3288 E audit   : type=1400 audit(1533651683.427:961): avc:  denied  { read } for  pid=21069 comm="CallOnCreateImp" name="vmstat" dev="proc" ino=4026534965 scontext=u:r:untrusted_app_25:s0:c512,c768 tcontext=u:object_r:proc:s0 tclass=file permissive=0 SEPF_SM-G935F_8.0.0_0011 audit_filtered
08-07 16:21:24.066 21127 21127 E Zygote  : isWhitelistProcess - Process is Whitelisted
08-07 16:21:24.070 21127 21127 W SELinux : SELinux selinux_android_compute_policy_index : Policy Index[2],  Con:u:r:zygote:s0 RAM:SEPF_SM-G935F_8.0.0_0011, [-1 -1 -1 -1 0 1]
08-07 16:21:28.028  3288  3288 E audit   : type=1400 audit(1533651688.017:962): avc:  denied  { read } for  pid=21069 comm="Bg_Shared2" name="boot_id" dev="proc" ino=556478 scontext=u:r:untrusted_app_25:s0:c512,c768 tcontext=u:object_r:proc:s0 tclass=file permissive=0 SEPF_SM-G935F_8.0.0_0011 audit_filtered
08-07 16:21:28.029 21069 21148 E msgr.BootIdReader: Error reading boot_id from procfs
08-07 16:21:28.029 21069 21148 E msgr.BootIdReader: java.io.FileNotFoundException: /proc/sys/kernel/random/boot_id (Permission denied)
08-07 16:21:28.029 21069 21148 E msgr.BootIdReader: 	at java.io.FileInputStream.open0(Native Method)
08-07 16:21:28.029 21069 21148 E msgr.BootIdReader: 	at java.io.FileInputStream.open(FileInputStream.java:200)
08-07 16:21:28.029 21069 21148 E msgr.BootIdReader: 	at java.io.FileInputStream.<init>(FileInputStream.java:150)
08-07 16:21:28.029 21069 21148 E msgr.BootIdReader: 	at java.io.FileInputStream.<init>(FileInputStream.java:103)
08-07 16:21:28.029 21069 21148 E msgr.BootIdReader: 	at java.io.FileReader.<init>(FileReader.java:58)
08-07 16:21:28.029 21069 21148 E msgr.BootIdReader: 	at X.1Ux.a(:275670)
08-07 16:21:28.029 21069 21148 E msgr.BootIdReader: 	at X.1f3.a(Unknown Source:11795)
08-07 16:21:28.029 21069 21148 E msgr.BootIdReader: 	at X.0J4.A(Unknown Source:21)
08-07 16:21:28.029 21069 21148 E msgr.BootIdReader: 	at X.0Jg.a(:60993)
08-07 16:21:28.029 21069 21148 E msgr.BootIdReader: 	at X.0Jg.b(:61012)
08-07 16:21:28.029 21069 21148 E msgr.BootIdReader: 	at X.1ii.d(:325384)
08-07 16:21:28.029 21069 21148 E msgr.BootIdReader: 	at X.1ii.b(:325375)
08-07 16:21:28.029 21069 21148 E msgr.BootIdReader: 	at X.1ii.a(:325337)
08-07 16:21:28.029 21069 21148 E msgr.BootIdReader: 	at X.2Qx.init(:426856)
08-07 16:21:28.029 21069 21148 E msgr.BootIdReader: 	at X.0Pd.run(:75478)
08-07 16:21:28.029 21069 21148 E msgr.BootIdReader: 	at X.0Ok.run(:72225)
08-07 16:21:28.029 21069 21148 E msgr.BootIdReader: 	at java.util.concurrent.Executors$RunnableAdapter.call(Executors.java:457)
08-07 16:21:28.029 21069 21148 E msgr.BootIdReader: 	at java.util.concurrent.FutureTask.run(FutureTask.java:266)
08-07 16:21:28.029 21069 21148 E msgr.BootIdReader: 	at java.util.concurrent.Executors$RunnableAdapter.call(Executors.java:457)
08-07 16:21:28.029 21069 21148 E msgr.BootIdReader: 	at X.0Pl.run(:75634)
08-07 16:21:28.029 21069 21148 E msgr.BootIdReader: 	at java.util.concurrent.Executors$RunnableAdapter.call(Executors.java:457)
08-07 16:21:28.029 21069 21148 E msgr.BootIdReader: 	at java.util.concurrent.FutureTask.run(FutureTask.java:266)
08-07 16:21:28.029 21069 21148 E msgr.BootIdReader: 	at X.0MT.run(:66509)
08-07 16:21:28.029 21069 21148 E msgr.BootIdReader: 	at java.util.concurrent.ThreadPoolExecutor.runWorker(ThreadPoolExecutor.java:1162)
08-07 16:21:28.029 21069 21148 E msgr.BootIdReader: 	at java.util.concurrent.ThreadPoolExecutor$Worker.run(ThreadPoolExecutor.java:636)
08-07 16:21:28.029 21069 21148 E msgr.BootIdReader: 	at X.0Pn.run(:75655)
08-07 16:21:28.029 21069 21148 E msgr.BootIdReader: 	at java.lang.Thread.run(Thread.java:764)
08-07 16:21:28.893 21069 21148 W msgr.ServiceInfoParser: X.21e: Service com.facebook.common.errorreporting.memory.MemoryDumpUploadService is missing meta key com.facebook.common.jobscheduler.compat.jobIds
08-07 16:21:28.894 21069 21148 W msgr.ServiceInfoParser: X.21e: Service com.facebook.analytics2.logger.LollipopUploadService is missing meta key com.facebook.common.jobscheduler.compat.jobIds
08-07 16:21:28.895 21069 21148 W msgr.ServiceInfoParser: X.21e: Service com.facebook.conditionalworker.ConditionalWorkerService is missing meta key com.facebook.common.jobscheduler.compat.jobIds
08-07 16:21:28.896 21069 21148 W msgr.ServiceInfoParser: X.21e: Service com.facebook.delayedworker.DelayedWorkerService is missing meta key com.facebook.common.jobscheduler.compat.jobIds
08-07 16:21:28.896 21069 21148 W msgr.ServiceInfoParser: X.21e: Service com.facebook.fbservice.service.BlueServiceJobIntentService is missing meta key com.facebook.common.jobscheduler.compat.jobIds
08-07 16:21:28.898 21069 21148 W msgr.ServiceInfoParser: X.21e: Service com.facebook.messaging.universallinks.receiver.InstallReferrerFetchJobIntentService is missing meta key com.facebook.common.jobscheduler.compat.jobIds
08-07 16:21:28.898 21069 21148 W msgr.ServiceInfoParser: X.21e: Service com.facebook.oxygen.preloads.sdk.firstparty.managedappcache.IsManagedAppCacheJobService is missing meta key com.facebook.common.jobscheduler.compat.jobIds
08-07 16:21:28.900 21069 21148 W msgr.ServiceInfoParser: X.21e: Service com.facebook.push.fbpushdata.FbPushDataHandlerService is missing meta key com.facebook.common.jobscheduler.compat.jobIds
08-07 16:21:28.900 21069 21148 W msgr.ServiceInfoParser: X.21e: Service com.facebook.selfupdate.SelfUpdateFetchService is missing meta key com.facebook.common.jobscheduler.compat.jobIds
08-07 16:21:28.903  3100  3100 E audit   : avc:  denied  { find } for interface=android.hardware.memtrack::IMemtrack pid=21069 scontext=u:r:untrusted_app_25:s0:c512,c768 tcontext=u:object_r:hal_memtrack_hwservice:s0 tclass=hwservice_manager
08-07 16:21:28.905  3100  3100 E audit   : avc:  denied  { find } for interface=android.hardware.memtrack::IMemtrack pid=21069 scontext=u:r:untrusted_app_25:s0:c512,c768 tcontext=u:object_r:hal_memtrack_hwservice:s0 tclass=hwservice_manager
08-07 16:21:28.906 21069 21160 E memtrack: Couldn't load memtrack module
08-07 16:21:28.906 21069 21160 W android.os.Debug: failed to get memory consumption info: -1
08-07 16:21:29.201 21069 21166 E CompactDiskManagerImpl.cpp: Failed to remove new folder structure directories: No such file or directory
08-07 16:21:29.257 21069 21168 E CompactDiskManagerImpl.cpp: Failed to remove new folder structure directories: No such file or directory
08-07 16:21:33.330  4344  4344 W RegisteredComponentCache: Unable to load component info ResolveInfo{b36f6e5 com.greenlionsoft.free.madrid/.app.ui.activities.card.CardActivity m=0x108000}
08-07 16:21:33.330  4344  4344 W RegisteredComponentCache: org.xmlpull.v1.XmlPullParserException: No android.nfc.action.TECH_DISCOVERED meta-data
08-07 16:21:33.330  4344  4344 W RegisteredComponentCache: 	at com.android.nfc.RegisteredComponentCache.parseComponentInfo(RegisteredComponentCache.java:237)
08-07 16:21:33.330  4344  4344 W RegisteredComponentCache: 	at com.android.nfc.RegisteredComponentCache.generateComponentsList(RegisteredComponentCache.java:199)
08-07 16:21:33.330  4344  4344 W RegisteredComponentCache: 	at com.android.nfc.RegisteredComponentCache$1.onReceive(RegisteredComponentCache.java:92)
08-07 16:21:33.330  4344  4344 W RegisteredComponentCache: 	at android.app.LoadedApk$ReceiverDispatcher$Args.lambda$-android_app_LoadedApk$ReceiverDispatcher$Args_52226(LoadedApk.java:1319)
08-07 16:21:33.330  4344  4344 W RegisteredComponentCache: 	at android.app.-$Lambda$FilBqgnXJrN9Mgyks1XHeAxzSTk.$m$0(Unknown Source:4)
08-07 16:21:33.330  4344  4344 W RegisteredComponentCache: 	at android.app.-$Lambda$FilBqgnXJrN9Mgyks1XHeAxzSTk.run(Unknown Source:0)
08-07 16:21:33.330  4344  4344 W RegisteredComponentCache: 	at android.os.Handler.handleCallback(Handler.java:789)
