08-07 16:21:33.330  4344  4344 W RegisteredComponentCache: 	at android.os.Handler.dispatchMessage(Handler.java:98)
08-07 16:21:33.330  4344  4344 W RegisteredComponentCache: 	at android.os.Looper.loop(Looper.java:164)
08-07 16:21:33.330  4344  4344 W RegisteredComponentCache: 	at android.app.ActivityThread.main(ActivityThread.java:6944)
08-07 16:21:33.330  4344  4344 W RegisteredComponentCache: 	at java.lang.reflect.Method.invoke(Native Method)
08-07 16:21:33.330  4344  4344 W RegisteredComponentCache: 	at com.android.internal.os.Zygote$MethodAndArgsCaller.run(Zygote.java:327)
08-07 16:21:33.330  4344  4344 W RegisteredComponentCache: 	at com.android.internal.os.ZygoteInit.main(ZygoteInit.java:1374)
08-07 16:21:33.376  4344  4344 W RegisteredComponentCache: Unable to load component info ResolveInfo{4d71c6b com.greenlionsoft.free.madrid/.app.ui.activities.card.CardActivity m=0x108000}
08-07 16:21:33.376  4344  4344 W RegisteredComponentCache: org.xmlpull.v1.XmlPullParserException: No android.nfc.action.TECH_DISCOVERED meta-data
08-07 16:21:33.376  4344  4344 W RegisteredComponentCache: 	at com.android.nfc.RegisteredComponentCache.parseComponentInfo(RegisteredComponentCache.java:237)
08-07 16:21:33.376  4344  4344 W RegisteredComponentCache: 	at com.android.nfc.RegisteredComponentCache.generateComponentsList(RegisteredComponentCache.java:199)
08-07 16:21:33.376  4344  4344 W RegisteredComponentCache: 	at com.android.nfc.RegisteredComponentCache$1.onReceive(RegisteredComponentCache.java:92)
08-07 16:21:33.376  4344  4344 W RegisteredComponentCache: 	at android.app.LoadedApk$ReceiverDispatcher$Args.lambda$-android_app_LoadedApk$ReceiverDispatcher$Args_52226(LoadedApk.java:1319)
08-07 16:21:33.376  4344  4344 W RegisteredComponentCache: 	at android.app.-$Lambda$FilBqgnXJrN9Mgyks1XHeAxzSTk.$m$0(Unknown Source:4)
08-07 16:21:33.376  4344  4344 W RegisteredComponentCache: 	at android.app.-$Lambda$FilBqgnXJrN9Mgyks1XHeAxzSTk.run(Unknown Source:0)
08-07 16:21:33.376  4344  4344 W RegisteredComponentCache: 	at android.os.Handler.handleCallback(Handler.java:789)
08-07 16:21:33.376  4344  4344 W RegisteredComponentCache: 	at android.os.Handler.dispatchMessage(Handler.java:98)
08-07 16:21:33.376  4344  4344 W RegisteredComponentCache: 	at android.os.Looper.loop(Looper.java:164)
08-07 16:21:33.376  4344  4344 W RegisteredComponentCache: 	at android.app.ActivityThread.main(ActivityThread.java:6944)
08-07 16:21:33.376  4344  4344 W RegisteredComponentCache: 	at java.lang.reflect.Method.invoke(Native Method)
08-07 16:21:33.376  4344  4344 W RegisteredComponentCache: 	at com.android.internal.os.Zygote$MethodAndArgsCaller.run(Zygote.java:327)
08-07 16:21:33.376  4344  4344 W RegisteredComponentCache: 	at com.android.internal.os.ZygoteInit.main(ZygoteInit.java:1374)
08-07 16:21:33.576  3665  3684 W SearchableInfo: Invalid searchable metadata for com.samsung.android.themestore/.activity.bixby.SearchActivityForBixby: Search label must be a resource reference.
08-07 16:21:33.805  5000  5072 W Launcher.Model: checkFinderState return, operation is not matched
08-07 16:21:33.833  3665  3684 W SearchableInfo: Invalid searchable metadata for com.samsung.android.themestore/.activity.bixby.SearchActivityForBixby: Search label must be a resource reference.
08-07 16:21:33.967  5000  5072 W Launcher.Model: checkFinderState return, operation is not matched
08-07 16:21:38.180  3665  3684 E memtrack: Couldn't load memtrack module
08-07 16:21:38.180  3665  3684 W android.os.Debug: failed to get memory consumption info: -1
08-07 16:21:38.312  3665  3684 E memtrack: Couldn't load memtrack module
08-07 16:21:38.312  3665  3684 W android.os.Debug: failed to get memory consumption info: -1
08-07 16:21:38.405  3665  3684 E memtrack: Couldn't load memtrack module
08-07 16:21:38.405  3665  3684 W android.os.Debug: failed to get memory consumption info: -1
08-07 16:21:43.713  3665  5999 E NotificationService: notification pkg : com.devuni.flashlight has too high data size(324340) above 100000
08-07 16:21:45.622  5192  5318 E ContactsProvider_EventLog: Flush buffer to file cnt : 1 size : 1Kb duration : 2ms lastUpdatedAfter : 60137 ms mFlush_time_threasold : 2000 mCurrentSize : 825
08-07 16:21:54.135  3665  3684 E memtrack: Couldn't load memtrack module
08-07 16:21:54.135  3665  3684 W android.os.Debug: failed to get memory consumption info: -1
08-07 16:21:54.429  3665  3684 E memtrack: Couldn't load memtrack module
08-07 16:21:54.429  3665  3684 W android.os.Debug: failed to get memory consumption info: -1
08-07 16:21:54.519  3665  3684 E memtrack: Couldn't load memtrack module
08-07 16:21:54.519  3665  3684 W android.os.Debug: failed to get memory consumption info: -1
08-07 16:21:54.652  3665  3684 E memtrack: Couldn't load memtrack module
08-07 16:21:54.652  3665  3684 W android.os.Debug: failed to get memory consumption info: -1
08-07 16:21:54.713  3665  3684 E memtrack: Couldn't load memtrack module
08-07 16:21:54.713  3665  3684 W android.os.Debug: failed to get memory consumption info: -1
08-07 16:21:54.784  3665  3684 E memtrack: Couldn't load memtrack module
08-07 16:21:54.784  3665  3684 W android.os.Debug: failed to get memory consumption info: -1
08-07 16:21:54.852  3665  3684 E memtrack: Couldn't load memtrack module
08-07 16:21:54.852  3665  3684 W android.os.Debug: failed to get memory consumption info: -1
08-07 16:21:54.919  3665  3684 E memtrack: Couldn't load memtrack module
08-07 16:21:54.919  3665  3684 W android.os.Debug: failed to get memory consumption info: -1
08-07 16:21:55.017  3665  3684 E memtrack: Couldn't load memtrack module
08-07 16:21:55.017  3665  3684 W android.os.Debug: failed to get memory consumption info: -1
08-07 16:21:55.097  3665  3684 E memtrack: Couldn't load memtrack module
08-07 16:21:55.097  3665  3684 W android.os.Debug: failed to get memory consumption info: -1
08-07 16:21:55.169  3665  3684 E memtrack: Couldn't load memtrack module
08-07 16:21:55.169  3665  3684 W android.os.Debug: failed to get memory consumption info: -1
08-07 16:21:55.236  3665  3684 E memtrack: Couldn't load memtrack module
08-07 16:21:55.236  3665  3684 W android.os.Debug: failed to get memory consumption info: -1
08-07 16:21:55.299  3665  3684 E memtrack: Couldn't load memtrack module
08-07 16:21:55.299  3665  3684 W android.os.Debug: failed to get memory consumption info: -1
08-07 16:22:07.788 21069 21091 W CrashLoopRemedyLog: unable to delete remedy log
08-07 16:22:13.770  3665  4236 E NotificationService: notification pkg : com.devuni.flashlight has too high data size(324572) above 100000
08-07 16:22:22.483  3665  3684 E memtrack: Couldn't load memtrack module
08-07 16:22:22.484  3665  3684 W android.os.Debug: failed to get memory consumption info: -1
08-07 16:22:22.561  3665  3684 E memtrack: Couldn't load memtrack module
08-07 16:22:22.561  3665  3684 W android.os.Debug: failed to get memory consumption info: -1
08-07 16:22:22.630  3665  3684 E memtrack: Couldn't load memtrack module
08-07 16:22:22.630  3665  3684 W android.os.Debug: failed to get memory consumption info: -1
08-07 16:22:22.695  3665  3684 E memtrack: Couldn't load memtrack module
08-07 16:22:22.695  3665  3684 W android.os.Debug: failed to get memory consumption info: -1
08-07 16:22:22.759  3665  3684 E memtrack: Couldn't load memtrack module
08-07 16:22:22.759  3665  3684 W android.os.Debug: failed to get memory consumption info: -1
08-07 16:22:29.589  3665  4236 E memtrack: Couldn't load memtrack module
08-07 16:22:29.589  3665  4236 W android.os.Debug: failed to get memory consumption info: -1
08-07 16:22:29.699  3665  4236 E memtrack: Couldn't load memtrack module
08-07 16:22:29.700  3665  4236 W android.os.Debug: failed to get memory consumption info: -1
08-07 16:22:45.761  5192  5318 E ContactsProvider_EventLog: Flush buffer to file cnt : 1 size : 1Kb duration : 3ms lastUpdatedAfter : 60139 ms mFlush_time_threasold : 2000 mCurrentSize : 825
08-07 16:23:13.883  3665  4951 E NotificationService: notification pkg : com.devuni.flashlight has too high data size(324804) above 100000
08-07 16:23:29.585  3665  4951 E memtrack: Couldn't load memtrack module
08-07 16:23:29.585  3665  4951 W android.os.Debug: failed to get memory consumption info: -1
08-07 16:23:29.695  3665  4951 E memtrack: Couldn't load memtrack module
08-07 16:23:29.695  3665  4951 W android.os.Debug: failed to get memory consumption info: -1
08-07 16:23:45.888  5192  5318 E ContactsProvider_EventLog: Flush buffer to file cnt : 1 size : 1Kb duration : 1ms lastUpdatedAfter : 60127 ms mFlush_time_threasold : 2000 mCurrentSize : 825
08-07 16:24:29.585  3665  4951 E memtrack: Couldn't load memtrack module
08-07 16:24:29.585  3665  4951 W android.os.Debug: failed to get memory consumption info: -1
08-07 16:24:29.697  3665  4951 E memtrack: Couldn't load memtrack module
08-07 16:24:29.697  3665  4951 W android.os.Debug: failed to get memory consumption info: -1
08-07 16:24:46.039  5192  5318 E ContactsProvider_EventLog: Flush buffer to file cnt : 1 size : 1Kb duration : 1ms lastUpdatedAfter : 60150 ms mFlush_time_threasold : 2000 mCurrentSize : 825
08-07 16:25:14.100  3665  5999 E NotificationService: notification pkg : com.devuni.flashlight has too high data size(325036) above 100000
08-07 16:25:17.295  3324  4002 E IptablesRestoreController: [iptables debug]iptables-restore execute *filter
08-07 16:25:17.295  3324  4002 E IptablesRestoreController: :fw_dozable -
08-07 16:25:17.295  3324  4002 E IptablesRestoreController: -A fw_dozable -m owner --uid-owner 1000 -j RETURN
08-07 16:25:17.295  3324  4002 E IptablesRestoreController: -A fw_dozable -m owner --uid-owner 1001 -j RETURN
08-07 16:25:17.295  3324  4002 E IptablesRestoreController: -A fw_dozable -m owner --uid-owner 1027 -j RETURN
08-07 16:25:17.295  3324  4002 E IptablesRestoreController: -A fw_dozable -m owner --uid-owner 1201 -j RETURN
08-07 16:25:17.295  3324  4002 E IptablesRestoreController: -A fw_dozable -m owner --uid-owner 1250 -j RETURN
08-07 16:25:17.295  3324  4002 E IptablesRestoreController: -A fw_dozable -m owner --uid-owner 2000 -j RETURN
08-07 16:25:17.295  3324  4002 E IptablesRestoreController: -A fw_dozable -m owner --uid-owner 5002 -j RETURN
08-07 16:25:17.295  3324  4002 E IptablesRestoreController: -A fw_dozable -m owner --uid-owner 5003 -j RETURN
08-07 16:25:17.295  3324  4002 E IptablesRestoreController: -A fw_dozable -m owner --uid-owner 5010 -j RETURN
08-07 16:25:17.295  3324  4002 E IptablesRestoreController: -A fw_dozable -m owner --uid-owner 10001 -j RETURN
08-07 16:25:17.295  3324  4002 E IptablesRestoreController: -A fw_dozable -m owner --uid-owner 10003 -j RETURN
08-07 16:25:17.295  3324  4002 E IptablesRestoreController: -A fw_dozable -m owner --uid-owner 10005 -j RETURN
08-07 16:25:17.295  3324  4002 E IptablesRestoreController: -A fw_dozable -m owner --uid-owner 10006 -j RETURN
08-07 16:25:17.295  3324  4002 E IptablesRestoreController: -A fw_dozable -m owner --uid-owner 10008 -j RETURN
08-07 16:25:17.295  3324  4002 E IptablesRestoreController: -A fw_dozable -m owner --uid-owner 10017 -j RETURN
08-07 16:25:17.295  3324  4002 E IptablesRestoreController: -A fw_dozable -m owner --uid-owner 10018 -j RETURN
08-07 16:25:17.295  3324  4002 E IptablesRestoreController: -A fw_dozable -m owner --uid-owner 10019 -j RETURN
08-07 16:25:17.295  3324  4002 E IptablesRestoreController: -A fw_dozable -m owner --uid-owner 10026 -j RETURN
08-07 16:25:17.295  3324  4002 E IptablesRestoreController: -A fw_dozable -m owner --uid-owner 10030 -j RETURN
08-07 16:25:17.333  3324  4002 E IptablesRestoreController: [iptables debug]iptables-restore execute done *filter
08-07 16:25:17.333  3324  4002 E IptablesRestoreController: :fw_dozable -
08-07 16:25:17.333  3324  4002 E IptablesRestoreController: -A fw_dozable -m owner --uid-owner 1000 -j RETURN
08-07 16:25:17.333  3324  4002 E IptablesRestoreController: -A fw_dozable -m owner --uid-owner 1001 -j RETURN
08-07 16:25:17.333  3324  4002 E IptablesRestoreController: -A fw_dozable -m owner --uid-owner 1027 -j RETURN
08-07 16:25:17.333  3324  4002 E IptablesRestoreController: -A fw_dozable -m owner --uid-owner 1201 -j RETURN
08-07 16:25:17.333  3324  4002 E IptablesRestoreController: -A fw_dozable -m owner --uid-owner 1250 -j RETURN
08-07 16:25:17.333  3324  4002 E IptablesRestoreController: -A fw_dozable -m owner --uid-owner 2000 -j RETURN
08-07 16:25:17.333  3324  4002 E IptablesRestoreController: -A fw_dozable -m owner --uid-owner 5002 -j RETURN
08-07 16:25:17.333  3324  4002 E IptablesRestoreController: -A fw_dozable -m owner --uid-owner 5003 -j RETURN
08-07 16:25:17.333  3324  4002 E IptablesRestoreController: -A fw_dozable -m owner --uid-owner 5010 -j RETURN
08-07 16:25:17.333  3324  4002 E IptablesRestoreController: -A fw_dozable -m owner --uid-owner 10001 -j RETURN
08-07 16:25:17.333  3324  4002 E IptablesRestoreController: -A fw_dozable -m owner --uid-owner 10003 -j RETURN
08-07 16:25:17.333  3324  4002 E IptablesRestoreController: -A fw_dozable -m owner --uid-owner 10005 -j RETURN
08-07 16:25:17.333  3324  4002 E IptablesRestoreController: -A fw_dozable -m owner --uid-owner 10006 -j RETURN
08-07 16:25:17.333  3324  4002 E IptablesRestoreController: -A fw_dozable -m owner --uid-owner 10008 -j RETURN
08-07 16:25:17.333  3324  4002 E IptablesRestoreController: -A fw_dozable -m owner --uid-owner 10017 -j RETURN
08-07 16:25:17.333  3324  4002 E IptablesRestoreController: -A fw_dozable -m owner --uid-owner 10018 -j RETURN
08-07 16:25:17.333  3324  4002 E IptablesRestoreController: -A fw_dozable -m owner --uid-owner 10019 -j RETURN
08-07 16:25:17.333  3324  4002 E IptablesRestoreController: -A fw_dozable -m owner --uid-owner 10026 -j RETURN
08-07 16:25:17.333  3324  4002 E IptablesRestoreController: -A fw_dozable -m owner --uid-owner 10030 -j RE
08-07 16:25:17.333  3324  4002 E IptablesRestoreController: [iptables debug]iptables-restore execute *filter
08-07 16:25:17.333  3324  4002 E IptablesRestoreController: :fw_dozable -
08-07 16:25:17.333  3324  4002 E IptablesRestoreController: -A fw_dozable -m owner --uid-owner 1000 -j RETURN
08-07 16:25:17.333  3324  4002 E IptablesRestoreController: -A fw_dozable -m owner --uid-owner 1001 -j RETURN
08-07 16:25:17.333  3324  4002 E IptablesRestoreController: -A fw_dozable -m owner --uid-owner 1027 -j RETURN
08-07 16:25:17.333  3324  4002 E IptablesRestoreController: -A fw_dozable -m owner --uid-owner 1201 -j RETURN
08-07 16:25:17.333  3324  4002 E IptablesRestoreController: -A fw_dozable -m owner --uid-owner 1250 -j RETURN
08-07 16:25:17.333  3324  4002 E IptablesRestoreController: -A fw_dozable -m owner --uid-owner 2000 -j RETURN
08-07 16:25:17.333  3324  4002 E IptablesRestoreController: -A fw_dozable -m owner --uid-owner 5002 -j RETURN
08-07 16:25:17.333  3324  4002 E IptablesRestoreController: -A fw_dozable -m owner --uid-owner 5003 -j RETURN
08-07 16:25:17.333  3324  4002 E IptablesRestoreController: -A fw_dozable -m owner --uid-owner 5010 -j RETURN
08-07 16:25:17.333  3324  4002 E IptablesRestoreController: -A fw_dozable -m owner --uid-owner 10001 -j RETURN
08-07 16:25:17.333  3324  4002 E IptablesRestoreController: -A fw_dozable -m owner --uid-owner 10003 -j RETURN
08-07 16:25:17.333  3324  4002 E IptablesRestoreController: -A fw_dozable -m owner --uid-owner 10005 -j RETURN
08-07 16:25:17.333  3324  4002 E IptablesRestoreController: -A fw_dozable -m owner --uid-owner 10006 -j RETURN
08-07 16:25:17.333  3324  4002 E IptablesRestoreController: -A fw_dozable -m owner --uid-owner 10008 -j RETURN
08-07 16:25:17.333  3324  4002 E IptablesRestoreController: -A fw_dozable -m owner --uid-owner 10017 -j RETURN
08-07 16:25:17.333  3324  4002 E IptablesRestoreController: -A fw_dozable -m owner --uid-owner 10018 -j RETURN
08-07 16:25:17.333  3324  4002 E IptablesRestoreController: -A fw_dozable -m owner --uid-owner 10019 -j RETURN
08-07 16:25:17.333  3324  4002 E IptablesRestoreController: -A fw_dozable -m owner --uid-owner 10026 -j RETURN
08-07 16:25:17.333  3324  4002 E IptablesRestoreController: -A fw_dozable -m owner --uid-owner 10030 -j RETURN
08-07 16:25:17.377 11935 11935 E SPPClientService: [[PushClientService]] reqType : 0
08-07 16:25:17.377  3665  3777 E memtrack: Couldn't load memtrack module
08-07 16:25:17.378  3665  3777 W android.os.Debug: failed to get memory consumption info: -1
08-07 16:25:17.381  3324  4002 E IptablesRestoreController: [iptables debug]iptables-restore execute done *filter
08-07 16:25:17.381  3324  4002 E IptablesRestoreController: :fw_dozable -
08-07 16:25:17.381  3324  4002 E IptablesRestoreController: -A fw_dozable -m owner --uid-owner 1000 -j RETURN
08-07 16:25:17.381  3324  4002 E IptablesRestoreController: -A fw_dozable -m owner --uid-owner 1001 -j RETURN
08-07 16:25:17.381  3324  4002 E IptablesRestoreController: -A fw_dozable -m owner --uid-owner 1027 -j RETURN
08-07 16:25:17.381  3324  4002 E IptablesRestoreController: -A fw_dozable -m owner --uid-owner 1201 -j RETURN
08-07 16:25:17.381  3324  4002 E IptablesRestoreController: -A fw_dozable -m owner --uid-owner 1250 -j RETURN
08-07 16:25:17.381  3324  4002 E IptablesRestoreController: -A fw_dozable -m owner --uid-owner 2000 -j RETURN
08-07 16:25:17.381  3324  4002 E IptablesRestoreController: -A fw_dozable -m owner --uid-owner 5002 -j RETURN
08-07 16:25:17.381  3324  4002 E IptablesRestoreController: -A fw_dozable -m owner --uid-owner 5003 -j RETURN
08-07 16:25:17.381  3324  4002 E IptablesRestoreController: -A fw_dozable -m owner --uid-owner 5010 -j RETURN
08-07 16:25:17.381  3324  4002 E IptablesRestoreController: -A fw_dozable -m owner --uid-owner 10001 -j RETURN
08-07 16:25:17.381  3324  4002 E IptablesRestoreController: -A fw_dozable -m owner --uid-owner 10003 -j RETURN
08-07 16:25:17.381  3324  4002 E IptablesRestoreController: -A fw_dozable -m owner --uid-owner 10005 -j RETURN
08-07 16:25:17.381  3324  4002 E IptablesRestoreController: -A fw_dozable -m owner --uid-owner 10006 -j RETURN
08-07 16:25:17.381  3324  4002 E IptablesRestoreController: -A fw_dozable -m owner --uid-owner 10008 -j RETURN
08-07 16:25:17.381  3324  4002 E IptablesRestoreController: -A fw_dozable -m owner --uid-owner 10017 -j RETURN
08-07 16:25:17.381  3324  4002 E IptablesRestoreController: -A fw_dozable -m owner --uid-owner 10018 -j RETURN
08-07 16:25:17.381  3324  4002 E IptablesRestoreController: -A fw_dozable -m owner --uid-owner 10019 -j RETURN
08-07 16:25:17.381  3324  4002 E IptablesRestoreController: -A fw_dozable -m owner --uid-owner 10026 -j RETURN
08-07 16:25:17.381  3324  4002 E IptablesRestoreController: -A fw_dozable -m owner --uid-owner 10030 -j RE
08-07 16:25:17.382  3324  3639 E IptablesRestoreController: [iptables debug]iptables-restore execute *filter
08-07 16:25:17.382  3324  3639 E IptablesRestoreController: -A fw_INPUT -j fw_dozable
08-07 16:25:17.382  3324  3639 E IptablesRestoreController: -A fw_OUTPUT -j fw_dozable
08-07 16:25:17.382  3324  3639 E IptablesRestoreController: COMMIT
08-07 16:25:17.390  3324  3639 E IptablesRestoreController: [iptables debug]iptables-restore execute done *filter
08-07 16:25:17.390  3324  3639 E IptablesRestoreController: -A fw_INPUT -j fw_dozable
08-07 16:25:17.390  3324  3639 E IptablesRestoreController: -A fw_OUTPUT -j fw_dozable
08-07 16:25:17.390  3324  3639 E IptablesRestoreController: COMMIT
08-07 16:25:17.390  3324  3639 E IptablesRestoreController: , res : 0
08-07 16:25:17.409 11935 11935 E SPPClientService: [[PushClientService]] F:false, D:false, E:false, T:false, S:true, R:false
08-07 16:25:17.411 20918 21235 W fb4a.WhistleClientCore: onError=errType=READ_ERRORerrMsg=READ_ERROR Software caused connection abort
08-07 16:25:17.467  3665  3777 E memtrack: Couldn't load memtrack module
08-07 16:25:17.467  3665  3777 W android.os.Debug: failed to get memory consumption info: -1
08-07 16:25:29.582  3665  5999 E memtrack: Couldn't load memtrack module
08-07 16:25:29.582  3665  5999 W android.os.Debug: failed to get memory consumption info: -1
08-07 16:25:29.690  3665  5999 E memtrack: Couldn't load memtrack module
08-07 16:25:29.690  3665  5999 W android.os.Debug: failed to get memory consumption info: -1
08-07 16:25:46.155  5192  5318 E ContactsProvider_EventLog: Flush buffer to file cnt : 1 size : 1Kb duration : 1ms lastUpdatedAfter : 60116 ms mFlush_time_threasold : 2000 mCurrentSize : 825
08-07 16:25:53.457  3665  3684 E memtrack: Couldn't load memtrack module
08-07 16:25:53.457  3665  3684 W android.os.Debug: failed to get memory consumption info: -1
08-07 16:26:00.038  3665  3684 E memtrack: Couldn't load memtrack module
08-07 16:26:00.038  3665  3684 W android.os.Debug: failed to get memory consumption info: -1
08-07 16:26:00.114  3665  3684 E memtrack: Couldn't load memtrack module
08-07 16:26:00.114  3665  3684 W android.os.Debug: failed to get memory consumption info: -1
08-07 16:26:10.022  3665  3797 E TLC_TIMA_PKM_initialize: tima_pkm : /system/etc/tima/kern_sec_info1
08-07 16:26:10.030  3665  3797 E TLC_TIMA_PKM_initialize: tima_pkm : /system/etc/tima/kern_sec_info2
08-07 16:26:10.037  3665  3797 E TLC_TIMA_PKM_initialize: tima_pkm : /system/etc/tima/kern_sec_info3
08-07 16:26:10.043  3665  3797 E TLC_TIMA_PKM_initialize: tima_pkm : /system/etc/tima/kern_sec_info4
08-07 16:26:10.069  3665  3797 E TLC_TIMA_PKM_initialize: tima_pkm : /system/etc/tima/kern_sec_info5
08-07 16:26:10.075  3665  3797 E TLC_TIMA_PKM_initialize: tima_pkm : /system/etc/tima/kern_sec_info6
08-07 16:26:10.081  3665  3797 E TLC_TIMA_PKM_initialize: tima_pkm : /system/etc/tima/kern_sec_info7
08-07 16:26:10.087  3665  3797 E TLC_TIMA_PKM_initialize: tima_pkm : /system/etc/tima/kern_sec_info8
08-07 16:26:29.590  3665  4951 E memtrack: Couldn't load memtrack module
08-07 16:26:29.590  3665  4951 W android.os.Debug: failed to get memory consumption info: -1
08-07 16:26:29.699  3665  4951 E memtrack: Couldn't load memtrack module
08-07 16:26:29.699  3665  4951 W android.os.Debug: failed to get memory consumption info: -1
08-07 16:26:46.220  5192  5318 E ContactsProvider_EventLog: Flush buffer to file cnt : 1 size : 1Kb duration : 3ms lastUpdatedAfter : 60065 ms mFlush_time_threasold : 2000 mCurrentSize : 825
08-07 16:27:29.580  3665  4236 E memtrack: Couldn't load memtrack module
08-07 16:27:29.580  3665  4236 W android.os.Debug: failed to get memory consumption info: -1
08-07 16:27:29.688  3665  4236 E memtrack: Couldn't load memtrack module
08-07 16:27:29.688  3665  4236 W android.os.Debug: failed to get memory consumption info: -1
08-07 16:27:44.373  3665  4236 E NotificationService: notification pkg : com.devuni.flashlight has too high data size(325268) above 100000
08-07 16:27:46.291  5192  5318 E ContactsProvider_EventLog: Flush buffer to file cnt : 1 size : 1Kb duration : 2ms lastUpdatedAfter : 60071 ms mFlush_time_threasold : 2000 mCurrentSize : 825
08-07 16:28:29.580  3665  4236 E memtrack: Couldn't load memtrack module
08-07 16:28:29.580  3665  4236 W android.os.Debug: failed to get memory consumption info: -1
08-07 16:28:29.688  3665  4236 E memtrack: Couldn't load memtrack module
08-07 16:28:29.688  3665  4236 W android.os.Debug: failed to get memory consumption info: -1
08-07 16:28:46.432  5192  5318 E ContactsProvider_EventLog: Flush buffer to file cnt : 1 size : 1Kb duration : 3ms lastUpdatedAfter : 60141 ms mFlush_time_threasold : 2000 mCurrentSize : 825
08-07 16:29:29.581  3665  4236 E memtrack: Couldn't load memtrack module
08-07 16:29:29.581  3665  4236 W android.os.Debug: failed to get memory consumption info: -1
08-07 16:29:29.689  3665  4236 E memtrack: Couldn't load memtrack module
08-07 16:29:29.689  3665  4236 W android.os.Debug: failed to get memory consumption info: -1
08-07 16:29:46.570  5192  5318 E ContactsProvider_EventLog: Flush buffer to file cnt : 1 size : 1Kb duration : 1ms lastUpdatedAfter : 60137 ms mFlush_time_threasold : 2000 mCurrentSize : 825
08-07 16:30:00.053 21290 21290 E Zygote  : isWhitelistProcess - Process is Whitelisted
08-07 16:30:00.057  3324  3639 E IptablesRestoreController: [iptables debug]iptables-restore execute *filter
08-07 16:30:00.057  3324  3639 E IptablesRestoreController: -I fw_dozable -m owner --uid-owner 10045 -j RETURN
08-07 16:30:00.057  3324  3639 E IptablesRestoreController: COMMIT
08-07 16:30:00.059 21290 21290 W SELinux : SELinux selinux_android_compute_policy_index : Policy Index[2],  Con:u:r:zygote:s0 RAM:SEPF_SM-G935F_8.0.0_0011, [-1 -1 -1 -1 0 1]
08-07 16:30:00.063  3665  3684 E memtrack: Couldn't load memtrack module
08-07 16:30:00.063  3665  3684 W android.os.Debug: failed to get memory consumption info: -1
08-07 16:30:00.066  3324  3639 E IptablesRestoreController: [iptables debug]iptables-restore execute done *filter
08-07 16:30:00.066  3324  3639 E IptablesRestoreController: -I fw_dozable -m owner --uid-owner 10045 -j RETURN
08-07 16:30:00.066  3324  3639 E IptablesRestoreController: COMMIT
08-07 16:30:00.066  3324  3639 E IptablesRestoreController: , res : 0
08-07 16:30:00.127  3665  3684 E memtrack: Couldn't load memtrack module
08-07 16:30:00.127  3665  3684 W android.os.Debug: failed to get memory consumption info: -1
08-07 16:30:00.344  3324  3639 E IptablesRestoreController: [iptables debug]iptables-restore execute *filter
08-07 16:30:00.344  3324  3639 E IptablesRestoreController: -I fw_dozable -m owner --uid-owner 10182 -j RETURN
08-07 16:30:00.344  3324  3639 E IptablesRestoreController: COMMIT
08-07 16:30:00.352  3324  3639 E IptablesRestoreController: [iptables debug]iptables-restore execute done *filter
08-07 16:30:00.352  3324  3639 E IptablesRestoreController: -I fw_dozable -m owner --uid-owner 10182 -j RETURN
08-07 16:30:00.352  3324  3639 E IptablesRestoreController: COMMIT
08-07 16:30:00.352  3324  3639 E IptablesRestoreController: , res : 0
08-07 16:30:00.382 20393 20393 W [WeatherWidget(157517@7)] : {[D649FEFC84D9836056986248672CF7AF5F88A786E255C2299291923CD543EAE98C499CE73B3080746D1828C63E0742C29FB2B5494FDA3F4D8B3C440AC917252A704C09DBE3F5C31DE0E734603991AE19]}
08-07 16:30:00.539 20393 20393 E [WeatherWidget(157517@7)] WLM_v4: {[988F7CAFDC123B4762D8CEADE50EDB18AAE289BDC7F0FD78BF2E399DC8BA531309112FE345EC51312B6130D63E7F77641783AD20C4D9A07C33577BEC58406B50]}
08-07 16:30:00.718 20393 20407 W zygote64: Checksum mismatch for dex Weather_SEP9.0.apk:classes32.dex
08-07 16:30:01.950 20393 20393 E [WeatherWidget(157517@7)] : {[35A0EA4E69CEC1BCC172128D7DF8FEE0896B34AB6F5C536761C54E48A55904CFE40A3052AB60CD316C6E230EA3770006BEE7869F98112276F282E3D363BB328A442A4983023584335426989757AF6A70]}
08-07 16:30:02.338  5192  5318 E ContactsProvider_EventLog: Flush buffer to file cnt : 1 size : 0Kb duration : 1ms lastUpdatedAfter : 15768 ms mFlush_time_threasold : 2000 mCurrentSize : 228
08-07 16:30:02.412 20393 20393 W [WeatherWidget(157517@7)] : {[D649FEFC84D9836056986248672CF7AF5F88A786E255C2299291923CD543EAE98C499CE73B3080746D1828C63E0742C29FB2B5494FDA3F4D8B3C440AC917252A704C09DBE3F5C31DE0E734603991AE19]}
08-07 16:30:02.651 20393 20393 E [WeatherWidget(157517@7)] : {[30B055765757A91C118A3DE711976767E72D3DD06BA5E0415446BD4617FE79CB732D0FDB7199E5E9A7570116D3070AC3399D75DBD61280FADB921FA4A093AF8F]}
08-07 16:30:02.693 20393 20393 E [WeatherWidget(157517@7)] : {[30B055765757A91C118A3DE711976767E72D3DD06BA5E0415446BD4617FE79CB732D0FDB7199E5E9A7570116D3070AC3399D75DBD61280FADB921FA4A093AF8F]}
08-07 16:30:02.700 20393 20393 E [WeatherWidget(157517@7)] : {[5FC4320581A8AC15DE22E16C2210415432DA1BD7C105322DF46220C729455359EB50890607BF7E39516DAD68D3791B28]}
08-07 16:30:06.350  5192  5318 E ContactsProvider_EventLog: Flush buffer to file cnt : 1 size : 1Kb duration : 2ms lastUpdatedAfter : 4012 ms mFlush_time_threasold : 2000 mCurrentSize : 727
08-07 16:30:09.592  4073  4073 E KeyguardUpdateMonitor: handleStartedWakingUp start 1
08-07 16:30:09.592  4073  4073 E KeyguardFingerPrint: updateFingerprintListeningState#mFingerprintRunningState=0 shouldListenForFingerprint=false
08-07 16:30:09.600  3665  4046 W CAE     : setCAProperty(ContextAwareService.java:589) - [setProperty 01] Mutex is locked for AUTO_BRIGHTNESS
08-07 16:30:09.611  3195  3759 E Sensors : inject_scontext_data: New ssp_data_injection_fd(27)
08-07 16:30:09.618  4073  4073 E KeyguardUpdateMonitor: handleStartedWakingUp end
08-07 16:30:09.644  3324  3639 E IptablesRestoreController: [iptables debug]iptables-restore execute *filter
08-07 16:30:09.644  3324  3639 E IptablesRestoreController: -D fw_INPUT -j fw_dozable
08-07 16:30:09.644  3324  3639 E IptablesRestoreController: -D fw_OUTPUT -j fw_dozable
08-07 16:30:09.644  3324  3639 E IptablesRestoreController: COMMIT
08-07 16:30:09.651  3195  3759 E Sensors : inject_scontext_data: New ssp_data_injection_fd(27)
08-07 16:30:09.652  3324  3639 E IptablesRestoreController: [iptables debug]iptables-restore execute done *filter
08-07 16:30:09.652  3324  3639 E IptablesRestoreController: -D fw_INPUT -j fw_dozable
08-07 16:30:09.652  3324  3639 E IptablesRestoreController: -D fw_OUTPUT -j fw_dozable
08-07 16:30:09.652  3324  3639 E IptablesRestoreController: COMMIT
08-07 16:30:09.652  3324  3639 E IptablesRestoreController: , res : 0
08-07 16:30:09.652  4373  4622 E ImsAdaptorImpl: setSSACInfo : ImsAdaptorImpl.
08-07 16:30:09.672  3665  4046 W CAE     : setCAProperty(ContextAwareService.java:595) - [setProperty 02] Mutex is unlocked for AUTO_BRIGHTNESS
08-07 16:30:09.673  3665  4046 W CAE     : registerCallback(ContextAwareService.java:155) - [regi 01] Mutex is locked for AUTO_BRIGHTNESS
08-07 16:30:09.676  3195  3759 E Sensors : inject_scontext_data: New ssp_data_injection_fd(27)
08-07 16:30:09.693  3665  3777 E memtrack: Couldn't load memtrack module
08-07 16:30:09.693  3665  3777 W android.os.Debug: failed to get memory consumption info: -1
08-07 16:30:09.700  3665  4046 W CAE     : registerCallback(ContextAwareService.java:191) - [regi 02] Mutex is unlocked for AUTO_BRIGHTNESS
08-07 16:30:09.745 21356 21356 E Zygote  : isWhitelistProcess - Process is Whitelisted
08-07 16:30:09.754 21356 21356 W SELinux : SELinux selinux_android_compute_policy_index : Policy Index[2],  Con:u:r:zygote:s0 RAM:SEPF_SM-G935F_8.0.0_0011, [-1 -1 -1 -1 0 1]
08-07 16:30:09.767  3665  3777 E memtrack: Couldn't load memtrack module
08-07 16:30:09.767  3665  3777 W android.os.Debug: failed to get memory consumption info: -1
08-07 16:30:09.874 24572 24572 W Glide   : Failed to find GeneratedAppGlideModule. You should include an annotationProcessor compile dependency on com.github.bumptech.glide:compiler in your application and a @GlideModule annotated AppGlideModule implementation or LibraryGlideModules will be silently ignored
08-07 16:30:09.908  9443  9619 W bt_btm  : btm_ble_disable_resolving_list() rl_state = 0x1b, rl_mask = 0x2, to_resume = 1
08-07 16:30:09.923  9443  9538 E BtGatt.GattService: [GSIM LOG]: gsimLogHandler, msg: MESSAGE_SCAN_STOP, appName: android.uid.bcmgr, scannerId: 4, reportDelayMillis=0
08-07 16:30:09.942  3665  4080 E NotificationService: notification pkg : com.devuni.flashlight has too high data size(325500) above 100000
08-07 16:30:10.021  7304  7576 W NetworkManagementSocketTagger: untagSocket(292) failed with errno -22
08-07 16:30:10.021  7304  7576 W NetworkManagementSocketTagger: untagSocket(292) failed with errno -22
08-07 16:30:10.021  7304  7576 W NetworkManagementSocketTagger: untagSocket(292) failed with errno -22
08-07 16:30:10.022  7304  7576 W NetworkManagementSocketTagger: untagSocket(292) failed with errno -22
08-07 16:30:10.022  7304  7576 W NetworkManagementSocketTagger: untagSocket(292) failed with errno -22
08-07 16:30:10.022  7304  7576 W NetworkManagementSocketTagger: untagSocket(292) failed with errno -22
08-07 16:30:10.022  7304  7576 W NetworkManagementSocketTagger: untagSocket(292) failed with errno -22
08-07 16:30:10.022  7304  7576 W NetworkManagementSocketTagger: untagSocket(292) failed with errno -22
08-07 16:30:10.023  7304  7576 W NetworkManagementSocketTagger: untagSocket(292) failed with errno -22
08-07 16:30:10.023  7304  7576 W NetworkManagementSocketTagger: untagSocket(292) failed with errno -22
08-07 16:30:10.023  7304  7576 W NetworkManagementSocketTagger: untagSocket(292) failed with errno -22
08-07 16:30:10.023  7304  7576 W NetworkManagementSocketTagger: untagSocket(292) failed with errno -22
08-07 16:30:10.023  7304  7576 W NetworkManagementSocketTagger: untagSocket(292) failed with errno -22
08-07 16:30:10.023  7304  7576 W NetworkManagementSocketTagger: untagSocket(292) failed with errno -22
08-07 16:30:10.023  7304  7576 W NetworkManagementSocketTagger: untagSocket(292) failed with errno -22
08-07 16:30:10.024  7304  7576 W NetworkManagementSocketTagger: untagSocket(292) failed with errno -22
08-07 16:30:10.024  7304  7576 W NetworkManagementSocketTagger: untagSocket(292) failed with errno -22
08-07 16:30:10.024  7304  7576 W NetworkManagementSocketTagger: untagSocket(292) failed with errno -22
08-07 16:30:10.024  7304  7576 W NetworkManagementSocketTagger: untagSocket(292) failed with errno -22
08-07 16:30:10.024  7304  7576 W NetworkManagementSocketTagger: untagSocket(292) failed with errno -22
08-07 16:30:10.024  7304  7576 W NetworkManagementSocketTagger: untagSocket(292) failed with errno -22
08-07 16:30:10.024  7304  7576 W NetworkManagementSocketTagger: untagSocket(292) failed with errno -22
08-07 16:30:10.025  7304  7576 W NetworkManagementSocketTagger: untagSocket(292) failed with errno -22
08-07 16:30:10.025  7304  7576 W NetworkManagementSocketTagger: untagSocket(292) failed with errno -22
08-07 16:30:10.025  7304  7576 W NetworkManagementSocketTagger: untagSocket(292) failed with errno -22
08-07 16:30:10.025  7304  7576 W NetworkManagementSocketTagger: untagSocket(292) failed with errno -22
08-07 16:30:10.025  7304  7576 W NetworkManagementSocketTagger: untagSocket(292) failed with errno -22
08-07 16:30:10.025  7304  7576 W NetworkManagementSocketTagger: untagSocket(292) failed with errno -22
08-07 16:30:10.025  7304  7576 W NetworkManagementSocketTagger: untagSocket(292) failed with errno -22
08-07 16:30:10.026  7304  7576 W NetworkManagementSocketTagger: untagSocket(292) failed with errno -22
08-07 16:30:10.026  7304  7576 W NetworkManagementSocketTagger: untagSocket(292) failed with errno -22
08-07 16:30:10.026  7304  7576 W NetworkManagementSocketTagger: untagSocket(292) failed with errno -22
08-07 16:30:10.026  7304  7576 W NetworkManagementSocketTagger: untagSocket(292) failed with errno -22
08-07 16:30:10.026  7304  7576 W NetworkManagementSocketTagger: untagSocket(292) failed with errno -22
08-07 16:30:10.026  7304  7576 W NetworkManagementSocketTagger: untagSocket(292) failed with errno -22
08-07 16:30:10.026  7304  7576 W NetworkManagementSocketTagger: untagSocket(292) failed with errno -22
08-07 16:30:10.027  7304  7576 W NetworkManagementSocketTagger: untagSocket(292) failed with errno -22
08-07 16:30:10.027  7304  7576 W NetworkManagementSocketTagger: untagSocket(292) failed with errno -22
08-07 16:30:10.027  7304  7576 W NetworkManagementSocketTagger: untagSocket(292) failed with errno -22
08-07 16:30:10.027  7304  7576 W NetworkManagementSocketTagger: untagSocket(292) failed with errno -22
08-07 16:30:10.027  7304  7576 W NetworkManagementSocketTagger: untagSocket(292) failed with errno -22
08-07 16:30:10.027  7304  7576 W NetworkManagementSocketTagger: untagSocket(292) failed with errno -22
08-07 16:30:10.027  7304  7576 W NetworkManagementSocketTagger: untagSocket(292) failed with errno -22
08-07 16:30:10.039  9443  9538 E BtGatt.GattService: [GSIM LOG]: gsimLogHandler, msg: MESSAGE_SCAN_START, appName: android.uid.bcmgr, scannerId: 4, reportDelayMillis=0
08-07 16:30:10.056  3665  3698 W mali_winsys: native_window_api_disconnect failed: -19
08-07 16:30:10.080  9443  9530 E BtGatt.ScanManager: default value of curScanSetting 0 is choosen
08-07 16:30:10.080  9443  9619 W bt_btm  : btm_ble_enable_resolving_list() rl_state = 0x19, rl_mask = 0x2
08-07 16:30:10.081  9443  9619 W bt_btm  : btm_ble_disable_resolving_list() rl_state = 0x1b, rl_mask = 0x2, to_resume = 1
08-07 16:30:10.081  9443  9619 W bt_btm  : btm_ble_enable_resolving_list() rl_state = 0x19, rl_mask = 0x2
08-07 16:30:10.172  3665  4236 W Binder  : Outgoing transactions from this process must be FLAG_ONEWAY
08-07 16:30:10.172  3665  4236 W Binder  : java.lang.Throwable
08-07 16:30:10.172  3665  4236 W Binder  : 	at android.os.BinderProxy.transact(Binder.java:744)
08-07 16:30:10.172  3665  4236 W Binder  : 	at android.content.ContentProviderProxy.getType(ContentProviderNative.java:451)
08-07 16:30:10.172  3665  4236 W Binder  : 	at com.android.server.am.ActivityManagerService.getProviderMimeType(ActivityManagerService.java:15561)
08-07 16:30:10.172  3665  4236 W Binder  : 	at android.app.IActivityManager$Stub.onTransact(IActivityManager.java:1892)
08-07 16:30:10.172  3665  4236 W Binder  : 	at com.android.server.am.ActivityManagerService.onTransact(ActivityManagerService.java:3862)
08-07 16:30:10.172  3665  4236 W Binder  : 	at android.os.Binder.execTransact(Binder.java:682)
08-07 16:30:10.288  4073  4073 W SamsungAnalytics: [SamsungAnalytics] Attempt to invoke virtual method 'int com.samsung.context.sdk.samsunganalytics.a.b.a(java.util.Map)' on a null object reference
08-07 16:30:10.302  4073  4073 E KeyguardFingerPrint: updateFingerprintListeningState#mFingerprintRunningState=0 shouldListenForFingerprint=false
08-07 16:30:10.312 24572 24572 W SearchServiceClient: Starting with NO_SESSION handoverId is deprecated. Just don't. You will break.
08-07 16:30:10.313 24572 24572 W SessionLifecycleManager: Handover failed. Creating new session controller.
08-07 16:30:10.329 24572 24572 E PBSessionCacheImpl: sessionId[108070332503396600] not persisted.
08-07 16:30:10.337  3665  3684 E memtrack: Couldn't load memtrack module
08-07 16:30:10.337  3665  3684 W android.os.Debug: failed to get memory consumption info: -1
08-07 16:30:10.340  3665  3684 E memtrack: Couldn't load memtrack module
08-07 16:30:10.340  3665  3684 W android.os.Debug: failed to get memory consumption info: -1
08-07 16:30:10.341  3665  3684 E memtrack: Couldn't load memtrack module
08-07 16:30:10.341  3665  3684 W android.os.Debug: failed to get memory consumption info: -1
08-07 16:30:10.342  3665  3684 E memtrack: Couldn't load memtrack module
08-07 16:30:10.342  3665  3684 W android.os.Debug: failed to get memory consumption info: -1
08-07 16:30:10.346  3665  3684 E memtrack: Couldn't load memtrack module
08-07 16:30:10.346  3665  3684 W android.os.Debug: failed to get memory consumption info: -1
08-07 16:30:10.349  3665  3684 E memtrack: Couldn't load memtrack module
08-07 16:30:10.349  3665  3684 W android.os.Debug: failed to get memory consumption info: -1
08-07 16:30:10.352  3665  3684 E memtrack: Couldn't load memtrack module
08-07 16:30:10.352  3665  3684 W android.os.Debug: failed to get memory consumption info: -1
08-07 16:30:10.354  3665  3684 E memtrack: Couldn't load memtrack module
08-07 16:30:10.354  3665  3684 W android.os.Debug: failed to get memory consumption info: -1
08-07 16:30:10.358  3665  3684 E memtrack: Couldn't load memtrack module
08-07 16:30:10.358  3665  3684 W android.os.Debug: failed to get memory consumption info: -1
08-07 16:30:10.361  3665  3684 E memtrack: Couldn't load memtrack module
08-07 16:30:10.361  3665  3684 W android.os.Debug: failed to get memory consumption info: -1
08-07 16:30:10.369  3665  3684 E memtrack: Couldn't load memtrack module
08-07 16:30:10.369  3665  3684 W android.os.Debug: failed to get memory consumption info: -1
08-07 16:30:10.372  3665  3684 E memtrack: Couldn't load memtrack module
08-07 16:30:10.372  3665  3684 W android.os.Debug: failed to get memory consumption info: -1
08-07 16:30:10.381  4073  4073 W SemDesktopModeManager: Desktop Mode feature not available or SemDesktopModeManager not instantiated. Please check Configuration.semDesktopModeEnabled instead.
08-07 16:30:10.382  4073  4073 W SemDesktopModeManager: Desktop Mode feature not available or SemDesktopModeManager not instantiated. Please check Configuration.semDesktopModeEnabled instead.
08-07 16:30:10.387  3665  3684 E memtrack: Couldn't load memtrack module
08-07 16:30:10.387  3665  3684 W android.os.Debug: failed to get memory consumption info: -1
08-07 16:30:10.391  3665  3684 E memtrack: Couldn't load memtrack module
08-07 16:30:10.391  3665  3684 W android.os.Debug: failed to get memory consumption info: -1
08-07 16:30:10.394  3665  3684 E memtrack: Couldn't load memtrack module
08-07 16:30:10.394  3665  3684 W android.os.Debug: failed to get memory consumption info: -1
08-07 16:30:10.399  3665  3684 E memtrack: Couldn't load memtrack module
08-07 16:30:10.399  3665  3684 W android.os.Debug: failed to get memory consumption info: -1
08-07 16:30:10.402  3665  3684 E memtrack: Couldn't load memtrack module
08-07 16:30:10.402  3665  3684 W android.os.Debug: failed to get memory consumption info: -1
08-07 16:30:10.402  4073  4073 E KeyguardFingerPrint: updateFingerprintListeningState#mFingerprintRunningState=0 shouldListenForFingerprint=false
08-07 16:30:10.405  3665  3665 E MotionRecognitionService:   mReceiver.onReceive : ACTION_USER_PRESENT  :: UNLOCK SCREEN
08-07 16:30:10.406  3665  3684 E memtrack: Couldn't load memtrack module
08-07 16:30:10.406  3665  3684 W android.os.Debug: failed to get memory consumption info: -1
08-07 16:30:10.409  3665  3684 E memtrack: Couldn't load memtrack module
08-07 16:30:10.409  3665  3684 W android.os.Debug: failed to get memory consumption info: -1
08-07 16:30:10.412  3665  3684 E memtrack: Couldn't load memtrack module
08-07 16:30:10.412  3665  3684 W android.os.Debug: failed to get memory consumption info: -1
08-07 16:30:10.417  3665  3684 E memtrack: Couldn't load memtrack module
08-07 16:30:10.417  3665  3684 W android.os.Debug: failed to get memory consumption info: -1
08-07 16:30:10.421  3665  3684 E memtrack: Couldn't load memtrack module
08-07 16:30:10.421  3665  3684 W android.os.Debug: failed to get memory consumption info: -1
08-07 16:30:10.424  3665  3684 E memtrack: Couldn't load memtrack module
08-07 16:30:10.424  3665  3684 W android.os.Debug: failed to get memory consumption info: -1
08-07 16:30:10.428  3665  3684 E memtrack: Couldn't load memtrack module
08-07 16:30:10.428  3665  3684 W android.os.Debug: failed to get memory consumption info: -1
08-07 16:30:10.428  4073  4073 W SemDesktopModeManager: Desktop Mode feature not available or SemDesktopModeManager not instantiated. Please check Configuration.semDesktopModeEnabled instead.
08-07 16:30:10.431  3665  3684 E memtrack: Couldn't load memtrack module
08-07 16:30:10.431  3665  3684 W android.os.Debug: failed to get memory consumption info: -1
08-07 16:30:10.433  3665  3684 E memtrack: Couldn't load memtrack module
08-07 16:30:10.433  3665  3684 W android.os.Debug: failed to get memory consumption info: -1
08-07 16:30:10.435  3665  3684 E memtrack: Couldn't load memtrack module
08-07 16:30:10.435  3665  3684 W android.os.Debug: failed to get memory consumption info: -1
08-07 16:30:10.451  3665  3684 E memtrack: Couldn't load memtrack module
08-07 16:30:10.451  3665  3684 W android.os.Debug: failed to get memory consumption info: -1
08-07 16:30:10.451  3665  3676 W InputMethodManagerService: Window already focused, ignoring focus gain of: com.android.internal.view.IInputMethodClient$Stub$Proxy@1f28338 attribute=android.view.inputmethod.EditorInfo@d8d1f11, token = android.os.BinderProxy@4b268b3
08-07 16:30:10.454  3665  3684 E memtrack: Couldn't load memtrack module
08-07 16:30:10.454  3665  3684 W android.os.Debug: failed to get memory consumption info: -1
08-07 16:30:10.455  3665  3684 E memtrack: Couldn't load memtrack module
08-07 16:30:10.456  3665  3684 W android.os.Debug: failed to get memory consumption info: -1
08-07 16:30:10.458  3665  3684 E memtrack: Couldn't load memtrack module
08-07 16:30:10.458  3665  3684 W android.os.Debug: failed to get memory consumption info: -1
08-07 16:30:10.460 21465 21465 E Zygote  : isWhitelistProcess - Process is Whitelisted
08-07 16:30:10.460  3665  3684 E memtrack: Couldn't load memtrack module
08-07 16:30:10.460  3665  3684 W android.os.Debug: failed to get memory consumption info: -1
08-07 16:30:10.463  3665  3684 E memtrack: Couldn't load memtrack module
08-07 16:30:10.463  3665  3684 W android.os.Debug: failed to get memory consumption info: -1
08-07 16:30:10.464  3665  3684 E memtrack: Couldn't load memtrack module
08-07 16:30:10.464  3665  3684 W android.os.Debug: failed to get memory consumption info: -1
08-07 16:30:10.465  3665  3684 E memtrack: Couldn't load memtrack module
08-07 16:30:10.465 21465 21465 W SELinux : SELinux selinux_android_compute_policy_index : Policy Index[2],  Con:u:r:zygote:s0 RAM:SEPF_SM-G935F_8.0.0_0011, [-1 -1 -1 -1 0 1]
08-07 16:30:10.465  3665  3684 W android.os.Debug: failed to get memory consumption info: -1
08-07 16:30:10.469  3665  3684 E memtrack: Couldn't load memtrack module
08-07 16:30:10.469  3665  3684 W android.os.Debug: failed to get memory consumption info: -1
08-07 16:30:10.474  3665  3684 E memtrack: Couldn't load memtrack module
08-07 16:30:10.474  3665  3684 W android.os.Debug: failed to get memory consumption info: -1
08-07 16:30:10.500  3665  3684 E memtrack: Couldn't load memtrack module
08-07 16:30:10.500  3665  3684 W android.os.Debug: failed to get memory consumption info: -1
08-07 16:30:10.505  3665  3777 E memtrack: Couldn't load memtrack module
08-07 16:30:10.505  3665  3777 W android.os.Debug: failed to get memory consumption info: -1
08-07 16:30:10.523  3665  3684 E memtrack: Couldn't load memtrack module
08-07 16:30:10.523  3665  3684 W android.os.Debug: failed to get memory consumption info: -1
08-07 16:30:10.526  3665  3684 E memtrack: Couldn't load memtrack module
08-07 16:30:10.526  3665  3684 W android.os.Debug: failed to get memory consumption info: -1
08-07 16:30:10.536  3665  3684 E memtrack: Couldn't load memtrack module
08-07 16:30:10.536  3665  3684 W android.os.Debug: failed to get memory consumption info: -1
08-07 16:30:10.543  3665  3777 E memtrack: Couldn't load memtrack module
08-07 16:30:10.543  3665  3777 W android.os.Debug: failed to get memory consumption info: -1
08-07 16:30:10.549  3665  3684 E memtrack: Couldn't load memtrack module
08-07 16:30:10.549  3665  3684 W android.os.Debug: failed to get memory consumption info: -1
08-07 16:30:10.554  3665  3684 E memtrack: Couldn't load memtrack module
08-07 16:30:10.554  3665  3684 W android.os.Debug: failed to get memory consumption info: -1
08-07 16:30:10.556  3665  3684 E memtrack: Couldn't load memtrack module
08-07 16:30:10.556  3665  3684 W android.os.Debug: failed to get memory consumption info: -1
08-07 16:30:10.559  3665  3684 E memtrack: Couldn't load memtrack module
08-07 16:30:10.559  3665  3684 W android.os.Debug: failed to get memory consumption info: -1
08-07 16:30:10.562  3665  3684 E memtrack: Couldn't load memtrack module
08-07 16:30:10.562  3665  3684 W android.os.Debug: failed to get memory consumption info: -1
08-07 16:30:10.565  3665  3684 E memtrack: Couldn't load memtrack module
08-07 16:30:10.565  3665  3684 W android.os.Debug: failed to get memory consumption info: -1
08-07 16:30:10.572  3665  3684 E memtrack: Couldn't load memtrack module
08-07 16:30:10.572  3665  3684 W android.os.Debug: failed to get memory consumption info: -1
08-07 16:30:10.576  3665  3684 E memtrack: Couldn't load memtrack module
08-07 16:30:10.576  3665  3684 W android.os.Debug: failed to get memory consumption info: -1
08-07 16:30:10.583 21465 21465 W Process : Unable to open /proc/vmstat
08-07 16:30:10.583  3288  3288 E audit   : type=1400 audit(1533652210.567:963): avc:  denied  { read } for  pid=21465 comm="na:notification" name="vmstat" dev="proc" ino=4026534965 scontext=u:r:untrusted_app_25:s0:c512,c768 tcontext=u:object_r:proc:s0 tclass=file permissive=0 SEPF_SM-G935F_8.0.0_0011 audit_filtered
08-07 16:30:10.584  3665  3684 E memtrack: Couldn't load memtrack module
08-07 16:30:10.584  3665  3684 W android.os.Debug: failed to get memory consumption info: -1
08-07 16:30:10.585  4073  4073 W SamsungAnalytics: [SamsungAnalytics] Attempt to invoke virtual method 'int com.samsung.context.sdk.samsunganalytics.a.b.a(java.util.Map)' on a null object reference
08-07 16:30:10.588  3665  3684 E memtrack: Couldn't load memtrack module
08-07 16:30:10.588  3665  3684 W android.os.Debug: failed to get memory consumption info: -1
08-07 16:30:10.594  3665  3684 E memtrack: Couldn't load memtrack module
08-07 16:30:10.594  3665  3684 W android.os.Debug: failed to get memory consumption info: -1
08-07 16:30:10.596  3665  3684 E memtrack: Couldn't load memtrack module
08-07 16:30:10.596  3665  3684 W android.os.Debug: failed to get memory consumption info: -1
08-07 16:30:10.597  4073  4442 W Tile.CustomTile: handleUpdateState : hasPendingBind Smart View
08-07 16:30:10.598  4073  4442 W Tile.CustomTile: handleUpdateState : hasPendingBind Telefon-
08-07 16:30:10.598  4073  4442 W Tile.CustomTile: sichtb.
08-07 16:30:10.598  3665  3684 E memtrack: Couldn't load memtrack module
08-07 16:30:10.598  3665  3684 W android.os.Debug: failed to get memory consumption info: -1
08-07 16:30:10.600  4073  4442 W Tile.CustomTile: handleUpdateState : hasPendingBind Sync
08-07 16:30:10.600  3665  3684 E memtrack: Couldn't load memtrack module
08-07 16:30:10.600  3665  3684 W android.os.Debug: failed to get memory consumption info: -1
08-07 16:30:10.601  4073  4442 W Tile.CustomTile: handleUpdateState : hasPendingBind Seitenlicht
08-07 16:30:10.604  4073  4073 W View    : requestLayout() improperly called by android.widget.TextView{9d3e88 V.ED..... ......ID 0,2440-1440,2560 #7f0a03a2 app:id/notification_panel_carrier_label} during layout: running second layout pass
08-07 16:30:10.607  3665  3684 E memtrack: Couldn't load memtrack module
08-07 16:30:10.607  3665  3684 W android.os.Debug: failed to get memory consumption info: -1
