--------- beginning of main
08-07 16:10:12.417  4357  4536 E PdnController<0>: requestStopNetwork: callback not found
08-07 16:10:12.417  4357  4536 E PdnController<0>: requestStopNetwork: callback not found
08-07 16:10:12.443 19596 19643 E GOS:SeDex: failed to getSystemService()
08-07 16:10:12.506 19656 19656 E Zygote  : isWhitelistProcess - Process is Whitelisted
08-07 16:10:12.511 19656 19656 W SELinux : SELinux selinux_android_compute_policy_index : Policy Index[2],  Con:u:r:zygote:s0 RAM:SEPF_SM-G935F_8.0.0_0011, [-1 -1 -1 -1 0 1]
08-07 16:10:12.600  3665  5999 E NotificationService: notification pkg : com.devuni.flashlight has too high data size(321556) above 100000
08-07 16:10:12.692 19675 19675 E Zygote  : isWhitelistProcess - Process is Whitelisted
08-07 16:10:12.700 19675 19675 W SELinux : SELinux selinux_android_compute_policy_index : Policy Index[2],  Con:u:r:zygote:s0 RAM:SEPF_SM-G935F_8.0.0_0011, [-1 -1 -1 -1 0 1]
08-07 16:10:12.760 19689 19689 E Zygote  : isWhitelistProcess - Process is Whitelisted
08-07 16:10:12.766 19689 19689 W SELinux : SELinux selinux_android_compute_policy_index : Policy Index[2],  Con:u:r:zygote:s0 RAM:SEPF_SM-G935F_8.0.0_0011, [-1 -1 -1 -1 0 1]
08-07 16:10:12.793  3665  4237 W SLocation: handleEvent UNKNOWN : currentDirection 0
08-07 16:10:12.807  3665  4237 W SLocation: handleEvent ENTER : currentDirection 1
08-07 16:10:12.809  3665  4237 W SLocation: handleEvent ENTER : currentDirection 0
08-07 16:10:12.817 19705 19705 E Zygote  : isWhitelistProcess - Process is Whitelisted
08-07 16:10:12.823 19705 19705 W SELinux : SELinux selinux_android_compute_policy_index : Policy Index[2],  Con:u:r:zygote:s0 RAM:SEPF_SM-G935F_8.0.0_0011, [-1 -1 -1 -1 0 1]
08-07 16:10:12.851  3665  4237 W SLocation: handleEvent ENTER : currentDirection 1
08-07 16:10:12.865  3665  4237 W SLocation: handleEvent UNKNOWN : currentDirection 0
08-07 16:10:12.869  3665  4237 W SLocation: handleEvent UNKNOWN : currentDirection 0
08-07 16:10:12.871  3665  4237 W SLocation: handleEvent UNKNOWN : currentDirection 0
08-07 16:10:12.875  3665  4237 W SLocation: handleEvent UNKNOWN : currentDirection 0
08-07 16:10:12.878  3665  4237 W SLocation: handleEvent UNKNOWN : currentDirection 0
08-07 16:10:12.885  3665  4237 W SLocation: handleEvent UNKNOWN : currentDirection 0
08-07 16:10:12.888  3665  4237 W SLocation: handleEvent UNKNOWN : currentDirection 0
08-07 16:10:12.894  3665  4237 W SLocation: handleEvent UNKNOWN : currentDirection 0
08-07 16:10:12.902 19726 19726 E Zygote  : isWhitelistProcess - Process is Whitelisted
08-07 16:10:12.907 19675 19675 E ACRA    : Initializing ANR detector for process: com.facebook.appmanager
08-07 16:10:12.908 19726 19726 W SELinux : SELinux selinux_android_compute_policy_index : Policy Index[2],  Con:u:r:zygote:s0 RAM:SEPF_SM-G935F_8.0.0_0011, [-1 -1 -1 -1 0 1]
08-07 16:10:12.917  3665  4237 W SLocation: handleEvent UNKNOWN : currentDirection 0
08-07 16:10:12.935 19675 19675 W SoLoader: context.getApplicationContext returned null, holding reference to original context.
08-07 16:10:12.965 11935 11935 E SPPClientService: [SystemStateMoniter] Action Name : android.net.conn.CONNECTIVITY_CHANGE
08-07 16:10:12.965 11935 11935 E SPPClientService: [SystemStateMoniter] Current Time : 74237230
08-07 16:10:12.968 19656 19656 W YT      : Last known version:13.29.53
08-07 16:10:12.969 11935 11935 E SPPClientService: [SystemStateMoniter] No Connect : false
08-07 16:10:12.975  3665  4237 W SLocation: handleEvent UNKNOWN : currentDirection 0
08-07 16:10:12.983  3665  4237 W SLocation: handleEvent UNKNOWN : currentDirection 0
08-07 16:10:13.007  3665  4237 W SLocation: handleEvent UNKNOWN : currentDirection 0
08-07 16:10:13.026 19752 19752 E Zygote  : isWhitelistProcess - Process is Whitelisted
08-07 16:10:13.034 19752 19752 W SELinux : SELinux selinux_android_compute_policy_index : Policy Index[2],  Con:u:r:zygote:s0 RAM:SEPF_SM-G935F_8.0.0_0011, [-1 -1 -1 -1 0 1]
08-07 16:10:13.035  3665  4237 W SLocation: handleEvent UNKNOWN : currentDirection 0
08-07 16:10:13.061  3665  4237 W SLocation: handleEvent UNKNOWN : currentDirection 0
08-07 16:10:13.090  3665  4237 W SLocation: handleEvent UNKNOWN : currentDirection 0
08-07 16:10:13.107  3665  4237 W SLocation: handleEvent UNKNOWN : currentDirection 0
08-07 16:10:13.108 19656 19775 W YouTube : Fetching the Gservices key 'failsafe_clear_cache_release_13_02' before the end of the bulk initialization
08-07 16:10:13.111  3665  4237 W SLocation: handleEvent UNKNOWN : currentDirection 0
08-07 16:10:13.118  3665  4237 W SLocation: handleEvent UNKNOWN : currentDirection 0
08-07 16:10:13.122  3665  3665 E WifiGeofenceManager: setScanInterval interval : 32, maxInterval : 128
08-07 16:10:13.126  3665  4237 W SLocation: handleEvent UNKNOWN : currentDirection 0
08-07 16:10:13.129  3665  4237 W SLocation: handleEvent UNKNOWN : currentDirection 0
08-07 16:10:13.139  3665  4237 W SLocation: handleEvent UNKNOWN : currentDirection 0
08-07 16:10:13.145  3665  4237 W SLocation: handleEvent UNKNOWN : currentDirection 0
08-07 16:10:13.233 19656 19783 E zygote64: The String#value field is not present on Android versions >= 6.0
08-07 16:10:13.329  3665  4237 W SLocation: handleEvent UNKNOWN : currentDirection 0
08-07 16:10:13.332  3665  4237 W SLocation: handleEvent ENTER : currentDirection 1
08-07 16:10:13.355  3665  4237 W SLocation: handleEvent ENTER : currentDirection 1
08-07 16:10:13.361  3665  4237 W SLocation: handleEvent UNKNOWN : currentDirection 0
08-07 16:10:13.366  3665  4237 W SLocation: handleEvent UNKNOWN : currentDirection 0
08-07 16:10:13.377 19726 19726 E SALog   : true
08-07 16:10:13.388  3665  4237 W SLocation: handleEvent UNKNOWN : currentDirection 0
08-07 16:10:13.396  3665  4237 W SLocation: handleEvent UNKNOWN : currentDirection 0
08-07 16:10:13.406  3665  4237 W SLocation: handleEvent UNKNOWN : currentDirection 0
08-07 16:10:13.423  3665  4237 W SLocation: handleEvent UNKNOWN : currentDirection 0
08-07 16:10:13.428  3665  4237 W SLocation: handleEvent UNKNOWN : currentDirection 0
08-07 16:10:13.432  3665  4237 W SLocation: handleEvent UNKNOWN : currentDirection 0
08-07 16:10:13.438  3665  4237 W SLocation: handleEvent UNKNOWN : currentDirection 0
08-07 16:10:13.446  3665  4237 W SLocation: handleEvent UNKNOWN : currentDirection 0
08-07 16:10:13.452  3665  4237 W SLocation: handleEvent UNKNOWN : currentDirection 0
08-07 16:10:13.454  3665  4237 W SLocation: handleEvent UNKNOWN : currentDirection 0
08-07 16:10:13.460  3665  4237 W SLocation: handleEvent UNKNOWN : currentDirection 0
08-07 16:10:13.470  3665  4237 W SLocation: handleEvent UNKNOWN : currentDirection 0
08-07 16:10:13.487  3665  4237 W SLocation: handleEvent UNKNOWN : currentDirection 0
08-07 16:10:13.497  3665  4237 W SLocation: handleEvent UNKNOWN : currentDirection 0
08-07 16:10:13.501  3665  4237 W SLocation: handleEvent UNKNOWN : currentDirection 0
08-07 16:10:13.525  3665  4237 W SLocation: handleEvent UNKNOWN : currentDirection 0
08-07 16:10:13.533  3665  4237 W SLocation: handleEvent UNKNOWN : currentDirection 0
08-07 16:10:13.541  3665  4237 W SLocation: handleEvent UNKNOWN : currentDirection 0
08-07 16:10:13.547  3665  4237 W SLocation: handleEvent UNKNOWN : currentDirection 0
08-07 16:10:13.553  3665  4237 W SLocation: handleEvent UNKNOWN : currentDirection 0
08-07 16:10:13.618  4777  4777 W ChimeraUtils: Non Chimera context
08-07 16:10:13.618  4777  4777 W ChimeraUtils: Non Chimera context
08-07 16:10:13.712 19842 19842 E Zygote  : isWhitelistProcess - Process is Whitelisted
08-07 16:10:13.718 19842 19842 W SELinux : SELinux selinux_android_compute_policy_index : Policy Index[2],  Con:u:r:zygote:s0 RAM:SEPF_SM-G935F_8.0.0_0011, [-1 -1 -1 -1 0 1]
08-07 16:10:13.721 19752 19752 W System  : ClassLoader referenced unknown path: 
08-07 16:10:13.800 19752 19752 W linker  : "/data/app/com.microsoft.skydrive-5zAmJQAanejMb-2fJ3x6vQ==/lib/arm/libQt5AndroidExtras.so" has unsupported flags DT_FLAGS_1=0x81
08-07 16:10:13.804 19752 19752 W linker  : "/data/app/com.microsoft.skydrive-5zAmJQAanejMb-2fJ3x6vQ==/lib/arm/libQt5Sql.so" has unsupported flags DT_FLAGS_1=0x81
08-07 16:10:13.809 19752 19752 W linker  : "/data/app/com.microsoft.skydrive-5zAmJQAanejMb-2fJ3x6vQ==/lib/arm/libQt5Network.so" has unsupported flags DT_FLAGS_1=0x81
08-07 16:10:13.819 19752 19752 W linker  : "/data/app/com.microsoft.skydrive-5zAmJQAanejMb-2fJ3x6vQ==/lib/arm/libQt5Xml.so" has unsupported flags DT_FLAGS_1=0x81
08-07 16:10:13.822 19752 19752 W linker  : "/data/app/com.microsoft.skydrive-5zAmJQAanejMb-2fJ3x6vQ==/lib/arm/libQt5Concurrent.so" has unsupported flags DT_FLAGS_1=0x81
08-07 16:10:14.036 19752 19890 W linker  : "/data/data/com.microsoft.skydrive/files/libs/sqldrivers/libqsqlite.so" unused DT entry: type 0xf arg 0x1cd7
08-07 16:10:14.037 19752 19890 W linker  : "/data/data/com.microsoft.skydrive/files/libs/sqldrivers/libqsqlite.so" has unsupported flags DT_FLAGS_1=0x81
08-07 16:10:14.133  4777 19723 W Conscrypt: Could not set socket write timeout: java.lang.reflect.InvocationTargetException
08-07 16:10:14.134  4777 19723 W Conscrypt: 	at java.lang.reflect.Method.invoke(Native Method)
08-07 16:10:14.134  4777 19723 W Conscrypt: 	at com.google.android.gms.org.conscrypt.Platform.setSocketWriteTimeout(:com.google.android.gms@12874025@12.8.74 (040408-204998136):13)
08-07 16:10:14.134  4777 19723 W Conscrypt: Caused by: android.system.ErrnoException: setsockopt failed: EBADF (Bad file descriptor)
08-07 16:10:14.134  4777 19723 W Conscrypt: 	at libcore.io.Linux.setsockoptTimeval(Native Method)
08-07 16:10:14.134  4777 19723 W Conscrypt: 	at libcore.io.ForwardingOs.setsockoptTimeval(ForwardingOs.java:173)
08-07 16:10:14.162 19656 19771 E YouTube : Failed delayed event dispatch, no dispatchers.
08-07 16:10:14.244  4777 19723 W Conscrypt: Could not set socket write timeout: java.lang.reflect.InvocationTargetException
08-07 16:10:14.244  4777 19723 W Conscrypt: 	at java.lang.reflect.Method.invoke(Native Method)
08-07 16:10:14.245  4777 19723 W Conscrypt: 	at com.google.android.gms.org.conscrypt.Platform.setSocketWriteTimeout(:com.google.android.gms@12874025@12.8.74 (040408-204998136):13)
08-07 16:10:14.245  4777 19723 W Conscrypt: Caused by: android.system.ErrnoException: setsockopt failed: EBADF (Bad file descriptor)
08-07 16:10:14.245  4777 19723 W Conscrypt: 	at libcore.io.Linux.setsockoptTimeval(Native Method)
08-07 16:10:14.245  4777 19723 W Conscrypt: 	at libcore.io.ForwardingOs.setsockoptTimeval(ForwardingOs.java:173)
08-07 16:10:14.401  4777 30811 W Conscrypt: Could not set socket write timeout: java.lang.reflect.InvocationTargetException
08-07 16:10:14.403  4777 30811 W Conscrypt: 	at java.lang.reflect.Method.invoke(Native Method)
08-07 16:10:14.403  4777 30811 W Conscrypt: 	at com.google.android.gms.org.conscrypt.Platform.setSocketWriteTimeout(:com.google.android.gms@12874025@12.8.74 (040408-204998136):13)
08-07 16:10:14.403  4777 30811 W Conscrypt: Caused by: android.system.ErrnoException: setsockopt failed: EBADF (Bad file descriptor)
08-07 16:10:14.403  4777 30811 W Conscrypt: 	at libcore.io.Linux.setsockoptTimeval(Native Method)
08-07 16:10:14.403  4777 30811 W Conscrypt: 	at libcore.io.ForwardingOs.setsockoptTimeval(ForwardingOs.java:173)
08-07 16:10:14.466  4777 30811 W Conscrypt: Could not set socket write timeout: java.lang.reflect.InvocationTargetException
08-07 16:10:14.467  4777 30811 W Conscrypt: 	at java.lang.reflect.Method.invoke(Native Method)
08-07 16:10:14.467  4777 30811 W Conscrypt: 	at com.google.android.gms.org.conscrypt.Platform.setSocketWriteTimeout(:com.google.android.gms@12874025@12.8.74 (040408-204998136):13)
08-07 16:10:14.467  4777 30811 W Conscrypt: Caused by: android.system.ErrnoException: setsockopt failed: EBADF (Bad file descriptor)
08-07 16:10:14.467  4777 30811 W Conscrypt: 	at libcore.io.Linux.setsockoptTimeval(Native Method)
08-07 16:10:14.467  4777 30811 W Conscrypt: 	at libcore.io.ForwardingOs.setsockoptTimeval(ForwardingOs.java:173)
08-07 16:10:14.578 19752 19752 F Adjust  : PRODUCTION: Adjust is running in Production mode. Use this setting only for the build that you want to publish. Set the environment to `sandbox` if you want to test your app!
08-07 16:10:14.731 19752 19940 W AdvertisingIdClient: Error while reading from SharedPreferences 
08-07 16:10:14.731 19752 19940 W AdvertisingIdClient: java.lang.SecurityException: MODE_WORLD_READABLE no longer supported
08-07 16:10:14.731 19752 19940 W AdvertisingIdClient: 	at android.app.ContextImpl.checkMode(ContextImpl.java:2453)
08-07 16:10:14.731 19752 19940 W AdvertisingIdClient: 	at android.app.ContextImpl.getSharedPreferences(ContextImpl.java:389)
08-07 16:10:14.731 19752 19940 W AdvertisingIdClient: 	at android.app.ContextImpl.getSharedPreferences(ContextImpl.java:376)
08-07 16:10:14.731 19752 19940 W AdvertisingIdClient: 	at com.google.android.gms.ads.identifier.AdvertisingIdClient.getAdvertisingIdInfo(Unknown Source:13)
08-07 16:10:14.731 19752 19940 W AdvertisingIdClient: 	at java.lang.reflect.Method.invoke(Native Method)
08-07 16:10:14.731 19752 19940 W AdvertisingIdClient: 	at com.adjust.sdk.Reflection.invokeMethod(SourceFile:193)
08-07 16:10:14.731 19752 19940 W AdvertisingIdClient: 	at com.adjust.sdk.Reflection.invokeStaticMethod(SourceFile:176)
08-07 16:10:14.731 19752 19940 W AdvertisingIdClient: 	at com.adjust.sdk.Reflection.getAdvertisingInfoObject(SourceFile:93)
08-07 16:10:14.731 19752 19940 W AdvertisingIdClient: 	at com.adjust.sdk.Reflection.getPlayAdId(SourceFile:42)
08-07 16:10:14.731 19752 19940 W AdvertisingIdClient: 	at com.adjust.sdk.Util.getPlayAdId(SourceFile:92)
08-07 16:10:14.731 19752 19940 W AdvertisingIdClient: 	at com.adjust.sdk.a.<init>(SourceFile:62)
08-07 16:10:14.731 19752 19940 W AdvertisingIdClient: 	at com.adjust.sdk.ActivityHandler.initI(SourceFile:637)
08-07 16:10:14.731 19752 19940 W AdvertisingIdClient: 	at com.adjust.sdk.ActivityHandler.access$000(SourceFile:31)
08-07 16:10:14.731 19752 19940 W AdvertisingIdClient: 	at com.adjust.sdk.ActivityHandler$1.run(SourceFile:184)
08-07 16:10:14.731 19752 19940 W AdvertisingIdClient: 	at java.util.concurrent.Executors$RunnableAdapter.call(Executors.java:457)
08-07 16:10:14.731 19752 19940 W AdvertisingIdClient: 	at java.util.concurrent.FutureTask.run(FutureTask.java:266)
08-07 16:10:14.731 19752 19940 W AdvertisingIdClient: 	at java.util.concurrent.ScheduledThreadPoolExecutor$ScheduledFutureTask.run(ScheduledThreadPoolExecutor.java:301)
08-07 16:10:14.731 19752 19940 W AdvertisingIdClient: 	at java.util.concurrent.ThreadPoolExecutor.runWorker(ThreadPoolExecutor.java:1162)
08-07 16:10:14.731 19752 19940 W AdvertisingIdClient: 	at java.util.concurrent.ThreadPoolExecutor$Worker.run(ThreadPoolExecutor.java:636)
08-07 16:10:14.731 19752 19940 W AdvertisingIdClient: 	at java.lang.Thread.run(Thread.java:764)
08-07 16:10:14.950 19656 19774 W zygote64: Skipping duplicate class check due to unrecognized classloader
08-07 16:10:15.215 19656 19774 W zygote64: Skipping duplicate class check due to unrecognized classloader
08-07 16:10:15.462  4777 19723 W Conscrypt: Could not set socket write timeout: java.lang.reflect.InvocationTargetException
08-07 16:10:15.462  4777 19723 W Conscrypt: 	at java.lang.reflect.Method.invoke(Native Method)
08-07 16:10:15.462  4777 19723 W Conscrypt: 	at com.google.android.gms.org.conscrypt.Platform.setSocketWriteTimeout(:com.google.android.gms@12874025@12.8.74 (040408-204998136):13)
08-07 16:10:15.462  4777 19723 W Conscrypt: Caused by: android.system.ErrnoException: setsockopt failed: EBADF (Bad file descriptor)
08-07 16:10:15.462  4777 19723 W Conscrypt: 	at libcore.io.Linux.setsockoptTimeval(Native Method)
08-07 16:10:15.462  4777 19723 W Conscrypt: 	at libcore.io.ForwardingOs.setsockoptTimeval(ForwardingOs.java:173)
08-07 16:10:15.473  4777 19723 W Conscrypt: Could not set socket write timeout: java.lang.reflect.InvocationTargetException
08-07 16:10:15.474  4777 19723 W Conscrypt: 	at java.lang.reflect.Method.invoke(Native Method)
08-07 16:10:15.474  4777 19723 W Conscrypt: 	at com.google.android.gms.org.conscrypt.Platform.setSocketWriteTimeout(:com.google.android.gms@12874025@12.8.74 (040408-204998136):13)
08-07 16:10:15.474  4777 19723 W Conscrypt: Caused by: android.system.ErrnoException: setsockopt failed: EBADF (Bad file descriptor)
08-07 16:10:15.474  4777 19723 W Conscrypt: 	at libcore.io.Linux.setsockoptTimeval(Native Method)
08-07 16:10:15.474  4777 19723 W Conscrypt: 	at libcore.io.ForwardingOs.setsockoptTimeval(ForwardingOs.java:173)
08-07 16:10:15.571 19596 19643 W GOS:ResponseParser: 
08-07 16:10:15.571 19596 19643 W GOS:ResponseParser: org.json.JSONException: Value 1 of type java.lang.Integer cannot be converted to JSONObject
08-07 16:10:15.571 19596 19643 W GOS:ResponseParser: 	at org.json.JSON.typeMismatch(JSON.java:111)
08-07 16:10:15.571 19596 19643 W GOS:ResponseParser: 	at org.json.JSONObject.<init>(JSONObject.java:163)
08-07 16:10:15.571 19596 19643 W GOS:ResponseParser: 	at org.json.JSONObject.<init>(JSONObject.java:176)
08-07 16:10:15.571 19596 19643 W GOS:ResponseParser: 	at com.enhance.gameservice.data.ResponseParser.getChangedFeatureFlagPolicyByJson(ResponseParser.java:802)
08-07 16:10:15.571 19596 19643 W GOS:ResponseParser: 	at com.enhance.gameservice.data.ResponseParser.parseGlobalData(ResponseParser.java:285)
08-07 16:10:15.571 19596 19643 W GOS:ResponseParser: 	at com.enhance.gameservice.data.NetworkConnector.getGlobalData(NetworkConnector.java:86)
08-07 16:10:15.571 19596 19643 W GOS:ResponseParser: 	at com.enhance.gameservice.data.DataManager.updateGlobalSettingsFromServer(DataManager.java:790)
08-07 16:10:15.571 19596 19643 W GOS:ResponseParser: 	at com.enhance.gameservice.data.DataManager.updateGlobalAndPkgData(DataManager.java:1252)
08-07 16:10:15.571 19596 19643 W GOS:ResponseParser: 	at com.enhance.gameservice.data.DataManager.onWifiConnected(DataManager.java:258)
08-07 16:10:15.571 19596 19643 W GOS:ResponseParser: 	at com.enhance.gameservice.MainIntentService.onHandleIntent(MainIntentService.java:128)
08-07 16:10:15.571 19596 19643 W GOS:ResponseParser: 	at android.app.IntentService$ServiceHandler.handleMessage(IntentService.java:68)
08-07 16:10:15.571 19596 19643 W GOS:ResponseParser: 	at android.os.Handler.dispatchMessage(Handler.java:105)
08-07 16:10:15.571 19596 19643 W GOS:ResponseParser: 	at android.os.Looper.loop(Looper.java:164)
08-07 16:10:15.571 19596 19643 W GOS:ResponseParser: 	at android.os.HandlerThread.run(HandlerThread.java:65)
08-07 16:10:16.051 11935 11935 E SPPClientService: [[PushClientService]] SPPC Ver : 1.9.08, Server Ver : 1, Platform Ver : 26
08-07 16:10:16.191 11935 11935 E SPPClientService: [[PushClientService]] reqType : 0
08-07 16:10:16.205 11935 11935 E SPPClientService: [[PushClientService]] F:false, D:false, E:false, T:false, S:false, R:false
08-07 16:10:16.222 11935 11935 E SPPClientService: [a] [ConnectionManager] Connection is already disconnected.
08-07 16:10:16.222 11935 11935 E SPPClientService: [b] null
08-07 16:10:16.249  4777  4777 W NetworkScheduler.TED: Error while unbinding: java.lang.IllegalArgumentException: Service not registered: wsk@89a58ce
08-07 16:10:16.588 11935 19997 E SPPClientService: [b] __InitReply__
08-07 16:10:16.656 11935 19997 E SPPClientService: [a] onConnected Time : 74240921
08-07 16:10:16.690 19596 19643 E GOS:SeDex: mDesktopModeManager is null
08-07 16:10:16.743 19596 19643 E GOS:SeDex: mDesktopModeManager is null
08-07 16:10:16.772 19596 19643 E GOS:SeDex: mDesktopModeManager is null
08-07 16:10:16.817 19596 19643 E GOS:SeDex: mDesktopModeManager is null
08-07 16:10:16.969 19596 19643 W GOS:FlipOverBlackScreenCore: removeBlackSurface-removing force cover-universal8890
08-07 16:10:17.263 19752 19940 W AdvertisingIdClient: Error while reading from SharedPreferences 
08-07 16:10:17.263 19752 19940 W AdvertisingIdClient: java.lang.SecurityException: MODE_WORLD_READABLE no longer supported
08-07 16:10:17.263 19752 19940 W AdvertisingIdClient: 	at android.app.ContextImpl.checkMode(ContextImpl.java:2453)
08-07 16:10:17.263 19752 19940 W AdvertisingIdClient: 	at android.app.ContextImpl.getSharedPreferences(ContextImpl.java:389)
08-07 16:10:17.263 19752 19940 W AdvertisingIdClient: 	at android.app.ContextImpl.getSharedPreferences(ContextImpl.java:376)
08-07 16:10:17.263 19752 19940 W AdvertisingIdClient: 	at com.google.android.gms.ads.identifier.AdvertisingIdClient.getAdvertisingIdInfo(Unknown Source:13)
08-07 16:10:17.263 19752 19940 W AdvertisingIdClient: 	at java.lang.reflect.Method.invoke(Native Method)
08-07 16:10:17.263 19752 19940 W AdvertisingIdClient: 	at com.adjust.sdk.Reflection.invokeMethod(SourceFile:193)
08-07 16:10:17.263 19752 19940 W AdvertisingIdClient: 	at com.adjust.sdk.Reflection.invokeStaticMethod(SourceFile:176)
08-07 16:10:17.263 19752 19940 W AdvertisingIdClient: 	at com.adjust.sdk.Reflection.getAdvertisingInfoObject(SourceFile:93)
08-07 16:10:17.263 19752 19940 W AdvertisingIdClient: 	at com.adjust.sdk.Reflection.getPlayAdId(SourceFile:42)
08-07 16:10:17.263 19752 19940 W AdvertisingIdClient: 	at com.adjust.sdk.Util.getPlayAdId(SourceFile:92)
08-07 16:10:17.263 19752 19940 W AdvertisingIdClient: 	at com.adjust.sdk.ActivityHandler.initI(SourceFile:643)
08-07 16:10:17.263 19752 19940 W AdvertisingIdClient: 	at com.adjust.sdk.ActivityHandler.access$000(SourceFile:31)
08-07 16:10:17.263 19752 19940 W AdvertisingIdClient: 	at com.adjust.sdk.ActivityHandler$1.run(SourceFile:184)
08-07 16:10:17.263 19752 19940 W AdvertisingIdClient: 	at java.util.concurrent.Executors$RunnableAdapter.call(Executors.java:457)
08-07 16:10:17.263 19752 19940 W AdvertisingIdClient: 	at java.util.concurrent.FutureTask.run(FutureTask.java:266)
08-07 16:10:17.263 19752 19940 W AdvertisingIdClient: 	at java.util.concurrent.ScheduledThreadPoolExecutor$ScheduledFutureTask.run(ScheduledThreadPoolExecutor.java:301)
08-07 16:10:17.263 19752 19940 W AdvertisingIdClient: 	at java.util.concurrent.ThreadPoolExecutor.runWorker(ThreadPoolExecutor.java:1162)
08-07 16:10:17.263 19752 19940 W AdvertisingIdClient: 	at java.util.concurrent.ThreadPoolExecutor$Worker.run(ThreadPoolExecutor.java:636)
08-07 16:10:17.263 19752 19940 W AdvertisingIdClient: 	at java.lang.Thread.run(Thread.java:764)
08-07 16:10:17.574 19752 19940 W AdvertisingIdClient: Error while reading from SharedPreferences 
08-07 16:10:17.574 19752 19940 W AdvertisingIdClient: java.lang.SecurityException: MODE_WORLD_READABLE no longer supported
08-07 16:10:17.574 19752 19940 W AdvertisingIdClient: 	at android.app.ContextImpl.checkMode(ContextImpl.java:2453)
08-07 16:10:17.574 19752 19940 W AdvertisingIdClient: 	at android.app.ContextImpl.getSharedPreferences(ContextImpl.java:389)
08-07 16:10:17.574 19752 19940 W AdvertisingIdClient: 	at android.app.ContextImpl.getSharedPreferences(ContextImpl.java:376)
08-07 16:10:17.574 19752 19940 W AdvertisingIdClient: 	at com.google.android.gms.ads.identifier.AdvertisingIdClient.getAdvertisingIdInfo(Unknown Source:13)
08-07 16:10:17.574 19752 19940 W AdvertisingIdClient: 	at java.lang.reflect.Method.invoke(Native Method)
08-07 16:10:17.574 19752 19940 W AdvertisingIdClient: 	at com.adjust.sdk.Reflection.invokeMethod(SourceFile:193)
08-07 16:10:17.574 19752 19940 W AdvertisingIdClient: 	at com.adjust.sdk.Reflection.invokeStaticMethod(SourceFile:176)
08-07 16:10:17.574 19752 19940 W AdvertisingIdClient: 	at com.adjust.sdk.Reflection.getAdvertisingInfoObject(SourceFile:93)
08-07 16:10:17.574 19752 19940 W AdvertisingIdClient: 	at com.adjust.sdk.Reflection.getPlayAdId(SourceFile:42)
08-07 16:10:17.574 19752 19940 W AdvertisingIdClient: 	at com.adjust.sdk.Util.getPlayAdId(SourceFile:92)
08-07 16:10:17.574 19752 19940 W AdvertisingIdClient: 	at com.adjust.sdk.b.c(SourceFile:234)
08-07 16:10:17.574 19752 19940 W AdvertisingIdClient: 	at com.adjust.sdk.b.c(SourceFile:189)
08-07 16:10:17.574 19752 19940 W AdvertisingIdClient: 	at com.adjust.sdk.b.a(SourceFile:155)
08-07 16:10:17.574 19752 19940 W AdvertisingIdClient: 	at com.adjust.sdk.ActivityHandler.getAttributionPackageI(SourceFile:598)
08-07 16:10:17.574 19752 19940 W AdvertisingIdClient: 	at com.adjust.sdk.ActivityHandler.initI(SourceFile:706)
08-07 16:10:17.574 19752 19940 W AdvertisingIdClient: 	at com.adjust.sdk.ActivityHandler.access$000(SourceFile:31)
08-07 16:10:17.574 19752 19940 W AdvertisingIdClient: 	at com.adjust.sdk.ActivityHandler$1.run(SourceFile:184)
08-07 16:10:17.574 19752 19940 W AdvertisingIdClient: 	at java.util.concurrent.Executors$RunnableAdapter.call(Executors.java:457)
08-07 16:10:17.574 19752 19940 W AdvertisingIdClient: 	at java.util.concurrent.FutureTask.run(FutureTask.java:266)
08-07 16:10:17.574 19752 19940 W AdvertisingIdClient: 	at java.util.concurrent.ScheduledThreadPoolExecutor$ScheduledFutureTask.run(ScheduledThreadPoolExecutor.java:301)
08-07 16:10:17.574 19752 19940 W AdvertisingIdClient: 	at java.util.concurrent.ThreadPoolExecutor.runWorker(ThreadPoolExecutor.java:1162)
08-07 16:10:17.574 19752 19940 W AdvertisingIdClient: 	at java.util.concurrent.ThreadPoolExecutor$Worker.run(ThreadPoolExecutor.java:636)
08-07 16:10:17.574 19752 19940 W AdvertisingIdClient: 	at java.lang.Thread.run(Thread.java:764)
08-07 16:10:17.700 19752 19940 W AdvertisingIdClient: Error while reading from SharedPreferences 
08-07 16:10:17.700 19752 19940 W AdvertisingIdClient: java.lang.SecurityException: MODE_WORLD_READABLE no longer supported
08-07 16:10:17.700 19752 19940 W AdvertisingIdClient: 	at android.app.ContextImpl.checkMode(ContextImpl.java:2453)
08-07 16:10:17.700 19752 19940 W AdvertisingIdClient: 	at android.app.ContextImpl.getSharedPreferences(ContextImpl.java:389)
08-07 16:10:17.700 19752 19940 W AdvertisingIdClient: 	at android.app.ContextImpl.getSharedPreferences(ContextImpl.java:376)
08-07 16:10:17.700 19752 19940 W AdvertisingIdClient: 	at com.google.android.gms.ads.identifier.AdvertisingIdClient.getAdvertisingIdInfo(Unknown Source:13)
08-07 16:10:17.700 19752 19940 W AdvertisingIdClient: 	at java.lang.reflect.Method.invoke(Native Method)
08-07 16:10:17.700 19752 19940 W AdvertisingIdClient: 	at com.adjust.sdk.Reflection.invokeMethod(SourceFile:193)
08-07 16:10:17.700 19752 19940 W AdvertisingIdClient: 	at com.adjust.sdk.Reflection.invokeStaticMethod(SourceFile:176)
08-07 16:10:17.700 19752 19940 W AdvertisingIdClient: 	at com.adjust.sdk.Reflection.getAdvertisingInfoObject(SourceFile:93)
08-07 16:10:17.700 19752 19940 W AdvertisingIdClient: 	at com.adjust.sdk.Reflection.isPlayTrackingEnabled(SourceFile:54)
08-07 16:10:17.700 19752 19940 W AdvertisingIdClient: 	at com.adjust.sdk.Util.isPlayTrackingEnabled(SourceFile:126)
08-07 16:10:17.700 19752 19940 W AdvertisingIdClient: 	at com.adjust.sdk.b.c(SourceFile:236)
08-07 16:10:17.700 19752 19940 W AdvertisingIdClient: 	at com.adjust.sdk.b.c(SourceFile:189)
08-07 16:10:17.700 19752 19940 W AdvertisingIdClient: 	at com.adjust.sdk.b.a(SourceFile:155)
08-07 16:10:17.700 19752 19940 W AdvertisingIdClient: 	at com.adjust.sdk.ActivityHandler.getAttributionPackageI(SourceFile:598)
08-07 16:10:17.700 19752 19940 W AdvertisingIdClient: 	at com.adjust.sdk.ActivityHandler.initI(SourceFile:706)
08-07 16:10:17.700 19752 19940 W AdvertisingIdClient: 	at com.adjust.sdk.ActivityHandler.access$000(SourceFile:31)
08-07 16:10:17.700 19752 19940 W AdvertisingIdClient: 	at com.adjust.sdk.ActivityHandler$1.run(SourceFile:184)
08-07 16:10:17.700 19752 19940 W AdvertisingIdClient: 	at java.util.concurrent.Executors$RunnableAdapter.call(Executors.java:457)
08-07 16:10:17.700 19752 19940 W AdvertisingIdClient: 	at java.util.concurrent.FutureTask.run(FutureTask.java:266)
08-07 16:10:17.700 19752 19940 W AdvertisingIdClient: 	at java.util.concurrent.ScheduledThreadPoolExecutor$ScheduledFutureTask.run(ScheduledThreadPoolExecutor.java:301)
08-07 16:10:17.700 19752 19940 W AdvertisingIdClient: 	at java.util.concurrent.ThreadPoolExecutor.runWorker(ThreadPoolExecutor.java:1162)
08-07 16:10:17.700 19752 19940 W AdvertisingIdClient: 	at java.util.concurrent.ThreadPoolExecutor$Worker.run(ThreadPoolExecutor.java:636)
08-07 16:10:17.700 19752 19940 W AdvertisingIdClient: 	at java.lang.Thread.run(Thread.java:764)
08-07 16:10:17.811  3288  3288 E audit   : type=1400 audit(1533651017.797:925): avc:  denied  { read } for  pid=15353 comm="Analytics-Norma" name="boot_id" dev="proc" ino=556478 scontext=u:r:untrusted_app_25:s0:c512,c768 tcontext=u:object_r:proc:s0 tclass=file permissive=0 SEPF_SM-G935F_8.0.0_0011 audit_filtered
08-07 16:10:17.826 15353 15475 E fb4a.BootIdReader: Error reading boot_id from procfs
08-07 16:10:17.826 15353 15475 E fb4a.BootIdReader: java.io.FileNotFoundException: /proc/sys/kernel/random/boot_id (Permission denied)
08-07 16:10:17.826 15353 15475 E fb4a.BootIdReader: 	at java.io.FileInputStream.open0(Native Method)
08-07 16:10:17.826 15353 15475 E fb4a.BootIdReader: 	at java.io.FileInputStream.open(FileInputStream.java:200)
08-07 16:10:17.826 15353 15475 E fb4a.BootIdReader: 	at java.io.FileInputStream.<init>(FileInputStream.java:150)
08-07 16:10:17.826 15353 15475 E fb4a.BootIdReader: 	at java.io.FileInputStream.<init>(FileInputStream.java:103)
08-07 16:10:17.826 15353 15475 E fb4a.BootIdReader: 	at java.io.FileReader.<init>(FileReader.java:58)
08-07 16:10:17.826 15353 15475 E fb4a.BootIdReader: 	at X.2NH.D(:579359)
08-07 16:10:17.826 15353 15475 E fb4a.BootIdReader: 	at X.2tz.B(Unknown Source:1505)
08-07 16:10:17.826 15353 15475 E fb4a.BootIdReader: 	at X.0I5.B(Unknown Source:31)
08-07 16:10:17.826 15353 15475 E fb4a.BootIdReader: 	at X.0In.F(:49239)
08-07 16:10:17.826 15353 15475 E fb4a.BootIdReader: 	at X.0In.D(:49227)
08-07 16:10:17.826 15353 15475 E fb4a.BootIdReader: 	at X.2xN.Qr(:693114)
08-07 16:10:17.826 15353 15475 E fb4a.BootIdReader: 	at X.3tO.E(:900621)
08-07 16:10:17.826 15353 15475 E fb4a.BootIdReader: 	at X.3Md.C(:792342)
08-07 16:10:17.826 15353 15475 E fb4a.BootIdReader: 	at X.0jp.pfB(:134269)
08-07 16:10:17.826 15353 15475 E fb4a.BootIdReader: 	at X.0jl.B(:134229)
08-07 16:10:17.826 15353 15475 E fb4a.BootIdReader: 	at X.0qF.handleMessage(:150013)
08-07 16:10:17.826 15353 15475 E fb4a.BootIdReader: 	at android.os.Handler.dispatchMessage(Handler.java:105)
08-07 16:10:17.826 15353 15475 E fb4a.BootIdReader: 	at android.os.Looper.loop(Looper.java:164)
08-07 16:10:17.826 15353 15475 E fb4a.BootIdReader: 	at android.os.HandlerThread.run(HandlerThread.java:65)
08-07 16:10:18.079 19752 19940 W AdvertisingIdClient: Error while reading from SharedPreferences 
08-07 16:10:18.079 19752 19940 W AdvertisingIdClient: java.lang.SecurityException: MODE_WORLD_READABLE no longer supported
08-07 16:10:18.079 19752 19940 W AdvertisingIdClient: 	at android.app.ContextImpl.checkMode(ContextImpl.java:2453)
08-07 16:10:18.079 19752 19940 W AdvertisingIdClient: 	at android.app.ContextImpl.getSharedPreferences(ContextImpl.java:389)
08-07 16:10:18.079 19752 19940 W AdvertisingIdClient: 	at android.app.ContextImpl.getSharedPreferences(ContextImpl.java:376)
08-07 16:10:18.079 19752 19940 W AdvertisingIdClient: 	at com.google.android.gms.ads.identifier.AdvertisingIdClient.getAdvertisingIdInfo(Unknown Source:13)
08-07 16:10:18.079 19752 19940 W AdvertisingIdClient: 	at java.lang.reflect.Method.invoke(Native Method)
08-07 16:10:18.079 19752 19940 W AdvertisingIdClient: 	at com.adjust.sdk.Reflection.invokeMethod(SourceFile:193)
08-07 16:10:18.079 19752 19940 W AdvertisingIdClient: 	at com.adjust.sdk.Reflection.invokeStaticMethod(SourceFile:176)
08-07 16:10:18.079 19752 19940 W AdvertisingIdClient: 	at com.adjust.sdk.Reflection.getAdvertisingInfoObject(SourceFile:93)
08-07 16:10:18.079 19752 19940 W AdvertisingIdClient: 	at com.adjust.sdk.Reflection.getPlayAdId(SourceFile:42)
08-07 16:10:18.079 19752 19940 W AdvertisingIdClient: 	at com.adjust.sdk.Util.getPlayAdId(SourceFile:92)
08-07 16:10:18.079 19752 19940 W AdvertisingIdClient: 	at com.adjust.sdk.b.c(SourceFile:234)
08-07 16:10:18.079 19752 19940 W AdvertisingIdClient: 	at com.adjust.sdk.b.b(SourceFile:175)
08-07 16:10:18.079 19752 19940 W AdvertisingIdClient: 	at com.adjust.sdk.b.a(SourceFile:96)
08-07 16:10:18.079 19752 19940 W AdvertisingIdClient: 	at com.adjust.sdk.ActivityHandler.trackEventI(SourceFile:861)
08-07 16:10:18.079 19752 19940 W AdvertisingIdClient: 	at com.adjust.sdk.ActivityHandler.access$1000(SourceFile:31)
08-07 16:10:18.079 19752 19940 W AdvertisingIdClient: 	at com.adjust.sdk.ActivityHandler$24.run(SourceFile:277)
08-07 16:10:18.079 19752 19940 W AdvertisingIdClient: 	at java.util.concurrent.Executors$RunnableAdapter.call(Executors.java:457)
08-07 16:10:18.079 19752 19940 W AdvertisingIdClient: 	at java.util.concurrent.FutureTask.run(FutureTask.java:266)
08-07 16:10:18.079 19752 19940 W AdvertisingIdClient: 	at java.util.concurrent.ScheduledThreadPoolExecutor$ScheduledFutureTask.run(ScheduledThreadPoolExecutor.java:301)
08-07 16:10:18.079 19752 19940 W AdvertisingIdClient: 	at java.util.concurrent.ThreadPoolExecutor.runWorker(ThreadPoolExecutor.java:1162)
08-07 16:10:18.079 19752 19940 W AdvertisingIdClient: 	at java.util.concurrent.ThreadPoolExecutor$Worker.run(ThreadPoolExecutor.java:636)
08-07 16:10:18.079 19752 19940 W AdvertisingIdClient: 	at java.lang.Thread.run(Thread.java:764)
08-07 16:10:18.210  7304  7576 W DatabaseProcessor: Exiting Adaptive Discovery. Current NetworkInfo is NULL.
08-07 16:10:18.380 19752 19940 W AdvertisingIdClient: Error while reading from SharedPreferences 
08-07 16:10:18.380 19752 19940 W AdvertisingIdClient: java.lang.SecurityException: MODE_WORLD_READABLE no longer supported
08-07 16:10:18.380 19752 19940 W AdvertisingIdClient: 	at android.app.ContextImpl.checkMode(ContextImpl.java:2453)
08-07 16:10:18.380 19752 19940 W AdvertisingIdClient: 	at android.app.ContextImpl.getSharedPreferences(ContextImpl.java:389)
08-07 16:10:18.380 19752 19940 W AdvertisingIdClient: 	at android.app.ContextImpl.getSharedPreferences(ContextImpl.java:376)
08-07 16:10:18.380 19752 19940 W AdvertisingIdClient: 	at com.google.android.gms.ads.identifier.AdvertisingIdClient.getAdvertisingIdInfo(Unknown Source:13)
08-07 16:10:18.380 19752 19940 W AdvertisingIdClient: 	at java.lang.reflect.Method.invoke(Native Method)
08-07 16:10:18.380 19752 19940 W AdvertisingIdClient: 	at com.adjust.sdk.Reflection.invokeMethod(SourceFile:193)
08-07 16:10:18.380 19752 19940 W AdvertisingIdClient: 	at com.adjust.sdk.Reflection.invokeStaticMethod(SourceFile:176)
08-07 16:10:18.380 19752 19940 W AdvertisingIdClient: 	at com.adjust.sdk.Reflection.getAdvertisingInfoObject(SourceFile:93)
08-07 16:10:18.380 19752 19940 W AdvertisingIdClient: 	at com.adjust.sdk.Reflection.isPlayTrackingEnabled(SourceFile:54)
08-07 16:10:18.380 19752 19940 W AdvertisingIdClient: 	at com.adjust.sdk.Util.isPlayTrackingEnabled(SourceFile:126)
08-07 16:10:18.380 19752 19940 W AdvertisingIdClient: 	at com.adjust.sdk.b.c(SourceFile:236)
08-07 16:10:18.380 19752 19940 W AdvertisingIdClient: 	at com.adjust.sdk.b.b(SourceFile:175)
08-07 16:10:18.380 19752 19940 W AdvertisingIdClient: 	at com.adjust.sdk.b.a(SourceFile:96)
08-07 16:10:18.380 19752 19940 W AdvertisingIdClient: 	at com.adjust.sdk.ActivityHandler.trackEventI(SourceFile:861)
08-07 16:10:18.380 19752 19940 W AdvertisingIdClient: 	at com.adjust.sdk.ActivityHandler.access$1000(SourceFile:31)
08-07 16:10:18.380 19752 19940 W AdvertisingIdClient: 	at com.adjust.sdk.ActivityHandler$24.run(SourceFile:277)
08-07 16:10:18.380 19752 19940 W AdvertisingIdClient: 	at java.util.concurrent.Executors$RunnableAdapter.call(Executors.java:457)
08-07 16:10:18.380 19752 19940 W AdvertisingIdClient: 	at java.util.concurrent.FutureTask.run(FutureTask.java:266)
08-07 16:10:18.380 19752 19940 W AdvertisingIdClient: 	at java.util.concurrent.ScheduledThreadPoolExecutor$ScheduledFutureTask.run(ScheduledThreadPoolExecutor.java:301)
08-07 16:10:18.380 19752 19940 W AdvertisingIdClient: 	at java.util.concurrent.ThreadPoolExecutor.runWorker(ThreadPoolExecutor.java:1162)
08-07 16:10:18.380 19752 19940 W AdvertisingIdClient: 	at java.util.concurrent.ThreadPoolExecutor$Worker.run(ThreadPoolExecutor.java:636)
08-07 16:10:18.380 19752 19940 W AdvertisingIdClient: 	at java.lang.Thread.run(Thread.java:764)
08-07 16:10:20.632 15353 15481 E memtrack: Couldn't load memtrack module
08-07 16:10:20.632 15353 15481 W android.os.Debug: failed to get memory consumption info: -1
08-07 16:10:22.067  3665  3852 W AlarmManager: Unrecognized alarm listener com.android.server.wifi.WifiConfigStore$1@fbf9cbc
08-07 16:10:24.869 20044 20044 E Zygote  : isWhitelistProcess - Process is Whitelisted
08-07 16:10:24.876 20044 20044 W SELinux : SELinux selinux_android_compute_policy_index : Policy Index[2],  Con:u:r:zygote:s0 RAM:SEPF_SM-G935F_8.0.0_0011, [-1 -1 -1 -1 0 1]
08-07 16:10:24.904  4344  4344 W RegisteredComponentCache: Unable to load component info ResolveInfo{d425c62 com.greenlionsoft.free.madrid/.app.ui.activities.card.CardActivity m=0x108000}
08-07 16:10:24.904  4344  4344 W RegisteredComponentCache: org.xmlpull.v1.XmlPullParserException: No android.nfc.action.TECH_DISCOVERED meta-data
08-07 16:10:24.904  4344  4344 W RegisteredComponentCache: 	at com.android.nfc.RegisteredComponentCache.parseComponentInfo(RegisteredComponentCache.java:237)
08-07 16:10:24.904  4344  4344 W RegisteredComponentCache: 	at com.android.nfc.RegisteredComponentCache.generateComponentsList(RegisteredComponentCache.java:199)
08-07 16:10:24.904  4344  4344 W RegisteredComponentCache: 	at com.android.nfc.RegisteredComponentCache$1.onReceive(RegisteredComponentCache.java:92)
08-07 16:10:24.904  4344  4344 W RegisteredComponentCache: 	at android.app.LoadedApk$ReceiverDispatcher$Args.lambda$-android_app_LoadedApk$ReceiverDispatcher$Args_52226(LoadedApk.java:1319)
08-07 16:10:24.904  4344  4344 W RegisteredComponentCache: 	at android.app.-$Lambda$FilBqgnXJrN9Mgyks1XHeAxzSTk.$m$0(Unknown Source:4)
08-07 16:10:24.904  4344  4344 W RegisteredComponentCache: 	at android.app.-$Lambda$FilBqgnXJrN9Mgyks1XHeAxzSTk.run(Unknown Source:0)
08-07 16:10:24.904  4344  4344 W RegisteredComponentCache: 	at android.os.Handler.handleCallback(Handler.java:789)
08-07 16:10:24.904  4344  4344 W RegisteredComponentCache: 	at android.os.Handler.dispatchMessage(Handler.java:98)
08-07 16:10:24.904  4344  4344 W RegisteredComponentCache: 	at android.os.Looper.loop(Looper.java:164)
08-07 16:10:24.904  4344  4344 W RegisteredComponentCache: 	at android.app.ActivityThread.main(ActivityThread.java:6944)
08-07 16:10:24.904  4344  4344 W RegisteredComponentCache: 	at java.lang.reflect.Method.invoke(Native Method)
08-07 16:10:24.904  4344  4344 W RegisteredComponentCache: 	at com.android.internal.os.Zygote$MethodAndArgsCaller.run(Zygote.java:327)
08-07 16:10:24.904  4344  4344 W RegisteredComponentCache: 	at com.android.internal.os.ZygoteInit.main(ZygoteInit.java:1374)
08-07 16:10:25.133  3665  3684 W SearchableInfo: Invalid searchable metadata for com.samsung.android.themestore/.activity.bixby.SearchActivityForBixby: Search label must be a resource reference.
08-07 16:10:25.210 22579 22636 W cr_ChildProcessConn: onServiceDisconnected (crash or killed by oom): pid=19242
08-07 16:10:25.214 20068 20068 E Zygote  : isWhitelistProcess - Process is Whitelisted
08-07 16:10:25.219 20068 20068 W SELinux : SELinux selinux_android_compute_policy_index : Policy Index[2],  Con:u:r:zygote:s0 RAM:SEPF_SM-G935F_8.0.0_0011, [-1 -1 -1 -1 0 1]
08-07 16:10:25.435  5000  5072 W Launcher.Model: checkFinderState return, operation is not matched
08-07 16:10:35.332  3665  3684 E memtrack: Couldn't load memtrack module
08-07 16:10:35.332  3665  3684 W android.os.Debug: failed to get memory consumption info: -1
08-07 16:10:42.535  3665  4400 E NotificationService: notification pkg : com.devuni.flashlight has too high data size(321788) above 100000
08-07 16:10:42.670  3665  3684 E memtrack: Couldn't load memtrack module
08-07 16:10:42.671  3665  3684 W android.os.Debug: failed to get memory consumption info: -1
08-07 16:10:42.737  3665  3684 E memtrack: Couldn't load memtrack module
08-07 16:10:42.737  3665  3684 W android.os.Debug: failed to get memory consumption info: -1
08-07 16:10:43.355  3665  3684 E memtrack: Couldn't load memtrack module
08-07 16:10:43.355  3665  3684 W android.os.Debug: failed to get memory consumption info: -1
08-07 16:10:43.416  3665  3684 E memtrack: Couldn't load memtrack module
08-07 16:10:43.416  3665  3684 W android.os.Debug: failed to get memory consumption info: -1
08-07 16:10:44.489  5192  5318 E ContactsProvider_EventLog: Flush buffer to file cnt : 1 size : 1Kb duration : 2ms lastUpdatedAfter : 60139 ms mFlush_time_threasold : 2000 mCurrentSize : 825
08-07 16:10:46.311  3665  3684 E memtrack: Couldn't load memtrack module
08-07 16:10:46.312  3665  3684 W android.os.Debug: failed to get memory consumption info: -1
08-07 16:10:46.441  3665  3684 E memtrack: Couldn't load memtrack module
08-07 16:10:46.441  3665  3684 W android.os.Debug: failed to get memory consumption info: -1
08-07 16:10:46.522  3665  3684 E memtrack: Couldn't load memtrack module
08-07 16:10:46.522  3665  3684 W android.os.Debug: failed to get memory consumption info: -1
08-07 16:10:46.593  3665  3684 E memtrack: Couldn't load memtrack module
08-07 16:10:46.593  3665  3684 W android.os.Debug: failed to get memory consumption info: -1
08-07 16:10:46.656  3665  3684 E memtrack: Couldn't load memtrack module
08-07 16:10:46.656  3665  3684 W android.os.Debug: failed to get memory consumption info: -1
08-07 16:10:47.772  3665  3684 E memtrack: Couldn't load memtrack module
08-07 16:10:47.773  3665  3684 W android.os.Debug: failed to get memory consumption info: -1
08-07 16:10:54.376  3665  3684 E memtrack: Couldn't load memtrack module
08-07 16:10:54.376  3665  3684 W android.os.Debug: failed to get memory consumption info: -1
08-07 16:11:00.041  3665  3684 E memtrack: Couldn't load memtrack module
08-07 16:11:00.042  3665  3684 W android.os.Debug: failed to get memory consumption info: -1
08-07 16:11:00.122  3665  3684 E memtrack: Couldn't load memtrack module
08-07 16:11:00.122  3665  3684 W android.os.Debug: failed to get memory consumption info: -1
08-07 16:11:00.205  3665  3684 E memtrack: Couldn't load memtrack module
08-07 16:11:00.205  3665  3684 W android.os.Debug: failed to get memory consumption info: -1
08-07 16:11:00.266  3665  3684 E memtrack: Couldn't load memtrack module
08-07 16:11:00.266  3665  3684 W android.os.Debug: failed to get memory consumption info: -1
08-07 16:11:00.346  3324  4002 E IptablesRestoreController: [iptables debug]iptables-restore execute *filter
08-07 16:11:00.346  3324  4002 E IptablesRestoreController: :fw_dozable -
08-07 16:11:00.346  3324  4002 E IptablesRestoreController: -A fw_dozable -m owner --uid-owner 1000 -j RETURN
08-07 16:11:00.346  3324  4002 E IptablesRestoreController: -A fw_dozable -m owner --uid-owner 1001 -j RETURN
08-07 16:11:00.346  3324  4002 E IptablesRestoreController: -A fw_dozable -m owner --uid-owner 1027 -j RETURN
08-07 16:11:00.346  3324  4002 E IptablesRestoreController: -A fw_dozable -m owner --uid-owner 1201 -j RETURN
08-07 16:11:00.346  3324  4002 E IptablesRestoreController: -A fw_dozable -m owner --uid-owner 1250 -j RETURN
08-07 16:11:00.346  3324  4002 E IptablesRestoreController: -A fw_dozable -m owner --uid-owner 2000 -j RETURN
08-07 16:11:00.346  3324  4002 E IptablesRestoreController: -A fw_dozable -m owner --uid-owner 5002 -j RETURN
08-07 16:11:00.346  3324  4002 E IptablesRestoreController: -A fw_dozable -m owner --uid-owner 5003 -j RETURN
08-07 16:11:00.346  3324  4002 E IptablesRestoreController: -A fw_dozable -m owner --uid-owner 5010 -j RETURN
08-07 16:11:00.346  3324  4002 E IptablesRestoreController: -A fw_dozable -m owner --uid-owner 10001 -j RETURN
08-07 16:11:00.346  3324  4002 E IptablesRestoreController: -A fw_dozable -m owner --uid-owner 10003 -j RETURN
08-07 16:11:00.346  3324  4002 E IptablesRestoreController: -A fw_dozable -m owner --uid-owner 10005 -j RETURN
08-07 16:11:00.346  3324  4002 E IptablesRestoreController: -A fw_dozable -m owner --uid-owner 10006 -j RETURN
08-07 16:11:00.346  3324  4002 E IptablesRestoreController: -A fw_dozable -m owner --uid-owner 10008 -j RETURN
08-07 16:11:00.346  3324  4002 E IptablesRestoreController: -A fw_dozable -m owner --uid-owner 10017 -j RETURN
08-07 16:11:00.346  3324  4002 E IptablesRestoreController: -A fw_dozable -m owner --uid-owner 10018 -j RETURN
08-07 16:11:00.346  3324  4002 E IptablesRestoreController: -A fw_dozable -m owner --uid-owner 10019 -j RETURN
08-07 16:11:00.346  3324  4002 E IptablesRestoreController: -A fw_dozable -m owner --uid-owner 10026 -j RETURN
08-07 16:11:00.346  3324  4002 E IptablesRestoreController: -A fw_dozable -m owner --uid-owner 10030 -j RETURN
08-07 16:11:00.373  3324  4002 E IptablesRestoreController: [iptables debug]iptables-restore execute done *filter
08-07 16:11:00.373  3324  4002 E IptablesRestoreController: :fw_dozable -
08-07 16:11:00.373  3324  4002 E IptablesRestoreController: -A fw_dozable -m owner --uid-owner 1000 -j RETURN
08-07 16:11:00.373  3324  4002 E IptablesRestoreController: -A fw_dozable -m owner --uid-owner 1001 -j RETURN
08-07 16:11:00.373  3324  4002 E IptablesRestoreController: -A fw_dozable -m owner --uid-owner 1027 -j RETURN
08-07 16:11:00.373  3324  4002 E IptablesRestoreController: -A fw_dozable -m owner --uid-owner 1201 -j RETURN
08-07 16:11:00.373  3324  4002 E IptablesRestoreController: -A fw_dozable -m owner --uid-owner 1250 -j RETURN
08-07 16:11:00.373  3324  4002 E IptablesRestoreController: -A fw_dozable -m owner --uid-owner 2000 -j RETURN
08-07 16:11:00.373  3324  4002 E IptablesRestoreController: -A fw_dozable -m owner --uid-owner 5002 -j RETURN
08-07 16:11:00.373  3324  4002 E IptablesRestoreController: -A fw_dozable -m owner --uid-owner 5003 -j RETURN
08-07 16:11:00.373  3324  4002 E IptablesRestoreController: -A fw_dozable -m owner --uid-owner 5010 -j RETURN
08-07 16:11:00.373  3324  4002 E IptablesRestoreController: -A fw_dozable -m owner --uid-owner 10001 -j RETURN
08-07 16:11:00.373  3324  4002 E IptablesRestoreController: -A fw_dozable -m owner --uid-owner 10003 -j RETURN
08-07 16:11:00.373  3324  4002 E IptablesRestoreController: -A fw_dozable -m owner --uid-owner 10005 -j RETURN
08-07 16:11:00.373  3324  4002 E IptablesRestoreController: -A fw_dozable -m owner --uid-owner 10006 -j RETURN
08-07 16:11:00.373  3324  4002 E IptablesRestoreController: -A fw_dozable -m owner --uid-owner 10008 -j RETURN
08-07 16:11:00.373  3324  4002 E IptablesRestoreController: -A fw_dozable -m owner --uid-owner 10017 -j RETURN
08-07 16:11:00.373  3324  4002 E IptablesRestoreController: -A fw_dozable -m owner --uid-owner 10018 -j RETURN
08-07 16:11:00.373  3324  4002 E IptablesRestoreController: -A fw_dozable -m owner --uid-owner 10019 -j RETURN
08-07 16:11:00.373  3324  4002 E IptablesRestoreController: -A fw_dozable -m owner --uid-owner 10026 -j RETURN
08-07 16:11:00.373  3324  4002 E IptablesRestoreController: -A fw_dozable -m owner --uid-owner 10030 -j RE
08-07 16:11:00.373  3324  4002 E IptablesRestoreController: [iptables debug]iptables-restore execute *filter
08-07 16:11:00.373  3324  4002 E IptablesRestoreController: :fw_dozable -
08-07 16:11:00.373  3324  4002 E IptablesRestoreController: -A fw_dozable -m owner --uid-owner 1000 -j RETURN
08-07 16:11:00.373  3324  4002 E IptablesRestoreController: -A fw_dozable -m owner --uid-owner 1001 -j RETURN
08-07 16:11:00.373  3324  4002 E IptablesRestoreController: -A fw_dozable -m owner --uid-owner 1027 -j RETURN
08-07 16:11:00.373  3324  4002 E IptablesRestoreController: -A fw_dozable -m owner --uid-owner 1201 -j RETURN
08-07 16:11:00.373  3324  4002 E IptablesRestoreController: -A fw_dozable -m owner --uid-owner 1250 -j RETURN
08-07 16:11:00.373  3324  4002 E IptablesRestoreController: -A fw_dozable -m owner --uid-owner 2000 -j RETURN
08-07 16:11:00.373  3324  4002 E IptablesRestoreController: -A fw_dozable -m owner --uid-owner 5002 -j RETURN
08-07 16:11:00.373  3324  4002 E IptablesRestoreController: -A fw_dozable -m owner --uid-owner 5003 -j RETURN
08-07 16:11:00.373  3324  4002 E IptablesRestoreController: -A fw_dozable -m owner --uid-owner 5010 -j RETURN
08-07 16:11:00.373  3324  4002 E IptablesRestoreController: -A fw_dozable -m owner --uid-owner 10001 -j RETURN
08-07 16:11:00.373  3324  4002 E IptablesRestoreController: -A fw_dozable -m owner --uid-owner 10003 -j RETURN
08-07 16:11:00.373  3324  4002 E IptablesRestoreController: -A fw_dozable -m owner --uid-owner 10005 -j RETURN
08-07 16:11:00.373  3324  4002 E IptablesRestoreController: -A fw_dozable -m owner --uid-owner 10006 -j RETURN
08-07 16:11:00.373  3324  4002 E IptablesRestoreController: -A fw_dozable -m owner --uid-owner 10008 -j RETURN
08-07 16:11:00.373  3324  4002 E IptablesRestoreController: -A fw_dozable -m owner --uid-owner 10017 -j RETURN
08-07 16:11:00.373  3324  4002 E IptablesRestoreController: -A fw_dozable -m owner --uid-owner 10018 -j RETURN
08-07 16:11:00.373  3324  4002 E IptablesRestoreController: -A fw_dozable -m owner --uid-owner 10019 -j RETURN
08-07 16:11:00.373  3324  4002 E IptablesRestoreController: -A fw_dozable -m owner --uid-owner 10026 -j RETURN
08-07 16:11:00.373  3324  4002 E IptablesRestoreController: -A fw_dozable -m owner --uid-owner 10030 -j RETURN
08-07 16:11:00.393  3324  4002 E IptablesRestoreController: [iptables debug]iptables-restore execute done *filter
08-07 16:11:00.393  3324  4002 E IptablesRestoreController: :fw_dozable -
08-07 16:11:00.393  3324  4002 E IptablesRestoreController: -A fw_dozable -m owner --uid-owner 1000 -j RETURN
08-07 16:11:00.393  3324  4002 E IptablesRestoreController: -A fw_dozable -m owner --uid-owner 1001 -j RETURN
08-07 16:11:00.393  3324  4002 E IptablesRestoreController: -A fw_dozable -m owner --uid-owner 1027 -j RETURN
08-07 16:11:00.393  3324  4002 E IptablesRestoreController: -A fw_dozable -m owner --uid-owner 1201 -j RETURN
